<testsuites id="" name="" tests="636" failures="150" skipped="1" errors="0" time="981.049962">
<testsuite name="accessibility\accessibility.spec.ts" timestamp="2026-01-09T18:05:05.506Z" hostname="chromium" tests="19" failures="8" skipped="0" time="275.322" errors="0">
<testcase name="Accessibility - Homepage › should not have any critical or serious accessibility issues" classname="accessibility\accessibility.spec.ts" time="24.539">
<failure message="accessibility.spec.ts:19:7 should not have any critical or serious accessibility issues" type="FAILURE">
<![CDATA[  [chromium] › accessibility\accessibility.spec.ts:19:7 › Accessibility - Homepage › should not have any critical or serious accessibility issues 

    Error: expect(received).toEqual(expected) // deep equality

    - Expected  -   1
    + Received  + 140

    - Array []
    + Array [
    +   Object {
    +     "description": "Ensure the contrast between foreground and background colors meets WCAG 2 AA minimum contrast ratio thresholds",
    +     "help": "Elements must meet minimum color contrast ratio thresholds",
    +     "helpUrl": "https://dequeuniversity.com/rules/axe/4.11/color-contrast?application=playwright",
    +     "id": "color-contrast",
    +     "impact": "serious",
    +     "nodes": Array [
    +       Object {
    +         "all": Array [],
    +         "any": Array [
    +           Object {
    +             "data": Object {
    +               "bgColor": "#ffb300",
    +               "contrastRatio": 1.79,
    +               "expectedContrastRatio": "4.5:1",
    +               "fgColor": "#ffffff",
    +               "fontSize": "12.0pt (16px)",
    +               "fontWeight": "normal",
    +               "messageKey": null,
    +             },
    +             "id": "color-contrast",
    +             "impact": "serious",
    +             "message": "Element has insufficient color contrast of 1.79 (foreground color: #ffffff, background color: #ffb300, font size: 12.0pt (16px), font weight: normal). Expected contrast ratio of 4.5:1",
    +             "relatedNodes": Array [
    +               Object {
    +                 "html": "<button aria-label=\"Scroll to services section to learn more about our services\" class=\"group relative px-8 py-4 bg-bee-amber hover:bg-honey-600 text-white font-semibold rounded-full shadow-lg hover:shadow-xl transition-all duration-300 overflow-hidden\">",
    +                 "target": Array [
    +                   ".hover\\:bg-honey-600",
    +                 ],
    +               },
    +             ],
    +           },
    +         ],
    +         "failureSummary": "Fix any of the following:
    +   Element has insufficient color contrast of 1.79 (foreground color: #ffffff, background color: #ffb300, font size: 12.0pt (16px), font weight: normal). Expected contrast ratio of 4.5:1",
    +         "html": "<span class=\"relative z-10 flex items-center justify-center gap-2\">",
    +         "impact": "serious",
    +         "none": Array [],
    +         "target": Array [
    +           ".justify-center.z-10.gap-2",
    +         ],
    +       },
    +     ],
    +     "tags": Array [
    +       "cat.color",
    +       "wcag2aa",
    +       "wcag143",
    +       "TTv5",
    +       "TT13.c",
    +       "EN-301-549",
    +       "EN-9.1.4.3",
    +       "ACT",
    +       "RGAAv4",
    +       "RGAA-3.2.1",
    +     ],
    +   },
    +   Object {
    +     "description": "Ensure links have discernible text",
    +     "help": "Links must have discernible text",
    +     "helpUrl": "https://dequeuniversity.com/rules/axe/4.11/link-name?application=playwright",
    +     "id": "link-name",
    +     "impact": "serious",
    +     "nodes": Array [
    +       Object {
    +         "all": Array [],
    +         "any": Array [
    +           Object {
    +             "data": null,
    +             "id": "has-visible-text",
    +             "impact": "serious",
    +             "message": "Element does not have text that is visible to screen readers",
    +             "relatedNodes": Array [],
    +           },
    +           Object {
    +             "data": null,
    +             "id": "aria-label",
    +             "impact": "serious",
    +             "message": "aria-label attribute does not exist or is empty",
    +             "relatedNodes": Array [],
    +           },
    +           Object {
    +             "data": null,
    +             "id": "aria-labelledby",
    +             "impact": "serious",
    +             "message": "aria-labelledby attribute does not exist, references elements that do not exist or references elements that are empty",
    +             "relatedNodes": Array [],
    +           },
    +           Object {
    +             "data": Object {
    +               "messageKey": "noAttr",
    +             },
    +             "id": "non-empty-title",
    +             "impact": "serious",
    +             "message": "Element has no title attribute",
    +             "relatedNodes": Array [],
    +           },
    +         ],
    +         "failureSummary": "Fix all of the following:
    +   Element is in tab order and does not have accessible text
    +
    + Fix any of the following:
    +   Element does not have text that is visible to screen readers
    +   aria-label attribute does not exist or is empty
    +   aria-labelledby attribute does not exist, references elements that do not exist or references elements that are empty
    +   Element has no title attribute",
    +         "html": "<a href=\"https://www.facebook.com/profile.php?id=61559277947065\" target=\"_blank\" rel=\"noopener noreferrer\" class=\"relative group\" tabindex=\"0\">",
    +         "impact": "serious",
    +         "none": Array [
    +           Object {
    +             "data": null,
    +             "id": "focusable-no-name",
    +             "impact": "serious",
    +             "message": "Element is in tab order and does not have accessible text",
    +             "relatedNodes": Array [],
    +           },
    +         ],
    +         "target": Array [
    +           "a[target=\"_blank\"]",
    +         ],
    +       },
    +     ],
    +     "tags": Array [
    +       "cat.name-role-value",
    +       "wcag2a",
    +       "wcag244",
    +       "wcag412",
    +       "section508",
    +       "section508.22.a",
    +       "TTv5",
    +       "TT6.a",
    +       "EN-301-549",
    +       "EN-9.2.4.4",
    +       "EN-9.4.1.2",
    +       "ACT",
    +       "RGAAv4",
    +       "RGAA-6.2.1",
    +     ],
    +   },
    + ]

      25 |
      26 |     const criticalViolations = getCriticalViolations(accessibilityScanResults.violations);
    > 27 |     expect(criticalViolations).toEqual([]);
         |                                ^
      28 |   });
      29 |
      30 |   test('should have no critical or serious accessibility violations in critical areas', async ({ page }) => {
        at C:\honeybee\e2e\tests\accessibility\accessibility.spec.ts:27:32

    Error: apiRequestContext._wrapApiCall: ENOENT: no such file or directory, open 'C:\honeybee\test-results\.playwright-artifacts-0\traces\resources\page@493f3b4f02fb368b1a5340d77b72fa0b-1767981917518.jpeg'

    Error: ENOENT: no such file or directory, open 'C:\honeybee\test-results\.playwright-artifacts-0\8f259dc2a362c93e48cbb8b45e823f52.zip'

    Test timeout of 30000ms exceeded.

    attachment #1: screenshot (image/png) ──────────────────────────────────────────────────────────
    ..\..\test-results\accessibility-accessibilit-3b0ed-erious-accessibility-issues-chromium\test-failed-1.png
    ────────────────────────────────────────────────────────────────────────────────────────────────

    Error Context: ..\..\test-results\accessibility-accessibilit-3b0ed-erious-accessibility-issues-chromium\error-context.md
]]>
</failure>
<system-err>
<![CDATA[
Warning: attachment accessibility-accessibilit-3b0ed-erious-accessibility-issues-chromium\test-failed-1.png is missing
Warning: attachment accessibility-accessibilit-3b0ed-erious-accessibility-issues-chromium\error-context.md is missing]]>
</system-err>
</testcase>
<testcase name="Accessibility - Homepage › should have no critical or serious accessibility violations in critical areas" classname="accessibility\accessibility.spec.ts" time="25.023">
<failure message="accessibility.spec.ts:30:7 should have no critical or serious accessibility violations in critical areas" type="FAILURE">
<![CDATA[  [chromium] › accessibility\accessibility.spec.ts:30:7 › Accessibility - Homepage › should have no critical or serious accessibility violations in critical areas 

    Error: expect(received).toEqual(expected) // deep equality

    - Expected  -  1
    + Received  + 58

    - Array []
    + Array [
    +   Object {
    +     "description": "Ensure the contrast between foreground and background colors meets WCAG 2 AA minimum contrast ratio thresholds",
    +     "help": "Elements must meet minimum color contrast ratio thresholds",
    +     "helpUrl": "https://dequeuniversity.com/rules/axe/4.11/color-contrast?application=playwright",
    +     "id": "color-contrast",
    +     "impact": "serious",
    +     "nodes": Array [
    +       Object {
    +         "all": Array [],
    +         "any": Array [
    +           Object {
    +             "data": Object {
    +               "bgColor": "#ffb300",
    +               "contrastRatio": 1.79,
    +               "expectedContrastRatio": "4.5:1",
    +               "fgColor": "#ffffff",
    +               "fontSize": "12.0pt (16px)",
    +               "fontWeight": "normal",
    +               "messageKey": null,
    +             },
    +             "id": "color-contrast",
    +             "impact": "serious",
    +             "message": "Element has insufficient color contrast of 1.79 (foreground color: #ffffff, background color: #ffb300, font size: 12.0pt (16px), font weight: normal). Expected contrast ratio of 4.5:1",
    +             "relatedNodes": Array [
    +               Object {
    +                 "html": "<button aria-label=\"Scroll to services section to learn more about our services\" class=\"group relative px-8 py-4 bg-bee-amber hover:bg-honey-600 text-white font-semibold rounded-full shadow-lg hover:shadow-xl transition-all duration-300 overflow-hidden\">",
    +                 "target": Array [
    +                   ".hover\\:bg-honey-600",
    +                 ],
    +               },
    +             ],
    +           },
    +         ],
    +         "failureSummary": "Fix any of the following:
    +   Element has insufficient color contrast of 1.79 (foreground color: #ffffff, background color: #ffb300, font size: 12.0pt (16px), font weight: normal). Expected contrast ratio of 4.5:1",
    +         "html": "<span class=\"relative z-10 flex items-center justify-center gap-2\">",
    +         "impact": "serious",
    +         "none": Array [],
    +         "target": Array [
    +           ".justify-center.z-10.gap-2",
    +         ],
    +       },
    +     ],
    +     "tags": Array [
    +       "cat.color",
    +       "wcag2aa",
    +       "wcag143",
    +       "TTv5",
    +       "TT13.c",
    +       "EN-301-549",
    +       "EN-9.1.4.3",
    +       "ACT",
    +       "RGAAv4",
    +       "RGAA-3.2.1",
    +     ],
    +   },
    + ]

      37 |
      38 |     const criticalViolations = getCriticalViolations(accessibilityScanResults.violations);
    > 39 |     expect(criticalViolations).toEqual([]);
         |                                ^
      40 |   });
      41 |
      42 |   test('should have alt text on all images', async ({ page }) => {
        at C:\honeybee\e2e\tests\accessibility\accessibility.spec.ts:39:32

    Error: apiRequestContext._wrapApiCall: ENOENT: no such file or directory, open 'C:\honeybee\test-results\.playwright-artifacts-1\traces\resources\1f402a34a4f861c6cf058f22f5c4a3a53ddfa884.webp'

    Error: ENOENT: no such file or directory, open 'C:\honeybee\test-results\.playwright-artifacts-1\57ab576254679f889cfcdc12304e4a90.zip'

    Test timeout of 30000ms exceeded.

    attachment #1: screenshot (image/png) ──────────────────────────────────────────────────────────
    ..\..\test-results\accessibility-accessibilit-d3b76-iolations-in-critical-areas-chromium\test-failed-1.png
    ────────────────────────────────────────────────────────────────────────────────────────────────

    Error Context: ..\..\test-results\accessibility-accessibilit-d3b76-iolations-in-critical-areas-chromium\error-context.md
]]>
</failure>
<system-err>
<![CDATA[
Warning: attachment accessibility-accessibilit-d3b76-iolations-in-critical-areas-chromium\test-failed-1.png is missing
Warning: attachment accessibility-accessibilit-d3b76-iolations-in-critical-areas-chromium\error-context.md is missing]]>
</system-err>
</testcase>
<testcase name="Accessibility - Homepage › should have alt text on all images" classname="accessibility\accessibility.spec.ts" time="7.673">
</testcase>
<testcase name="Accessibility - Homepage › should have proper heading hierarchy" classname="accessibility\accessibility.spec.ts" time="28.357">
</testcase>
<testcase name="Accessibility - Homepage › should have focusable elements with visible focus styles" classname="accessibility\accessibility.spec.ts" time="30.278">
<failure message="accessibility.spec.ts:76:7 should have focusable elements with visible focus styles" type="FAILURE">
<![CDATA[  [chromium] › accessibility\accessibility.spec.ts:76:7 › Accessibility - Homepage › should have focusable elements with visible focus styles 

    Test timeout of 30000ms exceeded.

    Error: apiRequestContext._wrapApiCall: ENOENT: no such file or directory, open 'C:\honeybee\test-results\.playwright-artifacts-4\traces\4a7f7e6dc8f91dd24280-34a9b314ee8b1aaed127.trace'

    Error: locator.evaluate: Test ended.
    Call log:
      - waiting for locator('a[href], button:not([disabled]), input:not([disabled]), select:not([disabled]), textarea:not([disabled]), [tabindex]:not([tabindex="-1"])').nth(19)


      88 |       if (isVisible) {
      89 |         await element.focus();
    > 90 |         const isFocused = await element.evaluate((el) => document.activeElement === el);
         |                                         ^
      91 |         if (isFocused) {
      92 |           visibleElements.push(element);
      93 |         }
        at C:\honeybee\e2e\tests\accessibility\accessibility.spec.ts:90:41

    attachment #1: screenshot (image/png) ──────────────────────────────────────────────────────────
    ..\..\test-results\accessibility-accessibilit-b224a-s-with-visible-focus-styles-chromium\test-failed-1.png
    ────────────────────────────────────────────────────────────────────────────────────────────────

    Error Context: ..\..\test-results\accessibility-accessibilit-b224a-s-with-visible-focus-styles-chromium\error-context.md

    attachment #3: trace (application/zip) ─────────────────────────────────────────────────────────
    ..\..\test-results\accessibility-accessibilit-b224a-s-with-visible-focus-styles-chromium\trace.zip
    Usage:

        npx playwright show-trace ..\..\test-results\accessibility-accessibilit-b224a-s-with-visible-focus-styles-chromium\trace.zip

    ────────────────────────────────────────────────────────────────────────────────────────────────
]]>
</failure>
<system-err>
<![CDATA[
Warning: attachment accessibility-accessibilit-b224a-s-with-visible-focus-styles-chromium\test-failed-1.png is missing
Warning: attachment accessibility-accessibilit-b224a-s-with-visible-focus-styles-chromium\error-context.md is missing
Warning: attachment accessibility-accessibilit-b224a-s-with-visible-focus-styles-chromium\trace.zip is missing]]>
</system-err>
</testcase>
<testcase name="Accessibility - Services Page › should not have any critical or serious accessibility issues" classname="accessibility\accessibility.spec.ts" time="24.003">
<failure message="accessibility.spec.ts:103:7 should not have any critical or serious accessibility issues" type="FAILURE">
<![CDATA[  [chromium] › accessibility\accessibility.spec.ts:103:7 › Accessibility - Services Page › should not have any critical or serious accessibility issues 

    Error: expect(received).toEqual(expected) // deep equality

    - Expected  -  1
    + Received  + 84

    - Array []
    + Array [
    +   Object {
    +     "description": "Ensure links have discernible text",
    +     "help": "Links must have discernible text",
    +     "helpUrl": "https://dequeuniversity.com/rules/axe/4.11/link-name?application=playwright",
    +     "id": "link-name",
    +     "impact": "serious",
    +     "nodes": Array [
    +       Object {
    +         "all": Array [],
    +         "any": Array [
    +           Object {
    +             "data": null,
    +             "id": "has-visible-text",
    +             "impact": "serious",
    +             "message": "Element does not have text that is visible to screen readers",
    +             "relatedNodes": Array [],
    +           },
    +           Object {
    +             "data": null,
    +             "id": "aria-label",
    +             "impact": "serious",
    +             "message": "aria-label attribute does not exist or is empty",
    +             "relatedNodes": Array [],
    +           },
    +           Object {
    +             "data": null,
    +             "id": "aria-labelledby",
    +             "impact": "serious",
    +             "message": "aria-labelledby attribute does not exist, references elements that do not exist or references elements that are empty",
    +             "relatedNodes": Array [],
    +           },
    +           Object {
    +             "data": Object {
    +               "messageKey": "noAttr",
    +             },
    +             "id": "non-empty-title",
    +             "impact": "serious",
    +             "message": "Element has no title attribute",
    +             "relatedNodes": Array [],
    +           },
    +         ],
    +         "failureSummary": "Fix all of the following:
    +   Element is in tab order and does not have accessible text
    +
    + Fix any of the following:
    +   Element does not have text that is visible to screen readers
    +   aria-label attribute does not exist or is empty
    +   aria-labelledby attribute does not exist, references elements that do not exist or references elements that are empty
    +   Element has no title attribute",
    +         "html": "<a href=\"https://www.facebook.com/profile.php?id=61559277947065\" target=\"_blank\" rel=\"noopener noreferrer\" class=\"relative group\" tabindex=\"0\">",
    +         "impact": "serious",
    +         "none": Array [
    +           Object {
    +             "data": null,
    +             "id": "focusable-no-name",
    +             "impact": "serious",
    +             "message": "Element is in tab order and does not have accessible text",
    +             "relatedNodes": Array [],
    +           },
    +         ],
    +         "target": Array [
    +           "a[target=\"_blank\"]",
    +         ],
    +       },
    +     ],
    +     "tags": Array [
    +       "cat.name-role-value",
    +       "wcag2a",
    +       "wcag244",
    +       "wcag412",
    +       "section508",
    +       "section508.22.a",
    +       "TTv5",
    +       "TT6.a",
    +       "EN-301-549",
    +       "EN-9.2.4.4",
    +       "EN-9.4.1.2",
    +       "ACT",
    +       "RGAAv4",
    +       "RGAA-6.2.1",
    +     ],
    +   },
    + ]

      109 |
      110 |     const criticalViolations = getCriticalViolations(accessibilityScanResults.violations);
    > 111 |     expect(criticalViolations).toEqual([]);
          |                                ^
      112 |   });
      113 |
      114 |   test('should have alt text on all images', async ({ page }) => {
        at C:\honeybee\e2e\tests\accessibility\accessibility.spec.ts:111:32

    Error: apiRequestContext._wrapApiCall: ENOENT: no such file or directory, open 'C:\honeybee\test-results\.playwright-artifacts-5\traces\resources\page@8d173273ca043c63de9127dc24adc3d3-1767981915517.jpeg'

    Error: ENOENT: no such file or directory, open 'C:\honeybee\test-results\.playwright-artifacts-5\17d8843574e8e4ab1cbe2afce3fecd3c.zip'

    Test timeout of 30000ms exceeded.

    attachment #1: screenshot (image/png) ──────────────────────────────────────────────────────────
    ..\..\test-results\accessibility-accessibilit-1a0d9-erious-accessibility-issues-chromium\test-failed-1.png
    ────────────────────────────────────────────────────────────────────────────────────────────────

    Error Context: ..\..\test-results\accessibility-accessibilit-1a0d9-erious-accessibility-issues-chromium\error-context.md
]]>
</failure>
<system-err>
<![CDATA[
Warning: attachment accessibility-accessibilit-1a0d9-erious-accessibility-issues-chromium\test-failed-1.png is missing
Warning: attachment accessibility-accessibilit-1a0d9-erious-accessibility-issues-chromium\error-context.md is missing]]>
</system-err>
</testcase>
<testcase name="Accessibility - Services Page › should have alt text on all images" classname="accessibility\accessibility.spec.ts" time="10.391">
</testcase>
<testcase name="Accessibility - Services Page › should have descriptive link text" classname="accessibility\accessibility.spec.ts" time="30.115">
<failure message="accessibility.spec.ts:125:7 should have descriptive link text" type="FAILURE">
<![CDATA[  [chromium] › accessibility\accessibility.spec.ts:125:7 › Accessibility - Services Page › should have descriptive link text 

    Test timeout of 30000ms exceeded.

    Error: apiRequestContext._wrapApiCall: ENOENT: no such file or directory, copyfile 'C:\honeybee\test-results\.playwright-artifacts-7\traces\4a7f7e6dc8f91dd24280-6a0d737438e8af4049c2.network' -> 'C:\honeybee\test-results\.playwright-artifacts-7\traces\4a7f7e6dc8f91dd24280-6a0d737438e8af4049c2-pwnetcopy-1.network'

    Error: locator.textContent: Test ended.
    Call log:
      - waiting for locator('a[href]').nth(3)


      131 |     for (let i = 0; i < count; i++) {
      132 |       const link = links.nth(i);
    > 133 |       const text = await link.textContent();
          |                               ^
      134 |       const ariaLabel = await link.getAttribute('aria-label');
      135 |
      136 |       // Links should have either text or aria-label
        at C:\honeybee\e2e\tests\accessibility\accessibility.spec.ts:133:31

    attachment #1: screenshot (image/png) ──────────────────────────────────────────────────────────
    ..\..\test-results\accessibility-accessibilit-3e37a--have-descriptive-link-text-chromium\test-failed-1.png
    ────────────────────────────────────────────────────────────────────────────────────────────────

    Error Context: ..\..\test-results\accessibility-accessibilit-3e37a--have-descriptive-link-text-chromium\error-context.md

    attachment #3: trace (application/zip) ─────────────────────────────────────────────────────────
    ..\..\test-results\accessibility-accessibilit-3e37a--have-descriptive-link-text-chromium\trace.zip
    Usage:

        npx playwright show-trace ..\..\test-results\accessibility-accessibilit-3e37a--have-descriptive-link-text-chromium\trace.zip

    ────────────────────────────────────────────────────────────────────────────────────────────────
]]>
</failure>
<system-err>
<![CDATA[
Warning: attachment accessibility-accessibilit-3e37a--have-descriptive-link-text-chromium\test-failed-1.png is missing
Warning: attachment accessibility-accessibilit-3e37a--have-descriptive-link-text-chromium\error-context.md is missing
Warning: attachment accessibility-accessibilit-3e37a--have-descriptive-link-text-chromium\trace.zip is missing]]>
</system-err>
</testcase>
<testcase name="Accessibility - History Page › should not have any critical or serious accessibility issues" classname="accessibility\accessibility.spec.ts" time="18.179">
<failure message="accessibility.spec.ts:143:7 should not have any critical or serious accessibility issues" type="FAILURE">
<![CDATA[  [chromium] › accessibility\accessibility.spec.ts:143:7 › Accessibility - History Page › should not have any critical or serious accessibility issues 

    Error: expect(received).toEqual(expected) // deep equality

    - Expected  -  1
    + Received  + 84

    - Array []
    + Array [
    +   Object {
    +     "description": "Ensure links have discernible text",
    +     "help": "Links must have discernible text",
    +     "helpUrl": "https://dequeuniversity.com/rules/axe/4.11/link-name?application=playwright",
    +     "id": "link-name",
    +     "impact": "serious",
    +     "nodes": Array [
    +       Object {
    +         "all": Array [],
    +         "any": Array [
    +           Object {
    +             "data": null,
    +             "id": "has-visible-text",
    +             "impact": "serious",
    +             "message": "Element does not have text that is visible to screen readers",
    +             "relatedNodes": Array [],
    +           },
    +           Object {
    +             "data": null,
    +             "id": "aria-label",
    +             "impact": "serious",
    +             "message": "aria-label attribute does not exist or is empty",
    +             "relatedNodes": Array [],
    +           },
    +           Object {
    +             "data": null,
    +             "id": "aria-labelledby",
    +             "impact": "serious",
    +             "message": "aria-labelledby attribute does not exist, references elements that do not exist or references elements that are empty",
    +             "relatedNodes": Array [],
    +           },
    +           Object {
    +             "data": Object {
    +               "messageKey": "noAttr",
    +             },
    +             "id": "non-empty-title",
    +             "impact": "serious",
    +             "message": "Element has no title attribute",
    +             "relatedNodes": Array [],
    +           },
    +         ],
    +         "failureSummary": "Fix all of the following:
    +   Element is in tab order and does not have accessible text
    +
    + Fix any of the following:
    +   Element does not have text that is visible to screen readers
    +   aria-label attribute does not exist or is empty
    +   aria-labelledby attribute does not exist, references elements that do not exist or references elements that are empty
    +   Element has no title attribute",
    +         "html": "<a href=\"https://www.facebook.com/profile.php?id=61559277947065\" target=\"_blank\" rel=\"noopener noreferrer\" class=\"relative group\" tabindex=\"0\">",
    +         "impact": "serious",
    +         "none": Array [
    +           Object {
    +             "data": null,
    +             "id": "focusable-no-name",
    +             "impact": "serious",
    +             "message": "Element is in tab order and does not have accessible text",
    +             "relatedNodes": Array [],
    +           },
    +         ],
    +         "target": Array [
    +           "a[target=\"_blank\"]",
    +         ],
    +       },
    +     ],
    +     "tags": Array [
    +       "cat.name-role-value",
    +       "wcag2a",
    +       "wcag244",
    +       "wcag412",
    +       "section508",
    +       "section508.22.a",
    +       "TTv5",
    +       "TT6.a",
    +       "EN-301-549",
    +       "EN-9.2.4.4",
    +       "EN-9.4.1.2",
    +       "ACT",
    +       "RGAAv4",
    +       "RGAA-6.2.1",
    +     ],
    +   },
    + ]

      149 |
      150 |     const criticalViolations = getCriticalViolations(accessibilityScanResults.violations);
    > 151 |     expect(criticalViolations).toEqual([]);
          |                                ^
      152 |   });
      153 |
      154 |   test('should have alt text on all images', async ({ page }) => {
        at C:\honeybee\e2e\tests\accessibility\accessibility.spec.ts:151:32

    Error: apiRequestContext._wrapApiCall: ENOENT: no such file or directory, open 'C:\honeybee\test-results\.playwright-artifacts-2\traces\4a7f7e6dc8f91dd24280-a8b5add303d6a6eea5d7-recording1.trace'

    attachment #1: screenshot (image/png) ──────────────────────────────────────────────────────────
    ..\..\test-results\accessibility-accessibilit-dd026-erious-accessibility-issues-chromium\test-failed-1.png
    ────────────────────────────────────────────────────────────────────────────────────────────────

    Error Context: ..\..\test-results\accessibility-accessibilit-dd026-erious-accessibility-issues-chromium\error-context.md

    attachment #3: trace (application/zip) ─────────────────────────────────────────────────────────
    ..\..\test-results\accessibility-accessibilit-dd026-erious-accessibility-issues-chromium\trace.zip
    Usage:

        npx playwright show-trace ..\..\test-results\accessibility-accessibilit-dd026-erious-accessibility-issues-chromium\trace.zip

    ────────────────────────────────────────────────────────────────────────────────────────────────
]]>
</failure>
<system-err>
<![CDATA[
Warning: attachment accessibility-accessibilit-dd026-erious-accessibility-issues-chromium\test-failed-1.png is missing
Warning: attachment accessibility-accessibilit-dd026-erious-accessibility-issues-chromium\error-context.md is missing
Warning: attachment accessibility-accessibilit-dd026-erious-accessibility-issues-chromium\trace.zip is missing]]>
</system-err>
</testcase>
<testcase name="Accessibility - History Page › should have alt text on all images" classname="accessibility\accessibility.spec.ts" time="16.448">
</testcase>
<testcase name="Accessibility - History Page › should have proper landmarks" classname="accessibility\accessibility.spec.ts" time="1.956">
<failure message="accessibility.spec.ts:165:7 should have proper landmarks" type="FAILURE">
<![CDATA[  [chromium] › accessibility\accessibility.spec.ts:165:7 › Accessibility - History Page › should have proper landmarks 

    Error: expect(locator).toBeVisible() failed

    Locator: locator('main').locator('h1').or(locator('main').locator('h2').first())
    Expected: visible
    Error: strict mode violation: locator('main').locator('h1').or(locator('main').locator('h2').first()) resolved to 2 elements:
        1) <h1 data-testid="history-heading" class="text-5xl md:text-6xl font-bold text-gray-900 dark:text-white mb-2">Our History</h1> aka getByTestId('history-heading')
        2) <h2 data-testid="founder-heading" class="text-4xl md:text-5xl font-bold text-gray-900 dark:text-white mb-6">Our Founder</h2> aka getByTestId('founder-heading')

    Call log:
      - Expect "toBeVisible" with timeout 5000ms
      - waiting for locator('main').locator('h1').or(locator('main').locator('h2').first())


      176 |     // Check for heading in main
      177 |     const mainHeading = main.locator('h1').or(main.locator('h2').first());
    > 178 |     await expect(mainHeading).toBeVisible();
          |                               ^
      179 |   });
      180 | });
      181 |
        at C:\honeybee\e2e\tests\accessibility\accessibility.spec.ts:178:31

    attachment #1: screenshot (image/png) ──────────────────────────────────────────────────────────
    ..\..\test-results\accessibility-accessibilit-f9241-hould-have-proper-landmarks-chromium\test-failed-1.png
    ────────────────────────────────────────────────────────────────────────────────────────────────

    attachment #2: video (video/webm) ──────────────────────────────────────────────────────────────
    ..\..\test-results\accessibility-accessibilit-f9241-hould-have-proper-landmarks-chromium\video.webm
    ────────────────────────────────────────────────────────────────────────────────────────────────

    Error Context: ..\..\test-results\accessibility-accessibilit-f9241-hould-have-proper-landmarks-chromium\error-context.md

    attachment #4: trace (application/zip) ─────────────────────────────────────────────────────────
    ..\..\test-results\accessibility-accessibilit-f9241-hould-have-proper-landmarks-chromium\trace.zip
    Usage:

        npx playwright show-trace ..\..\test-results\accessibility-accessibilit-f9241-hould-have-proper-landmarks-chromium\trace.zip

    ────────────────────────────────────────────────────────────────────────────────────────────────
]]>
</failure>
<system-err>
<![CDATA[
Warning: attachment accessibility-accessibilit-f9241-hould-have-proper-landmarks-chromium\test-failed-1.png is missing
Warning: attachment accessibility-accessibilit-f9241-hould-have-proper-landmarks-chromium\video.webm is missing
Warning: attachment accessibility-accessibilit-f9241-hould-have-proper-landmarks-chromium\error-context.md is missing
Warning: attachment accessibility-accessibilit-f9241-hould-have-proper-landmarks-chromium\trace.zip is missing]]>
</system-err>
</testcase>
<testcase name="Accessibility - Keyboard Navigation › should be fully keyboard navigable" classname="accessibility\accessibility.spec.ts" time="1.758">
</testcase>
<testcase name="Accessibility - Keyboard Navigation › should trap focus in modal if present" classname="accessibility\accessibility.spec.ts" time="1.528">
</testcase>
<testcase name="Accessibility - Keyboard Navigation › should have visible skip link" classname="accessibility\accessibility.spec.ts" time="1.296">
</testcase>
<testcase name="Accessibility - Color Contrast › should have sufficient color contrast" classname="accessibility\accessibility.spec.ts" time="2.165">
</testcase>
<testcase name="Accessibility - Color Contrast › should maintain contrast in dark mode" classname="accessibility\accessibility.spec.ts" time="14.722">
<failure message="accessibility.spec.ts:240:7 should maintain contrast in dark mode" type="FAILURE">
<![CDATA[  [chromium] › accessibility\accessibility.spec.ts:240:7 › Accessibility - Color Contrast › should maintain contrast in dark mode 

    Error: expect(received).toEqual(expected) // deep equality

    - Expected  -  1
    + Received  + 58

    - Array []
    + Array [
    +   Object {
    +     "description": "Ensure the contrast between foreground and background colors meets WCAG 2 AA minimum contrast ratio thresholds",
    +     "help": "Elements must meet minimum color contrast ratio thresholds",
    +     "helpUrl": "https://dequeuniversity.com/rules/axe/4.11/color-contrast?application=playwright",
    +     "id": "color-contrast",
    +     "impact": "serious",
    +     "nodes": Array [
    +       Object {
    +         "all": Array [],
    +         "any": Array [
    +           Object {
    +             "data": Object {
    +               "bgColor": "#ffb300",
    +               "contrastRatio": 1.79,
    +               "expectedContrastRatio": "4.5:1",
    +               "fgColor": "#ffffff",
    +               "fontSize": "12.0pt (16px)",
    +               "fontWeight": "normal",
    +               "messageKey": null,
    +             },
    +             "id": "color-contrast",
    +             "impact": "serious",
    +             "message": "Element has insufficient color contrast of 1.79 (foreground color: #ffffff, background color: #ffb300, font size: 12.0pt (16px), font weight: normal). Expected contrast ratio of 4.5:1",
    +             "relatedNodes": Array [
    +               Object {
    +                 "html": "<button aria-label=\"Scroll to services section to learn more about our services\" class=\"group relative px-8 py-4 bg-bee-amber hover:bg-honey-600 text-white font-semibold rounded-full shadow-lg hover:shadow-xl transition-all duration-300 overflow-hidden\">",
    +                 "target": Array [
    +                   ".hover\\:bg-honey-600",
    +                 ],
    +               },
    +             ],
    +           },
    +         ],
    +         "failureSummary": "Fix any of the following:
    +   Element has insufficient color contrast of 1.79 (foreground color: #ffffff, background color: #ffb300, font size: 12.0pt (16px), font weight: normal). Expected contrast ratio of 4.5:1",
    +         "html": "<span class=\"relative z-10 flex items-center justify-center gap-2\">",
    +         "impact": "serious",
    +         "none": Array [],
    +         "target": Array [
    +           ".z-10.gap-2.justify-center",
    +         ],
    +       },
    +     ],
    +     "tags": Array [
    +       "cat.color",
    +       "wcag2aa",
    +       "wcag143",
    +       "TTv5",
    +       "TT13.c",
    +       "EN-301-549",
    +       "EN-9.1.4.3",
    +       "ACT",
    +       "RGAAv4",
    +       "RGAA-3.2.1",
    +     ],
    +   },
    + ]

      256 |       );
      257 |
    > 258 |       expect(contrastViolations).toEqual([]);
          |                                  ^
      259 |     }
      260 |   });
      261 | });
        at C:\honeybee\e2e\tests\accessibility\accessibility.spec.ts:258:34

    Error: apiRequestContext._wrapApiCall: ENOENT: no such file or directory, open 'C:\honeybee\test-results\.playwright-artifacts-6\traces\resources\page@0cb9c7fe99b53a20a557bb841118cfe9-1767981942302.jpeg'

    Error: ENOENT: no such file or directory, open 'C:\honeybee\test-results\.playwright-artifacts-6\41eafeb3301a87d86f1070d9f45034d9.zip'

    Test timeout of 30000ms exceeded.

    attachment #1: screenshot (image/png) ──────────────────────────────────────────────────────────
    ..\..\test-results\accessibility-accessibilit-b1b98-ntain-contrast-in-dark-mode-chromium\test-failed-1.png
    ────────────────────────────────────────────────────────────────────────────────────────────────

    Error Context: ..\..\test-results\accessibility-accessibilit-b1b98-ntain-contrast-in-dark-mode-chromium\error-context.md
]]>
</failure>
<system-err>
<![CDATA[
Warning: attachment accessibility-accessibilit-b1b98-ntain-contrast-in-dark-mode-chromium\test-failed-1.png is missing
Warning: attachment accessibility-accessibilit-b1b98-ntain-contrast-in-dark-mode-chromium\error-context.md is missing]]>
</system-err>
</testcase>
<testcase name="Accessibility - Screen Reader › should have descriptive ARIA labels on interactive elements" classname="accessibility\accessibility.spec.ts" time="21.413">
</testcase>
<testcase name="Accessibility - Screen Reader › should have role attributes where needed" classname="accessibility\accessibility.spec.ts" time="11.542">
</testcase>
<testcase name="Accessibility - Screen Reader › should announce dynamic content changes" classname="accessibility\accessibility.spec.ts" time="3.936">
</testcase>
</testsuite>
<testsuite name="happy-path\navigation.spec.ts" timestamp="2026-01-09T18:05:05.506Z" hostname="chromium" tests="14" failures="4" skipped="0" time="107.944" errors="0">
<testcase name="Navigation &amp; Routing › should navigate to services page" classname="happy-path\navigation.spec.ts" time="10.605">
<failure message="navigation.spec.ts:36:7 should navigate to services page" type="FAILURE">
<![CDATA[  [chromium] › happy-path\navigation.spec.ts:36:7 › Navigation & Routing › should navigate to services page 

    Error: locator.waitFor: Error: strict mode violation: getByRole('button', { name: /services/i }) resolved to 10 elements:
        1) <button aria-haspopup="menu" aria-expanded="false" aria-controls="services-submenu" class="text-gray-700 dark:text-gray-300 hover:text-primary-400 dark:hover:text-primary-400 transition-colors font-medium flex items-center">…</button> aka getByTestId('main-navigation').getByRole('button', { name: 'Services' })
        2) <button aria-label="Scroll to services section to learn more about our services" class="group relative px-8 py-4 bg-bee-amber hover:bg-honey-600 text-white font-semibold rounded-full shadow-lg hover:shadow-xl transition-all duration-300 overflow-hidden">…</button> aka getByRole('button', { name: 'Scroll to services section to' })
        3) <button aria-pressed="false" aria-label="Filter by Day Services" class="px-6 py-2 rounded-full font-medium transition-all duration-300 bg-gray-100 dark:bg-gray-800 text-gray-700 dark:text-gray-300 hover:bg-gray-200 dark:hover:bg-gray-700">Day Services</button> aka getByRole('button', { name: 'Filter by Day Services' })
        4) <button tabindex="0" class="px-4 py-2 rounded-full bg-white dark:bg-gray-800 border-2 border-primary-400 text-sm font-medium text-primary-600 dark:text-primary-400 hover:bg-primary-400 hover:text-white dark:hover:bg-primary-500 transition-all shadow-md hover:shadow-lg">What services do you provide?</button> aka getByRole('button', { name: 'What services do you provide?' })
        5) <button aria-pressed="false" aria-label="Filter by Services" class="px-5 py-2.5 rounded-full font-medium transition-all bg-white dark:bg-gray-800 text-gray-700 dark:text-gray-300 border-2 border-gray-300 dark:border-gray-600 hover:bg-gray-50 dark:hover:bg-gray-700">Services</button> aka getByRole('button', { name: 'Filter by Services' })
        6) <button aria-expanded="false" aria-controls="faq-answer-services" class="w-full text-left px-6 py-5 flex items-start justify-between gap-4 hover:bg-gray-50 dark:hover:bg-gray-700 transition-colors focus:outline-none">…</button> aka getByRole('button', { name: '💬 What services does HBCS' })
        7) <button aria-expanded="false" aria-controls="faq-answer-eligibility" class="w-full text-left px-6 py-5 flex items-start justify-between gap-4 hover:bg-gray-50 dark:hover:bg-gray-700 transition-colors focus:outline-none">…</button> aka getByRole('button', { name: '💬 How do I qualify for HBCS' })
        8) <button aria-expanded="false" aria-controls="faq-answer-residential" class="w-full text-left px-6 py-5 flex items-start justify-between gap-4 hover:bg-gray-50 dark:hover:bg-gray-700 transition-colors focus:outline-none">…</button> aka getByRole('button', { name: '💬 What is your Residential' })
        9) <button aria-expanded="false" aria-controls="faq-answer-day-services" class="w-full text-left px-6 py-5 flex items-start justify-between gap-4 hover:bg-gray-50 dark:hover:bg-gray-700 transition-colors focus:outline-none">…</button> aka getByRole('button', { name: '💬 What do you offer in Day' })
        10) <button aria-expanded="false" aria-controls="faq-answer-cost" class="w-full text-left px-6 py-5 flex items-start justify-between gap-4 hover:bg-gray-50 dark:hover:bg-gray-700 transition-colors focus:outline-none">…</button> aka getByRole('button', { name: '💬 How much do your services' })

    Call log:
      - waiting for getByRole('button', { name: /services/i }) to be visible


      43 |     // Services is a dropdown button, need to click menu item
      44 |     const servicesButton = page.getByRole('button', { name: /services/i });
    > 45 |     await servicesButton.waitFor({ state: 'visible', timeout: 10000 });
         |                          ^
      46 |     await servicesButton.click();
      47 |
      48 |     // Use robust wait strategy
        at C:\honeybee\e2e\tests\happy-path\navigation.spec.ts:45:26

    Error: apiRequestContext._wrapApiCall: ENOENT: no such file or directory, open 'C:\honeybee\test-results\.playwright-artifacts-3\traces\f867e745c2b2a67f13bb-242048da6d0a8eaf60a3-recording3.trace'

    Error: ENOENT: no such file or directory, open 'C:\honeybee\test-results\.playwright-artifacts-3\1b00164b628d379216649a26461e90af.zip'

    Test timeout of 30000ms exceeded.

    attachment #1: screenshot (image/png) ──────────────────────────────────────────────────────────
    ..\..\test-results\happy-path-navigation-Navi-9bd7c-d-navigate-to-services-page-chromium\test-failed-1.png
    ────────────────────────────────────────────────────────────────────────────────────────────────

    Error Context: ..\..\test-results\happy-path-navigation-Navi-9bd7c-d-navigate-to-services-page-chromium\error-context.md
]]>
</failure>
<system-err>
<![CDATA[
Warning: attachment happy-path-navigation-Navi-9bd7c-d-navigate-to-services-page-chromium\test-failed-1.png is missing
Warning: attachment happy-path-navigation-Navi-9bd7c-d-navigate-to-services-page-chromium\error-context.md is missing]]>
</system-err>
</testcase>
<testcase name="Navigation &amp; Routing › should navigate to history page" classname="happy-path\navigation.spec.ts" time="10.397">
</testcase>
<testcase name="Navigation &amp; Routing › should navigate to our vision page" classname="happy-path\navigation.spec.ts" time="6.109">
</testcase>
<testcase name="Navigation &amp; Routing › should navigate back to home from history" classname="happy-path\navigation.spec.ts" time="1.231">
<failure message="navigation.spec.ts:100:7 should navigate back to home from history" type="FAILURE">
<![CDATA[  [chromium] › happy-path\navigation.spec.ts:100:7 › Navigation & Routing › should navigate back to home from history 

    Error: locator.waitFor: Error: strict mode violation: locator('a[href="/"]') resolved to 2 elements:
        1) <a href="/" data-testid="back-to-home-link" aria-label="Navigate back to home page" class="inline-flex items-center text-primary-400 hover:text-primary-500 mb-6 font-medium">…</a> aka getByTestId('back-to-home-link')
        2) <a href="/" class="text-gray-400 hover:text-bee-gold-dark transition-colors">Home</a> aka getByRole('link', { name: 'Home', exact: true })

    Call log:
      - waiting for locator('a[href="/"]')


      105 |     // Wait for back button to be ready
      106 |     const backToHomeButton = page.locator('a[href="/"]');
    > 107 |     await backToHomeButton.waitFor({ state: 'attached', timeout: 5000 });
          |                            ^
      108 |     await historyPage.clickBackToHome();
      109 |
      110 |     // Browser-specific wait for navigation
        at C:\honeybee\e2e\tests\happy-path\navigation.spec.ts:107:28

    Error: apiRequestContext._wrapApiCall: ENOENT: no such file or directory, open 'C:\honeybee\test-results\.playwright-artifacts-11\traces\f867e745c2b2a67f13bb-f419972ec93fd372f2ef-recording2.network'

    Error: ENOENT: no such file or directory, open 'C:\honeybee\test-results\.playwright-artifacts-11\e6d9019c45094db7904f385822ba3df0.zip'

    Test timeout of 30000ms exceeded.

    attachment #1: screenshot (image/png) ──────────────────────────────────────────────────────────
    ..\..\test-results\happy-path-navigation-Navi-6d98e-e-back-to-home-from-history-chromium\test-failed-1.png
    ────────────────────────────────────────────────────────────────────────────────────────────────

    Error Context: ..\..\test-results\happy-path-navigation-Navi-6d98e-e-back-to-home-from-history-chromium\error-context.md
]]>
</failure>
<system-err>
<![CDATA[
Warning: attachment happy-path-navigation-Navi-6d98e-e-back-to-home-from-history-chromium\test-failed-1.png is missing
Warning: attachment happy-path-navigation-Navi-6d98e-e-back-to-home-from-history-chromium\error-context.md is missing]]>
</system-err>
</testcase>
<testcase name="Navigation &amp; Routing › should navigate to service detail pages" classname="happy-path\navigation.spec.ts" time="11.575">
<failure message="navigation.spec.ts:118:7 should navigate to service detail pages" type="FAILURE">
<![CDATA[  [chromium] › happy-path\navigation.spec.ts:118:7 › Navigation & Routing › should navigate to service detail pages 

    Error: expect(locator).toBeVisible() failed

    Locator: getByRole('menu')
    Expected: visible
    Timeout: 10000ms
    Error: element(s) not found

    Call log:
      - Expect "toBeVisible" with timeout 10000ms
      - waiting for getByRole('menu')


      16 | async function waitForMenuReady(page: any, browserName: string) {
      17 |   // Wait for menu to be visible
    > 18 |   await expect(page.getByRole('menu')).toBeVisible({ timeout: 10000 });
         |                                        ^
      19 |
      20 |   // Browser-specific waits
      21 |   const browserWaits: Record<string, number> = {
        at waitForMenuReady (C:\honeybee\e2e\tests\happy-path\navigation.spec.ts:18:40)
        at C:\honeybee\e2e\tests\happy-path\navigation.spec.ts:128:11

    Error: apiRequestContext._wrapApiCall: ENOENT: no such file or directory, open 'C:\honeybee\test-results\.playwright-artifacts-9\traces\f867e745c2b2a67f13bb-27cebcb3387a2a2ec3a8-recording2.trace'

    attachment #1: screenshot (image/png) ──────────────────────────────────────────────────────────
    ..\..\test-results\happy-path-navigation-Navi-d2a42-ate-to-service-detail-pages-chromium\test-failed-1.png
    ────────────────────────────────────────────────────────────────────────────────────────────────

    Error Context: ..\..\test-results\happy-path-navigation-Navi-d2a42-ate-to-service-detail-pages-chromium\error-context.md

    attachment #3: trace (application/zip) ─────────────────────────────────────────────────────────
    ..\..\test-results\happy-path-navigation-Navi-d2a42-ate-to-service-detail-pages-chromium\trace.zip
    Usage:

        npx playwright show-trace ..\..\test-results\happy-path-navigation-Navi-d2a42-ate-to-service-detail-pages-chromium\trace.zip

    ────────────────────────────────────────────────────────────────────────────────────────────────
]]>
</failure>
<system-err>
<![CDATA[
Warning: attachment happy-path-navigation-Navi-d2a42-ate-to-service-detail-pages-chromium\test-failed-1.png is missing
Warning: attachment happy-path-navigation-Navi-d2a42-ate-to-service-detail-pages-chromium\error-context.md is missing
Warning: attachment happy-path-navigation-Navi-d2a42-ate-to-service-detail-pages-chromium\trace.zip is missing]]>
</system-err>
</testcase>
<testcase name="Navigation &amp; Routing › should navigate to contact section" classname="happy-path\navigation.spec.ts" time="1.453">
</testcase>
<testcase name="Navigation &amp; Routing › should handle 404 for non-existent routes" classname="happy-path\navigation.spec.ts" time="0.528">
</testcase>
<testcase name="Navigation &amp; Routing › should maintain state on page reload" classname="happy-path\navigation.spec.ts" time="3.49">
</testcase>
<testcase name="Navigation &amp; Routing › should handle browser back button" classname="happy-path\navigation.spec.ts" time="6.537">
</testcase>
<testcase name="Navigation &amp; Routing › should handle browser forward button" classname="happy-path\navigation.spec.ts" time="20.795">
</testcase>
<testcase name="Navigation &amp; Routing › should navigate via direct URL" classname="happy-path\navigation.spec.ts" time="13.648">
<failure message="navigation.spec.ts:255:7 should navigate via direct URL" type="FAILURE">
<![CDATA[  [chromium] › happy-path\navigation.spec.ts:255:7 › Navigation & Routing › should navigate via direct URL 

    TimeoutError: locator.waitFor: Timeout 8000ms exceeded.
    Call log:
      - waiting for getByRole('heading', { name: /our services/i }) to be visible


      259 |     await expect(page).toHaveURL('/services');
      260 |     const servicesHeading = page.getByRole('heading', { name: /our services/i });
    > 261 |     await servicesHeading.waitFor({ state: 'visible', timeout: 8000 });
          |                           ^
      262 |     await expect(servicesHeading).toBeVisible();
      263 |
      264 |     // Navigate directly to history
        at C:\honeybee\e2e\tests\happy-path\navigation.spec.ts:261:27

    attachment #1: screenshot (image/png) ──────────────────────────────────────────────────────────
    ..\..\test-results\happy-path-navigation-Navi-144e7-uld-navigate-via-direct-URL-chromium\test-failed-1.png
    ────────────────────────────────────────────────────────────────────────────────────────────────

    attachment #2: video (video/webm) ──────────────────────────────────────────────────────────────
    ..\..\test-results\happy-path-navigation-Navi-144e7-uld-navigate-via-direct-URL-chromium\video.webm
    ────────────────────────────────────────────────────────────────────────────────────────────────

    Error Context: ..\..\test-results\happy-path-navigation-Navi-144e7-uld-navigate-via-direct-URL-chromium\error-context.md

    attachment #4: trace (application/zip) ─────────────────────────────────────────────────────────
    ..\..\test-results\happy-path-navigation-Navi-144e7-uld-navigate-via-direct-URL-chromium\trace.zip
    Usage:

        npx playwright show-trace ..\..\test-results\happy-path-navigation-Navi-144e7-uld-navigate-via-direct-URL-chromium\trace.zip

    ────────────────────────────────────────────────────────────────────────────────────────────────
]]>
</failure>
<system-err>
<![CDATA[
Warning: attachment happy-path-navigation-Navi-144e7-uld-navigate-via-direct-URL-chromium\test-failed-1.png is missing
Warning: attachment happy-path-navigation-Navi-144e7-uld-navigate-via-direct-URL-chromium\video.webm is missing
Warning: attachment happy-path-navigation-Navi-144e7-uld-navigate-via-direct-URL-chromium\error-context.md is missing
Warning: attachment happy-path-navigation-Navi-144e7-uld-navigate-via-direct-URL-chromium\trace.zip is missing]]>
</system-err>
</testcase>
<testcase name="Navigation &amp; Routing › should handle navigation with query parameters" classname="happy-path\navigation.spec.ts" time="4.511">
</testcase>
<testcase name="Navigation &amp; Routing › should maintain scroll position on back navigation" classname="happy-path\navigation.spec.ts" time="9.631">
</testcase>
<testcase name="Navigation &amp; Routing › should handle multiple rapid navigations" classname="happy-path\navigation.spec.ts" time="7.434">
</testcase>
</testsuite>
<testsuite name="regression\page-content.spec.ts" timestamp="2026-01-09T18:05:05.506Z" hostname="chromium" tests="23" failures="6" skipped="0" time="168.27" errors="0">
<testcase name="Homepage - Content Tests › should display hero heading" classname="regression\page-content.spec.ts" time="1.213">
</testcase>
<testcase name="Homepage - Content Tests › should display services section" classname="regression\page-content.spec.ts" time="30.451">
<failure message="page-content.spec.ts:22:7 should display services section" type="FAILURE">
<![CDATA[  [chromium] › regression\page-content.spec.ts:22:7 › Homepage - Content Tests › should display services section 

    Test timeout of 30000ms exceeded.

    Error: apiRequestContext._wrapApiCall: ENOENT: no such file or directory, open 'C:\honeybee\test-results\.playwright-artifacts-12\traces\2b65982df469141bc2e5-583a319be1b46a6b87f8-recording2.trace'

    Error: locator.scrollIntoViewIfNeeded: Test ended.
    Call log:
      - waiting for getByTestId('services-section').or(locator('[data-testid="services-section"]'))


      27 |     // Use data-testid for specific section - scroll into view first
      28 |     const servicesSection = page.getByTestId('services-section').or(page.locator('[data-testid="services-section"]'));
    > 29 |     await servicesSection.scrollIntoViewIfNeeded();
         |                           ^
      30 |     await expect(servicesSection).toBeVisible();
      31 |
      32 |     // More flexible heading selector
        at C:\honeybee\e2e\tests\regression\page-content.spec.ts:29:27

    attachment #1: screenshot (image/png) ──────────────────────────────────────────────────────────
    ..\..\test-results\regression-page-content-Ho-e29a4-ld-display-services-section-chromium\test-failed-1.png
    ────────────────────────────────────────────────────────────────────────────────────────────────

    Error Context: ..\..\test-results\regression-page-content-Ho-e29a4-ld-display-services-section-chromium\error-context.md

    attachment #3: trace (application/zip) ─────────────────────────────────────────────────────────
    ..\..\test-results\regression-page-content-Ho-e29a4-ld-display-services-section-chromium\trace.zip
    Usage:

        npx playwright show-trace ..\..\test-results\regression-page-content-Ho-e29a4-ld-display-services-section-chromium\trace.zip

    ────────────────────────────────────────────────────────────────────────────────────────────────
]]>
</failure>
<system-err>
<![CDATA[
Warning: attachment regression-page-content-Ho-e29a4-ld-display-services-section-chromium\test-failed-1.png is missing
Warning: attachment regression-page-content-Ho-e29a4-ld-display-services-section-chromium\error-context.md is missing
Warning: attachment regression-page-content-Ho-e29a4-ld-display-services-section-chromium\trace.zip is missing]]>
</system-err>
</testcase>
<testcase name="Homepage - Content Tests › should display gallery section" classname="regression\page-content.spec.ts" time="7.881">
</testcase>
<testcase name="Homepage - Content Tests › should display about section" classname="regression\page-content.spec.ts" time="30.458">
<failure message="page-content.spec.ts:45:7 should display about section" type="FAILURE">
<![CDATA[  [chromium] › regression\page-content.spec.ts:45:7 › Homepage - Content Tests › should display about section 

    Test timeout of 30000ms exceeded.

    Error: apiRequestContext._wrapApiCall: ENOENT: no such file or directory, open 'C:\honeybee\test-results\.playwright-artifacts-16\traces\2b65982df469141bc2e5-5f51896b34623a2d9fe6.trace'

    Error: locator.scrollIntoViewIfNeeded: Test ended.
    Call log:
      - waiting for locator('[data-testid="about-section"]')


      48 |     await page.waitForLoadState('networkidle');
      49 |
    > 50 |     await homePage.aboutSection.scrollIntoViewIfNeeded();
         |                                 ^
      51 |     await expect(homePage.aboutSection).toBeVisible();
      52 |
      53 |     // More flexible heading selector
        at C:\honeybee\e2e\tests\regression\page-content.spec.ts:50:33

    Error: ENOENT: no such file or directory, open 'C:\honeybee\test-results\.playwright-artifacts-16\8c7242af3d8449801ed12a520b3ace8c.zip'

    Test timeout of 30000ms exceeded.

    attachment #1: screenshot (image/png) ──────────────────────────────────────────────────────────
    ..\..\test-results\regression-page-content-Ho-736ca-hould-display-about-section-chromium\test-failed-1.png
    ────────────────────────────────────────────────────────────────────────────────────────────────

    Error Context: ..\..\test-results\regression-page-content-Ho-736ca-hould-display-about-section-chromium\error-context.md
]]>
</failure>
<system-err>
<![CDATA[
Warning: attachment regression-page-content-Ho-736ca-hould-display-about-section-chromium\test-failed-1.png is missing
Warning: attachment regression-page-content-Ho-736ca-hould-display-about-section-chromium\error-context.md is missing]]>
</system-err>
</testcase>
<testcase name="Homepage - Content Tests › should display testimonials section" classname="regression\page-content.spec.ts" time="9.101">
</testcase>
<testcase name="Homepage - Content Tests › should display contact section" classname="regression\page-content.spec.ts" time="6.963">
</testcase>
<testcase name="Services Page - Content Tests › should display services heading" classname="regression\page-content.spec.ts" time="9.737">
<failure message="page-content.spec.ts:76:7 should display services heading" type="FAILURE">
<![CDATA[  [chromium] › regression\page-content.spec.ts:76:7 › Services Page - Content Tests › should display services heading 

    Error: expect(locator).toHaveText(expected) failed

    Locator: getByTestId('services-heading')
    Expected pattern: /our services/i
    Timeout: 5000ms
    Error: element(s) not found

    Call log:
      - Expect "toHaveText" with timeout 5000ms
      - waiting for getByTestId('services-heading')


      79 |
      80 |     await expect(servicesPage.heading).toBeVisible();
    > 81 |     await expect(servicesPage.heading).toHaveText(/our services/i);
         |                                        ^
      82 |   });
      83 |
      84 |   test('should display all three service cards', async ({ page }) => {
        at C:\honeybee\e2e\tests\regression\page-content.spec.ts:81:40

    attachment #1: screenshot (image/png) ──────────────────────────────────────────────────────────
    ..\..\test-results\regression-page-content-Se-7d915-ld-display-services-heading-chromium\test-failed-1.png
    ────────────────────────────────────────────────────────────────────────────────────────────────

    attachment #2: video (video/webm) ──────────────────────────────────────────────────────────────
    ..\..\test-results\regression-page-content-Se-7d915-ld-display-services-heading-chromium\video.webm
    ────────────────────────────────────────────────────────────────────────────────────────────────

    Error Context: ..\..\test-results\regression-page-content-Se-7d915-ld-display-services-heading-chromium\error-context.md

    attachment #4: trace (application/zip) ─────────────────────────────────────────────────────────
    ..\..\test-results\regression-page-content-Se-7d915-ld-display-services-heading-chromium\trace.zip
    Usage:

        npx playwright show-trace ..\..\test-results\regression-page-content-Se-7d915-ld-display-services-heading-chromium\trace.zip

    ────────────────────────────────────────────────────────────────────────────────────────────────
]]>
</failure>
<system-err>
<![CDATA[
Warning: attachment regression-page-content-Se-7d915-ld-display-services-heading-chromium\test-failed-1.png is missing
Warning: attachment regression-page-content-Se-7d915-ld-display-services-heading-chromium\video.webm is missing
Warning: attachment regression-page-content-Se-7d915-ld-display-services-heading-chromium\error-context.md is missing
Warning: attachment regression-page-content-Se-7d915-ld-display-services-heading-chromium\trace.zip is missing]]>
</system-err>
</testcase>
<testcase name="Services Page - Content Tests › should display all three service cards" classname="regression\page-content.spec.ts" time="2.834">
</testcase>
<testcase name="Services Page - Content Tests › should display service cards with images" classname="regression\page-content.spec.ts" time="4.868">
<failure message="page-content.spec.ts:92:7 should display service cards with images" type="FAILURE">
<![CDATA[  [chromium] › regression\page-content.spec.ts:92:7 › Services Page - Content Tests › should display service cards with images 

    Error: expect(received).toBe(expected) // Object.is equality

    Expected: true
    Received: false

       95 |
       96 |     const hasImages = await servicesPage.doServiceCardsHaveImages();
    >  97 |     expect(hasImages).toBe(true);
          |                       ^
       98 |   });
       99 |
      100 |   test('should display quick facts section', async ({ page }) => {
        at C:\honeybee\e2e\tests\regression\page-content.spec.ts:97:23

    Error: apiRequestContext._wrapApiCall: ENOENT: no such file or directory, open 'C:\honeybee\test-results\.playwright-artifacts-13\traces\2b65982df469141bc2e5-556626b6d8570aa8f221-recording1.network'

    Error: ENOENT: no such file or directory, open 'C:\honeybee\test-results\.playwright-artifacts-13\3dc4171163168a30728767d8d8d4070b.zip'

    Test timeout of 30000ms exceeded.

    attachment #1: screenshot (image/png) ──────────────────────────────────────────────────────────
    ..\..\test-results\regression-page-content-Se-2bf89-y-service-cards-with-images-chromium\test-failed-1.png
    ────────────────────────────────────────────────────────────────────────────────────────────────

    Error Context: ..\..\test-results\regression-page-content-Se-2bf89-y-service-cards-with-images-chromium\error-context.md
]]>
</failure>
<system-err>
<![CDATA[
Warning: attachment regression-page-content-Se-2bf89-y-service-cards-with-images-chromium\test-failed-1.png is missing
Warning: attachment regression-page-content-Se-2bf89-y-service-cards-with-images-chromium\error-context.md is missing]]>
</system-err>
</testcase>
<testcase name="Services Page - Content Tests › should display quick facts section" classname="regression\page-content.spec.ts" time="11.004">
<failure message="page-content.spec.ts:100:7 should display quick facts section" type="FAILURE">
<![CDATA[  [chromium] › regression\page-content.spec.ts:100:7 › Services Page - Content Tests › should display quick facts section 

    Error: expect(locator).toBeVisible() failed

    Locator: getByTestId('quick-facts-section')
    Expected: visible
    Timeout: 5000ms
    Error: element(s) not found

    Call log:
      - Expect "toBeVisible" with timeout 5000ms
      - waiting for getByTestId('quick-facts-section')


      102 |     await servicesPage.goto();
      103 |
    > 104 |     await expect(servicesPage.quickFactsSection).toBeVisible();
          |                                                  ^
      105 |     await expect(servicesPage.quickFactsSection.getByText('Service Areas')).toBeVisible();
      106 |   });
      107 |
        at C:\honeybee\e2e\tests\regression\page-content.spec.ts:104:50

    attachment #1: screenshot (image/png) ──────────────────────────────────────────────────────────
    ..\..\test-results\regression-page-content-Se-fdc0f-display-quick-facts-section-chromium\test-failed-1.png
    ────────────────────────────────────────────────────────────────────────────────────────────────

    attachment #2: video (video/webm) ──────────────────────────────────────────────────────────────
    ..\..\test-results\regression-page-content-Se-fdc0f-display-quick-facts-section-chromium\video.webm
    ────────────────────────────────────────────────────────────────────────────────────────────────

    Error Context: ..\..\test-results\regression-page-content-Se-fdc0f-display-quick-facts-section-chromium\error-context.md

    attachment #4: trace (application/zip) ─────────────────────────────────────────────────────────
    ..\..\test-results\regression-page-content-Se-fdc0f-display-quick-facts-section-chromium\trace.zip
    Usage:

        npx playwright show-trace ..\..\test-results\regression-page-content-Se-fdc0f-display-quick-facts-section-chromium\trace.zip

    ────────────────────────────────────────────────────────────────────────────────────────────────
]]>
</failure>
<system-err>
<![CDATA[
Warning: attachment regression-page-content-Se-fdc0f-display-quick-facts-section-chromium\test-failed-1.png is missing
Warning: attachment regression-page-content-Se-fdc0f-display-quick-facts-section-chromium\video.webm is missing
Warning: attachment regression-page-content-Se-fdc0f-display-quick-facts-section-chromium\error-context.md is missing
Warning: attachment regression-page-content-Se-fdc0f-display-quick-facts-section-chromium\trace.zip is missing]]>
</system-err>
</testcase>
<testcase name="Services Page - Content Tests › should display contact section" classname="regression\page-content.spec.ts" time="2.732">
</testcase>
<testcase name="Services Page - Content Tests › should display service descriptions" classname="regression\page-content.spec.ts" time="2.632">
<failure message="page-content.spec.ts:116:7 should display service descriptions" type="FAILURE">
<![CDATA[  [chromium] › regression\page-content.spec.ts:116:7 › Services Page - Content Tests › should display service descriptions 

    Error: expect(locator).toBeVisible() failed

    Locator: getByText(/day services/i)
    Expected: visible
    Error: strict mode violation: getByText(/day services/i) resolved to 2 elements:
        1) <p class="text-xl text-gray-600 dark:text-gray-400 mb-8">Personalized support through Residential, Day Ser…</p> aka getByText('Personalized support through')
        2) <h3 class="text-2xl font-bold text-white mb-2">Day Services</h3> aka getByTestId('service-card-day-services')

    Call log:
      - Expect "toBeVisible" with timeout 5000ms
      - waiting for getByText(/day services/i)


      120 |     // Check for service titles (case insensitive)
      121 |     await expect(page.getByText(/residential services/i)).toBeVisible();
    > 122 |     await expect(page.getByText(/day services/i)).toBeVisible();
          |                                                   ^
      123 |     await expect(page.getByText(/targeted case management/i)).toBeVisible();
      124 |   });
      125 | });
        at C:\honeybee\e2e\tests\regression\page-content.spec.ts:122:51

    attachment #1: screenshot (image/png) ──────────────────────────────────────────────────────────
    ..\..\test-results\regression-page-content-Se-40d9c-isplay-service-descriptions-chromium\test-failed-1.png
    ────────────────────────────────────────────────────────────────────────────────────────────────

    attachment #2: video (video/webm) ──────────────────────────────────────────────────────────────
    ..\..\test-results\regression-page-content-Se-40d9c-isplay-service-descriptions-chromium\video.webm
    ────────────────────────────────────────────────────────────────────────────────────────────────

    Error Context: ..\..\test-results\regression-page-content-Se-40d9c-isplay-service-descriptions-chromium\error-context.md

    attachment #4: trace (application/zip) ─────────────────────────────────────────────────────────
    ..\..\test-results\regression-page-content-Se-40d9c-isplay-service-descriptions-chromium\trace.zip
    Usage:

        npx playwright show-trace ..\..\test-results\regression-page-content-Se-40d9c-isplay-service-descriptions-chromium\trace.zip

    ────────────────────────────────────────────────────────────────────────────────────────────────
]]>
</failure>
<system-err>
<![CDATA[
Warning: attachment regression-page-content-Se-40d9c-isplay-service-descriptions-chromium\test-failed-1.png is missing
Warning: attachment regression-page-content-Se-40d9c-isplay-service-descriptions-chromium\video.webm is missing
Warning: attachment regression-page-content-Se-40d9c-isplay-service-descriptions-chromium\error-context.md is missing
Warning: attachment regression-page-content-Se-40d9c-isplay-service-descriptions-chromium\trace.zip is missing]]>
</system-err>
</testcase>
<testcase name="History Page - Content Tests › should display history heading" classname="regression\page-content.spec.ts" time="3.594">
</testcase>
<testcase name="History Page - Content Tests › should display subheading" classname="regression\page-content.spec.ts" time="4.535">
</testcase>
<testcase name="History Page - Content Tests › should display founder name" classname="regression\page-content.spec.ts" time="3.485">
</testcase>
<testcase name="History Page - Content Tests › should display founder section" classname="regression\page-content.spec.ts" time="3.029">
</testcase>
<testcase name="History Page - Content Tests › should display timeline section" classname="regression\page-content.spec.ts" time="2.852">
</testcase>
<testcase name="History Page - Content Tests › should display timeline events" classname="regression\page-content.spec.ts" time="2.593">
</testcase>
<testcase name="History Page - Content Tests › should display impact stats section" classname="regression\page-content.spec.ts" time="2.439">
</testcase>
<testcase name="History Page - Content Tests › should display back to home link" classname="regression\page-content.spec.ts" time="1.778">
</testcase>
<testcase name="Service Detail Pages - Content Tests › should display residential services page" classname="regression\page-content.spec.ts" time="8.867">
</testcase>
<testcase name="Service Detail Pages - Content Tests › should display day services page" classname="regression\page-content.spec.ts" time="7.812">
</testcase>
<testcase name="Service Detail Pages - Content Tests › should display targeted case management page" classname="regression\page-content.spec.ts" time="7.412">
</testcase>
</testsuite>
<testsuite name="regression\responsive-design.spec.ts" timestamp="2026-01-09T18:05:05.506Z" hostname="chromium" tests="27" failures="6" skipped="0" time="112.25" errors="0">
<testcase name="Mobile View (375x667) › should display homepage on mobile" classname="regression\responsive-design.spec.ts" time="5.859">
</testcase>
<testcase name="Mobile View (375x667) › should have mobile viewport size" classname="regression\responsive-design.spec.ts" time="1.815">
</testcase>
<testcase name="Mobile View (375x667) › should display services page on mobile" classname="regression\responsive-design.spec.ts" time="5.348">
</testcase>
<testcase name="Mobile View (375x667) › should display history page on mobile" classname="regression\responsive-design.spec.ts" time="5.453">
</testcase>
<testcase name="Mobile View (375x667) › should have mobile-friendly navigation" classname="regression\responsive-design.spec.ts" time="5.399">
</testcase>
<testcase name="Tablet View (768x1024) › should display homepage on tablet" classname="regression\responsive-design.spec.ts" time="2.342">
</testcase>
<testcase name="Tablet View (768x1024) › should have tablet viewport size" classname="regression\responsive-design.spec.ts" time="2.363">
</testcase>
<testcase name="Tablet View (768x1024) › should display services page on tablet" classname="regression\responsive-design.spec.ts" time="2.046">
</testcase>
<testcase name="Tablet View (768x1024) › should display history page on tablet" classname="regression\responsive-design.spec.ts" time="2.823">
</testcase>
<testcase name="Tablet View (768x1024) › should have proper layout on tablet" classname="regression\responsive-design.spec.ts" time="2.664">
</testcase>
<testcase name="Desktop View (1280x720) › should display homepage on desktop" classname="regression\responsive-design.spec.ts" time="1.813">
</testcase>
<testcase name="Desktop View (1280x720) › should have desktop viewport size" classname="regression\responsive-design.spec.ts" time="1.499">
</testcase>
<testcase name="Desktop View (1280x720) › should display services page on desktop" classname="regression\responsive-design.spec.ts" time="1.557">
</testcase>
<testcase name="Desktop View (1280x720) › should display history page on desktop" classname="regression\responsive-design.spec.ts" time="1.613">
</testcase>
<testcase name="Desktop View (1280x720) › should have proper desktop layout" classname="regression\responsive-design.spec.ts" time="2.215">
</testcase>
<testcase name="Desktop View (1280x720) › should display hover states on desktop" classname="regression\responsive-design.spec.ts" time="30.136">
<failure message="responsive-design.spec.ts:175:7 should display hover states on desktop" type="FAILURE">
<![CDATA[  [chromium] › regression\responsive-design.spec.ts:175:7 › Desktop View (1280x720) › should display hover states on desktop 

    Test timeout of 30000ms exceeded.

    Error: apiRequestContext._wrapApiCall: ENOENT: no such file or directory, open 'C:\honeybee\test-results\.playwright-artifacts-20\traces\970e1cf97e2a40347e6e-a1bdd0af29be448a04ef-recording6.trace'

    Error: locator.hover: Test ended.
    Call log:
      - waiting for locator('a[href^="/services/"]').first()
        - locator resolved to <a href="/services/residential" data-testid="service-card-residential">…</a>
      - attempting hover action
        2 × waiting for element to be visible and stable
          - element is not stable
        - retrying hover action
        - waiting 20ms
        2 × waiting for element to be visible and stable
          - element is not stable
        - retrying hover action
          - waiting 100ms
        - waiting for element to be visible and stable
      - element was detached from the DOM, retrying


      180 |
      181 |     // Hover over card
    > 182 |     await firstServiceCard.hover();
          |                            ^
      183 |
      184 |     // Card should still be visible
      185 |     await expect(firstServiceCard).toBeVisible();
        at C:\honeybee\e2e\tests\regression\responsive-design.spec.ts:182:28

    Error: ENOENT: no such file or directory, open 'C:\honeybee\test-results\.playwright-artifacts-20\27be63f169e2f63e9a074f3de340b1c2.zip'

    Test timeout of 30000ms exceeded.

    attachment #1: screenshot (image/png) ──────────────────────────────────────────────────────────
    ..\..\test-results\regression-responsive-desi-c820d-lay-hover-states-on-desktop-chromium\test-failed-1.png
    ────────────────────────────────────────────────────────────────────────────────────────────────

    Error Context: ..\..\test-results\regression-responsive-desi-c820d-lay-hover-states-on-desktop-chromium\error-context.md
]]>
</failure>
<system-err>
<![CDATA[
Warning: attachment regression-responsive-desi-c820d-lay-hover-states-on-desktop-chromium\test-failed-1.png is missing
Warning: attachment regression-responsive-desi-c820d-lay-hover-states-on-desktop-chromium\error-context.md is missing]]>
</system-err>
</testcase>
<testcase name="Responsive Behavior Across Viewports › should display homepage on Mobile (375x667)" classname="regression\responsive-design.spec.ts" time="2.086">
</testcase>
<testcase name="Responsive Behavior Across Viewports › should display homepage on Tablet (768x1024)" classname="regression\responsive-design.spec.ts" time="2.258">
</testcase>
<testcase name="Responsive Behavior Across Viewports › should display homepage on Desktop (1280x720)" classname="regression\responsive-design.spec.ts" time="2.057">
</testcase>
<testcase name="Responsive Behavior Across Viewports › should display services page on Mobile (375x667)" classname="regression\responsive-design.spec.ts" time="7.265">
<failure message="responsive-design.spec.ts:212:9 should display services page on Mobile (375x667)" type="FAILURE">
<![CDATA[  [chromium] › regression\responsive-design.spec.ts:212:9 › Responsive Behavior Across Viewports › should display services page on Mobile (375x667) 

    Error: expect(locator).toBeVisible() failed

    Locator: getByRole('heading').filter({ hasText: /services/i }).first()
    Expected: visible
    Timeout: 5000ms
    Error: element(s) not found

    Call log:
      - Expect "toBeVisible" with timeout 5000ms
      - waiting for getByRole('heading').filter({ hasText: /services/i }).first()


      217 |       // More flexible heading selector
      218 |       const heading = page.getByRole('heading').filter({ hasText: /services/i }).first();
    > 219 |       await expect(heading).toBeVisible();
          |                             ^
      220 |
      221 |       // No horizontal scroll
      222 |       const bodyWidth = await page.evaluate(() => document.body.scrollWidth);
        at C:\honeybee\e2e\tests\regression\responsive-design.spec.ts:219:29

    Error: apiRequestContext._wrapApiCall: ENOENT: no such file or directory, open 'C:\honeybee\test-results\.playwright-artifacts-21\traces\970e1cf97e2a40347e6e-0006a01f7042f93a37a9-recording3.network'

    Error: ENOENT: no such file or directory, open 'C:\honeybee\test-results\.playwright-artifacts-21\7bcf72239e54fb03aef2ebe6af22c904.zip'

    Test timeout of 30000ms exceeded.

    attachment #1: screenshot (image/png) ──────────────────────────────────────────────────────────
    ..\..\test-results\regression-responsive-desi-47ea7-ces-page-on-Mobile-375x667--chromium\test-failed-1.png
    ────────────────────────────────────────────────────────────────────────────────────────────────

    Error Context: ..\..\test-results\regression-responsive-desi-47ea7-ces-page-on-Mobile-375x667--chromium\error-context.md
]]>
</failure>
<system-err>
<![CDATA[
Warning: attachment regression-responsive-desi-47ea7-ces-page-on-Mobile-375x667--chromium\test-failed-1.png is missing
Warning: attachment regression-responsive-desi-47ea7-ces-page-on-Mobile-375x667--chromium\error-context.md is missing]]>
</system-err>
</testcase>
<testcase name="Responsive Behavior Across Viewports › should display services page on Tablet (768x1024)" classname="regression\responsive-design.spec.ts" time="7.37">
<failure message="responsive-design.spec.ts:212:9 should display services page on Tablet (768x1024)" type="FAILURE">
<![CDATA[  [chromium] › regression\responsive-design.spec.ts:212:9 › Responsive Behavior Across Viewports › should display services page on Tablet (768x1024) 

    Error: expect(locator).toBeVisible() failed

    Locator: getByRole('heading').filter({ hasText: /services/i }).first()
    Expected: visible
    Timeout: 5000ms
    Error: element(s) not found

    Call log:
      - Expect "toBeVisible" with timeout 5000ms
      - waiting for getByRole('heading').filter({ hasText: /services/i }).first()


      217 |       // More flexible heading selector
      218 |       const heading = page.getByRole('heading').filter({ hasText: /services/i }).first();
    > 219 |       await expect(heading).toBeVisible();
          |                             ^
      220 |
      221 |       // No horizontal scroll
      222 |       const bodyWidth = await page.evaluate(() => document.body.scrollWidth);
        at C:\honeybee\e2e\tests\regression\responsive-design.spec.ts:219:29

    Error: apiRequestContext._wrapApiCall: ENOENT: no such file or directory, open 'C:\honeybee\test-results\.playwright-artifacts-22\traces\970e1cf97e2a40347e6e-f9a42b7fd8efdac7b5a1-recording3.network'

    Error: ENOENT: no such file or directory, open 'C:\honeybee\test-results\.playwright-artifacts-22\5dfbc82e03f2f4984be8f8a622415656.zip'

    Test timeout of 30000ms exceeded.

    attachment #1: screenshot (image/png) ──────────────────────────────────────────────────────────
    ..\..\test-results\regression-responsive-desi-63cef-es-page-on-Tablet-768x1024--chromium\test-failed-1.png
    ────────────────────────────────────────────────────────────────────────────────────────────────

    Error Context: ..\..\test-results\regression-responsive-desi-63cef-es-page-on-Tablet-768x1024--chromium\error-context.md
]]>
</failure>
<system-err>
<![CDATA[
Warning: attachment regression-responsive-desi-63cef-es-page-on-Tablet-768x1024--chromium\test-failed-1.png is missing
Warning: attachment regression-responsive-desi-63cef-es-page-on-Tablet-768x1024--chromium\error-context.md is missing]]>
</system-err>
</testcase>
<testcase name="Responsive Behavior Across Viewports › should display services page on Desktop (1280x720)" classname="regression\responsive-design.spec.ts" time="6.797">
<failure message="responsive-design.spec.ts:212:9 should display services page on Desktop (1280x720)" type="FAILURE">
<![CDATA[  [chromium] › regression\responsive-design.spec.ts:212:9 › Responsive Behavior Across Viewports › should display services page on Desktop (1280x720) 

    Error: expect(locator).toBeVisible() failed

    Locator: getByRole('heading').filter({ hasText: /services/i }).first()
    Expected: visible
    Timeout: 5000ms
    Error: element(s) not found

    Call log:
      - Expect "toBeVisible" with timeout 5000ms
      - waiting for getByRole('heading').filter({ hasText: /services/i }).first()


      217 |       // More flexible heading selector
      218 |       const heading = page.getByRole('heading').filter({ hasText: /services/i }).first();
    > 219 |       await expect(heading).toBeVisible();
          |                             ^
      220 |
      221 |       // No horizontal scroll
      222 |       const bodyWidth = await page.evaluate(() => document.body.scrollWidth);
        at C:\honeybee\e2e\tests\regression\responsive-design.spec.ts:219:29

    Error: apiRequestContext._wrapApiCall: ENOENT: no such file or directory, open 'C:\honeybee\test-results\.playwright-artifacts-23\traces\970e1cf97e2a40347e6e-6122924f872d0a8529c9-recording4.network'

    Error: ENOENT: no such file or directory, open 'C:\honeybee\test-results\.playwright-artifacts-23\f44b16eeb62f532039cef58e67a8f168.zip'

    Test timeout of 30000ms exceeded.

    attachment #1: screenshot (image/png) ──────────────────────────────────────────────────────────
    ..\..\test-results\regression-responsive-desi-2d790-s-page-on-Desktop-1280x720--chromium\test-failed-1.png
    ────────────────────────────────────────────────────────────────────────────────────────────────

    Error Context: ..\..\test-results\regression-responsive-desi-2d790-s-page-on-Desktop-1280x720--chromium\error-context.md
]]>
</failure>
<system-err>
<![CDATA[
Warning: attachment regression-responsive-desi-2d790-s-page-on-Desktop-1280x720--chromium\test-failed-1.png is missing
Warning: attachment regression-responsive-desi-2d790-s-page-on-Desktop-1280x720--chromium\error-context.md is missing]]>
</system-err>
</testcase>
<testcase name="Responsive Behavior Across Viewports › should display history page on Mobile (375x667)" classname="regression\responsive-design.spec.ts" time="2.898">
<failure message="responsive-design.spec.ts:228:9 should display history page on Mobile (375x667)" type="FAILURE">
<![CDATA[  [chromium] › regression\responsive-design.spec.ts:228:9 › Responsive Behavior Across Viewports › should display history page on Mobile (375x667) 

    Error: expect(received).toBeLessThanOrEqual(expected)

    Expected: <= 395
    Received:    409

      240 |       const bodyWidth = await page.evaluate(() => document.body.scrollWidth);
      241 |       // More permissive allowance for WebKit rendering
    > 242 |       expect(bodyWidth).toBeLessThanOrEqual(viewport.width + 20);
          |                         ^
      243 |     });
      244 |   }
      245 | });
        at C:\honeybee\e2e\tests\regression\responsive-design.spec.ts:242:25

    Error: apiRequestContext._wrapApiCall: ENOENT: no such file or directory, open 'C:\honeybee\test-results\.playwright-artifacts-19\traces\970e1cf97e2a40347e6e-4d91a7e6db5f74c7e4fd-recording8.trace'

    Error: ENOENT: no such file or directory, open 'C:\honeybee\test-results\.playwright-artifacts-19\83448722eeceeca6ee76edf26330504b.zip'

    Test timeout of 30000ms exceeded.

    attachment #1: screenshot (image/png) ──────────────────────────────────────────────────────────
    ..\..\test-results\regression-responsive-desi-ce9f9-ory-page-on-Mobile-375x667--chromium\test-failed-1.png
    ────────────────────────────────────────────────────────────────────────────────────────────────

    Error Context: ..\..\test-results\regression-responsive-desi-ce9f9-ory-page-on-Mobile-375x667--chromium\error-context.md
]]>
</failure>
<system-err>
<![CDATA[
Warning: attachment regression-responsive-desi-ce9f9-ory-page-on-Mobile-375x667--chromium\test-failed-1.png is missing
Warning: attachment regression-responsive-desi-ce9f9-ory-page-on-Mobile-375x667--chromium\error-context.md is missing]]>
</system-err>
</testcase>
<testcase name="Responsive Behavior Across Viewports › should display history page on Tablet (768x1024)" classname="regression\responsive-design.spec.ts" time="2.874">
<failure message="responsive-design.spec.ts:228:9 should display history page on Tablet (768x1024)" type="FAILURE">
<![CDATA[  [chromium] › regression\responsive-design.spec.ts:228:9 › Responsive Behavior Across Viewports › should display history page on Tablet (768x1024) 

    Error: expect(received).toBeLessThanOrEqual(expected)

    Expected: <= 788
    Received:    794

      240 |       const bodyWidth = await page.evaluate(() => document.body.scrollWidth);
      241 |       // More permissive allowance for WebKit rendering
    > 242 |       expect(bodyWidth).toBeLessThanOrEqual(viewport.width + 20);
          |                         ^
      243 |     });
      244 |   }
      245 | });
        at C:\honeybee\e2e\tests\regression\responsive-design.spec.ts:242:25

    Error: apiRequestContext._wrapApiCall: ENOENT: no such file or directory, open 'C:\honeybee\test-results\.playwright-artifacts-18\traces\970e1cf97e2a40347e6e-40c7671b8cfddc1332a0-recording7.trace'

    attachment #1: screenshot (image/png) ──────────────────────────────────────────────────────────
    ..\..\test-results\regression-responsive-desi-6288e-ry-page-on-Tablet-768x1024--chromium\test-failed-1.png
    ────────────────────────────────────────────────────────────────────────────────────────────────

    Error Context: ..\..\test-results\regression-responsive-desi-6288e-ry-page-on-Tablet-768x1024--chromium\error-context.md

    attachment #3: trace (application/zip) ─────────────────────────────────────────────────────────
    ..\..\test-results\regression-responsive-desi-6288e-ry-page-on-Tablet-768x1024--chromium\trace.zip
    Usage:

        npx playwright show-trace ..\..\test-results\regression-responsive-desi-6288e-ry-page-on-Tablet-768x1024--chromium\trace.zip

    ────────────────────────────────────────────────────────────────────────────────────────────────
]]>
</failure>
<system-err>
<![CDATA[
Warning: attachment regression-responsive-desi-6288e-ry-page-on-Tablet-768x1024--chromium\test-failed-1.png is missing
Warning: attachment regression-responsive-desi-6288e-ry-page-on-Tablet-768x1024--chromium\error-context.md is missing
Warning: attachment regression-responsive-desi-6288e-ry-page-on-Tablet-768x1024--chromium\trace.zip is missing]]>
</system-err>
</testcase>
<testcase name="Responsive Behavior Across Viewports › should display history page on Desktop (1280x720)" classname="regression\responsive-design.spec.ts" time="2.271">
</testcase>
<testcase name="Landscape Orientation › should display in landscape on mobile" classname="regression\responsive-design.spec.ts" time="0.714">
</testcase>
<testcase name="Landscape Orientation › should display in landscape on tablet" classname="regression\responsive-design.spec.ts" time="0.715">
</testcase>
</testsuite>
<testsuite name="smoke\faq.spec.ts" timestamp="2026-01-09T18:05:05.506Z" hostname="chromium" tests="13" failures="0" skipped="0" time="54.863" errors="0">
<testcase name="FAQ Assistant › should display FAQ section" classname="smoke\faq.spec.ts" time="2.406">
</testcase>
<testcase name="FAQ Assistant › should display search input" classname="smoke\faq.spec.ts" time="2.88">
</testcase>
<testcase name="FAQ Assistant › should display suggested questions" classname="smoke\faq.spec.ts" time="4.061">
</testcase>
<testcase name="FAQ Assistant › should display category filters" classname="smoke\faq.spec.ts" time="2.224">
</testcase>
<testcase name="FAQ Assistant › should display FAQ accordion items" classname="smoke\faq.spec.ts" time="2.878">
</testcase>
<testcase name="FAQ Assistant › should expand FAQ item when clicked" classname="smoke\faq.spec.ts" time="2.693">
</testcase>
<testcase name="FAQ Assistant › should display chat interface" classname="smoke\faq.spec.ts" time="4.818">
</testcase>
<testcase name="FAQ Assistant › should send question via chat interface" classname="smoke\faq.spec.ts" time="6.623">
</testcase>
<testcase name="FAQ Assistant › should send question via suggested question button" classname="smoke\faq.spec.ts" time="4.331">
</testcase>
<testcase name="FAQ Assistant › should filter FAQs by category" classname="smoke\faq.spec.ts" time="5.081">
</testcase>
<testcase name="FAQ Assistant › should search FAQs" classname="smoke\faq.spec.ts" time="4.338">
</testcase>
<testcase name="FAQ Assistant › should clear search" classname="smoke\faq.spec.ts" time="6.882">
</testcase>
<testcase name="FAQ Assistant › should display typing indicator" classname="smoke\faq.spec.ts" time="5.648">
</testcase>
</testsuite>
<testsuite name="smoke\homepage.spec.ts" timestamp="2026-01-09T18:05:05.506Z" hostname="chromium" tests="10" failures="1" skipped="0" time="45.681" errors="0">
<testcase name="Homepage - Smoke Tests › should load homepage successfully" classname="smoke\homepage.spec.ts" time="2.116">
</testcase>
<testcase name="Homepage - Smoke Tests › should render hero section" classname="smoke\homepage.spec.ts" time="1.075">
</testcase>
<testcase name="Homepage - Smoke Tests › should have no console errors" classname="smoke\homepage.spec.ts" time="9.693">
<failure message="homepage.spec.ts:35:7 should have no console errors" type="FAILURE">
<![CDATA[  [chromium] › smoke\homepage.spec.ts:35:7 › Homepage - Smoke Tests › should have no console errors 

    Error: expect(received).toBe(expected) // Object.is equality

    Expected: 0
    Received: 759

      43 |     // Check for console errors
      44 |     const errors = consoleMonitor.getErrors();
    > 45 |     expect(errors.length).toBe(0);
         |                           ^
      46 |   });
      47 |
      48 |   test('should have no failed network requests', async ({ page }) => {
        at C:\honeybee\e2e\tests\smoke\homepage.spec.ts:45:27

    Error: ENOENT: no such file or directory, unlink 'C:\honeybee\test-results\.playwright-artifacts-27\eebf26323596de1617c7b15f69cb50ec.zip'

    attachment #1: screenshot (image/png) ──────────────────────────────────────────────────────────
    ..\..\test-results\smoke-homepage-Homepage----52a26-ould-have-no-console-errors-chromium\test-failed-1.png
    ────────────────────────────────────────────────────────────────────────────────────────────────

    attachment #2: video (video/webm) ──────────────────────────────────────────────────────────────
    ..\..\test-results\smoke-homepage-Homepage----52a26-ould-have-no-console-errors-chromium\video.webm
    ────────────────────────────────────────────────────────────────────────────────────────────────

    Error Context: ..\..\test-results\smoke-homepage-Homepage----52a26-ould-have-no-console-errors-chromium\error-context.md
]]>
</failure>
<system-err>
<![CDATA[
Warning: attachment smoke-homepage-Homepage----52a26-ould-have-no-console-errors-chromium\test-failed-1.png is missing
Warning: attachment smoke-homepage-Homepage----52a26-ould-have-no-console-errors-chromium\video.webm is missing
Warning: attachment smoke-homepage-Homepage----52a26-ould-have-no-console-errors-chromium\error-context.md is missing]]>
</system-err>
</testcase>
<testcase name="Homepage - Smoke Tests › should have no failed network requests" classname="smoke\homepage.spec.ts" time="7.511">
</testcase>
<testcase name="Homepage - Smoke Tests › should display contact section" classname="smoke\homepage.spec.ts" time="7.093">
</testcase>
<testcase name="Homepage - Smoke Tests › should have working navigation links" classname="smoke\homepage.spec.ts" time="7.552">
</testcase>
<testcase name="Homepage - Smoke Tests › should load all images without errors" classname="smoke\homepage.spec.ts" time="4.397">
</testcase>
<testcase name="Homepage - Smoke Tests › should have proper viewport dimensions" classname="smoke\homepage.spec.ts" time="1.966">
</testcase>
<testcase name="Homepage - Smoke Tests › should respond with 200 status code" classname="smoke\homepage.spec.ts" time="0.302">
</testcase>
<testcase name="Homepage - Smoke Tests › should load within reasonable time" classname="smoke\homepage.spec.ts" time="3.976">
</testcase>
</testsuite>
<testsuite name="accessibility\accessibility.spec.ts" timestamp="2026-01-09T18:05:05.506Z" hostname="firefox" tests="19" failures="8" skipped="0" time="319.584" errors="0">
<testcase name="Accessibility - Homepage › should not have any critical or serious accessibility issues" classname="accessibility\accessibility.spec.ts" time="23.7">
<failure message="accessibility.spec.ts:19:7 should not have any critical or serious accessibility issues" type="FAILURE">
<![CDATA[  [firefox] › accessibility\accessibility.spec.ts:19:7 › Accessibility - Homepage › should not have any critical or serious accessibility issues 

    Error: expect(received).toEqual(expected) // deep equality

    - Expected  -   1
    + Received  + 140

    - Array []
    + Array [
    +   Object {
    +     "description": "Ensure the contrast between foreground and background colors meets WCAG 2 AA minimum contrast ratio thresholds",
    +     "help": "Elements must meet minimum color contrast ratio thresholds",
    +     "helpUrl": "https://dequeuniversity.com/rules/axe/4.11/color-contrast?application=playwright",
    +     "id": "color-contrast",
    +     "impact": "serious",
    +     "nodes": Array [
    +       Object {
    +         "all": Array [],
    +         "any": Array [
    +           Object {
    +             "data": Object {
    +               "bgColor": "#ffb300",
    +               "contrastRatio": 1.79,
    +               "expectedContrastRatio": "4.5:1",
    +               "fgColor": "#ffffff",
    +               "fontSize": "12.0pt (16px)",
    +               "fontWeight": "normal",
    +               "messageKey": null,
    +             },
    +             "id": "color-contrast",
    +             "impact": "serious",
    +             "message": "Element has insufficient color contrast of 1.79 (foreground color: #ffffff, background color: #ffb300, font size: 12.0pt (16px), font weight: normal). Expected contrast ratio of 4.5:1",
    +             "relatedNodes": Array [
    +               Object {
    +                 "html": "<button aria-label=\"Scroll to services section to learn more about our services\" class=\"group relative px-8 py-4 bg-bee-amber hover:bg-honey-600 text-white font-semibold rounded-full shadow-lg hover:shadow-xl transition-all duration-300 overflow-hidden\">",
    +                 "target": Array [
    +                   ".hover\\:bg-honey-600",
    +                 ],
    +               },
    +             ],
    +           },
    +         ],
    +         "failureSummary": "Fix any of the following:
    +   Element has insufficient color contrast of 1.79 (foreground color: #ffffff, background color: #ffb300, font size: 12.0pt (16px), font weight: normal). Expected contrast ratio of 4.5:1",
    +         "html": "<span class=\"relative z-10 flex items-center justify-center gap-2\">",
    +         "impact": "serious",
    +         "none": Array [],
    +         "target": Array [
    +           ".z-10.gap-2.justify-center",
    +         ],
    +       },
    +     ],
    +     "tags": Array [
    +       "cat.color",
    +       "wcag2aa",
    +       "wcag143",
    +       "TTv5",
    +       "TT13.c",
    +       "EN-301-549",
    +       "EN-9.1.4.3",
    +       "ACT",
    +       "RGAAv4",
    +       "RGAA-3.2.1",
    +     ],
    +   },
    +   Object {
    +     "description": "Ensure links have discernible text",
    +     "help": "Links must have discernible text",
    +     "helpUrl": "https://dequeuniversity.com/rules/axe/4.11/link-name?application=playwright",
    +     "id": "link-name",
    +     "impact": "serious",
    +     "nodes": Array [
    +       Object {
    +         "all": Array [],
    +         "any": Array [
    +           Object {
    +             "data": null,
    +             "id": "has-visible-text",
    +             "impact": "serious",
    +             "message": "Element does not have text that is visible to screen readers",
    +             "relatedNodes": Array [],
    +           },
    +           Object {
    +             "data": null,
    +             "id": "aria-label",
    +             "impact": "serious",
    +             "message": "aria-label attribute does not exist or is empty",
    +             "relatedNodes": Array [],
    +           },
    +           Object {
    +             "data": null,
    +             "id": "aria-labelledby",
    +             "impact": "serious",
    +             "message": "aria-labelledby attribute does not exist, references elements that do not exist or references elements that are empty",
    +             "relatedNodes": Array [],
    +           },
    +           Object {
    +             "data": Object {
    +               "messageKey": "noAttr",
    +             },
    +             "id": "non-empty-title",
    +             "impact": "serious",
    +             "message": "Element has no title attribute",
    +             "relatedNodes": Array [],
    +           },
    +         ],
    +         "failureSummary": "Fix all of the following:
    +   Element is in tab order and does not have accessible text
    +
    + Fix any of the following:
    +   Element does not have text that is visible to screen readers
    +   aria-label attribute does not exist or is empty
    +   aria-labelledby attribute does not exist, references elements that do not exist or references elements that are empty
    +   Element has no title attribute",
    +         "html": "<a href=\"https://www.facebook.com/profile.php?id=61559277947065\" target=\"_blank\" rel=\"noopener noreferrer\" class=\"relative group\" tabindex=\"0\">",
    +         "impact": "serious",
    +         "none": Array [
    +           Object {
    +             "data": null,
    +             "id": "focusable-no-name",
    +             "impact": "serious",
    +             "message": "Element is in tab order and does not have accessible text",
    +             "relatedNodes": Array [],
    +           },
    +         ],
    +         "target": Array [
    +           "a[target=\"_blank\"]",
    +         ],
    +       },
    +     ],
    +     "tags": Array [
    +       "cat.name-role-value",
    +       "wcag2a",
    +       "wcag244",
    +       "wcag412",
    +       "section508",
    +       "section508.22.a",
    +       "TTv5",
    +       "TT6.a",
    +       "EN-301-549",
    +       "EN-9.2.4.4",
    +       "EN-9.4.1.2",
    +       "ACT",
    +       "RGAAv4",
    +       "RGAA-6.2.1",
    +     ],
    +   },
    + ]

      25 |
      26 |     const criticalViolations = getCriticalViolations(accessibilityScanResults.violations);
    > 27 |     expect(criticalViolations).toEqual([]);
         |                                ^
      28 |   });
      29 |
      30 |   test('should have no critical or serious accessibility violations in critical areas', async ({ page }) => {
        at C:\honeybee\e2e\tests\accessibility\accessibility.spec.ts:27:32

    attachment #1: screenshot (image/png) ──────────────────────────────────────────────────────────
    ..\..\test-results\accessibility-accessibilit-3b0ed-erious-accessibility-issues-firefox\test-failed-1.png
    ────────────────────────────────────────────────────────────────────────────────────────────────

    attachment #2: video (video/webm) ──────────────────────────────────────────────────────────────
    ..\..\test-results\accessibility-accessibilit-3b0ed-erious-accessibility-issues-firefox\video.webm
    ────────────────────────────────────────────────────────────────────────────────────────────────

    attachment #3: video (video/webm) ──────────────────────────────────────────────────────────────
    ..\..\test-results\accessibility-accessibilit-3b0ed-erious-accessibility-issues-firefox\video-1.webm
    ────────────────────────────────────────────────────────────────────────────────────────────────

    Error Context: ..\..\test-results\accessibility-accessibilit-3b0ed-erious-accessibility-issues-firefox\error-context.md

    attachment #5: trace (application/zip) ─────────────────────────────────────────────────────────
    ..\..\test-results\accessibility-accessibilit-3b0ed-erious-accessibility-issues-firefox\trace.zip
    Usage:

        npx playwright show-trace ..\..\test-results\accessibility-accessibilit-3b0ed-erious-accessibility-issues-firefox\trace.zip

    ────────────────────────────────────────────────────────────────────────────────────────────────
]]>
</failure>
<system-out>
<![CDATA[
[[ATTACHMENT|accessibility-accessibilit-3b0ed-erious-accessibility-issues-firefox\test-failed-1.png]]

[[ATTACHMENT|accessibility-accessibilit-3b0ed-erious-accessibility-issues-firefox\video.webm]]

[[ATTACHMENT|accessibility-accessibilit-3b0ed-erious-accessibility-issues-firefox\video-1.webm]]

[[ATTACHMENT|accessibility-accessibilit-3b0ed-erious-accessibility-issues-firefox\error-context.md]]

[[ATTACHMENT|accessibility-accessibilit-3b0ed-erious-accessibility-issues-firefox\trace.zip]]
]]>
</system-out>
</testcase>
<testcase name="Accessibility - Homepage › should have no critical or serious accessibility violations in critical areas" classname="accessibility\accessibility.spec.ts" time="22.796">
<failure message="accessibility.spec.ts:30:7 should have no critical or serious accessibility violations in critical areas" type="FAILURE">
<![CDATA[  [firefox] › accessibility\accessibility.spec.ts:30:7 › Accessibility - Homepage › should have no critical or serious accessibility violations in critical areas 

    Error: expect(received).toEqual(expected) // deep equality

    - Expected  -  1
    + Received  + 58

    - Array []
    + Array [
    +   Object {
    +     "description": "Ensure the contrast between foreground and background colors meets WCAG 2 AA minimum contrast ratio thresholds",
    +     "help": "Elements must meet minimum color contrast ratio thresholds",
    +     "helpUrl": "https://dequeuniversity.com/rules/axe/4.11/color-contrast?application=playwright",
    +     "id": "color-contrast",
    +     "impact": "serious",
    +     "nodes": Array [
    +       Object {
    +         "all": Array [],
    +         "any": Array [
    +           Object {
    +             "data": Object {
    +               "bgColor": "#ffb300",
    +               "contrastRatio": 1.79,
    +               "expectedContrastRatio": "4.5:1",
    +               "fgColor": "#ffffff",
    +               "fontSize": "12.0pt (16px)",
    +               "fontWeight": "normal",
    +               "messageKey": null,
    +             },
    +             "id": "color-contrast",
    +             "impact": "serious",
    +             "message": "Element has insufficient color contrast of 1.79 (foreground color: #ffffff, background color: #ffb300, font size: 12.0pt (16px), font weight: normal). Expected contrast ratio of 4.5:1",
    +             "relatedNodes": Array [
    +               Object {
    +                 "html": "<button aria-label=\"Scroll to services section to learn more about our services\" class=\"group relative px-8 py-4 bg-bee-amber hover:bg-honey-600 text-white font-semibold rounded-full shadow-lg hover:shadow-xl transition-all duration-300 overflow-hidden\">",
    +                 "target": Array [
    +                   ".hover\\:bg-honey-600",
    +                 ],
    +               },
    +             ],
    +           },
    +         ],
    +         "failureSummary": "Fix any of the following:
    +   Element has insufficient color contrast of 1.79 (foreground color: #ffffff, background color: #ffb300, font size: 12.0pt (16px), font weight: normal). Expected contrast ratio of 4.5:1",
    +         "html": "<span class=\"relative z-10 flex items-center justify-center gap-2\">",
    +         "impact": "serious",
    +         "none": Array [],
    +         "target": Array [
    +           ".z-10.gap-2.justify-center",
    +         ],
    +       },
    +     ],
    +     "tags": Array [
    +       "cat.color",
    +       "wcag2aa",
    +       "wcag143",
    +       "TTv5",
    +       "TT13.c",
    +       "EN-301-549",
    +       "EN-9.1.4.3",
    +       "ACT",
    +       "RGAAv4",
    +       "RGAA-3.2.1",
    +     ],
    +   },
    + ]

      37 |
      38 |     const criticalViolations = getCriticalViolations(accessibilityScanResults.violations);
    > 39 |     expect(criticalViolations).toEqual([]);
         |                                ^
      40 |   });
      41 |
      42 |   test('should have alt text on all images', async ({ page }) => {
        at C:\honeybee\e2e\tests\accessibility\accessibility.spec.ts:39:32

    attachment #1: screenshot (image/png) ──────────────────────────────────────────────────────────
    ..\..\test-results\accessibility-accessibilit-d3b76-iolations-in-critical-areas-firefox\test-failed-1.png
    ────────────────────────────────────────────────────────────────────────────────────────────────

    attachment #2: video (video/webm) ──────────────────────────────────────────────────────────────
    ..\..\test-results\accessibility-accessibilit-d3b76-iolations-in-critical-areas-firefox\video.webm
    ────────────────────────────────────────────────────────────────────────────────────────────────

    attachment #3: video (video/webm) ──────────────────────────────────────────────────────────────
    ..\..\test-results\accessibility-accessibilit-d3b76-iolations-in-critical-areas-firefox\video-1.webm
    ────────────────────────────────────────────────────────────────────────────────────────────────

    Error Context: ..\..\test-results\accessibility-accessibilit-d3b76-iolations-in-critical-areas-firefox\error-context.md

    attachment #5: trace (application/zip) ─────────────────────────────────────────────────────────
    ..\..\test-results\accessibility-accessibilit-d3b76-iolations-in-critical-areas-firefox\trace.zip
    Usage:

        npx playwright show-trace ..\..\test-results\accessibility-accessibilit-d3b76-iolations-in-critical-areas-firefox\trace.zip

    ────────────────────────────────────────────────────────────────────────────────────────────────
]]>
</failure>
<system-out>
<![CDATA[
[[ATTACHMENT|accessibility-accessibilit-d3b76-iolations-in-critical-areas-firefox\test-failed-1.png]]

[[ATTACHMENT|accessibility-accessibilit-d3b76-iolations-in-critical-areas-firefox\video.webm]]

[[ATTACHMENT|accessibility-accessibilit-d3b76-iolations-in-critical-areas-firefox\video-1.webm]]

[[ATTACHMENT|accessibility-accessibilit-d3b76-iolations-in-critical-areas-firefox\error-context.md]]

[[ATTACHMENT|accessibility-accessibilit-d3b76-iolations-in-critical-areas-firefox\trace.zip]]
]]>
</system-out>
</testcase>
<testcase name="Accessibility - Homepage › should have alt text on all images" classname="accessibility\accessibility.spec.ts" time="12.733">
</testcase>
<testcase name="Accessibility - Homepage › should have proper heading hierarchy" classname="accessibility\accessibility.spec.ts" time="16.84">
</testcase>
<testcase name="Accessibility - Homepage › should have focusable elements with visible focus styles" classname="accessibility\accessibility.spec.ts" time="53.281">
<failure message="accessibility.spec.ts:76:7 should have focusable elements with visible focus styles" type="FAILURE">
<![CDATA[  [firefox] › accessibility\accessibility.spec.ts:76:7 › Accessibility - Homepage › should have focusable elements with visible focus styles 

    Test timeout of 30000ms exceeded.

    attachment #1: screenshot (image/png) ──────────────────────────────────────────────────────────
    ..\..\test-results\accessibility-accessibilit-b224a-s-with-visible-focus-styles-firefox\test-failed-1.png
    ────────────────────────────────────────────────────────────────────────────────────────────────

    attachment #2: video (video/webm) ──────────────────────────────────────────────────────────────
    ..\..\test-results\accessibility-accessibilit-b224a-s-with-visible-focus-styles-firefox\video.webm
    ────────────────────────────────────────────────────────────────────────────────────────────────

    Error Context: ..\..\test-results\accessibility-accessibilit-b224a-s-with-visible-focus-styles-firefox\error-context.md

    attachment #4: trace (application/zip) ─────────────────────────────────────────────────────────
    ..\..\test-results\accessibility-accessibilit-b224a-s-with-visible-focus-styles-firefox\trace.zip
    Usage:

        npx playwright show-trace ..\..\test-results\accessibility-accessibilit-b224a-s-with-visible-focus-styles-firefox\trace.zip

    ────────────────────────────────────────────────────────────────────────────────────────────────
]]>
</failure>
<system-out>
<![CDATA[
[[ATTACHMENT|accessibility-accessibilit-b224a-s-with-visible-focus-styles-firefox\test-failed-1.png]]

[[ATTACHMENT|accessibility-accessibilit-b224a-s-with-visible-focus-styles-firefox\video.webm]]

[[ATTACHMENT|accessibility-accessibilit-b224a-s-with-visible-focus-styles-firefox\error-context.md]]

[[ATTACHMENT|accessibility-accessibilit-b224a-s-with-visible-focus-styles-firefox\trace.zip]]
]]>
</system-out>
</testcase>
<testcase name="Accessibility - Services Page › should not have any critical or serious accessibility issues" classname="accessibility\accessibility.spec.ts" time="12.809">
<failure message="accessibility.spec.ts:103:7 should not have any critical or serious accessibility issues" type="FAILURE">
<![CDATA[  [firefox] › accessibility\accessibility.spec.ts:103:7 › Accessibility - Services Page › should not have any critical or serious accessibility issues 

    Error: expect(received).toEqual(expected) // deep equality

    - Expected  -  1
    + Received  + 86

    - Array []
    + Array [
    +   Object {
    +     "description": "Ensure each HTML document contains a non-empty <title> element",
    +     "help": "Documents must have <title> element to aid in navigation",
    +     "helpUrl": "https://dequeuniversity.com/rules/axe/4.11/document-title?application=playwright",
    +     "id": "document-title",
    +     "impact": "serious",
    +     "nodes": Array [
    +       Object {
    +         "all": Array [],
    +         "any": Array [
    +           Object {
    +             "data": null,
    +             "id": "doc-has-title",
    +             "impact": "serious",
    +             "message": "Document does not have a non-empty <title> element",
    +             "relatedNodes": Array [],
    +           },
    +         ],
    +         "failureSummary": "Fix any of the following:
    +   Document does not have a non-empty <title> element",
    +         "html": "<html id=\"__next_error__\">",
    +         "impact": "serious",
    +         "none": Array [],
    +         "target": Array [
    +           "#__next_error__",
    +         ],
    +       },
    +     ],
    +     "tags": Array [
    +       "cat.text-alternatives",
    +       "wcag2a",
    +       "wcag242",
    +       "TTv5",
    +       "TT12.a",
    +       "EN-301-549",
    +       "EN-9.2.4.2",
    +       "ACT",
    +       "RGAAv4",
    +       "RGAA-8.5.1",
    +     ],
    +   },
    +   Object {
    +     "description": "Ensure every HTML document has a lang attribute",
    +     "help": "<html> element must have a lang attribute",
    +     "helpUrl": "https://dequeuniversity.com/rules/axe/4.11/html-has-lang?application=playwright",
    +     "id": "html-has-lang",
    +     "impact": "serious",
    +     "nodes": Array [
    +       Object {
    +         "all": Array [],
    +         "any": Array [
    +           Object {
    +             "data": Object {
    +               "messageKey": "noLang",
    +             },
    +             "id": "has-lang",
    +             "impact": "serious",
    +             "message": "The <html> element does not have a lang attribute",
    +             "relatedNodes": Array [],
    +           },
    +         ],
    +         "failureSummary": "Fix any of the following:
    +   The <html> element does not have a lang attribute",
    +         "html": "<html id=\"__next_error__\">",
    +         "impact": "serious",
    +         "none": Array [],
    +         "target": Array [
    +           "#__next_error__",
    +         ],
    +       },
    +     ],
    +     "tags": Array [
    +       "cat.language",
    +       "wcag2a",
    +       "wcag311",
    +       "TTv5",
    +       "TT11.a",
    +       "EN-301-549",
    +       "EN-9.3.1.1",
    +       "ACT",
    +       "RGAAv4",
    +       "RGAA-8.3.1",
    +     ],
    +   },
    + ]

      109 |
      110 |     const criticalViolations = getCriticalViolations(accessibilityScanResults.violations);
    > 111 |     expect(criticalViolations).toEqual([]);
          |                                ^
      112 |   });
      113 |
      114 |   test('should have alt text on all images', async ({ page }) => {
        at C:\honeybee\e2e\tests\accessibility\accessibility.spec.ts:111:32

    attachment #1: screenshot (image/png) ──────────────────────────────────────────────────────────
    ..\..\test-results\accessibility-accessibilit-1a0d9-erious-accessibility-issues-firefox\test-failed-1.png
    ────────────────────────────────────────────────────────────────────────────────────────────────

    attachment #2: video (video/webm) ──────────────────────────────────────────────────────────────
    ..\..\test-results\accessibility-accessibilit-1a0d9-erious-accessibility-issues-firefox\video.webm
    ────────────────────────────────────────────────────────────────────────────────────────────────

    attachment #3: video (video/webm) ──────────────────────────────────────────────────────────────
    ..\..\test-results\accessibility-accessibilit-1a0d9-erious-accessibility-issues-firefox\video-1.webm
    ────────────────────────────────────────────────────────────────────────────────────────────────

    Error Context: ..\..\test-results\accessibility-accessibilit-1a0d9-erious-accessibility-issues-firefox\error-context.md

    attachment #5: trace (application/zip) ─────────────────────────────────────────────────────────
    ..\..\test-results\accessibility-accessibilit-1a0d9-erious-accessibility-issues-firefox\trace.zip
    Usage:

        npx playwright show-trace ..\..\test-results\accessibility-accessibilit-1a0d9-erious-accessibility-issues-firefox\trace.zip

    ────────────────────────────────────────────────────────────────────────────────────────────────
]]>
</failure>
<system-out>
<![CDATA[
[[ATTACHMENT|accessibility-accessibilit-1a0d9-erious-accessibility-issues-firefox\test-failed-1.png]]

[[ATTACHMENT|accessibility-accessibilit-1a0d9-erious-accessibility-issues-firefox\video.webm]]

[[ATTACHMENT|accessibility-accessibilit-1a0d9-erious-accessibility-issues-firefox\video-1.webm]]

[[ATTACHMENT|accessibility-accessibilit-1a0d9-erious-accessibility-issues-firefox\error-context.md]]

[[ATTACHMENT|accessibility-accessibilit-1a0d9-erious-accessibility-issues-firefox\trace.zip]]
]]>
</system-out>
</testcase>
<testcase name="Accessibility - Services Page › should have alt text on all images" classname="accessibility\accessibility.spec.ts" time="7.494">
</testcase>
<testcase name="Accessibility - Services Page › should have descriptive link text" classname="accessibility\accessibility.spec.ts" time="6.886">
</testcase>
<testcase name="Accessibility - History Page › should not have any critical or serious accessibility issues" classname="accessibility\accessibility.spec.ts" time="9.542">
<failure message="accessibility.spec.ts:143:7 should not have any critical or serious accessibility issues" type="FAILURE">
<![CDATA[  [firefox] › accessibility\accessibility.spec.ts:143:7 › Accessibility - History Page › should not have any critical or serious accessibility issues 

    Error: expect(received).toEqual(expected) // deep equality

    - Expected  -  1
    + Received  + 84

    - Array []
    + Array [
    +   Object {
    +     "description": "Ensure links have discernible text",
    +     "help": "Links must have discernible text",
    +     "helpUrl": "https://dequeuniversity.com/rules/axe/4.11/link-name?application=playwright",
    +     "id": "link-name",
    +     "impact": "serious",
    +     "nodes": Array [
    +       Object {
    +         "all": Array [],
    +         "any": Array [
    +           Object {
    +             "data": null,
    +             "id": "has-visible-text",
    +             "impact": "serious",
    +             "message": "Element does not have text that is visible to screen readers",
    +             "relatedNodes": Array [],
    +           },
    +           Object {
    +             "data": null,
    +             "id": "aria-label",
    +             "impact": "serious",
    +             "message": "aria-label attribute does not exist or is empty",
    +             "relatedNodes": Array [],
    +           },
    +           Object {
    +             "data": null,
    +             "id": "aria-labelledby",
    +             "impact": "serious",
    +             "message": "aria-labelledby attribute does not exist, references elements that do not exist or references elements that are empty",
    +             "relatedNodes": Array [],
    +           },
    +           Object {
    +             "data": Object {
    +               "messageKey": "noAttr",
    +             },
    +             "id": "non-empty-title",
    +             "impact": "serious",
    +             "message": "Element has no title attribute",
    +             "relatedNodes": Array [],
    +           },
    +         ],
    +         "failureSummary": "Fix all of the following:
    +   Element is in tab order and does not have accessible text
    +
    + Fix any of the following:
    +   Element does not have text that is visible to screen readers
    +   aria-label attribute does not exist or is empty
    +   aria-labelledby attribute does not exist, references elements that do not exist or references elements that are empty
    +   Element has no title attribute",
    +         "html": "<a href=\"https://www.facebook.com/profile.php?id=61559277947065\" target=\"_blank\" rel=\"noopener noreferrer\" class=\"relative group\" tabindex=\"0\">",
    +         "impact": "serious",
    +         "none": Array [
    +           Object {
    +             "data": null,
    +             "id": "focusable-no-name",
    +             "impact": "serious",
    +             "message": "Element is in tab order and does not have accessible text",
    +             "relatedNodes": Array [],
    +           },
    +         ],
    +         "target": Array [
    +           "a[target=\"_blank\"]",
    +         ],
    +       },
    +     ],
    +     "tags": Array [
    +       "cat.name-role-value",
    +       "wcag2a",
    +       "wcag244",
    +       "wcag412",
    +       "section508",
    +       "section508.22.a",
    +       "TTv5",
    +       "TT6.a",
    +       "EN-301-549",
    +       "EN-9.2.4.4",
    +       "EN-9.4.1.2",
    +       "ACT",
    +       "RGAAv4",
    +       "RGAA-6.2.1",
    +     ],
    +   },
    + ]

      149 |
      150 |     const criticalViolations = getCriticalViolations(accessibilityScanResults.violations);
    > 151 |     expect(criticalViolations).toEqual([]);
          |                                ^
      152 |   });
      153 |
      154 |   test('should have alt text on all images', async ({ page }) => {
        at C:\honeybee\e2e\tests\accessibility\accessibility.spec.ts:151:32

    attachment #1: screenshot (image/png) ──────────────────────────────────────────────────────────
    ..\..\test-results\accessibility-accessibilit-dd026-erious-accessibility-issues-firefox\test-failed-1.png
    ────────────────────────────────────────────────────────────────────────────────────────────────

    attachment #2: video (video/webm) ──────────────────────────────────────────────────────────────
    ..\..\test-results\accessibility-accessibilit-dd026-erious-accessibility-issues-firefox\video.webm
    ────────────────────────────────────────────────────────────────────────────────────────────────

    attachment #3: video (video/webm) ──────────────────────────────────────────────────────────────
    ..\..\test-results\accessibility-accessibilit-dd026-erious-accessibility-issues-firefox\video-1.webm
    ────────────────────────────────────────────────────────────────────────────────────────────────

    Error Context: ..\..\test-results\accessibility-accessibilit-dd026-erious-accessibility-issues-firefox\error-context.md

    attachment #5: trace (application/zip) ─────────────────────────────────────────────────────────
    ..\..\test-results\accessibility-accessibilit-dd026-erious-accessibility-issues-firefox\trace.zip
    Usage:

        npx playwright show-trace ..\..\test-results\accessibility-accessibilit-dd026-erious-accessibility-issues-firefox\trace.zip

    ────────────────────────────────────────────────────────────────────────────────────────────────
]]>
</failure>
<system-out>
<![CDATA[
[[ATTACHMENT|accessibility-accessibilit-dd026-erious-accessibility-issues-firefox\test-failed-1.png]]

[[ATTACHMENT|accessibility-accessibilit-dd026-erious-accessibility-issues-firefox\video.webm]]

[[ATTACHMENT|accessibility-accessibilit-dd026-erious-accessibility-issues-firefox\video-1.webm]]

[[ATTACHMENT|accessibility-accessibilit-dd026-erious-accessibility-issues-firefox\error-context.md]]

[[ATTACHMENT|accessibility-accessibilit-dd026-erious-accessibility-issues-firefox\trace.zip]]
]]>
</system-out>
</testcase>
<testcase name="Accessibility - History Page › should have alt text on all images" classname="accessibility\accessibility.spec.ts" time="8.816">
</testcase>
<testcase name="Accessibility - History Page › should have proper landmarks" classname="accessibility\accessibility.spec.ts" time="7.466">
<failure message="accessibility.spec.ts:165:7 should have proper landmarks" type="FAILURE">
<![CDATA[  [firefox] › accessibility\accessibility.spec.ts:165:7 › Accessibility - History Page › should have proper landmarks 

    Error: expect(locator).toBeVisible() failed

    Locator: locator('main').locator('h1').or(locator('main').locator('h2').first())
    Expected: visible
    Error: strict mode violation: locator('main').locator('h1').or(locator('main').locator('h2').first()) resolved to 2 elements:
        1) <h1 data-testid="history-heading" class="text-5xl md:text-6xl font-bold text-gray-900 dark:text-white mb-2">Our History</h1> aka getByTestId('history-heading')
        2) <h2 data-testid="founder-heading" class="text-4xl md:text-5xl font-bold text-gray-900 dark:text-white mb-6">Our Founder</h2> aka getByTestId('founder-heading')

    Call log:
      - Expect "toBeVisible" with timeout 5000ms
      - waiting for locator('main').locator('h1').or(locator('main').locator('h2').first())


      176 |     // Check for heading in main
      177 |     const mainHeading = main.locator('h1').or(main.locator('h2').first());
    > 178 |     await expect(mainHeading).toBeVisible();
          |                               ^
      179 |   });
      180 | });
      181 |
        at C:\honeybee\e2e\tests\accessibility\accessibility.spec.ts:178:31

    attachment #1: screenshot (image/png) ──────────────────────────────────────────────────────────
    ..\..\test-results\accessibility-accessibilit-f9241-hould-have-proper-landmarks-firefox\test-failed-1.png
    ────────────────────────────────────────────────────────────────────────────────────────────────

    attachment #2: video (video/webm) ──────────────────────────────────────────────────────────────
    ..\..\test-results\accessibility-accessibilit-f9241-hould-have-proper-landmarks-firefox\video.webm
    ────────────────────────────────────────────────────────────────────────────────────────────────

    Error Context: ..\..\test-results\accessibility-accessibilit-f9241-hould-have-proper-landmarks-firefox\error-context.md

    attachment #4: trace (application/zip) ─────────────────────────────────────────────────────────
    ..\..\test-results\accessibility-accessibilit-f9241-hould-have-proper-landmarks-firefox\trace.zip
    Usage:

        npx playwright show-trace ..\..\test-results\accessibility-accessibilit-f9241-hould-have-proper-landmarks-firefox\trace.zip

    ────────────────────────────────────────────────────────────────────────────────────────────────
]]>
</failure>
<system-out>
<![CDATA[
[[ATTACHMENT|accessibility-accessibilit-f9241-hould-have-proper-landmarks-firefox\test-failed-1.png]]

[[ATTACHMENT|accessibility-accessibilit-f9241-hould-have-proper-landmarks-firefox\video.webm]]

[[ATTACHMENT|accessibility-accessibilit-f9241-hould-have-proper-landmarks-firefox\error-context.md]]

[[ATTACHMENT|accessibility-accessibilit-f9241-hould-have-proper-landmarks-firefox\trace.zip]]
]]>
</system-out>
</testcase>
<testcase name="Accessibility - Keyboard Navigation › should be fully keyboard navigable" classname="accessibility\accessibility.spec.ts" time="6.633">
</testcase>
<testcase name="Accessibility - Keyboard Navigation › should trap focus in modal if present" classname="accessibility\accessibility.spec.ts" time="4.574">
</testcase>
<testcase name="Accessibility - Keyboard Navigation › should have visible skip link" classname="accessibility\accessibility.spec.ts" time="16.545">
</testcase>
<testcase name="Accessibility - Color Contrast › should have sufficient color contrast" classname="accessibility\accessibility.spec.ts" time="22.438">
<failure message="accessibility.spec.ts:225:7 should have sufficient color contrast" type="FAILURE">
<![CDATA[  [firefox] › accessibility\accessibility.spec.ts:225:7 › Accessibility - Color Contrast › should have sufficient color contrast 

    Error: expect(received).toEqual(expected) // deep equality

    - Expected  -  1
    + Received  + 58

    - Array []
    + Array [
    +   Object {
    +     "description": "Ensure the contrast between foreground and background colors meets WCAG 2 AA minimum contrast ratio thresholds",
    +     "help": "Elements must meet minimum color contrast ratio thresholds",
    +     "helpUrl": "https://dequeuniversity.com/rules/axe/4.11/color-contrast?application=playwright",
    +     "id": "color-contrast",
    +     "impact": "serious",
    +     "nodes": Array [
    +       Object {
    +         "all": Array [],
    +         "any": Array [
    +           Object {
    +             "data": Object {
    +               "bgColor": "#ffb300",
    +               "contrastRatio": 1.79,
    +               "expectedContrastRatio": "4.5:1",
    +               "fgColor": "#ffffff",
    +               "fontSize": "12.0pt (16px)",
    +               "fontWeight": "normal",
    +               "messageKey": null,
    +             },
    +             "id": "color-contrast",
    +             "impact": "serious",
    +             "message": "Element has insufficient color contrast of 1.79 (foreground color: #ffffff, background color: #ffb300, font size: 12.0pt (16px), font weight: normal). Expected contrast ratio of 4.5:1",
    +             "relatedNodes": Array [
    +               Object {
    +                 "html": "<button aria-label=\"Scroll to services section to learn more about our services\" class=\"group relative px-8 py-4 bg-bee-amber hover:bg-honey-600 text-white font-semibold rounded-full shadow-lg hover:shadow-xl transition-all duration-300 overflow-hidden\">",
    +                 "target": Array [
    +                   ".hover\\:bg-honey-600",
    +                 ],
    +               },
    +             ],
    +           },
    +         ],
    +         "failureSummary": "Fix any of the following:
    +   Element has insufficient color contrast of 1.79 (foreground color: #ffffff, background color: #ffb300, font size: 12.0pt (16px), font weight: normal). Expected contrast ratio of 4.5:1",
    +         "html": "<span class=\"relative z-10 flex items-center justify-center gap-2\">",
    +         "impact": "serious",
    +         "none": Array [],
    +         "target": Array [
    +           ".z-10.gap-2.justify-center",
    +         ],
    +       },
    +     ],
    +     "tags": Array [
    +       "cat.color",
    +       "wcag2aa",
    +       "wcag143",
    +       "TTv5",
    +       "TT13.c",
    +       "EN-301-549",
    +       "EN-9.1.4.3",
    +       "ACT",
    +       "RGAAv4",
    +       "RGAA-3.2.1",
    +     ],
    +   },
    + ]

      235 |     );
      236 |
    > 237 |     expect(contrastViolations).toEqual([]);
          |                                ^
      238 |   });
      239 |
      240 |   test('should maintain contrast in dark mode', async ({ page }) => {
        at C:\honeybee\e2e\tests\accessibility\accessibility.spec.ts:237:32

    attachment #1: screenshot (image/png) ──────────────────────────────────────────────────────────
    ..\..\test-results\accessibility-accessibilit-ba2d7-e-sufficient-color-contrast-firefox\test-failed-1.png
    ────────────────────────────────────────────────────────────────────────────────────────────────

    attachment #2: video (video/webm) ──────────────────────────────────────────────────────────────
    ..\..\test-results\accessibility-accessibilit-ba2d7-e-sufficient-color-contrast-firefox\video.webm
    ────────────────────────────────────────────────────────────────────────────────────────────────

    attachment #3: video (video/webm) ──────────────────────────────────────────────────────────────
    ..\..\test-results\accessibility-accessibilit-ba2d7-e-sufficient-color-contrast-firefox\video-1.webm
    ────────────────────────────────────────────────────────────────────────────────────────────────

    Error Context: ..\..\test-results\accessibility-accessibilit-ba2d7-e-sufficient-color-contrast-firefox\error-context.md

    attachment #5: trace (application/zip) ─────────────────────────────────────────────────────────
    ..\..\test-results\accessibility-accessibilit-ba2d7-e-sufficient-color-contrast-firefox\trace.zip
    Usage:

        npx playwright show-trace ..\..\test-results\accessibility-accessibilit-ba2d7-e-sufficient-color-contrast-firefox\trace.zip

    ────────────────────────────────────────────────────────────────────────────────────────────────
]]>
</failure>
<system-out>
<![CDATA[
[[ATTACHMENT|accessibility-accessibilit-ba2d7-e-sufficient-color-contrast-firefox\test-failed-1.png]]

[[ATTACHMENT|accessibility-accessibilit-ba2d7-e-sufficient-color-contrast-firefox\video.webm]]

[[ATTACHMENT|accessibility-accessibilit-ba2d7-e-sufficient-color-contrast-firefox\video-1.webm]]

[[ATTACHMENT|accessibility-accessibilit-ba2d7-e-sufficient-color-contrast-firefox\error-context.md]]

[[ATTACHMENT|accessibility-accessibilit-ba2d7-e-sufficient-color-contrast-firefox\trace.zip]]
]]>
</system-out>
</testcase>
<testcase name="Accessibility - Color Contrast › should maintain contrast in dark mode" classname="accessibility\accessibility.spec.ts" time="27.108">
<failure message="accessibility.spec.ts:240:7 should maintain contrast in dark mode" type="FAILURE">
<![CDATA[  [firefox] › accessibility\accessibility.spec.ts:240:7 › Accessibility - Color Contrast › should maintain contrast in dark mode 

    Error: expect(received).toEqual(expected) // deep equality

    - Expected  -  1
    + Received  + 58

    - Array []
    + Array [
    +   Object {
    +     "description": "Ensure the contrast between foreground and background colors meets WCAG 2 AA minimum contrast ratio thresholds",
    +     "help": "Elements must meet minimum color contrast ratio thresholds",
    +     "helpUrl": "https://dequeuniversity.com/rules/axe/4.11/color-contrast?application=playwright",
    +     "id": "color-contrast",
    +     "impact": "serious",
    +     "nodes": Array [
    +       Object {
    +         "all": Array [],
    +         "any": Array [
    +           Object {
    +             "data": Object {
    +               "bgColor": "#ffb300",
    +               "contrastRatio": 1.79,
    +               "expectedContrastRatio": "4.5:1",
    +               "fgColor": "#ffffff",
    +               "fontSize": "12.0pt (16px)",
    +               "fontWeight": "normal",
    +               "messageKey": null,
    +             },
    +             "id": "color-contrast",
    +             "impact": "serious",
    +             "message": "Element has insufficient color contrast of 1.79 (foreground color: #ffffff, background color: #ffb300, font size: 12.0pt (16px), font weight: normal). Expected contrast ratio of 4.5:1",
    +             "relatedNodes": Array [
    +               Object {
    +                 "html": "<button aria-label=\"Scroll to services section to learn more about our services\" class=\"group relative px-8 py-4 bg-bee-amber hover:bg-honey-600 text-white font-semibold rounded-full shadow-lg hover:shadow-xl transition-all duration-300 overflow-hidden\">",
    +                 "target": Array [
    +                   ".hover\\:bg-honey-600",
    +                 ],
    +               },
    +             ],
    +           },
    +         ],
    +         "failureSummary": "Fix any of the following:
    +   Element has insufficient color contrast of 1.79 (foreground color: #ffffff, background color: #ffb300, font size: 12.0pt (16px), font weight: normal). Expected contrast ratio of 4.5:1",
    +         "html": "<span class=\"relative z-10 flex items-center justify-center gap-2\">",
    +         "impact": "serious",
    +         "none": Array [],
    +         "target": Array [
    +           ".z-10.gap-2.justify-center",
    +         ],
    +       },
    +     ],
    +     "tags": Array [
    +       "cat.color",
    +       "wcag2aa",
    +       "wcag143",
    +       "TTv5",
    +       "TT13.c",
    +       "EN-301-549",
    +       "EN-9.1.4.3",
    +       "ACT",
    +       "RGAAv4",
    +       "RGAA-3.2.1",
    +     ],
    +   },
    + ]

      256 |       );
      257 |
    > 258 |       expect(contrastViolations).toEqual([]);
          |                                  ^
      259 |     }
      260 |   });
      261 | });
        at C:\honeybee\e2e\tests\accessibility\accessibility.spec.ts:258:34

    attachment #1: screenshot (image/png) ──────────────────────────────────────────────────────────
    ..\..\test-results\accessibility-accessibilit-b1b98-ntain-contrast-in-dark-mode-firefox\test-failed-1.png
    ────────────────────────────────────────────────────────────────────────────────────────────────

    attachment #2: video (video/webm) ──────────────────────────────────────────────────────────────
    ..\..\test-results\accessibility-accessibilit-b1b98-ntain-contrast-in-dark-mode-firefox\video-1.webm
    ────────────────────────────────────────────────────────────────────────────────────────────────

    attachment #3: video (video/webm) ──────────────────────────────────────────────────────────────
    ..\..\test-results\accessibility-accessibilit-b1b98-ntain-contrast-in-dark-mode-firefox\video.webm
    ────────────────────────────────────────────────────────────────────────────────────────────────

    Error Context: ..\..\test-results\accessibility-accessibilit-b1b98-ntain-contrast-in-dark-mode-firefox\error-context.md

    attachment #5: trace (application/zip) ─────────────────────────────────────────────────────────
    ..\..\test-results\accessibility-accessibilit-b1b98-ntain-contrast-in-dark-mode-firefox\trace.zip
    Usage:

        npx playwright show-trace ..\..\test-results\accessibility-accessibilit-b1b98-ntain-contrast-in-dark-mode-firefox\trace.zip

    ────────────────────────────────────────────────────────────────────────────────────────────────
]]>
</failure>
<system-out>
<![CDATA[
[[ATTACHMENT|accessibility-accessibilit-b1b98-ntain-contrast-in-dark-mode-firefox\test-failed-1.png]]

[[ATTACHMENT|accessibility-accessibilit-b1b98-ntain-contrast-in-dark-mode-firefox\video-1.webm]]

[[ATTACHMENT|accessibility-accessibilit-b1b98-ntain-contrast-in-dark-mode-firefox\video.webm]]

[[ATTACHMENT|accessibility-accessibilit-b1b98-ntain-contrast-in-dark-mode-firefox\error-context.md]]

[[ATTACHMENT|accessibility-accessibilit-b1b98-ntain-contrast-in-dark-mode-firefox\trace.zip]]
]]>
</system-out>
</testcase>
<testcase name="Accessibility - Screen Reader › should have descriptive ARIA labels on interactive elements" classname="accessibility\accessibility.spec.ts" time="25.403">
</testcase>
<testcase name="Accessibility - Screen Reader › should have role attributes where needed" classname="accessibility\accessibility.spec.ts" time="17.425">
</testcase>
<testcase name="Accessibility - Screen Reader › should announce dynamic content changes" classname="accessibility\accessibility.spec.ts" time="17.095">
</testcase>
</testsuite>
<testsuite name="happy-path\navigation.spec.ts" timestamp="2026-01-09T18:05:05.506Z" hostname="firefox" tests="14" failures="6" skipped="1" time="199.928" errors="0">
<testcase name="Navigation &amp; Routing › should navigate to services page" classname="happy-path\navigation.spec.ts" time="19.798">
<failure message="navigation.spec.ts:36:7 should navigate to services page" type="FAILURE">
<![CDATA[  [firefox] › happy-path\navigation.spec.ts:36:7 › Navigation & Routing › should navigate to services page 

    Error: locator.waitFor: Error: strict mode violation: getByRole('button', { name: /services/i }) resolved to 10 elements:
        1) <button aria-haspopup="menu" aria-expanded="false" aria-controls="services-submenu" class="text-gray-700 dark:text-gray-300 hover:text-primary-400 dark:hover:text-primary-400 transition-colors font-medium flex items-center">…</button> aka getByTestId('main-navigation').getByRole('button', { name: 'Services' })
        2) <button aria-label="Scroll to services section to learn more about our services" class="group relative px-8 py-4 bg-bee-amber hover:bg-honey-600 text-white font-semibold rounded-full shadow-lg hover:shadow-xl transition-all duration-300 overflow-hidden">…</button> aka getByRole('button', { name: 'Scroll to services section to' })
        ...

    Call log:
      - waiting for getByRole('button', { name: /services/i }) to be visible


      43 |     // Services is a dropdown button, need to click menu item
      44 |     const servicesButton = page.getByRole('button', { name: /services/i });
    > 45 |     await servicesButton.waitFor({ state: 'visible', timeout: 10000 });
         |                          ^
      46 |     await servicesButton.click();
      47 |
      48 |     // Use robust wait strategy
        at C:\honeybee\e2e\tests\happy-path\navigation.spec.ts:45:26

    attachment #1: screenshot (image/png) ──────────────────────────────────────────────────────────
    ..\..\test-results\happy-path-navigation-Navi-9bd7c-d-navigate-to-services-page-firefox\test-failed-1.png
    ────────────────────────────────────────────────────────────────────────────────────────────────

    attachment #2: video (video/webm) ──────────────────────────────────────────────────────────────
    ..\..\test-results\happy-path-navigation-Navi-9bd7c-d-navigate-to-services-page-firefox\video.webm
    ────────────────────────────────────────────────────────────────────────────────────────────────

    Error Context: ..\..\test-results\happy-path-navigation-Navi-9bd7c-d-navigate-to-services-page-firefox\error-context.md

    attachment #4: trace (application/zip) ─────────────────────────────────────────────────────────
    ..\..\test-results\happy-path-navigation-Navi-9bd7c-d-navigate-to-services-page-firefox\trace.zip
    Usage:

        npx playwright show-trace ..\..\test-results\happy-path-navigation-Navi-9bd7c-d-navigate-to-services-page-firefox\trace.zip

    ────────────────────────────────────────────────────────────────────────────────────────────────
]]>
</failure>
<system-out>
<![CDATA[
[[ATTACHMENT|happy-path-navigation-Navi-9bd7c-d-navigate-to-services-page-firefox\test-failed-1.png]]

[[ATTACHMENT|happy-path-navigation-Navi-9bd7c-d-navigate-to-services-page-firefox\video.webm]]

[[ATTACHMENT|happy-path-navigation-Navi-9bd7c-d-navigate-to-services-page-firefox\error-context.md]]

[[ATTACHMENT|happy-path-navigation-Navi-9bd7c-d-navigate-to-services-page-firefox\trace.zip]]
]]>
</system-out>
</testcase>
<testcase name="Navigation &amp; Routing › should navigate to history page" classname="happy-path\navigation.spec.ts" time="10.518">
</testcase>
<testcase name="Navigation &amp; Routing › should navigate to our vision page" classname="happy-path\navigation.spec.ts" time="8.738">
</testcase>
<testcase name="Navigation &amp; Routing › should navigate back to home from history" classname="happy-path\navigation.spec.ts" time="6.8">
<failure message="navigation.spec.ts:100:7 should navigate back to home from history" type="FAILURE">
<![CDATA[  [firefox] › happy-path\navigation.spec.ts:100:7 › Navigation & Routing › should navigate back to home from history 

    Error: locator.waitFor: Error: strict mode violation: locator('a[href="/"]') resolved to 5 elements:
        1) <a href="/" class="flex items-center group" aria-label="Honey Bee Community Services - Go to homepage">…</a> aka getByRole('banner').getByRole('link', { name: 'Honey Bee Community Services' })
        2) <a href="/" data-testid="nav-" class="text-gray-700 dark:text-gray-300 hover:text-primary-400 dark:hover:text-primary-400 transition-colors font-medium">Home</a> aka getByTestId('nav-')
        ...

    Call log:
      - waiting for locator('a[href="/"]')


      105 |     // Wait for back button to be ready
      106 |     const backToHomeButton = page.locator('a[href="/"]');
    > 107 |     await backToHomeButton.waitFor({ state: 'attached', timeout: 5000 });
          |                            ^
      108 |     await historyPage.clickBackToHome();
      109 |
      110 |     // Browser-specific wait for navigation
        at C:\honeybee\e2e\tests\happy-path\navigation.spec.ts:107:28

    attachment #1: screenshot (image/png) ──────────────────────────────────────────────────────────
    ..\..\test-results\happy-path-navigation-Navi-6d98e-e-back-to-home-from-history-firefox\test-failed-1.png
    ────────────────────────────────────────────────────────────────────────────────────────────────

    attachment #2: video (video/webm) ──────────────────────────────────────────────────────────────
    ..\..\test-results\happy-path-navigation-Navi-6d98e-e-back-to-home-from-history-firefox\video.webm
    ────────────────────────────────────────────────────────────────────────────────────────────────

    Error Context: ..\..\test-results\happy-path-navigation-Navi-6d98e-e-back-to-home-from-history-firefox\error-context.md

    attachment #4: trace (application/zip) ─────────────────────────────────────────────────────────
    ..\..\test-results\happy-path-navigation-Navi-6d98e-e-back-to-home-from-history-firefox\trace.zip
    Usage:

        npx playwright show-trace ..\..\test-results\happy-path-navigation-Navi-6d98e-e-back-to-home-from-history-firefox\trace.zip

    ────────────────────────────────────────────────────────────────────────────────────────────────
]]>
</failure>
<system-out>
<![CDATA[
[[ATTACHMENT|happy-path-navigation-Navi-6d98e-e-back-to-home-from-history-firefox\test-failed-1.png]]

[[ATTACHMENT|happy-path-navigation-Navi-6d98e-e-back-to-home-from-history-firefox\video.webm]]

[[ATTACHMENT|happy-path-navigation-Navi-6d98e-e-back-to-home-from-history-firefox\error-context.md]]

[[ATTACHMENT|happy-path-navigation-Navi-6d98e-e-back-to-home-from-history-firefox\trace.zip]]
]]>
</system-out>
</testcase>
<testcase name="Navigation &amp; Routing › should navigate to service detail pages" classname="happy-path\navigation.spec.ts" time="3.368">
<failure message="navigation.spec.ts:118:7 should navigate to service detail pages" type="FAILURE">
<![CDATA[  [firefox] › happy-path\navigation.spec.ts:118:7 › Navigation & Routing › should navigate to service detail pages 

    Error: locator.waitFor: Error: strict mode violation: getByRole('button', { name: /services/i }) resolved to 2 elements:
        1) <button class="open-in-editor-button" aria-label="Open ServicesPage/<.children<.children<.children<.children< in editor">…</button> aka getByRole('button', { name: 'Open ServicesPage/<.children' })
        2) <button class="open-in-editor-button" aria-label="Open ServicesPage in editor">…</button> aka getByRole('button', { name: 'Open ServicesPage in editor' })

    Call log:
      - waiting for getByRole('button', { name: /services/i }) to be visible


      124 |     // Open dropdown with explicit wait
      125 |     const servicesButton = page.getByRole('button', { name: /services/i });
    > 126 |     await servicesButton.waitFor({ state: 'visible', timeout: 10000 });
          |                          ^
      127 |     await servicesButton.click();
      128 |     await waitForMenuReady(page, browserName);
      129 |
        at C:\honeybee\e2e\tests\happy-path\navigation.spec.ts:126:26

    attachment #1: screenshot (image/png) ──────────────────────────────────────────────────────────
    ..\..\test-results\happy-path-navigation-Navi-d2a42-ate-to-service-detail-pages-firefox\test-failed-1.png
    ────────────────────────────────────────────────────────────────────────────────────────────────

    attachment #2: video (video/webm) ──────────────────────────────────────────────────────────────
    ..\..\test-results\happy-path-navigation-Navi-d2a42-ate-to-service-detail-pages-firefox\video.webm
    ────────────────────────────────────────────────────────────────────────────────────────────────

    Error Context: ..\..\test-results\happy-path-navigation-Navi-d2a42-ate-to-service-detail-pages-firefox\error-context.md

    attachment #4: trace (application/zip) ─────────────────────────────────────────────────────────
    ..\..\test-results\happy-path-navigation-Navi-d2a42-ate-to-service-detail-pages-firefox\trace.zip
    Usage:

        npx playwright show-trace ..\..\test-results\happy-path-navigation-Navi-d2a42-ate-to-service-detail-pages-firefox\trace.zip

    ────────────────────────────────────────────────────────────────────────────────────────────────
]]>
</failure>
<system-out>
<![CDATA[
[[ATTACHMENT|happy-path-navigation-Navi-d2a42-ate-to-service-detail-pages-firefox\test-failed-1.png]]

[[ATTACHMENT|happy-path-navigation-Navi-d2a42-ate-to-service-detail-pages-firefox\video.webm]]

[[ATTACHMENT|happy-path-navigation-Navi-d2a42-ate-to-service-detail-pages-firefox\error-context.md]]

[[ATTACHMENT|happy-path-navigation-Navi-d2a42-ate-to-service-detail-pages-firefox\trace.zip]]
]]>
</system-out>
</testcase>
<testcase name="Navigation &amp; Routing › should navigate to contact section" classname="happy-path\navigation.spec.ts" time="6.208">
</testcase>
<testcase name="Navigation &amp; Routing › should handle 404 for non-existent routes" classname="happy-path\navigation.spec.ts" time="2.569">
</testcase>
<testcase name="Navigation &amp; Routing › should maintain state on page reload" classname="happy-path\navigation.spec.ts" time="17.445">
</testcase>
<testcase name="Navigation &amp; Routing › should handle browser back button" classname="happy-path\navigation.spec.ts" time="30.719">
<failure message="navigation.spec.ts:197:7 should handle browser back button" type="FAILURE">
<![CDATA[  [firefox] › happy-path\navigation.spec.ts:197:7 › Navigation & Routing › should handle browser back button 

    Test timeout of 30000ms exceeded.

    Error: page.waitForLoadState: Test timeout of 30000ms exceeded.

      208 |     // Go back to services
      209 |     await page.goBack();
    > 210 |     await page.waitForLoadState('networkidle');
          |                ^
      211 |
      212 |     // Browser-specific wait for navigation to complete
      213 |     if (browserName === 'firefox' || browserName === 'webkit') {
        at C:\honeybee\e2e\tests\happy-path\navigation.spec.ts:210:16

    attachment #1: screenshot (image/png) ──────────────────────────────────────────────────────────
    ..\..\test-results\happy-path-navigation-Navi-35d6c--handle-browser-back-button-firefox\test-failed-1.png
    ────────────────────────────────────────────────────────────────────────────────────────────────

    attachment #2: video (video/webm) ──────────────────────────────────────────────────────────────
    ..\..\test-results\happy-path-navigation-Navi-35d6c--handle-browser-back-button-firefox\video.webm
    ────────────────────────────────────────────────────────────────────────────────────────────────

    Error Context: ..\..\test-results\happy-path-navigation-Navi-35d6c--handle-browser-back-button-firefox\error-context.md

    attachment #4: trace (application/zip) ─────────────────────────────────────────────────────────
    ..\..\test-results\happy-path-navigation-Navi-35d6c--handle-browser-back-button-firefox\trace.zip
    Usage:

        npx playwright show-trace ..\..\test-results\happy-path-navigation-Navi-35d6c--handle-browser-back-button-firefox\trace.zip

    ────────────────────────────────────────────────────────────────────────────────────────────────
]]>
</failure>
<system-out>
<![CDATA[
[[ATTACHMENT|happy-path-navigation-Navi-35d6c--handle-browser-back-button-firefox\test-failed-1.png]]

[[ATTACHMENT|happy-path-navigation-Navi-35d6c--handle-browser-back-button-firefox\video.webm]]

[[ATTACHMENT|happy-path-navigation-Navi-35d6c--handle-browser-back-button-firefox\error-context.md]]

[[ATTACHMENT|happy-path-navigation-Navi-35d6c--handle-browser-back-button-firefox\trace.zip]]
]]>
</system-out>
</testcase>
<testcase name="Navigation &amp; Routing › should handle browser forward button" classname="happy-path\navigation.spec.ts" time="30.794">
<failure message="navigation.spec.ts:226:7 should handle browser forward button" type="FAILURE">
<![CDATA[  [firefox] › happy-path\navigation.spec.ts:226:7 › Navigation & Routing › should handle browser forward button 

    Test timeout of 30000ms exceeded.

    Error: page.waitForLoadState: Test timeout of 30000ms exceeded.

      230 |     // Navigate to services
      231 |     await page.goto('/services/');
    > 232 |     await page.waitForLoadState('networkidle');
          |                ^
      233 |
      234 |     // Navigate to history
      235 |     await page.goto('/history');
        at C:\honeybee\e2e\tests\happy-path\navigation.spec.ts:232:16

    attachment #1: screenshot (image/png) ──────────────────────────────────────────────────────────
    ..\..\test-results\happy-path-navigation-Navi-bfca6-ndle-browser-forward-button-firefox\test-failed-1.png
    ────────────────────────────────────────────────────────────────────────────────────────────────

    attachment #2: video (video/webm) ──────────────────────────────────────────────────────────────
    ..\..\test-results\happy-path-navigation-Navi-bfca6-ndle-browser-forward-button-firefox\video.webm
    ────────────────────────────────────────────────────────────────────────────────────────────────

    Error Context: ..\..\test-results\happy-path-navigation-Navi-bfca6-ndle-browser-forward-button-firefox\error-context.md

    attachment #4: trace (application/zip) ─────────────────────────────────────────────────────────
    ..\..\test-results\happy-path-navigation-Navi-bfca6-ndle-browser-forward-button-firefox\trace.zip
    Usage:

        npx playwright show-trace ..\..\test-results\happy-path-navigation-Navi-bfca6-ndle-browser-forward-button-firefox\trace.zip

    ────────────────────────────────────────────────────────────────────────────────────────────────
]]>
</failure>
<system-out>
<![CDATA[
[[ATTACHMENT|happy-path-navigation-Navi-bfca6-ndle-browser-forward-button-firefox\test-failed-1.png]]

[[ATTACHMENT|happy-path-navigation-Navi-bfca6-ndle-browser-forward-button-firefox\video.webm]]

[[ATTACHMENT|happy-path-navigation-Navi-bfca6-ndle-browser-forward-button-firefox\error-context.md]]

[[ATTACHMENT|happy-path-navigation-Navi-bfca6-ndle-browser-forward-button-firefox\trace.zip]]
]]>
</system-out>
</testcase>
<testcase name="Navigation &amp; Routing › should navigate via direct URL" classname="happy-path\navigation.spec.ts" time="30.582">
<failure message="navigation.spec.ts:255:7 should navigate via direct URL" type="FAILURE">
<![CDATA[  [firefox] › happy-path\navigation.spec.ts:255:7 › Navigation & Routing › should navigate via direct URL 

    Test timeout of 30000ms exceeded.

    Error: page.waitForLoadState: Test timeout of 30000ms exceeded.

      256 |     // Navigate directly to services
      257 |     await page.goto('/services');
    > 258 |     await page.waitForLoadState('networkidle');
          |                ^
      259 |     await expect(page).toHaveURL('/services');
      260 |     const servicesHeading = page.getByRole('heading', { name: /our services/i });
      261 |     await servicesHeading.waitFor({ state: 'visible', timeout: 8000 });
        at C:\honeybee\e2e\tests\happy-path\navigation.spec.ts:258:16

    attachment #1: screenshot (image/png) ──────────────────────────────────────────────────────────
    ..\..\test-results\happy-path-navigation-Navi-144e7-uld-navigate-via-direct-URL-firefox\test-failed-1.png
    ────────────────────────────────────────────────────────────────────────────────────────────────

    attachment #2: video (video/webm) ──────────────────────────────────────────────────────────────
    ..\..\test-results\happy-path-navigation-Navi-144e7-uld-navigate-via-direct-URL-firefox\video.webm
    ────────────────────────────────────────────────────────────────────────────────────────────────

    Error Context: ..\..\test-results\happy-path-navigation-Navi-144e7-uld-navigate-via-direct-URL-firefox\error-context.md

    attachment #4: trace (application/zip) ─────────────────────────────────────────────────────────
    ..\..\test-results\happy-path-navigation-Navi-144e7-uld-navigate-via-direct-URL-firefox\trace.zip
    Usage:

        npx playwright show-trace ..\..\test-results\happy-path-navigation-Navi-144e7-uld-navigate-via-direct-URL-firefox\trace.zip

    ────────────────────────────────────────────────────────────────────────────────────────────────
]]>
</failure>
<system-out>
<![CDATA[
[[ATTACHMENT|happy-path-navigation-Navi-144e7-uld-navigate-via-direct-URL-firefox\test-failed-1.png]]

[[ATTACHMENT|happy-path-navigation-Navi-144e7-uld-navigate-via-direct-URL-firefox\video.webm]]

[[ATTACHMENT|happy-path-navigation-Navi-144e7-uld-navigate-via-direct-URL-firefox\error-context.md]]

[[ATTACHMENT|happy-path-navigation-Navi-144e7-uld-navigate-via-direct-URL-firefox\trace.zip]]
]]>
</system-out>
</testcase>
<testcase name="Navigation &amp; Routing › should handle navigation with query parameters" classname="happy-path\navigation.spec.ts" time="9.724">
</testcase>
<testcase name="Navigation &amp; Routing › should maintain scroll position on back navigation" classname="happy-path\navigation.spec.ts" time="0.562">
<properties>
<property name="skip" value="Firefox has viewport ratio issue with scroll position">
</property>
</properties>
<skipped>
</skipped>
</testcase>
<testcase name="Navigation &amp; Routing › should handle multiple rapid navigations" classname="happy-path\navigation.spec.ts" time="22.103">
</testcase>
</testsuite>
<testsuite name="regression\page-content.spec.ts" timestamp="2026-01-09T18:05:05.506Z" hostname="firefox" tests="23" failures="7" skipped="0" time="200.212" errors="0">
<testcase name="Homepage - Content Tests › should display hero heading" classname="regression\page-content.spec.ts" time="10.335">
</testcase>
<testcase name="Homepage - Content Tests › should display services section" classname="regression\page-content.spec.ts" time="35.616">
<failure message="page-content.spec.ts:22:7 should display services section" type="FAILURE">
<![CDATA[  [firefox] › regression\page-content.spec.ts:22:7 › Homepage - Content Tests › should display services section 

    Test timeout of 30000ms exceeded.

    Error: locator.scrollIntoViewIfNeeded: Test timeout of 30000ms exceeded.
    Call log:
      - waiting for getByTestId('services-section').or(locator('[data-testid="services-section"]'))


      27 |     // Use data-testid for specific section - scroll into view first
      28 |     const servicesSection = page.getByTestId('services-section').or(page.locator('[data-testid="services-section"]'));
    > 29 |     await servicesSection.scrollIntoViewIfNeeded();
         |                           ^
      30 |     await expect(servicesSection).toBeVisible();
      31 |
      32 |     // More flexible heading selector
        at C:\honeybee\e2e\tests\regression\page-content.spec.ts:29:27

    attachment #1: screenshot (image/png) ──────────────────────────────────────────────────────────
    ..\..\test-results\regression-page-content-Ho-e29a4-ld-display-services-section-firefox\test-failed-1.png
    ────────────────────────────────────────────────────────────────────────────────────────────────

    attachment #2: video (video/webm) ──────────────────────────────────────────────────────────────
    ..\..\test-results\regression-page-content-Ho-e29a4-ld-display-services-section-firefox\video.webm
    ────────────────────────────────────────────────────────────────────────────────────────────────

    Error Context: ..\..\test-results\regression-page-content-Ho-e29a4-ld-display-services-section-firefox\error-context.md

    attachment #4: trace (application/zip) ─────────────────────────────────────────────────────────
    ..\..\test-results\regression-page-content-Ho-e29a4-ld-display-services-section-firefox\trace.zip
    Usage:

        npx playwright show-trace ..\..\test-results\regression-page-content-Ho-e29a4-ld-display-services-section-firefox\trace.zip

    ────────────────────────────────────────────────────────────────────────────────────────────────
]]>
</failure>
<system-out>
<![CDATA[
[[ATTACHMENT|regression-page-content-Ho-e29a4-ld-display-services-section-firefox\test-failed-1.png]]

[[ATTACHMENT|regression-page-content-Ho-e29a4-ld-display-services-section-firefox\video.webm]]

[[ATTACHMENT|regression-page-content-Ho-e29a4-ld-display-services-section-firefox\error-context.md]]

[[ATTACHMENT|regression-page-content-Ho-e29a4-ld-display-services-section-firefox\trace.zip]]
]]>
</system-out>
</testcase>
<testcase name="Homepage - Content Tests › should display gallery section" classname="regression\page-content.spec.ts" time="11.423">
</testcase>
<testcase name="Homepage - Content Tests › should display about section" classname="regression\page-content.spec.ts" time="35.111">
<failure message="page-content.spec.ts:45:7 should display about section" type="FAILURE">
<![CDATA[  [firefox] › regression\page-content.spec.ts:45:7 › Homepage - Content Tests › should display about section 

    Test timeout of 30000ms exceeded.

    Error: locator.scrollIntoViewIfNeeded: Test timeout of 30000ms exceeded.
    Call log:
      - waiting for locator('[data-testid="about-section"]')


      48 |     await page.waitForLoadState('networkidle');
      49 |
    > 50 |     await homePage.aboutSection.scrollIntoViewIfNeeded();
         |                                 ^
      51 |     await expect(homePage.aboutSection).toBeVisible();
      52 |
      53 |     // More flexible heading selector
        at C:\honeybee\e2e\tests\regression\page-content.spec.ts:50:33

    attachment #1: screenshot (image/png) ──────────────────────────────────────────────────────────
    ..\..\test-results\regression-page-content-Ho-736ca-hould-display-about-section-firefox\test-failed-1.png
    ────────────────────────────────────────────────────────────────────────────────────────────────

    attachment #2: video (video/webm) ──────────────────────────────────────────────────────────────
    ..\..\test-results\regression-page-content-Ho-736ca-hould-display-about-section-firefox\video.webm
    ────────────────────────────────────────────────────────────────────────────────────────────────

    Error Context: ..\..\test-results\regression-page-content-Ho-736ca-hould-display-about-section-firefox\error-context.md

    attachment #4: trace (application/zip) ─────────────────────────────────────────────────────────
    ..\..\test-results\regression-page-content-Ho-736ca-hould-display-about-section-firefox\trace.zip
    Usage:

        npx playwright show-trace ..\..\test-results\regression-page-content-Ho-736ca-hould-display-about-section-firefox\trace.zip

    ────────────────────────────────────────────────────────────────────────────────────────────────
]]>
</failure>
<system-out>
<![CDATA[
[[ATTACHMENT|regression-page-content-Ho-736ca-hould-display-about-section-firefox\test-failed-1.png]]

[[ATTACHMENT|regression-page-content-Ho-736ca-hould-display-about-section-firefox\video.webm]]

[[ATTACHMENT|regression-page-content-Ho-736ca-hould-display-about-section-firefox\error-context.md]]

[[ATTACHMENT|regression-page-content-Ho-736ca-hould-display-about-section-firefox\trace.zip]]
]]>
</system-out>
</testcase>
<testcase name="Homepage - Content Tests › should display testimonials section" classname="regression\page-content.spec.ts" time="11.052">
</testcase>
<testcase name="Homepage - Content Tests › should display contact section" classname="regression\page-content.spec.ts" time="5.652">
</testcase>
<testcase name="Services Page - Content Tests › should display services heading" classname="regression\page-content.spec.ts" time="8.918">
<failure message="page-content.spec.ts:76:7 should display services heading" type="FAILURE">
<![CDATA[  [firefox] › regression\page-content.spec.ts:76:7 › Services Page - Content Tests › should display services heading 

    Error: expect(locator).toBeVisible() failed

    Locator: getByTestId('services-heading')
    Expected: visible
    Timeout: 5000ms
    Error: element(s) not found

    Call log:
      - Expect "toBeVisible" with timeout 5000ms
      - waiting for getByTestId('services-heading')


      78 |     await servicesPage.goto();
      79 |
    > 80 |     await expect(servicesPage.heading).toBeVisible();
         |                                        ^
      81 |     await expect(servicesPage.heading).toHaveText(/our services/i);
      82 |   });
      83 |
        at C:\honeybee\e2e\tests\regression\page-content.spec.ts:80:40

    attachment #1: screenshot (image/png) ──────────────────────────────────────────────────────────
    ..\..\test-results\regression-page-content-Se-7d915-ld-display-services-heading-firefox\test-failed-1.png
    ────────────────────────────────────────────────────────────────────────────────────────────────

    attachment #2: video (video/webm) ──────────────────────────────────────────────────────────────
    ..\..\test-results\regression-page-content-Se-7d915-ld-display-services-heading-firefox\video.webm
    ────────────────────────────────────────────────────────────────────────────────────────────────

    Error Context: ..\..\test-results\regression-page-content-Se-7d915-ld-display-services-heading-firefox\error-context.md

    attachment #4: trace (application/zip) ─────────────────────────────────────────────────────────
    ..\..\test-results\regression-page-content-Se-7d915-ld-display-services-heading-firefox\trace.zip
    Usage:

        npx playwright show-trace ..\..\test-results\regression-page-content-Se-7d915-ld-display-services-heading-firefox\trace.zip

    ────────────────────────────────────────────────────────────────────────────────────────────────
]]>
</failure>
<system-out>
<![CDATA[
[[ATTACHMENT|regression-page-content-Se-7d915-ld-display-services-heading-firefox\test-failed-1.png]]

[[ATTACHMENT|regression-page-content-Se-7d915-ld-display-services-heading-firefox\video.webm]]

[[ATTACHMENT|regression-page-content-Se-7d915-ld-display-services-heading-firefox\error-context.md]]

[[ATTACHMENT|regression-page-content-Se-7d915-ld-display-services-heading-firefox\trace.zip]]
]]>
</system-out>
</testcase>
<testcase name="Services Page - Content Tests › should display all three service cards" classname="regression\page-content.spec.ts" time="2.206">
<failure message="page-content.spec.ts:84:7 should display all three service cards" type="FAILURE">
<![CDATA[  [firefox] › regression\page-content.spec.ts:84:7 › Services Page - Content Tests › should display all three service cards 

    Error: expect(received).toBeGreaterThanOrEqual(expected)

    Expected: >= 1
    Received:    0

      87 |
      88 |     const cardCount = await servicesPage.getServiceCardCount();
    > 89 |     expect(cardCount).toBeGreaterThanOrEqual(1);
         |                       ^
      90 |   });
      91 |
      92 |   test('should display service cards with images', async ({ page }) => {
        at C:\honeybee\e2e\tests\regression\page-content.spec.ts:89:23

    attachment #1: screenshot (image/png) ──────────────────────────────────────────────────────────
    ..\..\test-results\regression-page-content-Se-33540-lay-all-three-service-cards-firefox\test-failed-1.png
    ────────────────────────────────────────────────────────────────────────────────────────────────

    attachment #2: video (video/webm) ──────────────────────────────────────────────────────────────
    ..\..\test-results\regression-page-content-Se-33540-lay-all-three-service-cards-firefox\video.webm
    ────────────────────────────────────────────────────────────────────────────────────────────────

    Error Context: ..\..\test-results\regression-page-content-Se-33540-lay-all-three-service-cards-firefox\error-context.md

    attachment #4: trace (application/zip) ─────────────────────────────────────────────────────────
    ..\..\test-results\regression-page-content-Se-33540-lay-all-three-service-cards-firefox\trace.zip
    Usage:

        npx playwright show-trace ..\..\test-results\regression-page-content-Se-33540-lay-all-three-service-cards-firefox\trace.zip

    ────────────────────────────────────────────────────────────────────────────────────────────────
]]>
</failure>
<system-out>
<![CDATA[
[[ATTACHMENT|regression-page-content-Se-33540-lay-all-three-service-cards-firefox\test-failed-1.png]]

[[ATTACHMENT|regression-page-content-Se-33540-lay-all-three-service-cards-firefox\video.webm]]

[[ATTACHMENT|regression-page-content-Se-33540-lay-all-three-service-cards-firefox\error-context.md]]

[[ATTACHMENT|regression-page-content-Se-33540-lay-all-three-service-cards-firefox\trace.zip]]
]]>
</system-out>
</testcase>
<testcase name="Services Page - Content Tests › should display service cards with images" classname="regression\page-content.spec.ts" time="1.619">
</testcase>
<testcase name="Services Page - Content Tests › should display quick facts section" classname="regression\page-content.spec.ts" time="8.016">
<failure message="page-content.spec.ts:100:7 should display quick facts section" type="FAILURE">
<![CDATA[  [firefox] › regression\page-content.spec.ts:100:7 › Services Page - Content Tests › should display quick facts section 

    Error: expect(locator).toBeVisible() failed

    Locator: getByTestId('quick-facts-section')
    Expected: visible
    Timeout: 5000ms
    Error: element(s) not found

    Call log:
      - Expect "toBeVisible" with timeout 5000ms
      - waiting for getByTestId('quick-facts-section')


      102 |     await servicesPage.goto();
      103 |
    > 104 |     await expect(servicesPage.quickFactsSection).toBeVisible();
          |                                                  ^
      105 |     await expect(servicesPage.quickFactsSection.getByText('Service Areas')).toBeVisible();
      106 |   });
      107 |
        at C:\honeybee\e2e\tests\regression\page-content.spec.ts:104:50

    attachment #1: screenshot (image/png) ──────────────────────────────────────────────────────────
    ..\..\test-results\regression-page-content-Se-fdc0f-display-quick-facts-section-firefox\test-failed-1.png
    ────────────────────────────────────────────────────────────────────────────────────────────────

    attachment #2: video (video/webm) ──────────────────────────────────────────────────────────────
    ..\..\test-results\regression-page-content-Se-fdc0f-display-quick-facts-section-firefox\video.webm
    ────────────────────────────────────────────────────────────────────────────────────────────────

    Error Context: ..\..\test-results\regression-page-content-Se-fdc0f-display-quick-facts-section-firefox\error-context.md

    attachment #4: trace (application/zip) ─────────────────────────────────────────────────────────
    ..\..\test-results\regression-page-content-Se-fdc0f-display-quick-facts-section-firefox\trace.zip
    Usage:

        npx playwright show-trace ..\..\test-results\regression-page-content-Se-fdc0f-display-quick-facts-section-firefox\trace.zip

    ────────────────────────────────────────────────────────────────────────────────────────────────
]]>
</failure>
<system-out>
<![CDATA[
[[ATTACHMENT|regression-page-content-Se-fdc0f-display-quick-facts-section-firefox\test-failed-1.png]]

[[ATTACHMENT|regression-page-content-Se-fdc0f-display-quick-facts-section-firefox\video.webm]]

[[ATTACHMENT|regression-page-content-Se-fdc0f-display-quick-facts-section-firefox\error-context.md]]

[[ATTACHMENT|regression-page-content-Se-fdc0f-display-quick-facts-section-firefox\trace.zip]]
]]>
</system-out>
</testcase>
<testcase name="Services Page - Content Tests › should display contact section" classname="regression\page-content.spec.ts" time="7.137">
<failure message="page-content.spec.ts:108:7 should display contact section" type="FAILURE">
<![CDATA[  [firefox] › regression\page-content.spec.ts:108:7 › Services Page - Content Tests › should display contact section 

    Error: expect(locator).toBeVisible() failed

    Locator: getByTestId('services-cta')
    Expected: visible
    Timeout: 5000ms
    Error: element(s) not found

    Call log:
      - Expect "toBeVisible" with timeout 5000ms
      - waiting for getByTestId('services-cta')


      110 |     await servicesPage.goto();
      111 |
    > 112 |     await expect(servicesPage.contactSection).toBeVisible();
          |                                               ^
      113 |     await expect(servicesPage.contactButton).toBeVisible();
      114 |   });
      115 |
        at C:\honeybee\e2e\tests\regression\page-content.spec.ts:112:47

    attachment #1: screenshot (image/png) ──────────────────────────────────────────────────────────
    ..\..\test-results\regression-page-content-Se-a5979-uld-display-contact-section-firefox\test-failed-1.png
    ────────────────────────────────────────────────────────────────────────────────────────────────

    attachment #2: video (video/webm) ──────────────────────────────────────────────────────────────
    ..\..\test-results\regression-page-content-Se-a5979-uld-display-contact-section-firefox\video.webm
    ────────────────────────────────────────────────────────────────────────────────────────────────

    Error Context: ..\..\test-results\regression-page-content-Se-a5979-uld-display-contact-section-firefox\error-context.md

    attachment #4: trace (application/zip) ─────────────────────────────────────────────────────────
    ..\..\test-results\regression-page-content-Se-a5979-uld-display-contact-section-firefox\trace.zip
    Usage:

        npx playwright show-trace ..\..\test-results\regression-page-content-Se-a5979-uld-display-contact-section-firefox\trace.zip

    ────────────────────────────────────────────────────────────────────────────────────────────────
]]>
</failure>
<system-out>
<![CDATA[
[[ATTACHMENT|regression-page-content-Se-a5979-uld-display-contact-section-firefox\test-failed-1.png]]

[[ATTACHMENT|regression-page-content-Se-a5979-uld-display-contact-section-firefox\video.webm]]

[[ATTACHMENT|regression-page-content-Se-a5979-uld-display-contact-section-firefox\error-context.md]]

[[ATTACHMENT|regression-page-content-Se-a5979-uld-display-contact-section-firefox\trace.zip]]
]]>
</system-out>
</testcase>
<testcase name="Services Page - Content Tests › should display service descriptions" classname="regression\page-content.spec.ts" time="9.523">
<failure message="page-content.spec.ts:116:7 should display service descriptions" type="FAILURE">
<![CDATA[  [firefox] › regression\page-content.spec.ts:116:7 › Services Page - Content Tests › should display service descriptions 

    Error: expect(locator).toBeVisible() failed

    Locator: getByText(/residential services/i)
    Expected: visible
    Timeout: 5000ms
    Error: element(s) not found

    Call log:
      - Expect "toBeVisible" with timeout 5000ms
      - waiting for getByText(/residential services/i)


      119 |
      120 |     // Check for service titles (case insensitive)
    > 121 |     await expect(page.getByText(/residential services/i)).toBeVisible();
          |                                                           ^
      122 |     await expect(page.getByText(/day services/i)).toBeVisible();
      123 |     await expect(page.getByText(/targeted case management/i)).toBeVisible();
      124 |   });
        at C:\honeybee\e2e\tests\regression\page-content.spec.ts:121:59

    attachment #1: screenshot (image/png) ──────────────────────────────────────────────────────────
    ..\..\test-results\regression-page-content-Se-40d9c-isplay-service-descriptions-firefox\test-failed-1.png
    ────────────────────────────────────────────────────────────────────────────────────────────────

    attachment #2: video (video/webm) ──────────────────────────────────────────────────────────────
    ..\..\test-results\regression-page-content-Se-40d9c-isplay-service-descriptions-firefox\video.webm
    ────────────────────────────────────────────────────────────────────────────────────────────────

    Error Context: ..\..\test-results\regression-page-content-Se-40d9c-isplay-service-descriptions-firefox\error-context.md

    attachment #4: trace (application/zip) ─────────────────────────────────────────────────────────
    ..\..\test-results\regression-page-content-Se-40d9c-isplay-service-descriptions-firefox\trace.zip
    Usage:

        npx playwright show-trace ..\..\test-results\regression-page-content-Se-40d9c-isplay-service-descriptions-firefox\trace.zip

    ────────────────────────────────────────────────────────────────────────────────────────────────
]]>
</failure>
<system-out>
<![CDATA[
[[ATTACHMENT|regression-page-content-Se-40d9c-isplay-service-descriptions-firefox\test-failed-1.png]]

[[ATTACHMENT|regression-page-content-Se-40d9c-isplay-service-descriptions-firefox\video.webm]]

[[ATTACHMENT|regression-page-content-Se-40d9c-isplay-service-descriptions-firefox\error-context.md]]

[[ATTACHMENT|regression-page-content-Se-40d9c-isplay-service-descriptions-firefox\trace.zip]]
]]>
</system-out>
</testcase>
<testcase name="History Page - Content Tests › should display history heading" classname="regression\page-content.spec.ts" time="3.632">
</testcase>
<testcase name="History Page - Content Tests › should display subheading" classname="regression\page-content.spec.ts" time="4.004">
</testcase>
<testcase name="History Page - Content Tests › should display founder name" classname="regression\page-content.spec.ts" time="5.539">
</testcase>
<testcase name="History Page - Content Tests › should display founder section" classname="regression\page-content.spec.ts" time="2.478">
</testcase>
<testcase name="History Page - Content Tests › should display timeline section" classname="regression\page-content.spec.ts" time="7.789">
</testcase>
<testcase name="History Page - Content Tests › should display timeline events" classname="regression\page-content.spec.ts" time="5.912">
</testcase>
<testcase name="History Page - Content Tests › should display impact stats section" classname="regression\page-content.spec.ts" time="5.568">
</testcase>
<testcase name="History Page - Content Tests › should display back to home link" classname="regression\page-content.spec.ts" time="3.004">
</testcase>
<testcase name="Service Detail Pages - Content Tests › should display residential services page" classname="regression\page-content.spec.ts" time="5.721">
</testcase>
<testcase name="Service Detail Pages - Content Tests › should display day services page" classname="regression\page-content.spec.ts" time="4.236">
</testcase>
<testcase name="Service Detail Pages - Content Tests › should display targeted case management page" classname="regression\page-content.spec.ts" time="5.721">
</testcase>
</testsuite>
<testsuite name="regression\responsive-design.spec.ts" timestamp="2026-01-09T18:05:05.506Z" hostname="firefox" tests="27" failures="12" skipped="0" time="203.654" errors="0">
<testcase name="Mobile View (375x667) › should display homepage on mobile" classname="regression\responsive-design.spec.ts" time="6.797">
</testcase>
<testcase name="Mobile View (375x667) › should have mobile viewport size" classname="regression\responsive-design.spec.ts" time="6.073">
</testcase>
<testcase name="Mobile View (375x667) › should display services page on mobile" classname="regression\responsive-design.spec.ts" time="7.867">
<failure message="responsive-design.spec.ts:40:7 should display services page on mobile" type="FAILURE">
<![CDATA[  [firefox] › regression\responsive-design.spec.ts:40:7 › Mobile View (375x667) › should display services page on mobile 

    Error: expect(locator).toBeVisible() failed

    Locator: getByRole('heading', { name: 'Our Services' })
    Expected: visible
    Timeout: 5000ms
    Error: element(s) not found

    Call log:
      - Expect "toBeVisible" with timeout 5000ms
      - waiting for getByRole('heading', { name: 'Our Services' })


      42 |     await page.goto('/services');
      43 |
    > 44 |     await expect(page.getByRole('heading', { name: 'Our Services' })).toBeVisible();
         |                                                                       ^
      45 |   });
      46 |
      47 |   test('should display history page on mobile', async ({ page, browserName }) => {
        at C:\honeybee\e2e\tests\regression\responsive-design.spec.ts:44:71

    attachment #1: screenshot (image/png) ──────────────────────────────────────────────────────────
    ..\..\test-results\regression-responsive-desi-7d9c1-lay-services-page-on-mobile-firefox\test-failed-1.png
    ────────────────────────────────────────────────────────────────────────────────────────────────

    attachment #2: video (video/webm) ──────────────────────────────────────────────────────────────
    ..\..\test-results\regression-responsive-desi-7d9c1-lay-services-page-on-mobile-firefox\video.webm
    ────────────────────────────────────────────────────────────────────────────────────────────────

    Error Context: ..\..\test-results\regression-responsive-desi-7d9c1-lay-services-page-on-mobile-firefox\error-context.md

    attachment #4: trace (application/zip) ─────────────────────────────────────────────────────────
    ..\..\test-results\regression-responsive-desi-7d9c1-lay-services-page-on-mobile-firefox\trace.zip
    Usage:

        npx playwright show-trace ..\..\test-results\regression-responsive-desi-7d9c1-lay-services-page-on-mobile-firefox\trace.zip

    ────────────────────────────────────────────────────────────────────────────────────────────────
]]>
</failure>
<system-out>
<![CDATA[
[[ATTACHMENT|regression-responsive-desi-7d9c1-lay-services-page-on-mobile-firefox\test-failed-1.png]]

[[ATTACHMENT|regression-responsive-desi-7d9c1-lay-services-page-on-mobile-firefox\video.webm]]

[[ATTACHMENT|regression-responsive-desi-7d9c1-lay-services-page-on-mobile-firefox\error-context.md]]

[[ATTACHMENT|regression-responsive-desi-7d9c1-lay-services-page-on-mobile-firefox\trace.zip]]
]]>
</system-out>
</testcase>
<testcase name="Mobile View (375x667) › should display history page on mobile" classname="regression\responsive-design.spec.ts" time="5.014">
</testcase>
<testcase name="Mobile View (375x667) › should have mobile-friendly navigation" classname="regression\responsive-design.spec.ts" time="4.905">
</testcase>
<testcase name="Tablet View (768x1024) › should display homepage on tablet" classname="regression\responsive-design.spec.ts" time="4.582">
</testcase>
<testcase name="Tablet View (768x1024) › should have tablet viewport size" classname="regression\responsive-design.spec.ts" time="5.967">
</testcase>
<testcase name="Tablet View (768x1024) › should display services page on tablet" classname="regression\responsive-design.spec.ts" time="8.105">
<failure message="responsive-design.spec.ts:93:7 should display services page on tablet" type="FAILURE">
<![CDATA[  [firefox] › regression\responsive-design.spec.ts:93:7 › Tablet View (768x1024) › should display services page on tablet 

    Error: expect(locator).toBeVisible() failed

    Locator: getByTestId('services-heading')
    Expected: visible
    Timeout: 5000ms
    Error: element(s) not found

    Call log:
      - Expect "toBeVisible" with timeout 5000ms
      - waiting for getByTestId('services-heading')


       95 |     await page.goto('/services');
       96 |
    >  97 |     await expect(page.getByTestId('services-heading')).toBeVisible();
          |                                                        ^
       98 |
       99 |     // Service cards should be displayed in grid
      100 |     const serviceCards = page.locator('a[href^="/services/"]');
        at C:\honeybee\e2e\tests\regression\responsive-design.spec.ts:97:56

    attachment #1: screenshot (image/png) ──────────────────────────────────────────────────────────
    ..\..\test-results\regression-responsive-desi-9fb80-lay-services-page-on-tablet-firefox\test-failed-1.png
    ────────────────────────────────────────────────────────────────────────────────────────────────

    attachment #2: video (video/webm) ──────────────────────────────────────────────────────────────
    ..\..\test-results\regression-responsive-desi-9fb80-lay-services-page-on-tablet-firefox\video.webm
    ────────────────────────────────────────────────────────────────────────────────────────────────

    Error Context: ..\..\test-results\regression-responsive-desi-9fb80-lay-services-page-on-tablet-firefox\error-context.md

    attachment #4: trace (application/zip) ─────────────────────────────────────────────────────────
    ..\..\test-results\regression-responsive-desi-9fb80-lay-services-page-on-tablet-firefox\trace.zip
    Usage:

        npx playwright show-trace ..\..\test-results\regression-responsive-desi-9fb80-lay-services-page-on-tablet-firefox\trace.zip

    ────────────────────────────────────────────────────────────────────────────────────────────────
]]>
</failure>
<system-out>
<![CDATA[
[[ATTACHMENT|regression-responsive-desi-9fb80-lay-services-page-on-tablet-firefox\test-failed-1.png]]

[[ATTACHMENT|regression-responsive-desi-9fb80-lay-services-page-on-tablet-firefox\video.webm]]

[[ATTACHMENT|regression-responsive-desi-9fb80-lay-services-page-on-tablet-firefox\error-context.md]]

[[ATTACHMENT|regression-responsive-desi-9fb80-lay-services-page-on-tablet-firefox\trace.zip]]
]]>
</system-out>
</testcase>
<testcase name="Tablet View (768x1024) › should display history page on tablet" classname="regression\responsive-design.spec.ts" time="3.065">
</testcase>
<testcase name="Tablet View (768x1024) › should have proper layout on tablet" classname="regression\responsive-design.spec.ts" time="2.749">
</testcase>
<testcase name="Desktop View (1280x720) › should display homepage on desktop" classname="regression\responsive-design.spec.ts" time="4.744">
</testcase>
<testcase name="Desktop View (1280x720) › should have desktop viewport size" classname="regression\responsive-design.spec.ts" time="4.461">
</testcase>
<testcase name="Desktop View (1280x720) › should display services page on desktop" classname="regression\responsive-design.spec.ts" time="9.913">
<failure message="responsive-design.spec.ts:143:7 should display services page on desktop" type="FAILURE">
<![CDATA[  [firefox] › regression\responsive-design.spec.ts:143:7 › Desktop View (1280x720) › should display services page on desktop 

    Error: expect(locator).toBeVisible() failed

    Locator: getByTestId('services-heading')
    Expected: visible
    Timeout: 5000ms
    Error: element(s) not found

    Call log:
      - Expect "toBeVisible" with timeout 5000ms
      - waiting for getByTestId('services-heading')


      145 |     await page.goto('/services');
      146 |
    > 147 |     await expect(page.getByTestId('services-heading')).toBeVisible();
          |                                                        ^
      148 |
      149 |     // All service cards should be visible
      150 |     const serviceCards = page.locator('a[href^="/services/"]');
        at C:\honeybee\e2e\tests\regression\responsive-design.spec.ts:147:56

    attachment #1: screenshot (image/png) ──────────────────────────────────────────────────────────
    ..\..\test-results\regression-responsive-desi-df14e-ay-services-page-on-desktop-firefox\test-failed-1.png
    ────────────────────────────────────────────────────────────────────────────────────────────────

    attachment #2: video (video/webm) ──────────────────────────────────────────────────────────────
    ..\..\test-results\regression-responsive-desi-df14e-ay-services-page-on-desktop-firefox\video.webm
    ────────────────────────────────────────────────────────────────────────────────────────────────

    Error Context: ..\..\test-results\regression-responsive-desi-df14e-ay-services-page-on-desktop-firefox\error-context.md

    attachment #4: trace (application/zip) ─────────────────────────────────────────────────────────
    ..\..\test-results\regression-responsive-desi-df14e-ay-services-page-on-desktop-firefox\trace.zip
    Usage:

        npx playwright show-trace ..\..\test-results\regression-responsive-desi-df14e-ay-services-page-on-desktop-firefox\trace.zip

    ────────────────────────────────────────────────────────────────────────────────────────────────
]]>
</failure>
<system-out>
<![CDATA[
[[ATTACHMENT|regression-responsive-desi-df14e-ay-services-page-on-desktop-firefox\test-failed-1.png]]

[[ATTACHMENT|regression-responsive-desi-df14e-ay-services-page-on-desktop-firefox\video.webm]]

[[ATTACHMENT|regression-responsive-desi-df14e-ay-services-page-on-desktop-firefox\error-context.md]]

[[ATTACHMENT|regression-responsive-desi-df14e-ay-services-page-on-desktop-firefox\trace.zip]]
]]>
</system-out>
</testcase>
<testcase name="Desktop View (1280x720) › should display history page on desktop" classname="regression\responsive-design.spec.ts" time="5.752">
</testcase>
<testcase name="Desktop View (1280x720) › should have proper desktop layout" classname="regression\responsive-design.spec.ts" time="2.812">
</testcase>
<testcase name="Desktop View (1280x720) › should display hover states on desktop" classname="regression\responsive-design.spec.ts" time="34.255">
<failure message="responsive-design.spec.ts:175:7 should display hover states on desktop" type="FAILURE">
<![CDATA[  [firefox] › regression\responsive-design.spec.ts:175:7 › Desktop View (1280x720) › should display hover states on desktop 

    Test timeout of 30000ms exceeded.

    Error: locator.hover: Test timeout of 30000ms exceeded.
    Call log:
      - waiting for locator('a[href^="/services/"]').first()


      180 |
      181 |     // Hover over card
    > 182 |     await firstServiceCard.hover();
          |                            ^
      183 |
      184 |     // Card should still be visible
      185 |     await expect(firstServiceCard).toBeVisible();
        at C:\honeybee\e2e\tests\regression\responsive-design.spec.ts:182:28

    attachment #1: screenshot (image/png) ──────────────────────────────────────────────────────────
    ..\..\test-results\regression-responsive-desi-c820d-lay-hover-states-on-desktop-firefox\test-failed-1.png
    ────────────────────────────────────────────────────────────────────────────────────────────────

    attachment #2: video (video/webm) ──────────────────────────────────────────────────────────────
    ..\..\test-results\regression-responsive-desi-c820d-lay-hover-states-on-desktop-firefox\video.webm
    ────────────────────────────────────────────────────────────────────────────────────────────────

    Error Context: ..\..\test-results\regression-responsive-desi-c820d-lay-hover-states-on-desktop-firefox\error-context.md

    attachment #4: trace (application/zip) ─────────────────────────────────────────────────────────
    ..\..\test-results\regression-responsive-desi-c820d-lay-hover-states-on-desktop-firefox\trace.zip
    Usage:

        npx playwright show-trace ..\..\test-results\regression-responsive-desi-c820d-lay-hover-states-on-desktop-firefox\trace.zip

    ────────────────────────────────────────────────────────────────────────────────────────────────
]]>
</failure>
<system-out>
<![CDATA[
[[ATTACHMENT|regression-responsive-desi-c820d-lay-hover-states-on-desktop-firefox\test-failed-1.png]]

[[ATTACHMENT|regression-responsive-desi-c820d-lay-hover-states-on-desktop-firefox\video.webm]]

[[ATTACHMENT|regression-responsive-desi-c820d-lay-hover-states-on-desktop-firefox\error-context.md]]

[[ATTACHMENT|regression-responsive-desi-c820d-lay-hover-states-on-desktop-firefox\trace.zip]]
]]>
</system-out>
</testcase>
<testcase name="Responsive Behavior Across Viewports › should display homepage on Mobile (375x667)" classname="regression\responsive-design.spec.ts" time="8.764">
<failure message="responsive-design.spec.ts:197:9 should display homepage on Mobile (375x667)" type="FAILURE">
<![CDATA[  [firefox] › regression\responsive-design.spec.ts:197:9 › Responsive Behavior Across Viewports › should display homepage on Mobile (375x667) 

    Error: expect(received).toBeLessThanOrEqual(expected)

    Expected: <= 385
    Received:    409

      205 |       // No horizontal scroll
      206 |       const bodyWidth = await page.evaluate(() => document.body.scrollWidth);
    > 207 |       expect(bodyWidth).toBeLessThanOrEqual(viewport.width + 10); // Allow small margin
          |                         ^
      208 |     });
      209 |   }
      210 |
        at C:\honeybee\e2e\tests\regression\responsive-design.spec.ts:207:25

    attachment #1: screenshot (image/png) ──────────────────────────────────────────────────────────
    ..\..\test-results\regression-responsive-desi-0bca6-homepage-on-Mobile-375x667--firefox\test-failed-1.png
    ────────────────────────────────────────────────────────────────────────────────────────────────

    attachment #2: video (video/webm) ──────────────────────────────────────────────────────────────
    ..\..\test-results\regression-responsive-desi-0bca6-homepage-on-Mobile-375x667--firefox\video.webm
    ────────────────────────────────────────────────────────────────────────────────────────────────

    Error Context: ..\..\test-results\regression-responsive-desi-0bca6-homepage-on-Mobile-375x667--firefox\error-context.md

    attachment #4: trace (application/zip) ─────────────────────────────────────────────────────────
    ..\..\test-results\regression-responsive-desi-0bca6-homepage-on-Mobile-375x667--firefox\trace.zip
    Usage:

        npx playwright show-trace ..\..\test-results\regression-responsive-desi-0bca6-homepage-on-Mobile-375x667--firefox\trace.zip

    ────────────────────────────────────────────────────────────────────────────────────────────────
]]>
</failure>
<system-out>
<![CDATA[
[[ATTACHMENT|regression-responsive-desi-0bca6-homepage-on-Mobile-375x667--firefox\test-failed-1.png]]

[[ATTACHMENT|regression-responsive-desi-0bca6-homepage-on-Mobile-375x667--firefox\video.webm]]

[[ATTACHMENT|regression-responsive-desi-0bca6-homepage-on-Mobile-375x667--firefox\error-context.md]]

[[ATTACHMENT|regression-responsive-desi-0bca6-homepage-on-Mobile-375x667--firefox\trace.zip]]
]]>
</system-out>
</testcase>
<testcase name="Responsive Behavior Across Viewports › should display homepage on Tablet (768x1024)" classname="regression\responsive-design.spec.ts" time="8.609">
<failure message="responsive-design.spec.ts:197:9 should display homepage on Tablet (768x1024)" type="FAILURE">
<![CDATA[  [firefox] › regression\responsive-design.spec.ts:197:9 › Responsive Behavior Across Viewports › should display homepage on Tablet (768x1024) 

    Error: expect(received).toBeLessThanOrEqual(expected)

    Expected: <= 778
    Received:    794

      205 |       // No horizontal scroll
      206 |       const bodyWidth = await page.evaluate(() => document.body.scrollWidth);
    > 207 |       expect(bodyWidth).toBeLessThanOrEqual(viewport.width + 10); // Allow small margin
          |                         ^
      208 |     });
      209 |   }
      210 |
        at C:\honeybee\e2e\tests\regression\responsive-design.spec.ts:207:25

    attachment #1: screenshot (image/png) ──────────────────────────────────────────────────────────
    ..\..\test-results\regression-responsive-desi-d7d36-omepage-on-Tablet-768x1024--firefox\test-failed-1.png
    ────────────────────────────────────────────────────────────────────────────────────────────────

    attachment #2: video (video/webm) ──────────────────────────────────────────────────────────────
    ..\..\test-results\regression-responsive-desi-d7d36-omepage-on-Tablet-768x1024--firefox\video.webm
    ────────────────────────────────────────────────────────────────────────────────────────────────

    Error Context: ..\..\test-results\regression-responsive-desi-d7d36-omepage-on-Tablet-768x1024--firefox\error-context.md

    attachment #4: trace (application/zip) ─────────────────────────────────────────────────────────
    ..\..\test-results\regression-responsive-desi-d7d36-omepage-on-Tablet-768x1024--firefox\trace.zip
    Usage:

        npx playwright show-trace ..\..\test-results\regression-responsive-desi-d7d36-omepage-on-Tablet-768x1024--firefox\trace.zip

    ────────────────────────────────────────────────────────────────────────────────────────────────
]]>
</failure>
<system-out>
<![CDATA[
[[ATTACHMENT|regression-responsive-desi-d7d36-omepage-on-Tablet-768x1024--firefox\test-failed-1.png]]

[[ATTACHMENT|regression-responsive-desi-d7d36-omepage-on-Tablet-768x1024--firefox\video.webm]]

[[ATTACHMENT|regression-responsive-desi-d7d36-omepage-on-Tablet-768x1024--firefox\error-context.md]]

[[ATTACHMENT|regression-responsive-desi-d7d36-omepage-on-Tablet-768x1024--firefox\trace.zip]]
]]>
</system-out>
</testcase>
<testcase name="Responsive Behavior Across Viewports › should display homepage on Desktop (1280x720)" classname="regression\responsive-design.spec.ts" time="5.304">
</testcase>
<testcase name="Responsive Behavior Across Viewports › should display services page on Mobile (375x667)" classname="regression\responsive-design.spec.ts" time="9.957">
<failure message="responsive-design.spec.ts:212:9 should display services page on Mobile (375x667)" type="FAILURE">
<![CDATA[  [firefox] › regression\responsive-design.spec.ts:212:9 › Responsive Behavior Across Viewports › should display services page on Mobile (375x667) 

    Error: expect(locator).toBeVisible() failed

    Locator: getByRole('heading').filter({ hasText: /services/i }).first()
    Expected: visible
    Timeout: 5000ms
    Error: element(s) not found

    Call log:
      - Expect "toBeVisible" with timeout 5000ms
      - waiting for getByRole('heading').filter({ hasText: /services/i }).first()


      217 |       // More flexible heading selector
      218 |       const heading = page.getByRole('heading').filter({ hasText: /services/i }).first();
    > 219 |       await expect(heading).toBeVisible();
          |                             ^
      220 |
      221 |       // No horizontal scroll
      222 |       const bodyWidth = await page.evaluate(() => document.body.scrollWidth);
        at C:\honeybee\e2e\tests\regression\responsive-design.spec.ts:219:29

    attachment #1: screenshot (image/png) ──────────────────────────────────────────────────────────
    ..\..\test-results\regression-responsive-desi-47ea7-ces-page-on-Mobile-375x667--firefox\test-failed-1.png
    ────────────────────────────────────────────────────────────────────────────────────────────────

    attachment #2: video (video/webm) ──────────────────────────────────────────────────────────────
    ..\..\test-results\regression-responsive-desi-47ea7-ces-page-on-Mobile-375x667--firefox\video.webm
    ────────────────────────────────────────────────────────────────────────────────────────────────

    Error Context: ..\..\test-results\regression-responsive-desi-47ea7-ces-page-on-Mobile-375x667--firefox\error-context.md

    attachment #4: trace (application/zip) ─────────────────────────────────────────────────────────
    ..\..\test-results\regression-responsive-desi-47ea7-ces-page-on-Mobile-375x667--firefox\trace.zip
    Usage:

        npx playwright show-trace ..\..\test-results\regression-responsive-desi-47ea7-ces-page-on-Mobile-375x667--firefox\trace.zip

    ────────────────────────────────────────────────────────────────────────────────────────────────
]]>
</failure>
<system-out>
<![CDATA[
[[ATTACHMENT|regression-responsive-desi-47ea7-ces-page-on-Mobile-375x667--firefox\test-failed-1.png]]

[[ATTACHMENT|regression-responsive-desi-47ea7-ces-page-on-Mobile-375x667--firefox\video.webm]]

[[ATTACHMENT|regression-responsive-desi-47ea7-ces-page-on-Mobile-375x667--firefox\error-context.md]]

[[ATTACHMENT|regression-responsive-desi-47ea7-ces-page-on-Mobile-375x667--firefox\trace.zip]]
]]>
</system-out>
</testcase>
<testcase name="Responsive Behavior Across Viewports › should display services page on Tablet (768x1024)" classname="regression\responsive-design.spec.ts" time="8.442">
<failure message="responsive-design.spec.ts:212:9 should display services page on Tablet (768x1024)" type="FAILURE">
<![CDATA[  [firefox] › regression\responsive-design.spec.ts:212:9 › Responsive Behavior Across Viewports › should display services page on Tablet (768x1024) 

    Error: expect(locator).toBeVisible() failed

    Locator: getByRole('heading').filter({ hasText: /services/i }).first()
    Expected: visible
    Timeout: 5000ms
    Error: element(s) not found

    Call log:
      - Expect "toBeVisible" with timeout 5000ms
      - waiting for getByRole('heading').filter({ hasText: /services/i }).first()


      217 |       // More flexible heading selector
      218 |       const heading = page.getByRole('heading').filter({ hasText: /services/i }).first();
    > 219 |       await expect(heading).toBeVisible();
          |                             ^
      220 |
      221 |       // No horizontal scroll
      222 |       const bodyWidth = await page.evaluate(() => document.body.scrollWidth);
        at C:\honeybee\e2e\tests\regression\responsive-design.spec.ts:219:29

    attachment #1: screenshot (image/png) ──────────────────────────────────────────────────────────
    ..\..\test-results\regression-responsive-desi-63cef-es-page-on-Tablet-768x1024--firefox\test-failed-1.png
    ────────────────────────────────────────────────────────────────────────────────────────────────

    attachment #2: video (video/webm) ──────────────────────────────────────────────────────────────
    ..\..\test-results\regression-responsive-desi-63cef-es-page-on-Tablet-768x1024--firefox\video.webm
    ────────────────────────────────────────────────────────────────────────────────────────────────

    Error Context: ..\..\test-results\regression-responsive-desi-63cef-es-page-on-Tablet-768x1024--firefox\error-context.md

    attachment #4: trace (application/zip) ─────────────────────────────────────────────────────────
    ..\..\test-results\regression-responsive-desi-63cef-es-page-on-Tablet-768x1024--firefox\trace.zip
    Usage:

        npx playwright show-trace ..\..\test-results\regression-responsive-desi-63cef-es-page-on-Tablet-768x1024--firefox\trace.zip

    ────────────────────────────────────────────────────────────────────────────────────────────────
]]>
</failure>
<system-out>
<![CDATA[
[[ATTACHMENT|regression-responsive-desi-63cef-es-page-on-Tablet-768x1024--firefox\test-failed-1.png]]

[[ATTACHMENT|regression-responsive-desi-63cef-es-page-on-Tablet-768x1024--firefox\video.webm]]

[[ATTACHMENT|regression-responsive-desi-63cef-es-page-on-Tablet-768x1024--firefox\error-context.md]]

[[ATTACHMENT|regression-responsive-desi-63cef-es-page-on-Tablet-768x1024--firefox\trace.zip]]
]]>
</system-out>
</testcase>
<testcase name="Responsive Behavior Across Viewports › should display services page on Desktop (1280x720)" classname="regression\responsive-design.spec.ts" time="8.114">
<failure message="responsive-design.spec.ts:212:9 should display services page on Desktop (1280x720)" type="FAILURE">
<![CDATA[  [firefox] › regression\responsive-design.spec.ts:212:9 › Responsive Behavior Across Viewports › should display services page on Desktop (1280x720) 

    Error: expect(locator).toBeVisible() failed

    Locator: getByRole('heading').filter({ hasText: /services/i }).first()
    Expected: visible
    Timeout: 5000ms
    Error: element(s) not found

    Call log:
      - Expect "toBeVisible" with timeout 5000ms
      - waiting for getByRole('heading').filter({ hasText: /services/i }).first()


      217 |       // More flexible heading selector
      218 |       const heading = page.getByRole('heading').filter({ hasText: /services/i }).first();
    > 219 |       await expect(heading).toBeVisible();
          |                             ^
      220 |
      221 |       // No horizontal scroll
      222 |       const bodyWidth = await page.evaluate(() => document.body.scrollWidth);
        at C:\honeybee\e2e\tests\regression\responsive-design.spec.ts:219:29

    attachment #1: screenshot (image/png) ──────────────────────────────────────────────────────────
    ..\..\test-results\regression-responsive-desi-2d790-s-page-on-Desktop-1280x720--firefox\test-failed-1.png
    ────────────────────────────────────────────────────────────────────────────────────────────────

    attachment #2: video (video/webm) ──────────────────────────────────────────────────────────────
    ..\..\test-results\regression-responsive-desi-2d790-s-page-on-Desktop-1280x720--firefox\video.webm
    ────────────────────────────────────────────────────────────────────────────────────────────────

    Error Context: ..\..\test-results\regression-responsive-desi-2d790-s-page-on-Desktop-1280x720--firefox\error-context.md

    attachment #4: trace (application/zip) ─────────────────────────────────────────────────────────
    ..\..\test-results\regression-responsive-desi-2d790-s-page-on-Desktop-1280x720--firefox\trace.zip
    Usage:

        npx playwright show-trace ..\..\test-results\regression-responsive-desi-2d790-s-page-on-Desktop-1280x720--firefox\trace.zip

    ────────────────────────────────────────────────────────────────────────────────────────────────
]]>
</failure>
<system-out>
<![CDATA[
[[ATTACHMENT|regression-responsive-desi-2d790-s-page-on-Desktop-1280x720--firefox\test-failed-1.png]]

[[ATTACHMENT|regression-responsive-desi-2d790-s-page-on-Desktop-1280x720--firefox\video.webm]]

[[ATTACHMENT|regression-responsive-desi-2d790-s-page-on-Desktop-1280x720--firefox\error-context.md]]

[[ATTACHMENT|regression-responsive-desi-2d790-s-page-on-Desktop-1280x720--firefox\trace.zip]]
]]>
</system-out>
</testcase>
<testcase name="Responsive Behavior Across Viewports › should display history page on Mobile (375x667)" classname="regression\responsive-design.spec.ts" time="4.608">
<failure message="responsive-design.spec.ts:228:9 should display history page on Mobile (375x667)" type="FAILURE">
<![CDATA[  [firefox] › regression\responsive-design.spec.ts:228:9 › Responsive Behavior Across Viewports › should display history page on Mobile (375x667) 

    Error: expect(received).toBeLessThanOrEqual(expected)

    Expected: <= 395
    Received:    409

      240 |       const bodyWidth = await page.evaluate(() => document.body.scrollWidth);
      241 |       // More permissive allowance for WebKit rendering
    > 242 |       expect(bodyWidth).toBeLessThanOrEqual(viewport.width + 20);
          |                         ^
      243 |     });
      244 |   }
      245 | });
        at C:\honeybee\e2e\tests\regression\responsive-design.spec.ts:242:25

    attachment #1: screenshot (image/png) ──────────────────────────────────────────────────────────
    ..\..\test-results\regression-responsive-desi-ce9f9-ory-page-on-Mobile-375x667--firefox\test-failed-1.png
    ────────────────────────────────────────────────────────────────────────────────────────────────

    attachment #2: video (video/webm) ──────────────────────────────────────────────────────────────
    ..\..\test-results\regression-responsive-desi-ce9f9-ory-page-on-Mobile-375x667--firefox\video.webm
    ────────────────────────────────────────────────────────────────────────────────────────────────

    Error Context: ..\..\test-results\regression-responsive-desi-ce9f9-ory-page-on-Mobile-375x667--firefox\error-context.md

    attachment #4: trace (application/zip) ─────────────────────────────────────────────────────────
    ..\..\test-results\regression-responsive-desi-ce9f9-ory-page-on-Mobile-375x667--firefox\trace.zip
    Usage:

        npx playwright show-trace ..\..\test-results\regression-responsive-desi-ce9f9-ory-page-on-Mobile-375x667--firefox\trace.zip

    ────────────────────────────────────────────────────────────────────────────────────────────────
]]>
</failure>
<system-out>
<![CDATA[
[[ATTACHMENT|regression-responsive-desi-ce9f9-ory-page-on-Mobile-375x667--firefox\test-failed-1.png]]

[[ATTACHMENT|regression-responsive-desi-ce9f9-ory-page-on-Mobile-375x667--firefox\video.webm]]

[[ATTACHMENT|regression-responsive-desi-ce9f9-ory-page-on-Mobile-375x667--firefox\error-context.md]]

[[ATTACHMENT|regression-responsive-desi-ce9f9-ory-page-on-Mobile-375x667--firefox\trace.zip]]
]]>
</system-out>
</testcase>
<testcase name="Responsive Behavior Across Viewports › should display history page on Tablet (768x1024)" classname="regression\responsive-design.spec.ts" time="4.902">
<failure message="responsive-design.spec.ts:228:9 should display history page on Tablet (768x1024)" type="FAILURE">
<![CDATA[  [firefox] › regression\responsive-design.spec.ts:228:9 › Responsive Behavior Across Viewports › should display history page on Tablet (768x1024) 

    Error: expect(received).toBeLessThanOrEqual(expected)

    Expected: <= 788
    Received:    794

      240 |       const bodyWidth = await page.evaluate(() => document.body.scrollWidth);
      241 |       // More permissive allowance for WebKit rendering
    > 242 |       expect(bodyWidth).toBeLessThanOrEqual(viewport.width + 20);
          |                         ^
      243 |     });
      244 |   }
      245 | });
        at C:\honeybee\e2e\tests\regression\responsive-design.spec.ts:242:25

    attachment #1: screenshot (image/png) ──────────────────────────────────────────────────────────
    ..\..\test-results\regression-responsive-desi-6288e-ry-page-on-Tablet-768x1024--firefox\test-failed-1.png
    ────────────────────────────────────────────────────────────────────────────────────────────────

    attachment #2: video (video/webm) ──────────────────────────────────────────────────────────────
    ..\..\test-results\regression-responsive-desi-6288e-ry-page-on-Tablet-768x1024--firefox\video.webm
    ────────────────────────────────────────────────────────────────────────────────────────────────

    Error Context: ..\..\test-results\regression-responsive-desi-6288e-ry-page-on-Tablet-768x1024--firefox\error-context.md

    attachment #4: trace (application/zip) ─────────────────────────────────────────────────────────
    ..\..\test-results\regression-responsive-desi-6288e-ry-page-on-Tablet-768x1024--firefox\trace.zip
    Usage:

        npx playwright show-trace ..\..\test-results\regression-responsive-desi-6288e-ry-page-on-Tablet-768x1024--firefox\trace.zip

    ────────────────────────────────────────────────────────────────────────────────────────────────
]]>
</failure>
<system-out>
<![CDATA[
[[ATTACHMENT|regression-responsive-desi-6288e-ry-page-on-Tablet-768x1024--firefox\test-failed-1.png]]

[[ATTACHMENT|regression-responsive-desi-6288e-ry-page-on-Tablet-768x1024--firefox\video.webm]]

[[ATTACHMENT|regression-responsive-desi-6288e-ry-page-on-Tablet-768x1024--firefox\error-context.md]]

[[ATTACHMENT|regression-responsive-desi-6288e-ry-page-on-Tablet-768x1024--firefox\trace.zip]]
]]>
</system-out>
</testcase>
<testcase name="Responsive Behavior Across Viewports › should display history page on Desktop (1280x720)" classname="regression\responsive-design.spec.ts" time="7.599">
</testcase>
<testcase name="Landscape Orientation › should display in landscape on mobile" classname="regression\responsive-design.spec.ts" time="7.645">
</testcase>
<testcase name="Landscape Orientation › should display in landscape on tablet" classname="regression\responsive-design.spec.ts" time="12.649">
<failure message="responsive-design.spec.ts:255:7 should display in landscape on tablet" type="FAILURE">
<![CDATA[  [firefox] › regression\responsive-design.spec.ts:255:7 › Landscape Orientation › should display in landscape on tablet 

    Error: expect(locator).toBeVisible() failed

    Locator: getByRole('heading', { name: 'Our Services' })
    Expected: visible
    Timeout: 5000ms
    Error: element(s) not found

    Call log:
      - Expect "toBeVisible" with timeout 5000ms
      - waiting for getByRole('heading', { name: 'Our Services' })


      257 |     await page.goto('/services');
      258 |
    > 259 |     await expect(page.getByRole('heading', { name: 'Our Services' })).toBeVisible();
          |                                                                       ^
      260 |   });
      261 | });
      262 |
        at C:\honeybee\e2e\tests\regression\responsive-design.spec.ts:259:71

    attachment #1: screenshot (image/png) ──────────────────────────────────────────────────────────
    ..\..\test-results\regression-responsive-desi-3066a-play-in-landscape-on-tablet-firefox\test-failed-1.png
    ────────────────────────────────────────────────────────────────────────────────────────────────

    attachment #2: video (video/webm) ──────────────────────────────────────────────────────────────
    ..\..\test-results\regression-responsive-desi-3066a-play-in-landscape-on-tablet-firefox\video.webm
    ────────────────────────────────────────────────────────────────────────────────────────────────

    Error Context: ..\..\test-results\regression-responsive-desi-3066a-play-in-landscape-on-tablet-firefox\error-context.md

    attachment #4: trace (application/zip) ─────────────────────────────────────────────────────────
    ..\..\test-results\regression-responsive-desi-3066a-play-in-landscape-on-tablet-firefox\trace.zip
    Usage:

        npx playwright show-trace ..\..\test-results\regression-responsive-desi-3066a-play-in-landscape-on-tablet-firefox\trace.zip

    ────────────────────────────────────────────────────────────────────────────────────────────────
]]>
</failure>
<system-out>
<![CDATA[
[[ATTACHMENT|regression-responsive-desi-3066a-play-in-landscape-on-tablet-firefox\test-failed-1.png]]

[[ATTACHMENT|regression-responsive-desi-3066a-play-in-landscape-on-tablet-firefox\video.webm]]

[[ATTACHMENT|regression-responsive-desi-3066a-play-in-landscape-on-tablet-firefox\error-context.md]]

[[ATTACHMENT|regression-responsive-desi-3066a-play-in-landscape-on-tablet-firefox\trace.zip]]
]]>
</system-out>
</testcase>
</testsuite>
<testsuite name="smoke\faq.spec.ts" timestamp="2026-01-09T18:05:05.506Z" hostname="firefox" tests="13" failures="0" skipped="0" time="151.182" errors="0">
<testcase name="FAQ Assistant › should display FAQ section" classname="smoke\faq.spec.ts" time="12.026">
</testcase>
<testcase name="FAQ Assistant › should display search input" classname="smoke\faq.spec.ts" time="13.06">
</testcase>
<testcase name="FAQ Assistant › should display suggested questions" classname="smoke\faq.spec.ts" time="12.423">
</testcase>
<testcase name="FAQ Assistant › should display category filters" classname="smoke\faq.spec.ts" time="9.998">
</testcase>
<testcase name="FAQ Assistant › should display FAQ accordion items" classname="smoke\faq.spec.ts" time="9.813">
</testcase>
<testcase name="FAQ Assistant › should expand FAQ item when clicked" classname="smoke\faq.spec.ts" time="11.932">
</testcase>
<testcase name="FAQ Assistant › should display chat interface" classname="smoke\faq.spec.ts" time="10.16">
</testcase>
<testcase name="FAQ Assistant › should send question via chat interface" classname="smoke\faq.spec.ts" time="11.89">
</testcase>
<testcase name="FAQ Assistant › should send question via suggested question button" classname="smoke\faq.spec.ts" time="11.304">
</testcase>
<testcase name="FAQ Assistant › should filter FAQs by category" classname="smoke\faq.spec.ts" time="10.422">
</testcase>
<testcase name="FAQ Assistant › should search FAQs" classname="smoke\faq.spec.ts" time="11.175">
</testcase>
<testcase name="FAQ Assistant › should clear search" classname="smoke\faq.spec.ts" time="12.927">
</testcase>
<testcase name="FAQ Assistant › should display typing indicator" classname="smoke\faq.spec.ts" time="14.052">
</testcase>
</testsuite>
<testsuite name="smoke\homepage.spec.ts" timestamp="2026-01-09T18:05:05.506Z" hostname="firefox" tests="10" failures="0" skipped="0" time="90.15" errors="0">
<testcase name="Homepage - Smoke Tests › should load homepage successfully" classname="smoke\homepage.spec.ts" time="8.615">
</testcase>
<testcase name="Homepage - Smoke Tests › should render hero section" classname="smoke\homepage.spec.ts" time="11.804">
</testcase>
<testcase name="Homepage - Smoke Tests › should have no console errors" classname="smoke\homepage.spec.ts" time="11.603">
</testcase>
<testcase name="Homepage - Smoke Tests › should have no failed network requests" classname="smoke\homepage.spec.ts" time="12.116">
</testcase>
<testcase name="Homepage - Smoke Tests › should display contact section" classname="smoke\homepage.spec.ts" time="12.853">
</testcase>
<testcase name="Homepage - Smoke Tests › should have working navigation links" classname="smoke\homepage.spec.ts" time="10.488">
</testcase>
<testcase name="Homepage - Smoke Tests › should load all images without errors" classname="smoke\homepage.spec.ts" time="8.025">
</testcase>
<testcase name="Homepage - Smoke Tests › should have proper viewport dimensions" classname="smoke\homepage.spec.ts" time="8.081">
</testcase>
<testcase name="Homepage - Smoke Tests › should respond with 200 status code" classname="smoke\homepage.spec.ts" time="0.455">
</testcase>
<testcase name="Homepage - Smoke Tests › should load within reasonable time" classname="smoke\homepage.spec.ts" time="6.11">
</testcase>
</testsuite>
<testsuite name="accessibility\accessibility.spec.ts" timestamp="2026-01-09T18:05:05.506Z" hostname="webkit" tests="19" failures="6" skipped="0" time="133.207" errors="0">
<testcase name="Accessibility - Homepage › should not have any critical or serious accessibility issues" classname="accessibility\accessibility.spec.ts" time="7.263">
<failure message="accessibility.spec.ts:19:7 should not have any critical or serious accessibility issues" type="FAILURE">
<![CDATA[  [webkit] › accessibility\accessibility.spec.ts:19:7 › Accessibility - Homepage › should not have any critical or serious accessibility issues 

    Error: expect(received).toEqual(expected) // deep equality

    - Expected  -  1
    + Received  + 84

    - Array []
    + Array [
    +   Object {
    +     "description": "Ensure links have discernible text",
    +     "help": "Links must have discernible text",
    +     "helpUrl": "https://dequeuniversity.com/rules/axe/4.11/link-name?application=playwright",
    +     "id": "link-name",
    +     "impact": "serious",
    +     "nodes": Array [
    +       Object {
    +         "all": Array [],
    +         "any": Array [
    +           Object {
    +             "data": null,
    +             "id": "has-visible-text",
    +             "impact": "serious",
    +             "message": "Element does not have text that is visible to screen readers",
    +             "relatedNodes": Array [],
    +           },
    +           Object {
    +             "data": null,
    +             "id": "aria-label",
    +             "impact": "serious",
    +             "message": "aria-label attribute does not exist or is empty",
    +             "relatedNodes": Array [],
    +           },
    +           Object {
    +             "data": null,
    +             "id": "aria-labelledby",
    +             "impact": "serious",
    +             "message": "aria-labelledby attribute does not exist, references elements that do not exist or references elements that are empty",
    +             "relatedNodes": Array [],
    +           },
    +           Object {
    +             "data": Object {
    +               "messageKey": "noAttr",
    +             },
    +             "id": "non-empty-title",
    +             "impact": "serious",
    +             "message": "Element has no title attribute",
    +             "relatedNodes": Array [],
    +           },
    +         ],
    +         "failureSummary": "Fix all of the following:
    +   Element is in tab order and does not have accessible text
    +
    + Fix any of the following:
    +   Element does not have text that is visible to screen readers
    +   aria-label attribute does not exist or is empty
    +   aria-labelledby attribute does not exist, references elements that do not exist or references elements that are empty
    +   Element has no title attribute",
    +         "html": "<a href=\"https://www.facebook.com/profile.php?id=61559277947065\" target=\"_blank\" rel=\"noopener noreferrer\" class=\"relative group\" tabindex=\"0\">",
    +         "impact": "serious",
    +         "none": Array [
    +           Object {
    +             "data": null,
    +             "id": "focusable-no-name",
    +             "impact": "serious",
    +             "message": "Element is in tab order and does not have accessible text",
    +             "relatedNodes": Array [],
    +           },
    +         ],
    +         "target": Array [
    +           "a[target=\"_blank\"]",
    +         ],
    +       },
    +     ],
    +     "tags": Array [
    +       "cat.name-role-value",
    +       "wcag2a",
    +       "wcag244",
    +       "wcag412",
    +       "section508",
    +       "section508.22.a",
    +       "TTv5",
    +       "TT6.a",
    +       "EN-301-549",
    +       "EN-9.2.4.4",
    +       "EN-9.4.1.2",
    +       "ACT",
    +       "RGAAv4",
    +       "RGAA-6.2.1",
    +     ],
    +   },
    + ]

      25 |
      26 |     const criticalViolations = getCriticalViolations(accessibilityScanResults.violations);
    > 27 |     expect(criticalViolations).toEqual([]);
         |                                ^
      28 |   });
      29 |
      30 |   test('should have no critical or serious accessibility violations in critical areas', async ({ page }) => {
        at C:\honeybee\e2e\tests\accessibility\accessibility.spec.ts:27:32

    attachment #1: screenshot (image/png) ──────────────────────────────────────────────────────────
    ..\..\test-results\accessibility-accessibilit-3b0ed-erious-accessibility-issues-webkit\test-failed-1.png
    ────────────────────────────────────────────────────────────────────────────────────────────────

    attachment #2: video (video/webm) ──────────────────────────────────────────────────────────────
    ..\..\test-results\accessibility-accessibilit-3b0ed-erious-accessibility-issues-webkit\video.webm
    ────────────────────────────────────────────────────────────────────────────────────────────────

    attachment #3: video (video/webm) ──────────────────────────────────────────────────────────────
    ..\..\test-results\accessibility-accessibilit-3b0ed-erious-accessibility-issues-webkit\video-1.webm
    ────────────────────────────────────────────────────────────────────────────────────────────────

    Error Context: ..\..\test-results\accessibility-accessibilit-3b0ed-erious-accessibility-issues-webkit\error-context.md

    attachment #5: trace (application/zip) ─────────────────────────────────────────────────────────
    ..\..\test-results\accessibility-accessibilit-3b0ed-erious-accessibility-issues-webkit\trace.zip
    Usage:

        npx playwright show-trace ..\..\test-results\accessibility-accessibilit-3b0ed-erious-accessibility-issues-webkit\trace.zip

    ────────────────────────────────────────────────────────────────────────────────────────────────
]]>
</failure>
<system-out>
<![CDATA[
[[ATTACHMENT|accessibility-accessibilit-3b0ed-erious-accessibility-issues-webkit\test-failed-1.png]]

[[ATTACHMENT|accessibility-accessibilit-3b0ed-erious-accessibility-issues-webkit\video.webm]]

[[ATTACHMENT|accessibility-accessibilit-3b0ed-erious-accessibility-issues-webkit\video-1.webm]]

[[ATTACHMENT|accessibility-accessibilit-3b0ed-erious-accessibility-issues-webkit\error-context.md]]

[[ATTACHMENT|accessibility-accessibilit-3b0ed-erious-accessibility-issues-webkit\trace.zip]]
]]>
</system-out>
</testcase>
<testcase name="Accessibility - Homepage › should have no critical or serious accessibility violations in critical areas" classname="accessibility\accessibility.spec.ts" time="3.752">
</testcase>
<testcase name="Accessibility - Homepage › should have alt text on all images" classname="accessibility\accessibility.spec.ts" time="0.929">
</testcase>
<testcase name="Accessibility - Homepage › should have proper heading hierarchy" classname="accessibility\accessibility.spec.ts" time="12.659">
</testcase>
<testcase name="Accessibility - Homepage › should have focusable elements with visible focus styles" classname="accessibility\accessibility.spec.ts" time="32.502">
<failure message="accessibility.spec.ts:76:7 should have focusable elements with visible focus styles" type="FAILURE">
<![CDATA[  [webkit] › accessibility\accessibility.spec.ts:76:7 › Accessibility - Homepage › should have focusable elements with visible focus styles 

    Test timeout of 30000ms exceeded.

    Error: locator.focus: Test timeout of 30000ms exceeded.
    Call log:
      - waiting for locator('a[href], button:not([disabled]), input:not([disabled]), select:not([disabled]), textarea:not([disabled]), [tabindex]:not([tabindex="-1"])').nth(47)
        - locator resolved to <button aria-expanded="false" aria-controls="faq-answer-donate" class="w-full text-left px-6 py-5 flex items-start justify-between gap-4 hover:bg-gray-50 dark:hover:bg-gray-700 transition-colors focus:outline-none">…</button>


      87 |       const isVisible = await element.isVisible();
      88 |       if (isVisible) {
    > 89 |         await element.focus();
         |                       ^
      90 |         const isFocused = await element.evaluate((el) => document.activeElement === el);
      91 |         if (isFocused) {
      92 |           visibleElements.push(element);
        at C:\honeybee\e2e\tests\accessibility\accessibility.spec.ts:89:23

    attachment #1: screenshot (image/png) ──────────────────────────────────────────────────────────
    ..\..\test-results\accessibility-accessibilit-b224a-s-with-visible-focus-styles-webkit\test-failed-1.png
    ────────────────────────────────────────────────────────────────────────────────────────────────

    attachment #2: video (video/webm) ──────────────────────────────────────────────────────────────
    ..\..\test-results\accessibility-accessibilit-b224a-s-with-visible-focus-styles-webkit\video.webm
    ────────────────────────────────────────────────────────────────────────────────────────────────

    Error Context: ..\..\test-results\accessibility-accessibilit-b224a-s-with-visible-focus-styles-webkit\error-context.md

    attachment #4: trace (application/zip) ─────────────────────────────────────────────────────────
    ..\..\test-results\accessibility-accessibilit-b224a-s-with-visible-focus-styles-webkit\trace.zip
    Usage:

        npx playwright show-trace ..\..\test-results\accessibility-accessibilit-b224a-s-with-visible-focus-styles-webkit\trace.zip

    ────────────────────────────────────────────────────────────────────────────────────────────────
]]>
</failure>
<system-out>
<![CDATA[
[[ATTACHMENT|accessibility-accessibilit-b224a-s-with-visible-focus-styles-webkit\test-failed-1.png]]

[[ATTACHMENT|accessibility-accessibilit-b224a-s-with-visible-focus-styles-webkit\video.webm]]

[[ATTACHMENT|accessibility-accessibilit-b224a-s-with-visible-focus-styles-webkit\error-context.md]]

[[ATTACHMENT|accessibility-accessibilit-b224a-s-with-visible-focus-styles-webkit\trace.zip]]
]]>
</system-out>
</testcase>
<testcase name="Accessibility - Services Page › should not have any critical or serious accessibility issues" classname="accessibility\accessibility.spec.ts" time="3.666">
<failure message="accessibility.spec.ts:103:7 should not have any critical or serious accessibility issues" type="FAILURE">
<![CDATA[  [webkit] › accessibility\accessibility.spec.ts:103:7 › Accessibility - Services Page › should not have any critical or serious accessibility issues 

    Error: expect(received).toEqual(expected) // deep equality

    - Expected  -  1
    + Received  + 84

    - Array []
    + Array [
    +   Object {
    +     "description": "Ensure links have discernible text",
    +     "help": "Links must have discernible text",
    +     "helpUrl": "https://dequeuniversity.com/rules/axe/4.11/link-name?application=playwright",
    +     "id": "link-name",
    +     "impact": "serious",
    +     "nodes": Array [
    +       Object {
    +         "all": Array [],
    +         "any": Array [
    +           Object {
    +             "data": null,
    +             "id": "has-visible-text",
    +             "impact": "serious",
    +             "message": "Element does not have text that is visible to screen readers",
    +             "relatedNodes": Array [],
    +           },
    +           Object {
    +             "data": null,
    +             "id": "aria-label",
    +             "impact": "serious",
    +             "message": "aria-label attribute does not exist or is empty",
    +             "relatedNodes": Array [],
    +           },
    +           Object {
    +             "data": null,
    +             "id": "aria-labelledby",
    +             "impact": "serious",
    +             "message": "aria-labelledby attribute does not exist, references elements that do not exist or references elements that are empty",
    +             "relatedNodes": Array [],
    +           },
    +           Object {
    +             "data": Object {
    +               "messageKey": "noAttr",
    +             },
    +             "id": "non-empty-title",
    +             "impact": "serious",
    +             "message": "Element has no title attribute",
    +             "relatedNodes": Array [],
    +           },
    +         ],
    +         "failureSummary": "Fix all of the following:
    +   Element is in tab order and does not have accessible text
    +
    + Fix any of the following:
    +   Element does not have text that is visible to screen readers
    +   aria-label attribute does not exist or is empty
    +   aria-labelledby attribute does not exist, references elements that do not exist or references elements that are empty
    +   Element has no title attribute",
    +         "html": "<a href=\"https://www.facebook.com/profile.php?id=61559277947065\" target=\"_blank\" rel=\"noopener noreferrer\" class=\"relative group\" tabindex=\"0\">",
    +         "impact": "serious",
    +         "none": Array [
    +           Object {
    +             "data": null,
    +             "id": "focusable-no-name",
    +             "impact": "serious",
    +             "message": "Element is in tab order and does not have accessible text",
    +             "relatedNodes": Array [],
    +           },
    +         ],
    +         "target": Array [
    +           "a[target=\"_blank\"]",
    +         ],
    +       },
    +     ],
    +     "tags": Array [
    +       "cat.name-role-value",
    +       "wcag2a",
    +       "wcag244",
    +       "wcag412",
    +       "section508",
    +       "section508.22.a",
    +       "TTv5",
    +       "TT6.a",
    +       "EN-301-549",
    +       "EN-9.2.4.4",
    +       "EN-9.4.1.2",
    +       "ACT",
    +       "RGAAv4",
    +       "RGAA-6.2.1",
    +     ],
    +   },
    + ]

      109 |
      110 |     const criticalViolations = getCriticalViolations(accessibilityScanResults.violations);
    > 111 |     expect(criticalViolations).toEqual([]);
          |                                ^
      112 |   });
      113 |
      114 |   test('should have alt text on all images', async ({ page }) => {
        at C:\honeybee\e2e\tests\accessibility\accessibility.spec.ts:111:32

    attachment #1: screenshot (image/png) ──────────────────────────────────────────────────────────
    ..\..\test-results\accessibility-accessibilit-1a0d9-erious-accessibility-issues-webkit\test-failed-1.png
    ────────────────────────────────────────────────────────────────────────────────────────────────

    attachment #2: video (video/webm) ──────────────────────────────────────────────────────────────
    ..\..\test-results\accessibility-accessibilit-1a0d9-erious-accessibility-issues-webkit\video.webm
    ────────────────────────────────────────────────────────────────────────────────────────────────

    attachment #3: video (video/webm) ──────────────────────────────────────────────────────────────
    ..\..\test-results\accessibility-accessibilit-1a0d9-erious-accessibility-issues-webkit\video-1.webm
    ────────────────────────────────────────────────────────────────────────────────────────────────

    Error Context: ..\..\test-results\accessibility-accessibilit-1a0d9-erious-accessibility-issues-webkit\error-context.md

    attachment #5: trace (application/zip) ─────────────────────────────────────────────────────────
    ..\..\test-results\accessibility-accessibilit-1a0d9-erious-accessibility-issues-webkit\trace.zip
    Usage:

        npx playwright show-trace ..\..\test-results\accessibility-accessibilit-1a0d9-erious-accessibility-issues-webkit\trace.zip

    ────────────────────────────────────────────────────────────────────────────────────────────────
]]>
</failure>
<system-out>
<![CDATA[
[[ATTACHMENT|accessibility-accessibilit-1a0d9-erious-accessibility-issues-webkit\test-failed-1.png]]

[[ATTACHMENT|accessibility-accessibilit-1a0d9-erious-accessibility-issues-webkit\video.webm]]

[[ATTACHMENT|accessibility-accessibilit-1a0d9-erious-accessibility-issues-webkit\video-1.webm]]

[[ATTACHMENT|accessibility-accessibilit-1a0d9-erious-accessibility-issues-webkit\error-context.md]]

[[ATTACHMENT|accessibility-accessibilit-1a0d9-erious-accessibility-issues-webkit\trace.zip]]
]]>
</system-out>
</testcase>
<testcase name="Accessibility - Services Page › should have alt text on all images" classname="accessibility\accessibility.spec.ts" time="2.052">
</testcase>
<testcase name="Accessibility - Services Page › should have descriptive link text" classname="accessibility\accessibility.spec.ts" time="30.802">
<failure message="accessibility.spec.ts:125:7 should have descriptive link text" type="FAILURE">
<![CDATA[  [webkit] › accessibility\accessibility.spec.ts:125:7 › Accessibility - Services Page › should have descriptive link text 

    Test timeout of 30000ms exceeded.

    Error: locator.getAttribute: Test timeout of 30000ms exceeded.
    Call log:
      - waiting for locator('a[href]').nth(4)


      132 |       const link = links.nth(i);
      133 |       const text = await link.textContent();
    > 134 |       const ariaLabel = await link.getAttribute('aria-label');
          |                                    ^
      135 |
      136 |       // Links should have either text or aria-label
      137 |       expect(text?.trim() || ariaLabel).toBeTruthy();
        at C:\honeybee\e2e\tests\accessibility\accessibility.spec.ts:134:36

    attachment #1: screenshot (image/png) ──────────────────────────────────────────────────────────
    ..\..\test-results\accessibility-accessibilit-3e37a--have-descriptive-link-text-webkit\test-failed-1.png
    ────────────────────────────────────────────────────────────────────────────────────────────────

    attachment #2: video (video/webm) ──────────────────────────────────────────────────────────────
    ..\..\test-results\accessibility-accessibilit-3e37a--have-descriptive-link-text-webkit\video.webm
    ────────────────────────────────────────────────────────────────────────────────────────────────

    Error Context: ..\..\test-results\accessibility-accessibilit-3e37a--have-descriptive-link-text-webkit\error-context.md

    attachment #4: trace (application/zip) ─────────────────────────────────────────────────────────
    ..\..\test-results\accessibility-accessibilit-3e37a--have-descriptive-link-text-webkit\trace.zip
    Usage:

        npx playwright show-trace ..\..\test-results\accessibility-accessibilit-3e37a--have-descriptive-link-text-webkit\trace.zip

    ────────────────────────────────────────────────────────────────────────────────────────────────
]]>
</failure>
<system-out>
<![CDATA[
[[ATTACHMENT|accessibility-accessibilit-3e37a--have-descriptive-link-text-webkit\test-failed-1.png]]

[[ATTACHMENT|accessibility-accessibilit-3e37a--have-descriptive-link-text-webkit\video.webm]]

[[ATTACHMENT|accessibility-accessibilit-3e37a--have-descriptive-link-text-webkit\error-context.md]]

[[ATTACHMENT|accessibility-accessibilit-3e37a--have-descriptive-link-text-webkit\trace.zip]]
]]>
</system-out>
</testcase>
<testcase name="Accessibility - History Page › should not have any critical or serious accessibility issues" classname="accessibility\accessibility.spec.ts" time="3.275">
<failure message="accessibility.spec.ts:143:7 should not have any critical or serious accessibility issues" type="FAILURE">
<![CDATA[  [webkit] › accessibility\accessibility.spec.ts:143:7 › Accessibility - History Page › should not have any critical or serious accessibility issues 

    Error: expect(received).toEqual(expected) // deep equality

    - Expected  -  1
    + Received  + 84

    - Array []
    + Array [
    +   Object {
    +     "description": "Ensure links have discernible text",
    +     "help": "Links must have discernible text",
    +     "helpUrl": "https://dequeuniversity.com/rules/axe/4.11/link-name?application=playwright",
    +     "id": "link-name",
    +     "impact": "serious",
    +     "nodes": Array [
    +       Object {
    +         "all": Array [],
    +         "any": Array [
    +           Object {
    +             "data": null,
    +             "id": "has-visible-text",
    +             "impact": "serious",
    +             "message": "Element does not have text that is visible to screen readers",
    +             "relatedNodes": Array [],
    +           },
    +           Object {
    +             "data": null,
    +             "id": "aria-label",
    +             "impact": "serious",
    +             "message": "aria-label attribute does not exist or is empty",
    +             "relatedNodes": Array [],
    +           },
    +           Object {
    +             "data": null,
    +             "id": "aria-labelledby",
    +             "impact": "serious",
    +             "message": "aria-labelledby attribute does not exist, references elements that do not exist or references elements that are empty",
    +             "relatedNodes": Array [],
    +           },
    +           Object {
    +             "data": Object {
    +               "messageKey": "noAttr",
    +             },
    +             "id": "non-empty-title",
    +             "impact": "serious",
    +             "message": "Element has no title attribute",
    +             "relatedNodes": Array [],
    +           },
    +         ],
    +         "failureSummary": "Fix all of the following:
    +   Element is in tab order and does not have accessible text
    +
    + Fix any of the following:
    +   Element does not have text that is visible to screen readers
    +   aria-label attribute does not exist or is empty
    +   aria-labelledby attribute does not exist, references elements that do not exist or references elements that are empty
    +   Element has no title attribute",
    +         "html": "<a href=\"https://www.facebook.com/profile.php?id=61559277947065\" target=\"_blank\" rel=\"noopener noreferrer\" class=\"relative group\" tabindex=\"0\">",
    +         "impact": "serious",
    +         "none": Array [
    +           Object {
    +             "data": null,
    +             "id": "focusable-no-name",
    +             "impact": "serious",
    +             "message": "Element is in tab order and does not have accessible text",
    +             "relatedNodes": Array [],
    +           },
    +         ],
    +         "target": Array [
    +           ".group",
    +         ],
    +       },
    +     ],
    +     "tags": Array [
    +       "cat.name-role-value",
    +       "wcag2a",
    +       "wcag244",
    +       "wcag412",
    +       "section508",
    +       "section508.22.a",
    +       "TTv5",
    +       "TT6.a",
    +       "EN-301-549",
    +       "EN-9.2.4.4",
    +       "EN-9.4.1.2",
    +       "ACT",
    +       "RGAAv4",
    +       "RGAA-6.2.1",
    +     ],
    +   },
    + ]

      149 |
      150 |     const criticalViolations = getCriticalViolations(accessibilityScanResults.violations);
    > 151 |     expect(criticalViolations).toEqual([]);
          |                                ^
      152 |   });
      153 |
      154 |   test('should have alt text on all images', async ({ page }) => {
        at C:\honeybee\e2e\tests\accessibility\accessibility.spec.ts:151:32

    attachment #1: screenshot (image/png) ──────────────────────────────────────────────────────────
    ..\..\test-results\accessibility-accessibilit-dd026-erious-accessibility-issues-webkit\test-failed-1.png
    ────────────────────────────────────────────────────────────────────────────────────────────────

    attachment #2: video (video/webm) ──────────────────────────────────────────────────────────────
    ..\..\test-results\accessibility-accessibilit-dd026-erious-accessibility-issues-webkit\video-1.webm
    ────────────────────────────────────────────────────────────────────────────────────────────────

    attachment #3: video (video/webm) ──────────────────────────────────────────────────────────────
    ..\..\test-results\accessibility-accessibilit-dd026-erious-accessibility-issues-webkit\video.webm
    ────────────────────────────────────────────────────────────────────────────────────────────────

    Error Context: ..\..\test-results\accessibility-accessibilit-dd026-erious-accessibility-issues-webkit\error-context.md

    attachment #5: trace (application/zip) ─────────────────────────────────────────────────────────
    ..\..\test-results\accessibility-accessibilit-dd026-erious-accessibility-issues-webkit\trace.zip
    Usage:

        npx playwright show-trace ..\..\test-results\accessibility-accessibilit-dd026-erious-accessibility-issues-webkit\trace.zip

    ────────────────────────────────────────────────────────────────────────────────────────────────
]]>
</failure>
<system-out>
<![CDATA[
[[ATTACHMENT|accessibility-accessibilit-dd026-erious-accessibility-issues-webkit\test-failed-1.png]]

[[ATTACHMENT|accessibility-accessibilit-dd026-erious-accessibility-issues-webkit\video-1.webm]]

[[ATTACHMENT|accessibility-accessibilit-dd026-erious-accessibility-issues-webkit\video.webm]]

[[ATTACHMENT|accessibility-accessibilit-dd026-erious-accessibility-issues-webkit\error-context.md]]

[[ATTACHMENT|accessibility-accessibilit-dd026-erious-accessibility-issues-webkit\trace.zip]]
]]>
</system-out>
</testcase>
<testcase name="Accessibility - History Page › should have alt text on all images" classname="accessibility\accessibility.spec.ts" time="1.509">
</testcase>
<testcase name="Accessibility - History Page › should have proper landmarks" classname="accessibility\accessibility.spec.ts" time="2.947">
<failure message="accessibility.spec.ts:165:7 should have proper landmarks" type="FAILURE">
<![CDATA[  [webkit] › accessibility\accessibility.spec.ts:165:7 › Accessibility - History Page › should have proper landmarks 

    Error: expect(locator).toBeVisible() failed

    Locator: locator('main').locator('h1').or(locator('main').locator('h2').first())
    Expected: visible
    Error: strict mode violation: locator('main').locator('h1').or(locator('main').locator('h2').first()) resolved to 2 elements:
        1) <h1 data-testid="history-heading" class="text-5xl md:text-6xl font-bold text-gray-900 dark:text-white mb-2">Our History</h1> aka getByTestId('history-heading')
        2) <h2 data-testid="founder-heading" class="text-4xl md:text-5xl font-bold text-gray-900 dark:text-white mb-6">Our Founder</h2> aka getByTestId('founder-heading')

    Call log:
      - Expect "toBeVisible" with timeout 5000ms
      - waiting for locator('main').locator('h1').or(locator('main').locator('h2').first())


      176 |     // Check for heading in main
      177 |     const mainHeading = main.locator('h1').or(main.locator('h2').first());
    > 178 |     await expect(mainHeading).toBeVisible();
          |                               ^
      179 |   });
      180 | });
      181 |
        at C:\honeybee\e2e\tests\accessibility\accessibility.spec.ts:178:31

    attachment #1: screenshot (image/png) ──────────────────────────────────────────────────────────
    ..\..\test-results\accessibility-accessibilit-f9241-hould-have-proper-landmarks-webkit\test-failed-1.png
    ────────────────────────────────────────────────────────────────────────────────────────────────

    attachment #2: video (video/webm) ──────────────────────────────────────────────────────────────
    ..\..\test-results\accessibility-accessibilit-f9241-hould-have-proper-landmarks-webkit\video.webm
    ────────────────────────────────────────────────────────────────────────────────────────────────

    Error Context: ..\..\test-results\accessibility-accessibilit-f9241-hould-have-proper-landmarks-webkit\error-context.md

    attachment #4: trace (application/zip) ─────────────────────────────────────────────────────────
    ..\..\test-results\accessibility-accessibilit-f9241-hould-have-proper-landmarks-webkit\trace.zip
    Usage:

        npx playwright show-trace ..\..\test-results\accessibility-accessibilit-f9241-hould-have-proper-landmarks-webkit\trace.zip

    ────────────────────────────────────────────────────────────────────────────────────────────────
]]>
</failure>
<system-out>
<![CDATA[
[[ATTACHMENT|accessibility-accessibilit-f9241-hould-have-proper-landmarks-webkit\test-failed-1.png]]

[[ATTACHMENT|accessibility-accessibilit-f9241-hould-have-proper-landmarks-webkit\video.webm]]

[[ATTACHMENT|accessibility-accessibilit-f9241-hould-have-proper-landmarks-webkit\error-context.md]]

[[ATTACHMENT|accessibility-accessibilit-f9241-hould-have-proper-landmarks-webkit\trace.zip]]
]]>
</system-out>
</testcase>
<testcase name="Accessibility - Keyboard Navigation › should be fully keyboard navigable" classname="accessibility\accessibility.spec.ts" time="1.865">
</testcase>
<testcase name="Accessibility - Keyboard Navigation › should trap focus in modal if present" classname="accessibility\accessibility.spec.ts" time="0.83">
</testcase>
<testcase name="Accessibility - Keyboard Navigation › should have visible skip link" classname="accessibility\accessibility.spec.ts" time="1.359">
</testcase>
<testcase name="Accessibility - Color Contrast › should have sufficient color contrast" classname="accessibility\accessibility.spec.ts" time="3.735">
</testcase>
<testcase name="Accessibility - Color Contrast › should maintain contrast in dark mode" classname="accessibility\accessibility.spec.ts" time="0.832">
</testcase>
<testcase name="Accessibility - Screen Reader › should have descriptive ARIA labels on interactive elements" classname="accessibility\accessibility.spec.ts" time="16.818">
</testcase>
<testcase name="Accessibility - Screen Reader › should have role attributes where needed" classname="accessibility\accessibility.spec.ts" time="5.52">
</testcase>
<testcase name="Accessibility - Screen Reader › should announce dynamic content changes" classname="accessibility\accessibility.spec.ts" time="0.892">
</testcase>
</testsuite>
<testsuite name="happy-path\navigation.spec.ts" timestamp="2026-01-09T18:05:05.506Z" hostname="webkit" tests="14" failures="4" skipped="0" time="92.742" errors="0">
<testcase name="Navigation &amp; Routing › should navigate to services page" classname="happy-path\navigation.spec.ts" time="5.456">
<failure message="navigation.spec.ts:36:7 should navigate to services page" type="FAILURE">
<![CDATA[  [webkit] › happy-path\navigation.spec.ts:36:7 › Navigation & Routing › should navigate to services page 

    Error: locator.waitFor: Error: strict mode violation: getByRole('button', { name: /services/i }) resolved to 10 elements:
        1) <button aria-haspopup="menu" aria-expanded="false" aria-controls="services-submenu" class="text-gray-700 dark:text-gray-300 hover:text-primary-400 dark:hover:text-primary-400 transition-colors font-medium flex items-center">…</button> aka getByTestId('main-navigation').getByRole('button', { name: 'Services' })
        2) <button aria-label="Scroll to services section to learn more about our services" class="group relative px-8 py-4 bg-bee-amber hover:bg-honey-600 text-white font-semibold rounded-full shadow-lg hover:shadow-xl transition-all duration-300 overflow-hidden">…</button> aka getByRole('button', { name: 'Scroll to services section to' })
        3) <button aria-pressed="false" aria-label="Filter by Day Services" class="px-6 py-2 rounded-full font-medium transition-all duration-300 bg-gray-100 dark:bg-gray-800 text-gray-700 dark:text-gray-300 hover:bg-gray-200 dark:hover:bg-gray-700">Day Services</button> aka getByRole('button', { name: 'Filter by Day Services' })
        4) <button tabindex="0" class="px-4 py-2 rounded-full bg-white dark:bg-gray-800 border-2 border-primary-400 text-sm font-medium text-primary-600 dark:text-primary-400 hover:bg-primary-400 hover:text-white dark:hover:bg-primary-500 transition-all shadow-md hover:shadow-lg">What services do you provide?</button> aka getByRole('button', { name: 'What services do you provide?' })
        5) <button aria-pressed="false" aria-label="Filter by Services" class="px-5 py-2.5 rounded-full font-medium transition-all bg-white dark:bg-gray-800 text-gray-700 dark:text-gray-300 border-2 border-gray-300 dark:border-gray-600 hover:bg-gray-50 dark:hover:bg-gray-700">Services</button> aka getByRole('button', { name: 'Filter by Services' })
        6) <button aria-expanded="false" aria-controls="faq-answer-services" class="w-full text-left px-6 py-5 flex items-start justify-between gap-4 hover:bg-gray-50 dark:hover:bg-gray-700 transition-colors focus:outline-none">…</button> aka getByRole('button', { name: '💬 What services does HBCS' })
        7) <button aria-expanded="false" aria-controls="faq-answer-eligibility" class="w-full text-left px-6 py-5 flex items-start justify-between gap-4 hover:bg-gray-50 dark:hover:bg-gray-700 transition-colors focus:outline-none">…</button> aka getByRole('button', { name: '💬 How do I qualify for HBCS' })
        8) <button aria-expanded="false" aria-controls="faq-answer-residential" class="w-full text-left px-6 py-5 flex items-start justify-between gap-4 hover:bg-gray-50 dark:hover:bg-gray-700 transition-colors focus:outline-none">…</button> aka getByRole('button', { name: '💬 What is your Residential' })
        9) <button aria-expanded="false" aria-controls="faq-answer-day-services" class="w-full text-left px-6 py-5 flex items-start justify-between gap-4 hover:bg-gray-50 dark:hover:bg-gray-700 transition-colors focus:outline-none">…</button> aka getByRole('button', { name: '💬 What do you offer in Day' })
        10) <button aria-expanded="false" aria-controls="faq-answer-cost" class="w-full text-left px-6 py-5 flex items-start justify-between gap-4 hover:bg-gray-50 dark:hover:bg-gray-700 transition-colors focus:outline-none">…</button> aka getByRole('button', { name: '💬 How much do your services' })

    Call log:
      - waiting for getByRole('button', { name: /services/i }) to be visible


      43 |     // Services is a dropdown button, need to click menu item
      44 |     const servicesButton = page.getByRole('button', { name: /services/i });
    > 45 |     await servicesButton.waitFor({ state: 'visible', timeout: 10000 });
         |                          ^
      46 |     await servicesButton.click();
      47 |
      48 |     // Use robust wait strategy
        at C:\honeybee\e2e\tests\happy-path\navigation.spec.ts:45:26

    attachment #1: screenshot (image/png) ──────────────────────────────────────────────────────────
    ..\..\test-results\happy-path-navigation-Navi-9bd7c-d-navigate-to-services-page-webkit\test-failed-1.png
    ────────────────────────────────────────────────────────────────────────────────────────────────

    attachment #2: video (video/webm) ──────────────────────────────────────────────────────────────
    ..\..\test-results\happy-path-navigation-Navi-9bd7c-d-navigate-to-services-page-webkit\video.webm
    ────────────────────────────────────────────────────────────────────────────────────────────────

    Error Context: ..\..\test-results\happy-path-navigation-Navi-9bd7c-d-navigate-to-services-page-webkit\error-context.md

    attachment #4: trace (application/zip) ─────────────────────────────────────────────────────────
    ..\..\test-results\happy-path-navigation-Navi-9bd7c-d-navigate-to-services-page-webkit\trace.zip
    Usage:

        npx playwright show-trace ..\..\test-results\happy-path-navigation-Navi-9bd7c-d-navigate-to-services-page-webkit\trace.zip

    ────────────────────────────────────────────────────────────────────────────────────────────────
]]>
</failure>
<system-out>
<![CDATA[
[[ATTACHMENT|happy-path-navigation-Navi-9bd7c-d-navigate-to-services-page-webkit\test-failed-1.png]]

[[ATTACHMENT|happy-path-navigation-Navi-9bd7c-d-navigate-to-services-page-webkit\video.webm]]

[[ATTACHMENT|happy-path-navigation-Navi-9bd7c-d-navigate-to-services-page-webkit\error-context.md]]

[[ATTACHMENT|happy-path-navigation-Navi-9bd7c-d-navigate-to-services-page-webkit\trace.zip]]
]]>
</system-out>
</testcase>
<testcase name="Navigation &amp; Routing › should navigate to history page" classname="happy-path\navigation.spec.ts" time="6.711">
</testcase>
<testcase name="Navigation &amp; Routing › should navigate to our vision page" classname="happy-path\navigation.spec.ts" time="7.791">
</testcase>
<testcase name="Navigation &amp; Routing › should navigate back to home from history" classname="happy-path\navigation.spec.ts" time="1.284">
<failure message="navigation.spec.ts:100:7 should navigate back to home from history" type="FAILURE">
<![CDATA[  [webkit] › happy-path\navigation.spec.ts:100:7 › Navigation & Routing › should navigate back to home from history 

    Error: locator.waitFor: Error: strict mode violation: locator('a[href="/"]') resolved to 2 elements:
        1) <a href="/" data-testid="back-to-home-link" aria-label="Navigate back to home page" class="inline-flex items-center text-primary-400 hover:text-primary-500 mb-6 font-medium">…</a> aka getByTestId('back-to-home-link')
        2) <a href="/" class="text-gray-400 hover:text-bee-gold-dark transition-colors">Home</a> aka getByRole('link', { name: 'Home', exact: true })

    Call log:
      - waiting for locator('a[href="/"]')


      105 |     // Wait for back button to be ready
      106 |     const backToHomeButton = page.locator('a[href="/"]');
    > 107 |     await backToHomeButton.waitFor({ state: 'attached', timeout: 5000 });
          |                            ^
      108 |     await historyPage.clickBackToHome();
      109 |
      110 |     // Browser-specific wait for navigation
        at C:\honeybee\e2e\tests\happy-path\navigation.spec.ts:107:28

    attachment #1: screenshot (image/png) ──────────────────────────────────────────────────────────
    ..\..\test-results\happy-path-navigation-Navi-6d98e-e-back-to-home-from-history-webkit\test-failed-1.png
    ────────────────────────────────────────────────────────────────────────────────────────────────

    attachment #2: video (video/webm) ──────────────────────────────────────────────────────────────
    ..\..\test-results\happy-path-navigation-Navi-6d98e-e-back-to-home-from-history-webkit\video.webm
    ────────────────────────────────────────────────────────────────────────────────────────────────

    Error Context: ..\..\test-results\happy-path-navigation-Navi-6d98e-e-back-to-home-from-history-webkit\error-context.md

    attachment #4: trace (application/zip) ─────────────────────────────────────────────────────────
    ..\..\test-results\happy-path-navigation-Navi-6d98e-e-back-to-home-from-history-webkit\trace.zip
    Usage:

        npx playwright show-trace ..\..\test-results\happy-path-navigation-Navi-6d98e-e-back-to-home-from-history-webkit\trace.zip

    ────────────────────────────────────────────────────────────────────────────────────────────────
]]>
</failure>
<system-out>
<![CDATA[
[[ATTACHMENT|happy-path-navigation-Navi-6d98e-e-back-to-home-from-history-webkit\test-failed-1.png]]

[[ATTACHMENT|happy-path-navigation-Navi-6d98e-e-back-to-home-from-history-webkit\video.webm]]

[[ATTACHMENT|happy-path-navigation-Navi-6d98e-e-back-to-home-from-history-webkit\error-context.md]]

[[ATTACHMENT|happy-path-navigation-Navi-6d98e-e-back-to-home-from-history-webkit\trace.zip]]
]]>
</system-out>
</testcase>
<testcase name="Navigation &amp; Routing › should navigate to service detail pages" classname="happy-path\navigation.spec.ts" time="13.378">
<failure message="navigation.spec.ts:118:7 should navigate to service detail pages" type="FAILURE">
<![CDATA[  [webkit] › happy-path\navigation.spec.ts:118:7 › Navigation & Routing › should navigate to service detail pages 

    Error: expect(locator).toBeVisible() failed

    Locator: getByRole('menu')
    Expected: visible
    Timeout: 10000ms
    Error: element(s) not found

    Call log:
      - Expect "toBeVisible" with timeout 10000ms
      - waiting for getByRole('menu')


      16 | async function waitForMenuReady(page: any, browserName: string) {
      17 |   // Wait for menu to be visible
    > 18 |   await expect(page.getByRole('menu')).toBeVisible({ timeout: 10000 });
         |                                        ^
      19 |
      20 |   // Browser-specific waits
      21 |   const browserWaits: Record<string, number> = {
        at waitForMenuReady (C:\honeybee\e2e\tests\happy-path\navigation.spec.ts:18:40)
        at C:\honeybee\e2e\tests\happy-path\navigation.spec.ts:128:11

    attachment #1: screenshot (image/png) ──────────────────────────────────────────────────────────
    ..\..\test-results\happy-path-navigation-Navi-d2a42-ate-to-service-detail-pages-webkit\test-failed-1.png
    ────────────────────────────────────────────────────────────────────────────────────────────────

    attachment #2: video (video/webm) ──────────────────────────────────────────────────────────────
    ..\..\test-results\happy-path-navigation-Navi-d2a42-ate-to-service-detail-pages-webkit\video.webm
    ────────────────────────────────────────────────────────────────────────────────────────────────

    Error Context: ..\..\test-results\happy-path-navigation-Navi-d2a42-ate-to-service-detail-pages-webkit\error-context.md

    attachment #4: trace (application/zip) ─────────────────────────────────────────────────────────
    ..\..\test-results\happy-path-navigation-Navi-d2a42-ate-to-service-detail-pages-webkit\trace.zip
    Usage:

        npx playwright show-trace ..\..\test-results\happy-path-navigation-Navi-d2a42-ate-to-service-detail-pages-webkit\trace.zip

    ────────────────────────────────────────────────────────────────────────────────────────────────
]]>
</failure>
<system-out>
<![CDATA[
[[ATTACHMENT|happy-path-navigation-Navi-d2a42-ate-to-service-detail-pages-webkit\test-failed-1.png]]

[[ATTACHMENT|happy-path-navigation-Navi-d2a42-ate-to-service-detail-pages-webkit\video.webm]]

[[ATTACHMENT|happy-path-navigation-Navi-d2a42-ate-to-service-detail-pages-webkit\error-context.md]]

[[ATTACHMENT|happy-path-navigation-Navi-d2a42-ate-to-service-detail-pages-webkit\trace.zip]]
]]>
</system-out>
</testcase>
<testcase name="Navigation &amp; Routing › should navigate to contact section" classname="happy-path\navigation.spec.ts" time="6.155">
</testcase>
<testcase name="Navigation &amp; Routing › should handle 404 for non-existent routes" classname="happy-path\navigation.spec.ts" time="1.097">
</testcase>
<testcase name="Navigation &amp; Routing › should maintain state on page reload" classname="happy-path\navigation.spec.ts" time="4.276">
</testcase>
<testcase name="Navigation &amp; Routing › should handle browser back button" classname="happy-path\navigation.spec.ts" time="7.449">
</testcase>
<testcase name="Navigation &amp; Routing › should handle browser forward button" classname="happy-path\navigation.spec.ts" time="13.042">
</testcase>
<testcase name="Navigation &amp; Routing › should navigate via direct URL" classname="happy-path\navigation.spec.ts" time="10.865">
<failure message="navigation.spec.ts:255:7 should navigate via direct URL" type="FAILURE">
<![CDATA[  [webkit] › happy-path\navigation.spec.ts:255:7 › Navigation & Routing › should navigate via direct URL 

    TimeoutError: locator.waitFor: Timeout 8000ms exceeded.
    Call log:
      - waiting for getByRole('heading', { name: /our services/i }) to be visible


      259 |     await expect(page).toHaveURL('/services');
      260 |     const servicesHeading = page.getByRole('heading', { name: /our services/i });
    > 261 |     await servicesHeading.waitFor({ state: 'visible', timeout: 8000 });
          |                           ^
      262 |     await expect(servicesHeading).toBeVisible();
      263 |
      264 |     // Navigate directly to history
        at C:\honeybee\e2e\tests\happy-path\navigation.spec.ts:261:27

    attachment #1: screenshot (image/png) ──────────────────────────────────────────────────────────
    ..\..\test-results\happy-path-navigation-Navi-144e7-uld-navigate-via-direct-URL-webkit\test-failed-1.png
    ────────────────────────────────────────────────────────────────────────────────────────────────

    attachment #2: video (video/webm) ──────────────────────────────────────────────────────────────
    ..\..\test-results\happy-path-navigation-Navi-144e7-uld-navigate-via-direct-URL-webkit\video.webm
    ────────────────────────────────────────────────────────────────────────────────────────────────

    Error Context: ..\..\test-results\happy-path-navigation-Navi-144e7-uld-navigate-via-direct-URL-webkit\error-context.md

    attachment #4: trace (application/zip) ─────────────────────────────────────────────────────────
    ..\..\test-results\happy-path-navigation-Navi-144e7-uld-navigate-via-direct-URL-webkit\trace.zip
    Usage:

        npx playwright show-trace ..\..\test-results\happy-path-navigation-Navi-144e7-uld-navigate-via-direct-URL-webkit\trace.zip

    ────────────────────────────────────────────────────────────────────────────────────────────────
]]>
</failure>
<system-out>
<![CDATA[
[[ATTACHMENT|happy-path-navigation-Navi-144e7-uld-navigate-via-direct-URL-webkit\test-failed-1.png]]

[[ATTACHMENT|happy-path-navigation-Navi-144e7-uld-navigate-via-direct-URL-webkit\video.webm]]

[[ATTACHMENT|happy-path-navigation-Navi-144e7-uld-navigate-via-direct-URL-webkit\error-context.md]]

[[ATTACHMENT|happy-path-navigation-Navi-144e7-uld-navigate-via-direct-URL-webkit\trace.zip]]
]]>
</system-out>
</testcase>
<testcase name="Navigation &amp; Routing › should handle navigation with query parameters" classname="happy-path\navigation.spec.ts" time="3.904">
</testcase>
<testcase name="Navigation &amp; Routing › should maintain scroll position on back navigation" classname="happy-path\navigation.spec.ts" time="8.861">
</testcase>
<testcase name="Navigation &amp; Routing › should handle multiple rapid navigations" classname="happy-path\navigation.spec.ts" time="2.473">
</testcase>
</testsuite>
<testsuite name="regression\page-content.spec.ts" timestamp="2026-01-09T18:05:05.506Z" hostname="webkit" tests="23" failures="4" skipped="0" time="116.5" errors="0">
<testcase name="Homepage - Content Tests › should display hero heading" classname="regression\page-content.spec.ts" time="1.908">
</testcase>
<testcase name="Homepage - Content Tests › should display services section" classname="regression\page-content.spec.ts" time="31.732">
<failure message="page-content.spec.ts:22:7 should display services section" type="FAILURE">
<![CDATA[  [webkit] › regression\page-content.spec.ts:22:7 › Homepage - Content Tests › should display services section 

    Test timeout of 30000ms exceeded.

    Error: locator.scrollIntoViewIfNeeded: Test timeout of 30000ms exceeded.
    Call log:
      - waiting for getByTestId('services-section').or(locator('[data-testid="services-section"]'))


      27 |     // Use data-testid for specific section - scroll into view first
      28 |     const servicesSection = page.getByTestId('services-section').or(page.locator('[data-testid="services-section"]'));
    > 29 |     await servicesSection.scrollIntoViewIfNeeded();
         |                           ^
      30 |     await expect(servicesSection).toBeVisible();
      31 |
      32 |     // More flexible heading selector
        at C:\honeybee\e2e\tests\regression\page-content.spec.ts:29:27

    attachment #1: screenshot (image/png) ──────────────────────────────────────────────────────────
    ..\..\test-results\regression-page-content-Ho-e29a4-ld-display-services-section-webkit\test-failed-1.png
    ────────────────────────────────────────────────────────────────────────────────────────────────

    attachment #2: video (video/webm) ──────────────────────────────────────────────────────────────
    ..\..\test-results\regression-page-content-Ho-e29a4-ld-display-services-section-webkit\video.webm
    ────────────────────────────────────────────────────────────────────────────────────────────────

    Error Context: ..\..\test-results\regression-page-content-Ho-e29a4-ld-display-services-section-webkit\error-context.md

    attachment #4: trace (application/zip) ─────────────────────────────────────────────────────────
    ..\..\test-results\regression-page-content-Ho-e29a4-ld-display-services-section-webkit\trace.zip
    Usage:

        npx playwright show-trace ..\..\test-results\regression-page-content-Ho-e29a4-ld-display-services-section-webkit\trace.zip

    ────────────────────────────────────────────────────────────────────────────────────────────────
]]>
</failure>
<system-out>
<![CDATA[
[[ATTACHMENT|regression-page-content-Ho-e29a4-ld-display-services-section-webkit\test-failed-1.png]]

[[ATTACHMENT|regression-page-content-Ho-e29a4-ld-display-services-section-webkit\video.webm]]

[[ATTACHMENT|regression-page-content-Ho-e29a4-ld-display-services-section-webkit\error-context.md]]

[[ATTACHMENT|regression-page-content-Ho-e29a4-ld-display-services-section-webkit\trace.zip]]
]]>
</system-out>
</testcase>
<testcase name="Homepage - Content Tests › should display gallery section" classname="regression\page-content.spec.ts" time="5.706">
</testcase>
<testcase name="Homepage - Content Tests › should display about section" classname="regression\page-content.spec.ts" time="31.515">
<failure message="page-content.spec.ts:45:7 should display about section" type="FAILURE">
<![CDATA[  [webkit] › regression\page-content.spec.ts:45:7 › Homepage - Content Tests › should display about section 

    Test timeout of 30000ms exceeded.

    Error: locator.scrollIntoViewIfNeeded: Test timeout of 30000ms exceeded.
    Call log:
      - waiting for locator('[data-testid="about-section"]')


      48 |     await page.waitForLoadState('networkidle');
      49 |
    > 50 |     await homePage.aboutSection.scrollIntoViewIfNeeded();
         |                                 ^
      51 |     await expect(homePage.aboutSection).toBeVisible();
      52 |
      53 |     // More flexible heading selector
        at C:\honeybee\e2e\tests\regression\page-content.spec.ts:50:33

    attachment #1: screenshot (image/png) ──────────────────────────────────────────────────────────
    ..\..\test-results\regression-page-content-Ho-736ca-hould-display-about-section-webkit\test-failed-1.png
    ────────────────────────────────────────────────────────────────────────────────────────────────

    attachment #2: video (video/webm) ──────────────────────────────────────────────────────────────
    ..\..\test-results\regression-page-content-Ho-736ca-hould-display-about-section-webkit\video.webm
    ────────────────────────────────────────────────────────────────────────────────────────────────

    Error Context: ..\..\test-results\regression-page-content-Ho-736ca-hould-display-about-section-webkit\error-context.md

    attachment #4: trace (application/zip) ─────────────────────────────────────────────────────────
    ..\..\test-results\regression-page-content-Ho-736ca-hould-display-about-section-webkit\trace.zip
    Usage:

        npx playwright show-trace ..\..\test-results\regression-page-content-Ho-736ca-hould-display-about-section-webkit\trace.zip

    ────────────────────────────────────────────────────────────────────────────────────────────────
]]>
</failure>
<system-out>
<![CDATA[
[[ATTACHMENT|regression-page-content-Ho-736ca-hould-display-about-section-webkit\test-failed-1.png]]

[[ATTACHMENT|regression-page-content-Ho-736ca-hould-display-about-section-webkit\video.webm]]

[[ATTACHMENT|regression-page-content-Ho-736ca-hould-display-about-section-webkit\error-context.md]]

[[ATTACHMENT|regression-page-content-Ho-736ca-hould-display-about-section-webkit\trace.zip]]
]]>
</system-out>
</testcase>
<testcase name="Homepage - Content Tests › should display testimonials section" classname="regression\page-content.spec.ts" time="5.818">
</testcase>
<testcase name="Homepage - Content Tests › should display contact section" classname="regression\page-content.spec.ts" time="6.409">
</testcase>
<testcase name="Services Page - Content Tests › should display services heading" classname="regression\page-content.spec.ts" time="1.475">
</testcase>
<testcase name="Services Page - Content Tests › should display all three service cards" classname="regression\page-content.spec.ts" time="1.253">
</testcase>
<testcase name="Services Page - Content Tests › should display service cards with images" classname="regression\page-content.spec.ts" time="1.382">
<failure message="page-content.spec.ts:92:7 should display service cards with images" type="FAILURE">
<![CDATA[  [webkit] › regression\page-content.spec.ts:92:7 › Services Page - Content Tests › should display service cards with images 

    Error: expect(received).toBe(expected) // Object.is equality

    Expected: true
    Received: false

       95 |
       96 |     const hasImages = await servicesPage.doServiceCardsHaveImages();
    >  97 |     expect(hasImages).toBe(true);
          |                       ^
       98 |   });
       99 |
      100 |   test('should display quick facts section', async ({ page }) => {
        at C:\honeybee\e2e\tests\regression\page-content.spec.ts:97:23

    attachment #1: screenshot (image/png) ──────────────────────────────────────────────────────────
    ..\..\test-results\regression-page-content-Se-2bf89-y-service-cards-with-images-webkit\test-failed-1.png
    ────────────────────────────────────────────────────────────────────────────────────────────────

    attachment #2: video (video/webm) ──────────────────────────────────────────────────────────────
    ..\..\test-results\regression-page-content-Se-2bf89-y-service-cards-with-images-webkit\video.webm
    ────────────────────────────────────────────────────────────────────────────────────────────────

    Error Context: ..\..\test-results\regression-page-content-Se-2bf89-y-service-cards-with-images-webkit\error-context.md

    attachment #4: trace (application/zip) ─────────────────────────────────────────────────────────
    ..\..\test-results\regression-page-content-Se-2bf89-y-service-cards-with-images-webkit\trace.zip
    Usage:

        npx playwright show-trace ..\..\test-results\regression-page-content-Se-2bf89-y-service-cards-with-images-webkit\trace.zip

    ────────────────────────────────────────────────────────────────────────────────────────────────
]]>
</failure>
<system-out>
<![CDATA[
[[ATTACHMENT|regression-page-content-Se-2bf89-y-service-cards-with-images-webkit\test-failed-1.png]]

[[ATTACHMENT|regression-page-content-Se-2bf89-y-service-cards-with-images-webkit\video.webm]]

[[ATTACHMENT|regression-page-content-Se-2bf89-y-service-cards-with-images-webkit\error-context.md]]

[[ATTACHMENT|regression-page-content-Se-2bf89-y-service-cards-with-images-webkit\trace.zip]]
]]>
</system-out>
</testcase>
<testcase name="Services Page - Content Tests › should display quick facts section" classname="regression\page-content.spec.ts" time="1.308">
</testcase>
<testcase name="Services Page - Content Tests › should display contact section" classname="regression\page-content.spec.ts" time="1.118">
</testcase>
<testcase name="Services Page - Content Tests › should display service descriptions" classname="regression\page-content.spec.ts" time="1.443">
<failure message="page-content.spec.ts:116:7 should display service descriptions" type="FAILURE">
<![CDATA[  [webkit] › regression\page-content.spec.ts:116:7 › Services Page - Content Tests › should display service descriptions 

    Error: expect(locator).toBeVisible() failed

    Locator: getByText(/day services/i)
    Expected: visible
    Error: strict mode violation: getByText(/day services/i) resolved to 2 elements:
        1) <p class="text-xl text-gray-600 dark:text-gray-400 mb-8">Personalized support through Residential, Day Ser…</p> aka getByText('Personalized support through')
        2) <h3 class="text-2xl font-bold text-white mb-2">Day Services</h3> aka getByTestId('service-card-day-services')

    Call log:
      - Expect "toBeVisible" with timeout 5000ms
      - waiting for getByText(/day services/i)


      120 |     // Check for service titles (case insensitive)
      121 |     await expect(page.getByText(/residential services/i)).toBeVisible();
    > 122 |     await expect(page.getByText(/day services/i)).toBeVisible();
          |                                                   ^
      123 |     await expect(page.getByText(/targeted case management/i)).toBeVisible();
      124 |   });
      125 | });
        at C:\honeybee\e2e\tests\regression\page-content.spec.ts:122:51

    attachment #1: screenshot (image/png) ──────────────────────────────────────────────────────────
    ..\..\test-results\regression-page-content-Se-40d9c-isplay-service-descriptions-webkit\test-failed-1.png
    ────────────────────────────────────────────────────────────────────────────────────────────────

    attachment #2: video (video/webm) ──────────────────────────────────────────────────────────────
    ..\..\test-results\regression-page-content-Se-40d9c-isplay-service-descriptions-webkit\video.webm
    ────────────────────────────────────────────────────────────────────────────────────────────────

    Error Context: ..\..\test-results\regression-page-content-Se-40d9c-isplay-service-descriptions-webkit\error-context.md

    attachment #4: trace (application/zip) ─────────────────────────────────────────────────────────
    ..\..\test-results\regression-page-content-Se-40d9c-isplay-service-descriptions-webkit\trace.zip
    Usage:

        npx playwright show-trace ..\..\test-results\regression-page-content-Se-40d9c-isplay-service-descriptions-webkit\trace.zip

    ────────────────────────────────────────────────────────────────────────────────────────────────
]]>
</failure>
<system-out>
<![CDATA[
[[ATTACHMENT|regression-page-content-Se-40d9c-isplay-service-descriptions-webkit\test-failed-1.png]]

[[ATTACHMENT|regression-page-content-Se-40d9c-isplay-service-descriptions-webkit\video.webm]]

[[ATTACHMENT|regression-page-content-Se-40d9c-isplay-service-descriptions-webkit\error-context.md]]

[[ATTACHMENT|regression-page-content-Se-40d9c-isplay-service-descriptions-webkit\trace.zip]]
]]>
</system-out>
</testcase>
<testcase name="History Page - Content Tests › should display history heading" classname="regression\page-content.spec.ts" time="1.054">
</testcase>
<testcase name="History Page - Content Tests › should display subheading" classname="regression\page-content.spec.ts" time="1.096">
</testcase>
<testcase name="History Page - Content Tests › should display founder name" classname="regression\page-content.spec.ts" time="1.05">
</testcase>
<testcase name="History Page - Content Tests › should display founder section" classname="regression\page-content.spec.ts" time="1.381">
</testcase>
<testcase name="History Page - Content Tests › should display timeline section" classname="regression\page-content.spec.ts" time="1.612">
</testcase>
<testcase name="History Page - Content Tests › should display timeline events" classname="regression\page-content.spec.ts" time="2.851">
</testcase>
<testcase name="History Page - Content Tests › should display impact stats section" classname="regression\page-content.spec.ts" time="1.336">
</testcase>
<testcase name="History Page - Content Tests › should display back to home link" classname="regression\page-content.spec.ts" time="1.356">
</testcase>
<testcase name="Service Detail Pages - Content Tests › should display residential services page" classname="regression\page-content.spec.ts" time="4.669">
</testcase>
<testcase name="Service Detail Pages - Content Tests › should display day services page" classname="regression\page-content.spec.ts" time="4.273">
</testcase>
<testcase name="Service Detail Pages - Content Tests › should display targeted case management page" classname="regression\page-content.spec.ts" time="4.755">
</testcase>
</testsuite>
<testsuite name="regression\responsive-design.spec.ts" timestamp="2026-01-09T18:05:05.506Z" hostname="webkit" tests="27" failures="5" skipped="0" time="98.199" errors="0">
<testcase name="Mobile View (375x667) › should display homepage on mobile" classname="regression\responsive-design.spec.ts" time="1.739">
</testcase>
<testcase name="Mobile View (375x667) › should have mobile viewport size" classname="regression\responsive-design.spec.ts" time="0.897">
</testcase>
<testcase name="Mobile View (375x667) › should display services page on mobile" classname="regression\responsive-design.spec.ts" time="0.996">
</testcase>
<testcase name="Mobile View (375x667) › should display history page on mobile" classname="regression\responsive-design.spec.ts" time="2.447">
</testcase>
<testcase name="Mobile View (375x667) › should have mobile-friendly navigation" classname="regression\responsive-design.spec.ts" time="3.05">
</testcase>
<testcase name="Tablet View (768x1024) › should display homepage on tablet" classname="regression\responsive-design.spec.ts" time="1.781">
</testcase>
<testcase name="Tablet View (768x1024) › should have tablet viewport size" classname="regression\responsive-design.spec.ts" time="0.987">
</testcase>
<testcase name="Tablet View (768x1024) › should display services page on tablet" classname="regression\responsive-design.spec.ts" time="1.294">
</testcase>
<testcase name="Tablet View (768x1024) › should display history page on tablet" classname="regression\responsive-design.spec.ts" time="1.313">
</testcase>
<testcase name="Tablet View (768x1024) › should have proper layout on tablet" classname="regression\responsive-design.spec.ts" time="1.111">
</testcase>
<testcase name="Desktop View (1280x720) › should display homepage on desktop" classname="regression\responsive-design.spec.ts" time="1.906">
</testcase>
<testcase name="Desktop View (1280x720) › should have desktop viewport size" classname="regression\responsive-design.spec.ts" time="0.921">
</testcase>
<testcase name="Desktop View (1280x720) › should display services page on desktop" classname="regression\responsive-design.spec.ts" time="1.77">
</testcase>
<testcase name="Desktop View (1280x720) › should display history page on desktop" classname="regression\responsive-design.spec.ts" time="1.632">
</testcase>
<testcase name="Desktop View (1280x720) › should have proper desktop layout" classname="regression\responsive-design.spec.ts" time="1.43">
</testcase>
<testcase name="Desktop View (1280x720) › should display hover states on desktop" classname="regression\responsive-design.spec.ts" time="30.933">
<failure message="responsive-design.spec.ts:175:7 should display hover states on desktop" type="FAILURE">
<![CDATA[  [webkit] › regression\responsive-design.spec.ts:175:7 › Desktop View (1280x720) › should display hover states on desktop 

    Test timeout of 30000ms exceeded.

    Error: locator.hover: Test timeout of 30000ms exceeded.
    Call log:
      - waiting for locator('a[href^="/services/"]').first()
        - locator resolved to <a href="/services/residential" data-testid="service-card-residential">…</a>
      - attempting hover action
        - waiting for element to be visible and stable
        - element is not stable
      - retrying hover action
        - waiting for element to be visible and stable
      - element was detached from the DOM, retrying


      180 |
      181 |     // Hover over card
    > 182 |     await firstServiceCard.hover();
          |                            ^
      183 |
      184 |     // Card should still be visible
      185 |     await expect(firstServiceCard).toBeVisible();
        at C:\honeybee\e2e\tests\regression\responsive-design.spec.ts:182:28

    attachment #1: screenshot (image/png) ──────────────────────────────────────────────────────────
    ..\..\test-results\regression-responsive-desi-c820d-lay-hover-states-on-desktop-webkit\test-failed-1.png
    ────────────────────────────────────────────────────────────────────────────────────────────────

    attachment #2: video (video/webm) ──────────────────────────────────────────────────────────────
    ..\..\test-results\regression-responsive-desi-c820d-lay-hover-states-on-desktop-webkit\video.webm
    ────────────────────────────────────────────────────────────────────────────────────────────────

    Error Context: ..\..\test-results\regression-responsive-desi-c820d-lay-hover-states-on-desktop-webkit\error-context.md

    attachment #4: trace (application/zip) ─────────────────────────────────────────────────────────
    ..\..\test-results\regression-responsive-desi-c820d-lay-hover-states-on-desktop-webkit\trace.zip
    Usage:

        npx playwright show-trace ..\..\test-results\regression-responsive-desi-c820d-lay-hover-states-on-desktop-webkit\trace.zip

    ────────────────────────────────────────────────────────────────────────────────────────────────
]]>
</failure>
<system-out>
<![CDATA[
[[ATTACHMENT|regression-responsive-desi-c820d-lay-hover-states-on-desktop-webkit\test-failed-1.png]]

[[ATTACHMENT|regression-responsive-desi-c820d-lay-hover-states-on-desktop-webkit\video.webm]]

[[ATTACHMENT|regression-responsive-desi-c820d-lay-hover-states-on-desktop-webkit\error-context.md]]

[[ATTACHMENT|regression-responsive-desi-c820d-lay-hover-states-on-desktop-webkit\trace.zip]]
]]>
</system-out>
</testcase>
<testcase name="Responsive Behavior Across Viewports › should display homepage on Mobile (375x667)" classname="regression\responsive-design.spec.ts" time="1.765">
</testcase>
<testcase name="Responsive Behavior Across Viewports › should display homepage on Tablet (768x1024)" classname="regression\responsive-design.spec.ts" time="2.179">
</testcase>
<testcase name="Responsive Behavior Across Viewports › should display homepage on Desktop (1280x720)" classname="regression\responsive-design.spec.ts" time="2.363">
</testcase>
<testcase name="Responsive Behavior Across Viewports › should display services page on Mobile (375x667)" classname="regression\responsive-design.spec.ts" time="7.74">
<failure message="responsive-design.spec.ts:212:9 should display services page on Mobile (375x667)" type="FAILURE">
<![CDATA[  [webkit] › regression\responsive-design.spec.ts:212:9 › Responsive Behavior Across Viewports › should display services page on Mobile (375x667) 

    Error: expect(locator).toBeVisible() failed

    Locator: getByRole('heading').filter({ hasText: /services/i }).first()
    Expected: visible
    Timeout: 5000ms
    Error: element(s) not found

    Call log:
      - Expect "toBeVisible" with timeout 5000ms
      - waiting for getByRole('heading').filter({ hasText: /services/i }).first()


      217 |       // More flexible heading selector
      218 |       const heading = page.getByRole('heading').filter({ hasText: /services/i }).first();
    > 219 |       await expect(heading).toBeVisible();
          |                             ^
      220 |
      221 |       // No horizontal scroll
      222 |       const bodyWidth = await page.evaluate(() => document.body.scrollWidth);
        at C:\honeybee\e2e\tests\regression\responsive-design.spec.ts:219:29

    attachment #1: screenshot (image/png) ──────────────────────────────────────────────────────────
    ..\..\test-results\regression-responsive-desi-47ea7-ces-page-on-Mobile-375x667--webkit\test-failed-1.png
    ────────────────────────────────────────────────────────────────────────────────────────────────

    attachment #2: video (video/webm) ──────────────────────────────────────────────────────────────
    ..\..\test-results\regression-responsive-desi-47ea7-ces-page-on-Mobile-375x667--webkit\video.webm
    ────────────────────────────────────────────────────────────────────────────────────────────────

    Error Context: ..\..\test-results\regression-responsive-desi-47ea7-ces-page-on-Mobile-375x667--webkit\error-context.md

    attachment #4: trace (application/zip) ─────────────────────────────────────────────────────────
    ..\..\test-results\regression-responsive-desi-47ea7-ces-page-on-Mobile-375x667--webkit\trace.zip
    Usage:

        npx playwright show-trace ..\..\test-results\regression-responsive-desi-47ea7-ces-page-on-Mobile-375x667--webkit\trace.zip

    ────────────────────────────────────────────────────────────────────────────────────────────────
]]>
</failure>
<system-out>
<![CDATA[
[[ATTACHMENT|regression-responsive-desi-47ea7-ces-page-on-Mobile-375x667--webkit\test-failed-1.png]]

[[ATTACHMENT|regression-responsive-desi-47ea7-ces-page-on-Mobile-375x667--webkit\video.webm]]

[[ATTACHMENT|regression-responsive-desi-47ea7-ces-page-on-Mobile-375x667--webkit\error-context.md]]

[[ATTACHMENT|regression-responsive-desi-47ea7-ces-page-on-Mobile-375x667--webkit\trace.zip]]
]]>
</system-out>
</testcase>
<testcase name="Responsive Behavior Across Viewports › should display services page on Tablet (768x1024)" classname="regression\responsive-design.spec.ts" time="8.029">
<failure message="responsive-design.spec.ts:212:9 should display services page on Tablet (768x1024)" type="FAILURE">
<![CDATA[  [webkit] › regression\responsive-design.spec.ts:212:9 › Responsive Behavior Across Viewports › should display services page on Tablet (768x1024) 

    Error: expect(locator).toBeVisible() failed

    Locator: getByRole('heading').filter({ hasText: /services/i }).first()
    Expected: visible
    Timeout: 5000ms
    Error: element(s) not found

    Call log:
      - Expect "toBeVisible" with timeout 5000ms
      - waiting for getByRole('heading').filter({ hasText: /services/i }).first()


      217 |       // More flexible heading selector
      218 |       const heading = page.getByRole('heading').filter({ hasText: /services/i }).first();
    > 219 |       await expect(heading).toBeVisible();
          |                             ^
      220 |
      221 |       // No horizontal scroll
      222 |       const bodyWidth = await page.evaluate(() => document.body.scrollWidth);
        at C:\honeybee\e2e\tests\regression\responsive-design.spec.ts:219:29

    attachment #1: screenshot (image/png) ──────────────────────────────────────────────────────────
    ..\..\test-results\regression-responsive-desi-63cef-es-page-on-Tablet-768x1024--webkit\test-failed-1.png
    ────────────────────────────────────────────────────────────────────────────────────────────────

    attachment #2: video (video/webm) ──────────────────────────────────────────────────────────────
    ..\..\test-results\regression-responsive-desi-63cef-es-page-on-Tablet-768x1024--webkit\video.webm
    ────────────────────────────────────────────────────────────────────────────────────────────────

    Error Context: ..\..\test-results\regression-responsive-desi-63cef-es-page-on-Tablet-768x1024--webkit\error-context.md

    attachment #4: trace (application/zip) ─────────────────────────────────────────────────────────
    ..\..\test-results\regression-responsive-desi-63cef-es-page-on-Tablet-768x1024--webkit\trace.zip
    Usage:

        npx playwright show-trace ..\..\test-results\regression-responsive-desi-63cef-es-page-on-Tablet-768x1024--webkit\trace.zip

    ────────────────────────────────────────────────────────────────────────────────────────────────
]]>
</failure>
<system-out>
<![CDATA[
[[ATTACHMENT|regression-responsive-desi-63cef-es-page-on-Tablet-768x1024--webkit\test-failed-1.png]]

[[ATTACHMENT|regression-responsive-desi-63cef-es-page-on-Tablet-768x1024--webkit\video.webm]]

[[ATTACHMENT|regression-responsive-desi-63cef-es-page-on-Tablet-768x1024--webkit\error-context.md]]

[[ATTACHMENT|regression-responsive-desi-63cef-es-page-on-Tablet-768x1024--webkit\trace.zip]]
]]>
</system-out>
</testcase>
<testcase name="Responsive Behavior Across Viewports › should display services page on Desktop (1280x720)" classname="regression\responsive-design.spec.ts" time="7.699">
<failure message="responsive-design.spec.ts:212:9 should display services page on Desktop (1280x720)" type="FAILURE">
<![CDATA[  [webkit] › regression\responsive-design.spec.ts:212:9 › Responsive Behavior Across Viewports › should display services page on Desktop (1280x720) 

    Error: expect(locator).toBeVisible() failed

    Locator: getByRole('heading').filter({ hasText: /services/i }).first()
    Expected: visible
    Timeout: 5000ms
    Error: element(s) not found

    Call log:
      - Expect "toBeVisible" with timeout 5000ms
      - waiting for getByRole('heading').filter({ hasText: /services/i }).first()


      217 |       // More flexible heading selector
      218 |       const heading = page.getByRole('heading').filter({ hasText: /services/i }).first();
    > 219 |       await expect(heading).toBeVisible();
          |                             ^
      220 |
      221 |       // No horizontal scroll
      222 |       const bodyWidth = await page.evaluate(() => document.body.scrollWidth);
        at C:\honeybee\e2e\tests\regression\responsive-design.spec.ts:219:29

    attachment #1: screenshot (image/png) ──────────────────────────────────────────────────────────
    ..\..\test-results\regression-responsive-desi-2d790-s-page-on-Desktop-1280x720--webkit\test-failed-1.png
    ────────────────────────────────────────────────────────────────────────────────────────────────

    attachment #2: video (video/webm) ──────────────────────────────────────────────────────────────
    ..\..\test-results\regression-responsive-desi-2d790-s-page-on-Desktop-1280x720--webkit\video.webm
    ────────────────────────────────────────────────────────────────────────────────────────────────

    Error Context: ..\..\test-results\regression-responsive-desi-2d790-s-page-on-Desktop-1280x720--webkit\error-context.md

    attachment #4: trace (application/zip) ─────────────────────────────────────────────────────────
    ..\..\test-results\regression-responsive-desi-2d790-s-page-on-Desktop-1280x720--webkit\trace.zip
    Usage:

        npx playwright show-trace ..\..\test-results\regression-responsive-desi-2d790-s-page-on-Desktop-1280x720--webkit\trace.zip

    ────────────────────────────────────────────────────────────────────────────────────────────────
]]>
</failure>
<system-out>
<![CDATA[
[[ATTACHMENT|regression-responsive-desi-2d790-s-page-on-Desktop-1280x720--webkit\test-failed-1.png]]

[[ATTACHMENT|regression-responsive-desi-2d790-s-page-on-Desktop-1280x720--webkit\video.webm]]

[[ATTACHMENT|regression-responsive-desi-2d790-s-page-on-Desktop-1280x720--webkit\error-context.md]]

[[ATTACHMENT|regression-responsive-desi-2d790-s-page-on-Desktop-1280x720--webkit\trace.zip]]
]]>
</system-out>
</testcase>
<testcase name="Responsive Behavior Across Viewports › should display history page on Mobile (375x667)" classname="regression\responsive-design.spec.ts" time="3.66">
<failure message="responsive-design.spec.ts:228:9 should display history page on Mobile (375x667)" type="FAILURE">
<![CDATA[  [webkit] › regression\responsive-design.spec.ts:228:9 › Responsive Behavior Across Viewports › should display history page on Mobile (375x667) 

    Error: expect(received).toBeLessThanOrEqual(expected)

    Expected: <= 395
    Received:    399

      240 |       const bodyWidth = await page.evaluate(() => document.body.scrollWidth);
      241 |       // More permissive allowance for WebKit rendering
    > 242 |       expect(bodyWidth).toBeLessThanOrEqual(viewport.width + 20);
          |                         ^
      243 |     });
      244 |   }
      245 | });
        at C:\honeybee\e2e\tests\regression\responsive-design.spec.ts:242:25

    attachment #1: screenshot (image/png) ──────────────────────────────────────────────────────────
    ..\..\test-results\regression-responsive-desi-ce9f9-ory-page-on-Mobile-375x667--webkit\test-failed-1.png
    ────────────────────────────────────────────────────────────────────────────────────────────────

    attachment #2: video (video/webm) ──────────────────────────────────────────────────────────────
    ..\..\test-results\regression-responsive-desi-ce9f9-ory-page-on-Mobile-375x667--webkit\video.webm
    ────────────────────────────────────────────────────────────────────────────────────────────────

    Error Context: ..\..\test-results\regression-responsive-desi-ce9f9-ory-page-on-Mobile-375x667--webkit\error-context.md

    attachment #4: trace (application/zip) ─────────────────────────────────────────────────────────
    ..\..\test-results\regression-responsive-desi-ce9f9-ory-page-on-Mobile-375x667--webkit\trace.zip
    Usage:

        npx playwright show-trace ..\..\test-results\regression-responsive-desi-ce9f9-ory-page-on-Mobile-375x667--webkit\trace.zip

    ────────────────────────────────────────────────────────────────────────────────────────────────
]]>
</failure>
<system-out>
<![CDATA[
[[ATTACHMENT|regression-responsive-desi-ce9f9-ory-page-on-Mobile-375x667--webkit\test-failed-1.png]]

[[ATTACHMENT|regression-responsive-desi-ce9f9-ory-page-on-Mobile-375x667--webkit\video.webm]]

[[ATTACHMENT|regression-responsive-desi-ce9f9-ory-page-on-Mobile-375x667--webkit\error-context.md]]

[[ATTACHMENT|regression-responsive-desi-ce9f9-ory-page-on-Mobile-375x667--webkit\trace.zip]]
]]>
</system-out>
</testcase>
<testcase name="Responsive Behavior Across Viewports › should display history page on Tablet (768x1024)" classname="regression\responsive-design.spec.ts" time="4.019">
</testcase>
<testcase name="Responsive Behavior Across Viewports › should display history page on Desktop (1280x720)" classname="regression\responsive-design.spec.ts" time="4.41">
</testcase>
<testcase name="Landscape Orientation › should display in landscape on mobile" classname="regression\responsive-design.spec.ts" time="1.282">
</testcase>
<testcase name="Landscape Orientation › should display in landscape on tablet" classname="regression\responsive-design.spec.ts" time="0.846">
</testcase>
</testsuite>
<testsuite name="smoke\faq.spec.ts" timestamp="2026-01-09T18:05:05.506Z" hostname="webkit" tests="13" failures="0" skipped="0" time="101.173" errors="0">
<testcase name="FAQ Assistant › should display FAQ section" classname="smoke\faq.spec.ts" time="6.504">
</testcase>
<testcase name="FAQ Assistant › should display search input" classname="smoke\faq.spec.ts" time="6.676">
</testcase>
<testcase name="FAQ Assistant › should display suggested questions" classname="smoke\faq.spec.ts" time="5.671">
</testcase>
<testcase name="FAQ Assistant › should display category filters" classname="smoke\faq.spec.ts" time="6.419">
</testcase>
<testcase name="FAQ Assistant › should display FAQ accordion items" classname="smoke\faq.spec.ts" time="5.557">
</testcase>
<testcase name="FAQ Assistant › should expand FAQ item when clicked" classname="smoke\faq.spec.ts" time="9.536">
</testcase>
<testcase name="FAQ Assistant › should display chat interface" classname="smoke\faq.spec.ts" time="7.4">
</testcase>
<testcase name="FAQ Assistant › should send question via chat interface" classname="smoke\faq.spec.ts" time="8.969">
</testcase>
<testcase name="FAQ Assistant › should send question via suggested question button" classname="smoke\faq.spec.ts" time="8.968">
</testcase>
<testcase name="FAQ Assistant › should filter FAQs by category" classname="smoke\faq.spec.ts" time="9.341">
</testcase>
<testcase name="FAQ Assistant › should search FAQs" classname="smoke\faq.spec.ts" time="7.4">
</testcase>
<testcase name="FAQ Assistant › should clear search" classname="smoke\faq.spec.ts" time="8.946">
</testcase>
<testcase name="FAQ Assistant › should display typing indicator" classname="smoke\faq.spec.ts" time="9.786">
</testcase>
</testsuite>
<testsuite name="smoke\homepage.spec.ts" timestamp="2026-01-09T18:05:05.506Z" hostname="webkit" tests="10" failures="1" skipped="0" time="33.363" errors="0">
<testcase name="Homepage - Smoke Tests › should load homepage successfully" classname="smoke\homepage.spec.ts" time="1.363">
</testcase>
<testcase name="Homepage - Smoke Tests › should render hero section" classname="smoke\homepage.spec.ts" time="2.137">
</testcase>
<testcase name="Homepage - Smoke Tests › should have no console errors" classname="smoke\homepage.spec.ts" time="7.133">
<failure message="homepage.spec.ts:35:7 should have no console errors" type="FAILURE">
<![CDATA[  [webkit] › smoke\homepage.spec.ts:35:7 › Homepage - Smoke Tests › should have no console errors ──

    Error: expect(received).toBe(expected) // Object.is equality

    Expected: 0
    Received: 378

      43 |     // Check for console errors
      44 |     const errors = consoleMonitor.getErrors();
    > 45 |     expect(errors.length).toBe(0);
         |                           ^
      46 |   });
      47 |
      48 |   test('should have no failed network requests', async ({ page }) => {
        at C:\honeybee\e2e\tests\smoke\homepage.spec.ts:45:27

    attachment #1: screenshot (image/png) ──────────────────────────────────────────────────────────
    ..\..\test-results\smoke-homepage-Homepage----52a26-ould-have-no-console-errors-webkit\test-failed-1.png
    ────────────────────────────────────────────────────────────────────────────────────────────────

    attachment #2: video (video/webm) ──────────────────────────────────────────────────────────────
    ..\..\test-results\smoke-homepage-Homepage----52a26-ould-have-no-console-errors-webkit\video.webm
    ────────────────────────────────────────────────────────────────────────────────────────────────

    Error Context: ..\..\test-results\smoke-homepage-Homepage----52a26-ould-have-no-console-errors-webkit\error-context.md

    attachment #4: trace (application/zip) ─────────────────────────────────────────────────────────
    ..\..\test-results\smoke-homepage-Homepage----52a26-ould-have-no-console-errors-webkit\trace.zip
    Usage:

        npx playwright show-trace ..\..\test-results\smoke-homepage-Homepage----52a26-ould-have-no-console-errors-webkit\trace.zip

    ────────────────────────────────────────────────────────────────────────────────────────────────
]]>
</failure>
<system-out>
<![CDATA[
[[ATTACHMENT|smoke-homepage-Homepage----52a26-ould-have-no-console-errors-webkit\test-failed-1.png]]

[[ATTACHMENT|smoke-homepage-Homepage----52a26-ould-have-no-console-errors-webkit\video.webm]]

[[ATTACHMENT|smoke-homepage-Homepage----52a26-ould-have-no-console-errors-webkit\error-context.md]]

[[ATTACHMENT|smoke-homepage-Homepage----52a26-ould-have-no-console-errors-webkit\trace.zip]]
]]>
</system-out>
</testcase>
<testcase name="Homepage - Smoke Tests › should have no failed network requests" classname="smoke\homepage.spec.ts" time="3.21">
</testcase>
<testcase name="Homepage - Smoke Tests › should display contact section" classname="smoke\homepage.spec.ts" time="7.192">
</testcase>
<testcase name="Homepage - Smoke Tests › should have working navigation links" classname="smoke\homepage.spec.ts" time="2.378">
</testcase>
<testcase name="Homepage - Smoke Tests › should load all images without errors" classname="smoke\homepage.spec.ts" time="5.311">
</testcase>
<testcase name="Homepage - Smoke Tests › should have proper viewport dimensions" classname="smoke\homepage.spec.ts" time="1.286">
</testcase>
<testcase name="Homepage - Smoke Tests › should respond with 200 status code" classname="smoke\homepage.spec.ts" time="0.149">
</testcase>
<testcase name="Homepage - Smoke Tests › should load within reasonable time" classname="smoke\homepage.spec.ts" time="3.204">
</testcase>
</testsuite>
<testsuite name="accessibility\accessibility.spec.ts" timestamp="2026-01-09T18:05:05.506Z" hostname="Mobile Chrome" tests="19" failures="8" skipped="0" time="292.465" errors="0">
<testcase name="Accessibility - Homepage › should not have any critical or serious accessibility issues" classname="accessibility\accessibility.spec.ts" time="17.145">
<failure message="accessibility.spec.ts:19:7 should not have any critical or serious accessibility issues" type="FAILURE">
<![CDATA[  [Mobile Chrome] › accessibility\accessibility.spec.ts:19:7 › Accessibility - Homepage › should not have any critical or serious accessibility issues 

    Error: expect(received).toEqual(expected) // deep equality

    - Expected  -   1
    + Received  + 175

    - Array []
    + Array [
    +   Object {
    +     "description": "Ensure the contrast between foreground and background colors meets WCAG 2 AA minimum contrast ratio thresholds",
    +     "help": "Elements must meet minimum color contrast ratio thresholds",
    +     "helpUrl": "https://dequeuniversity.com/rules/axe/4.11/color-contrast?application=playwright",
    +     "id": "color-contrast",
    +     "impact": "serious",
    +     "nodes": Array [
    +       Object {
    +         "all": Array [],
    +         "any": Array [
    +           Object {
    +             "data": Object {
    +               "bgColor": "#ffb300",
    +               "contrastRatio": 1.79,
    +               "expectedContrastRatio": "4.5:1",
    +               "fgColor": "#ffffff",
    +               "fontSize": "12.0pt (16px)",
    +               "fontWeight": "normal",
    +               "messageKey": null,
    +             },
    +             "id": "color-contrast",
    +             "impact": "serious",
    +             "message": "Element has insufficient color contrast of 1.79 (foreground color: #ffffff, background color: #ffb300, font size: 12.0pt (16px), font weight: normal). Expected contrast ratio of 4.5:1",
    +             "relatedNodes": Array [
    +               Object {
    +                 "html": "<button aria-label=\"Scroll to services section to learn more about our services\" class=\"group relative px-8 py-4 bg-bee-amber hover:bg-honey-600 text-white font-semibold rounded-full shadow-lg hover:shadow-xl transition-all duration-300 overflow-hidden\">",
    +                 "target": Array [
    +                   ".hover\\:bg-honey-600",
    +                 ],
    +               },
    +             ],
    +           },
    +         ],
    +         "failureSummary": "Fix any of the following:
    +   Element has insufficient color contrast of 1.79 (foreground color: #ffffff, background color: #ffb300, font size: 12.0pt (16px), font weight: normal). Expected contrast ratio of 4.5:1",
    +         "html": "<span class=\"relative z-10 flex items-center justify-center gap-2\">",
    +         "impact": "serious",
    +         "none": Array [],
    +         "target": Array [
    +           ".z-10.gap-2.justify-center",
    +         ],
    +       },
    +       Object {
    +         "all": Array [],
    +         "any": Array [
    +           Object {
    +             "data": Object {
    +               "bgColor": "#ffffff",
    +               "contrastRatio": 2.62,
    +               "expectedContrastRatio": "4.5:1",
    +               "fgColor": "#9da0a6",
    +               "fontSize": "12.0pt (16px)",
    +               "fontWeight": "normal",
    +               "messageKey": null,
    +             },
    +             "id": "color-contrast",
    +             "impact": "serious",
    +             "message": "Element has insufficient color contrast of 2.62 (foreground color: #9da0a6, background color: #ffffff, font size: 12.0pt (16px), font weight: normal). Expected contrast ratio of 4.5:1",
    +             "relatedNodes": Array [
    +               Object {
    +                 "html": "<div class=\"bg-white dark:bg-gray-800 rounded-2xl shadow-lg border border-gray-200 dark:border-gray-700 overflow-hidden\">",
    +                 "target": Array [
    +                   "div:nth-child(14) > .border-gray-200.dark\\:border-gray-700.border",
    +                 ],
    +               },
    +             ],
    +           },
    +         ],
    +         "failureSummary": "Fix any of the following:
    +   Element has insufficient color contrast of 2.62 (foreground color: #9da0a6, background color: #ffffff, font size: 12.0pt (16px), font weight: normal). Expected contrast ratio of 4.5:1",
    +         "html": "<span class=\"font-semibold text-gray-900 dark:text-white\">What should I expect during the application process?</span>",
    +         "impact": "serious",
    +         "none": Array [],
    +         "target": Array [
    +           "button[aria-controls=\"faq-answer-application\"] > .flex-1.gap-3.items-start > .font-semibold.text-gray-900.dark\\:text-white",
    +         ],
    +       },
    +     ],
    +     "tags": Array [
    +       "cat.color",
    +       "wcag2aa",
    +       "wcag143",
    +       "TTv5",
    +       "TT13.c",
    +       "EN-301-549",
    +       "EN-9.1.4.3",
    +       "ACT",
    +       "RGAAv4",
    +       "RGAA-3.2.1",
    +     ],
    +   },
    +   Object {
    +     "description": "Ensure links have discernible text",
    +     "help": "Links must have discernible text",
    +     "helpUrl": "https://dequeuniversity.com/rules/axe/4.11/link-name?application=playwright",
    +     "id": "link-name",
    +     "impact": "serious",
    +     "nodes": Array [
    +       Object {
    +         "all": Array [],
    +         "any": Array [
    +           Object {
    +             "data": null,
    +             "id": "has-visible-text",
    +             "impact": "serious",
    +             "message": "Element does not have text that is visible to screen readers",
    +             "relatedNodes": Array [],
    +           },
    +           Object {
    +             "data": null,
    +             "id": "aria-label",
    +             "impact": "serious",
    +             "message": "aria-label attribute does not exist or is empty",
    +             "relatedNodes": Array [],
    +           },
    +           Object {
    +             "data": null,
    +             "id": "aria-labelledby",
    +             "impact": "serious",
    +             "message": "aria-labelledby attribute does not exist, references elements that do not exist or references elements that are empty",
    +             "relatedNodes": Array [],
    +           },
    +           Object {
    +             "data": Object {
    +               "messageKey": "noAttr",
    +             },
    +             "id": "non-empty-title",
    +             "impact": "serious",
    +             "message": "Element has no title attribute",
    +             "relatedNodes": Array [],
    +           },
    +         ],
    +         "failureSummary": "Fix all of the following:
    +   Element is in tab order and does not have accessible text
    +
    + Fix any of the following:
    +   Element does not have text that is visible to screen readers
    +   aria-label attribute does not exist or is empty
    +   aria-labelledby attribute does not exist, references elements that do not exist or references elements that are empty
    +   Element has no title attribute",
    +         "html": "<a href=\"https://www.facebook.com/profile.php?id=61559277947065\" target=\"_blank\" rel=\"noopener noreferrer\" class=\"relative group\" tabindex=\"0\">",
    +         "impact": "serious",
    +         "none": Array [
    +           Object {
    +             "data": null,
    +             "id": "focusable-no-name",
    +             "impact": "serious",
    +             "message": "Element is in tab order and does not have accessible text",
    +             "relatedNodes": Array [],
    +           },
    +         ],
    +         "target": Array [
    +           "a[target=\"_blank\"]",
    +         ],
    +       },
    +     ],
    +     "tags": Array [
    +       "cat.name-role-value",
    +       "wcag2a",
    +       "wcag244",
    +       "wcag412",
    +       "section508",
    +       "section508.22.a",
    +       "TTv5",
    +       "TT6.a",
    +       "EN-301-549",
    +       "EN-9.2.4.4",
    +       "EN-9.4.1.2",
    +       "ACT",
    +       "RGAAv4",
    +       "RGAA-6.2.1",
    +     ],
    +   },
    + ]

      25 |
      26 |     const criticalViolations = getCriticalViolations(accessibilityScanResults.violations);
    > 27 |     expect(criticalViolations).toEqual([]);
         |                                ^
      28 |   });
      29 |
      30 |   test('should have no critical or serious accessibility violations in critical areas', async ({ page }) => {
        at C:\honeybee\e2e\tests\accessibility\accessibility.spec.ts:27:32

    attachment #1: screenshot (image/png) ──────────────────────────────────────────────────────────
    ..\..\test-results\accessibility-accessibilit-3b0ed-erious-accessibility-issues-Mobile-Chrome\test-failed-1.png
    ────────────────────────────────────────────────────────────────────────────────────────────────

    attachment #2: video (video/webm) ──────────────────────────────────────────────────────────────
    ..\..\test-results\accessibility-accessibilit-3b0ed-erious-accessibility-issues-Mobile-Chrome\video-1.webm
    ────────────────────────────────────────────────────────────────────────────────────────────────

    attachment #3: video (video/webm) ──────────────────────────────────────────────────────────────
    ..\..\test-results\accessibility-accessibilit-3b0ed-erious-accessibility-issues-Mobile-Chrome\video.webm
    ────────────────────────────────────────────────────────────────────────────────────────────────

    Error Context: ..\..\test-results\accessibility-accessibilit-3b0ed-erious-accessibility-issues-Mobile-Chrome\error-context.md

    attachment #5: trace (application/zip) ─────────────────────────────────────────────────────────
    ..\..\test-results\accessibility-accessibilit-3b0ed-erious-accessibility-issues-Mobile-Chrome\trace.zip
    Usage:

        npx playwright show-trace ..\..\test-results\accessibility-accessibilit-3b0ed-erious-accessibility-issues-Mobile-Chrome\trace.zip

    ────────────────────────────────────────────────────────────────────────────────────────────────
]]>
</failure>
<system-out>
<![CDATA[
[[ATTACHMENT|accessibility-accessibilit-3b0ed-erious-accessibility-issues-Mobile-Chrome\test-failed-1.png]]

[[ATTACHMENT|accessibility-accessibilit-3b0ed-erious-accessibility-issues-Mobile-Chrome\video-1.webm]]

[[ATTACHMENT|accessibility-accessibilit-3b0ed-erious-accessibility-issues-Mobile-Chrome\video.webm]]

[[ATTACHMENT|accessibility-accessibilit-3b0ed-erious-accessibility-issues-Mobile-Chrome\error-context.md]]

[[ATTACHMENT|accessibility-accessibilit-3b0ed-erious-accessibility-issues-Mobile-Chrome\trace.zip]]
]]>
</system-out>
</testcase>
<testcase name="Accessibility - Homepage › should have no critical or serious accessibility violations in critical areas" classname="accessibility\accessibility.spec.ts" time="2.657">
</testcase>
<testcase name="Accessibility - Homepage › should have alt text on all images" classname="accessibility\accessibility.spec.ts" time="2.362">
</testcase>
<testcase name="Accessibility - Homepage › should have proper heading hierarchy" classname="accessibility\accessibility.spec.ts" time="15.623">
</testcase>
<testcase name="Accessibility - Homepage › should have focusable elements with visible focus styles" classname="accessibility\accessibility.spec.ts" time="57.487">
<failure message="accessibility.spec.ts:76:7 should have focusable elements with visible focus styles" type="FAILURE">
<![CDATA[  [Mobile Chrome] › accessibility\accessibility.spec.ts:76:7 › Accessibility - Homepage › should have focusable elements with visible focus styles 

    Test timeout of 30000ms exceeded.

    attachment #1: screenshot (image/png) ──────────────────────────────────────────────────────────
    ..\..\test-results\accessibility-accessibilit-b224a-s-with-visible-focus-styles-Mobile-Chrome\test-failed-1.png
    ────────────────────────────────────────────────────────────────────────────────────────────────

    attachment #2: video (video/webm) ──────────────────────────────────────────────────────────────
    ..\..\test-results\accessibility-accessibilit-b224a-s-with-visible-focus-styles-Mobile-Chrome\video.webm
    ────────────────────────────────────────────────────────────────────────────────────────────────

    Error Context: ..\..\test-results\accessibility-accessibilit-b224a-s-with-visible-focus-styles-Mobile-Chrome\error-context.md

    attachment #4: trace (application/zip) ─────────────────────────────────────────────────────────
    ..\..\test-results\accessibility-accessibilit-b224a-s-with-visible-focus-styles-Mobile-Chrome\trace.zip
    Usage:

        npx playwright show-trace ..\..\test-results\accessibility-accessibilit-b224a-s-with-visible-focus-styles-Mobile-Chrome\trace.zip

    ────────────────────────────────────────────────────────────────────────────────────────────────
]]>
</failure>
<system-out>
<![CDATA[
[[ATTACHMENT|accessibility-accessibilit-b224a-s-with-visible-focus-styles-Mobile-Chrome\test-failed-1.png]]

[[ATTACHMENT|accessibility-accessibilit-b224a-s-with-visible-focus-styles-Mobile-Chrome\video.webm]]

[[ATTACHMENT|accessibility-accessibilit-b224a-s-with-visible-focus-styles-Mobile-Chrome\error-context.md]]

[[ATTACHMENT|accessibility-accessibilit-b224a-s-with-visible-focus-styles-Mobile-Chrome\trace.zip]]
]]>
</system-out>
</testcase>
<testcase name="Accessibility - Services Page › should not have any critical or serious accessibility issues" classname="accessibility\accessibility.spec.ts" time="12.392">
<failure message="accessibility.spec.ts:103:7 should not have any critical or serious accessibility issues" type="FAILURE">
<![CDATA[  [Mobile Chrome] › accessibility\accessibility.spec.ts:103:7 › Accessibility - Services Page › should not have any critical or serious accessibility issues 

    Error: expect(received).toEqual(expected) // deep equality

    - Expected  -  1
    + Received  + 86

    - Array []
    + Array [
    +   Object {
    +     "description": "Ensure each HTML document contains a non-empty <title> element",
    +     "help": "Documents must have <title> element to aid in navigation",
    +     "helpUrl": "https://dequeuniversity.com/rules/axe/4.11/document-title?application=playwright",
    +     "id": "document-title",
    +     "impact": "serious",
    +     "nodes": Array [
    +       Object {
    +         "all": Array [],
    +         "any": Array [
    +           Object {
    +             "data": null,
    +             "id": "doc-has-title",
    +             "impact": "serious",
    +             "message": "Document does not have a non-empty <title> element",
    +             "relatedNodes": Array [],
    +           },
    +         ],
    +         "failureSummary": "Fix any of the following:
    +   Document does not have a non-empty <title> element",
    +         "html": "<html id=\"__next_error__\">",
    +         "impact": "serious",
    +         "none": Array [],
    +         "target": Array [
    +           "#__next_error__",
    +         ],
    +       },
    +     ],
    +     "tags": Array [
    +       "cat.text-alternatives",
    +       "wcag2a",
    +       "wcag242",
    +       "TTv5",
    +       "TT12.a",
    +       "EN-301-549",
    +       "EN-9.2.4.2",
    +       "ACT",
    +       "RGAAv4",
    +       "RGAA-8.5.1",
    +     ],
    +   },
    +   Object {
    +     "description": "Ensure every HTML document has a lang attribute",
    +     "help": "<html> element must have a lang attribute",
    +     "helpUrl": "https://dequeuniversity.com/rules/axe/4.11/html-has-lang?application=playwright",
    +     "id": "html-has-lang",
    +     "impact": "serious",
    +     "nodes": Array [
    +       Object {
    +         "all": Array [],
    +         "any": Array [
    +           Object {
    +             "data": Object {
    +               "messageKey": "noLang",
    +             },
    +             "id": "has-lang",
    +             "impact": "serious",
    +             "message": "The <html> element does not have a lang attribute",
    +             "relatedNodes": Array [],
    +           },
    +         ],
    +         "failureSummary": "Fix any of the following:
    +   The <html> element does not have a lang attribute",
    +         "html": "<html id=\"__next_error__\">",
    +         "impact": "serious",
    +         "none": Array [],
    +         "target": Array [
    +           "#__next_error__",
    +         ],
    +       },
    +     ],
    +     "tags": Array [
    +       "cat.language",
    +       "wcag2a",
    +       "wcag311",
    +       "TTv5",
    +       "TT11.a",
    +       "EN-301-549",
    +       "EN-9.3.1.1",
    +       "ACT",
    +       "RGAAv4",
    +       "RGAA-8.3.1",
    +     ],
    +   },
    + ]

      109 |
      110 |     const criticalViolations = getCriticalViolations(accessibilityScanResults.violations);
    > 111 |     expect(criticalViolations).toEqual([]);
          |                                ^
      112 |   });
      113 |
      114 |   test('should have alt text on all images', async ({ page }) => {
        at C:\honeybee\e2e\tests\accessibility\accessibility.spec.ts:111:32

    attachment #1: screenshot (image/png) ──────────────────────────────────────────────────────────
    ..\..\test-results\accessibility-accessibilit-1a0d9-erious-accessibility-issues-Mobile-Chrome\test-failed-1.png
    ────────────────────────────────────────────────────────────────────────────────────────────────

    attachment #2: video (video/webm) ──────────────────────────────────────────────────────────────
    ..\..\test-results\accessibility-accessibilit-1a0d9-erious-accessibility-issues-Mobile-Chrome\video.webm
    ────────────────────────────────────────────────────────────────────────────────────────────────

    attachment #3: video (video/webm) ──────────────────────────────────────────────────────────────
    ..\..\test-results\accessibility-accessibilit-1a0d9-erious-accessibility-issues-Mobile-Chrome\video-1.webm
    ────────────────────────────────────────────────────────────────────────────────────────────────

    Error Context: ..\..\test-results\accessibility-accessibilit-1a0d9-erious-accessibility-issues-Mobile-Chrome\error-context.md

    attachment #5: trace (application/zip) ─────────────────────────────────────────────────────────
    ..\..\test-results\accessibility-accessibilit-1a0d9-erious-accessibility-issues-Mobile-Chrome\trace.zip
    Usage:

        npx playwright show-trace ..\..\test-results\accessibility-accessibilit-1a0d9-erious-accessibility-issues-Mobile-Chrome\trace.zip

    ────────────────────────────────────────────────────────────────────────────────────────────────
]]>
</failure>
<system-out>
<![CDATA[
[[ATTACHMENT|accessibility-accessibilit-1a0d9-erious-accessibility-issues-Mobile-Chrome\test-failed-1.png]]

[[ATTACHMENT|accessibility-accessibilit-1a0d9-erious-accessibility-issues-Mobile-Chrome\video.webm]]

[[ATTACHMENT|accessibility-accessibilit-1a0d9-erious-accessibility-issues-Mobile-Chrome\video-1.webm]]

[[ATTACHMENT|accessibility-accessibilit-1a0d9-erious-accessibility-issues-Mobile-Chrome\error-context.md]]

[[ATTACHMENT|accessibility-accessibilit-1a0d9-erious-accessibility-issues-Mobile-Chrome\trace.zip]]
]]>
</system-out>
</testcase>
<testcase name="Accessibility - Services Page › should have alt text on all images" classname="accessibility\accessibility.spec.ts" time="2.737">
</testcase>
<testcase name="Accessibility - Services Page › should have descriptive link text" classname="accessibility\accessibility.spec.ts" time="33.362">
<failure message="accessibility.spec.ts:125:7 should have descriptive link text" type="FAILURE">
<![CDATA[  [Mobile Chrome] › accessibility\accessibility.spec.ts:125:7 › Accessibility - Services Page › should have descriptive link text 

    Test timeout of 30000ms exceeded.

    Error: locator.textContent: Test timeout of 30000ms exceeded.
    Call log:
      - waiting for locator('a[href]').nth(3)


      131 |     for (let i = 0; i < count; i++) {
      132 |       const link = links.nth(i);
    > 133 |       const text = await link.textContent();
          |                               ^
      134 |       const ariaLabel = await link.getAttribute('aria-label');
      135 |
      136 |       // Links should have either text or aria-label
        at C:\honeybee\e2e\tests\accessibility\accessibility.spec.ts:133:31

    attachment #1: screenshot (image/png) ──────────────────────────────────────────────────────────
    ..\..\test-results\accessibility-accessibilit-3e37a--have-descriptive-link-text-Mobile-Chrome\test-failed-1.png
    ────────────────────────────────────────────────────────────────────────────────────────────────

    attachment #2: video (video/webm) ──────────────────────────────────────────────────────────────
    ..\..\test-results\accessibility-accessibilit-3e37a--have-descriptive-link-text-Mobile-Chrome\video.webm
    ────────────────────────────────────────────────────────────────────────────────────────────────

    Error Context: ..\..\test-results\accessibility-accessibilit-3e37a--have-descriptive-link-text-Mobile-Chrome\error-context.md

    attachment #4: trace (application/zip) ─────────────────────────────────────────────────────────
    ..\..\test-results\accessibility-accessibilit-3e37a--have-descriptive-link-text-Mobile-Chrome\trace.zip
    Usage:

        npx playwright show-trace ..\..\test-results\accessibility-accessibilit-3e37a--have-descriptive-link-text-Mobile-Chrome\trace.zip

    ────────────────────────────────────────────────────────────────────────────────────────────────
]]>
</failure>
<system-out>
<![CDATA[
[[ATTACHMENT|accessibility-accessibilit-3e37a--have-descriptive-link-text-Mobile-Chrome\test-failed-1.png]]

[[ATTACHMENT|accessibility-accessibilit-3e37a--have-descriptive-link-text-Mobile-Chrome\video.webm]]

[[ATTACHMENT|accessibility-accessibilit-3e37a--have-descriptive-link-text-Mobile-Chrome\error-context.md]]

[[ATTACHMENT|accessibility-accessibilit-3e37a--have-descriptive-link-text-Mobile-Chrome\trace.zip]]
]]>
</system-out>
</testcase>
<testcase name="Accessibility - History Page › should not have any critical or serious accessibility issues" classname="accessibility\accessibility.spec.ts" time="11.272">
<failure message="accessibility.spec.ts:143:7 should not have any critical or serious accessibility issues" type="FAILURE">
<![CDATA[  [Mobile Chrome] › accessibility\accessibility.spec.ts:143:7 › Accessibility - History Page › should not have any critical or serious accessibility issues 

    Error: expect(received).toEqual(expected) // deep equality

    - Expected  -  1
    + Received  + 84

    - Array []
    + Array [
    +   Object {
    +     "description": "Ensure links have discernible text",
    +     "help": "Links must have discernible text",
    +     "helpUrl": "https://dequeuniversity.com/rules/axe/4.11/link-name?application=playwright",
    +     "id": "link-name",
    +     "impact": "serious",
    +     "nodes": Array [
    +       Object {
    +         "all": Array [],
    +         "any": Array [
    +           Object {
    +             "data": null,
    +             "id": "has-visible-text",
    +             "impact": "serious",
    +             "message": "Element does not have text that is visible to screen readers",
    +             "relatedNodes": Array [],
    +           },
    +           Object {
    +             "data": null,
    +             "id": "aria-label",
    +             "impact": "serious",
    +             "message": "aria-label attribute does not exist or is empty",
    +             "relatedNodes": Array [],
    +           },
    +           Object {
    +             "data": null,
    +             "id": "aria-labelledby",
    +             "impact": "serious",
    +             "message": "aria-labelledby attribute does not exist, references elements that do not exist or references elements that are empty",
    +             "relatedNodes": Array [],
    +           },
    +           Object {
    +             "data": Object {
    +               "messageKey": "noAttr",
    +             },
    +             "id": "non-empty-title",
    +             "impact": "serious",
    +             "message": "Element has no title attribute",
    +             "relatedNodes": Array [],
    +           },
    +         ],
    +         "failureSummary": "Fix all of the following:
    +   Element is in tab order and does not have accessible text
    +
    + Fix any of the following:
    +   Element does not have text that is visible to screen readers
    +   aria-label attribute does not exist or is empty
    +   aria-labelledby attribute does not exist, references elements that do not exist or references elements that are empty
    +   Element has no title attribute",
    +         "html": "<a href=\"https://www.facebook.com/profile.php?id=61559277947065\" target=\"_blank\" rel=\"noopener noreferrer\" class=\"relative group\" tabindex=\"0\">",
    +         "impact": "serious",
    +         "none": Array [
    +           Object {
    +             "data": null,
    +             "id": "focusable-no-name",
    +             "impact": "serious",
    +             "message": "Element is in tab order and does not have accessible text",
    +             "relatedNodes": Array [],
    +           },
    +         ],
    +         "target": Array [
    +           "a[target=\"_blank\"]",
    +         ],
    +       },
    +     ],
    +     "tags": Array [
    +       "cat.name-role-value",
    +       "wcag2a",
    +       "wcag244",
    +       "wcag412",
    +       "section508",
    +       "section508.22.a",
    +       "TTv5",
    +       "TT6.a",
    +       "EN-301-549",
    +       "EN-9.2.4.4",
    +       "EN-9.4.1.2",
    +       "ACT",
    +       "RGAAv4",
    +       "RGAA-6.2.1",
    +     ],
    +   },
    + ]

      149 |
      150 |     const criticalViolations = getCriticalViolations(accessibilityScanResults.violations);
    > 151 |     expect(criticalViolations).toEqual([]);
          |                                ^
      152 |   });
      153 |
      154 |   test('should have alt text on all images', async ({ page }) => {
        at C:\honeybee\e2e\tests\accessibility\accessibility.spec.ts:151:32

    attachment #1: screenshot (image/png) ──────────────────────────────────────────────────────────
    ..\..\test-results\accessibility-accessibilit-dd026-erious-accessibility-issues-Mobile-Chrome\test-failed-1.png
    ────────────────────────────────────────────────────────────────────────────────────────────────

    attachment #2: video (video/webm) ──────────────────────────────────────────────────────────────
    ..\..\test-results\accessibility-accessibilit-dd026-erious-accessibility-issues-Mobile-Chrome\video-1.webm
    ────────────────────────────────────────────────────────────────────────────────────────────────

    attachment #3: video (video/webm) ──────────────────────────────────────────────────────────────
    ..\..\test-results\accessibility-accessibilit-dd026-erious-accessibility-issues-Mobile-Chrome\video.webm
    ────────────────────────────────────────────────────────────────────────────────────────────────

    Error Context: ..\..\test-results\accessibility-accessibilit-dd026-erious-accessibility-issues-Mobile-Chrome\error-context.md

    attachment #5: trace (application/zip) ─────────────────────────────────────────────────────────
    ..\..\test-results\accessibility-accessibilit-dd026-erious-accessibility-issues-Mobile-Chrome\trace.zip
    Usage:

        npx playwright show-trace ..\..\test-results\accessibility-accessibilit-dd026-erious-accessibility-issues-Mobile-Chrome\trace.zip

    ────────────────────────────────────────────────────────────────────────────────────────────────
]]>
</failure>
<system-out>
<![CDATA[
[[ATTACHMENT|accessibility-accessibilit-dd026-erious-accessibility-issues-Mobile-Chrome\test-failed-1.png]]

[[ATTACHMENT|accessibility-accessibilit-dd026-erious-accessibility-issues-Mobile-Chrome\video-1.webm]]

[[ATTACHMENT|accessibility-accessibilit-dd026-erious-accessibility-issues-Mobile-Chrome\video.webm]]

[[ATTACHMENT|accessibility-accessibilit-dd026-erious-accessibility-issues-Mobile-Chrome\error-context.md]]

[[ATTACHMENT|accessibility-accessibilit-dd026-erious-accessibility-issues-Mobile-Chrome\trace.zip]]
]]>
</system-out>
</testcase>
<testcase name="Accessibility - History Page › should have alt text on all images" classname="accessibility\accessibility.spec.ts" time="6.83">
</testcase>
<testcase name="Accessibility - History Page › should have proper landmarks" classname="accessibility\accessibility.spec.ts" time="8.267">
<failure message="accessibility.spec.ts:165:7 should have proper landmarks" type="FAILURE">
<![CDATA[  [Mobile Chrome] › accessibility\accessibility.spec.ts:165:7 › Accessibility - History Page › should have proper landmarks 

    Error: expect(locator).toBeVisible() failed

    Locator:  locator('nav')
    Expected: visible
    Received: hidden
    Timeout:  5000ms

    Call log:
      - Expect "toBeVisible" with timeout 5000ms
      - waiting for locator('nav')
        8 × locator resolved to <nav aria-label="Main navigation" data-testid="main-navigation" class="hidden md:flex items-center space-x-8">…</nav>
          - unexpected value "hidden"


      172 |     // Check for nav landmark
      173 |     const nav = page.locator('nav');
    > 174 |     await expect(nav).toBeVisible();
          |                       ^
      175 |
      176 |     // Check for heading in main
      177 |     const mainHeading = main.locator('h1').or(main.locator('h2').first());
        at C:\honeybee\e2e\tests\accessibility\accessibility.spec.ts:174:23

    attachment #1: screenshot (image/png) ──────────────────────────────────────────────────────────
    ..\..\test-results\accessibility-accessibilit-f9241-hould-have-proper-landmarks-Mobile-Chrome\test-failed-1.png
    ────────────────────────────────────────────────────────────────────────────────────────────────

    attachment #2: video (video/webm) ──────────────────────────────────────────────────────────────
    ..\..\test-results\accessibility-accessibilit-f9241-hould-have-proper-landmarks-Mobile-Chrome\video.webm
    ────────────────────────────────────────────────────────────────────────────────────────────────

    Error Context: ..\..\test-results\accessibility-accessibilit-f9241-hould-have-proper-landmarks-Mobile-Chrome\error-context.md

    attachment #4: trace (application/zip) ─────────────────────────────────────────────────────────
    ..\..\test-results\accessibility-accessibilit-f9241-hould-have-proper-landmarks-Mobile-Chrome\trace.zip
    Usage:

        npx playwright show-trace ..\..\test-results\accessibility-accessibilit-f9241-hould-have-proper-landmarks-Mobile-Chrome\trace.zip

    ────────────────────────────────────────────────────────────────────────────────────────────────
]]>
</failure>
<system-out>
<![CDATA[
[[ATTACHMENT|accessibility-accessibilit-f9241-hould-have-proper-landmarks-Mobile-Chrome\test-failed-1.png]]

[[ATTACHMENT|accessibility-accessibilit-f9241-hould-have-proper-landmarks-Mobile-Chrome\video.webm]]

[[ATTACHMENT|accessibility-accessibilit-f9241-hould-have-proper-landmarks-Mobile-Chrome\error-context.md]]

[[ATTACHMENT|accessibility-accessibilit-f9241-hould-have-proper-landmarks-Mobile-Chrome\trace.zip]]
]]>
</system-out>
</testcase>
<testcase name="Accessibility - Keyboard Navigation › should be fully keyboard navigable" classname="accessibility\accessibility.spec.ts" time="3.172">
</testcase>
<testcase name="Accessibility - Keyboard Navigation › should trap focus in modal if present" classname="accessibility\accessibility.spec.ts" time="2.591">
</testcase>
<testcase name="Accessibility - Keyboard Navigation › should have visible skip link" classname="accessibility\accessibility.spec.ts" time="2.058">
</testcase>
<testcase name="Accessibility - Color Contrast › should have sufficient color contrast" classname="accessibility\accessibility.spec.ts" time="6.73">
</testcase>
<testcase name="Accessibility - Color Contrast › should maintain contrast in dark mode" classname="accessibility\accessibility.spec.ts" time="46.522">
<failure message="accessibility.spec.ts:240:7 should maintain contrast in dark mode" type="FAILURE">
<![CDATA[  [Mobile Chrome] › accessibility\accessibility.spec.ts:240:7 › Accessibility - Color Contrast › should maintain contrast in dark mode 

    Test timeout of 30000ms exceeded.

    Error: locator.click: Test timeout of 30000ms exceeded.
    Call log:
      - waiting for locator('button[aria-label*="dark"], button[aria-label*="light"]').first()
        - locator resolved to <button aria-pressed="false" data-testid="theme-toggle" aria-label="Switch to dark mode" class="p-2 rounded-full hover:bg-gray-100 dark:hover:bg-gray-800 transition-colors">…</button>
      - attempting click action
        2 × waiting for element to be visible, enabled and stable
          - element is not stable
        - retrying click action
        - waiting 20ms
        2 × waiting for element to be visible, enabled and stable
          - element is not stable
        - retrying click action
          - waiting 100ms
        - waiting for element to be visible, enabled and stable
        - element is visible, enabled and stable
        - scrolling into view if needed
        - done scrolling
        - <div>…</div> from <a href="/" class="flex items-center group" aria-label="Honey Bee Community Services - Go to homepage">…</a> subtree intercepts pointer events
      12 × retrying click action
           - waiting 500ms
           - waiting for element to be visible, enabled and stable
           - element is visible, enabled and stable
           - scrolling into view if needed
           - done scrolling
           - <canvas width="776" height="224" data-engine="three.js r182"></canvas> from <a href="/" class="flex items-center group" aria-label="Honey Bee Community Services - Go to homepage">…</a> subtree intercepts pointer events
         - retrying click action
           - waiting 500ms
           - waiting for element to be visible, enabled and stable
           - element is visible, enabled and stable
           - scrolling into view if needed
           - done scrolling
           - <span class="relative inline-block bg-clip-text text-transparent bg-gradient-to-br from-amber-800 via-amber-600 to-yellow-600">Services</span> from <a href="/" class="flex items-center group" aria-label="Honey Bee Community Services - Go to homepage">…</a> subtree intercepts pointer events
         - retrying click action
           - waiting 500ms
           - waiting for element to be visible, enabled and stable
           - element is visible, enabled and stable
           - scrolling into view if needed
           - done scrolling
           - <canvas width="776" height="224" data-engine="three.js r182"></canvas> from <a href="/" class="flex items-center group" aria-label="Honey Bee Community Services - Go to homepage">…</a> subtree intercepts pointer events
         - retrying click action
           - waiting 500ms
           - waiting for element to be visible, enabled and stable
           - element is visible, enabled and stable
           - scrolling into view if needed
           - done scrolling
           - <canvas width="776" height="224" data-engine="three.js r182"></canvas> from <a href="/" class="flex items-center group" aria-label="Honey Bee Community Services - Go to homepage">…</a> subtree intercepts pointer events
      - retrying click action
        - waiting 500ms


      246 |
      247 |     if (count > 0) {
    > 248 |       await darkModeToggle.first().click();
          |                                    ^
      249 |
      250 |       const accessibilityScanResults = await new AxeBuilder({ page })
      251 |         .withTags(['wcag2aa'])
        at C:\honeybee\e2e\tests\accessibility\accessibility.spec.ts:248:36

    attachment #1: screenshot (image/png) ──────────────────────────────────────────────────────────
    ..\..\test-results\accessibility-accessibilit-b1b98-ntain-contrast-in-dark-mode-Mobile-Chrome\test-failed-1.png
    ────────────────────────────────────────────────────────────────────────────────────────────────

    attachment #2: video (video/webm) ──────────────────────────────────────────────────────────────
    ..\..\test-results\accessibility-accessibilit-b1b98-ntain-contrast-in-dark-mode-Mobile-Chrome\video.webm
    ────────────────────────────────────────────────────────────────────────────────────────────────

    Error Context: ..\..\test-results\accessibility-accessibilit-b1b98-ntain-contrast-in-dark-mode-Mobile-Chrome\error-context.md

    attachment #4: trace (application/zip) ─────────────────────────────────────────────────────────
    ..\..\test-results\accessibility-accessibilit-b1b98-ntain-contrast-in-dark-mode-Mobile-Chrome\trace.zip
    Usage:

        npx playwright show-trace ..\..\test-results\accessibility-accessibilit-b1b98-ntain-contrast-in-dark-mode-Mobile-Chrome\trace.zip

    ────────────────────────────────────────────────────────────────────────────────────────────────
]]>
</failure>
<system-out>
<![CDATA[
[[ATTACHMENT|accessibility-accessibilit-b1b98-ntain-contrast-in-dark-mode-Mobile-Chrome\test-failed-1.png]]

[[ATTACHMENT|accessibility-accessibilit-b1b98-ntain-contrast-in-dark-mode-Mobile-Chrome\video.webm]]

[[ATTACHMENT|accessibility-accessibilit-b1b98-ntain-contrast-in-dark-mode-Mobile-Chrome\error-context.md]]

[[ATTACHMENT|accessibility-accessibilit-b1b98-ntain-contrast-in-dark-mode-Mobile-Chrome\trace.zip]]
]]>
</system-out>
</testcase>
<testcase name="Accessibility - Screen Reader › should have descriptive ARIA labels on interactive elements" classname="accessibility\accessibility.spec.ts" time="46.032">
<failure message="accessibility.spec.ts:264:7 should have descriptive ARIA labels on interactive elements" type="FAILURE">
<![CDATA[  [Mobile Chrome] › accessibility\accessibility.spec.ts:264:7 › Accessibility - Screen Reader › should have descriptive ARIA labels on interactive elements 

    Test timeout of 30000ms exceeded.

    attachment #1: screenshot (image/png) ──────────────────────────────────────────────────────────
    ..\..\test-results\accessibility-accessibilit-0dd2e-els-on-interactive-elements-Mobile-Chrome\test-failed-1.png
    ────────────────────────────────────────────────────────────────────────────────────────────────

    attachment #2: video (video/webm) ──────────────────────────────────────────────────────────────
    ..\..\test-results\accessibility-accessibilit-0dd2e-els-on-interactive-elements-Mobile-Chrome\video.webm
    ────────────────────────────────────────────────────────────────────────────────────────────────

    Error Context: ..\..\test-results\accessibility-accessibilit-0dd2e-els-on-interactive-elements-Mobile-Chrome\error-context.md

    attachment #4: trace (application/zip) ─────────────────────────────────────────────────────────
    ..\..\test-results\accessibility-accessibilit-0dd2e-els-on-interactive-elements-Mobile-Chrome\trace.zip
    Usage:

        npx playwright show-trace ..\..\test-results\accessibility-accessibilit-0dd2e-els-on-interactive-elements-Mobile-Chrome\trace.zip

    ────────────────────────────────────────────────────────────────────────────────────────────────
]]>
</failure>
<system-out>
<![CDATA[
[[ATTACHMENT|accessibility-accessibilit-0dd2e-els-on-interactive-elements-Mobile-Chrome\test-failed-1.png]]

[[ATTACHMENT|accessibility-accessibilit-0dd2e-els-on-interactive-elements-Mobile-Chrome\video.webm]]

[[ATTACHMENT|accessibility-accessibilit-0dd2e-els-on-interactive-elements-Mobile-Chrome\error-context.md]]

[[ATTACHMENT|accessibility-accessibilit-0dd2e-els-on-interactive-elements-Mobile-Chrome\trace.zip]]
]]>
</system-out>
</testcase>
<testcase name="Accessibility - Screen Reader › should have role attributes where needed" classname="accessibility\accessibility.spec.ts" time="8.596">
</testcase>
<testcase name="Accessibility - Screen Reader › should announce dynamic content changes" classname="accessibility\accessibility.spec.ts" time="6.63">
</testcase>
</testsuite>
<testsuite name="happy-path\navigation.spec.ts" timestamp="2026-01-09T18:05:05.506Z" hostname="Mobile Chrome" tests="14" failures="5" skipped="0" time="194.073" errors="0">
<testcase name="Navigation &amp; Routing › should navigate to services page" classname="happy-path\navigation.spec.ts" time="16.569">
<failure message="navigation.spec.ts:36:7 should navigate to services page" type="FAILURE">
<![CDATA[  [Mobile Chrome] › happy-path\navigation.spec.ts:36:7 › Navigation & Routing › should navigate to services page 

    Error: locator.waitFor: Error: strict mode violation: getByRole('button', { name: /services/i }) resolved to 9 elements:
        1) <button aria-label="Scroll to services section to learn more about our services" class="group relative px-8 py-4 bg-bee-amber hover:bg-honey-600 text-white font-semibold rounded-full shadow-lg hover:shadow-xl transition-all duration-300 overflow-hidden">…</button> aka getByRole('button', { name: 'Scroll to services section to' })
        2) <button aria-pressed="false" aria-label="Filter by Day Services" class="px-6 py-2 rounded-full font-medium transition-all duration-300 bg-gray-100 dark:bg-gray-800 text-gray-700 dark:text-gray-300 hover:bg-gray-200 dark:hover:bg-gray-700">Day Services</button> aka getByRole('button', { name: 'Filter by Day Services' })
        3) <button tabindex="0" class="px-4 py-2 rounded-full bg-white dark:bg-gray-800 border-2 border-primary-400 text-sm font-medium text-primary-600 dark:text-primary-400 hover:bg-primary-400 hover:text-white dark:hover:bg-primary-500 transition-all shadow-md hover:shadow-lg">What services do you provide?</button> aka getByRole('button', { name: 'What services do you provide?' })
        4) <button aria-pressed="false" aria-label="Filter by Services" class="px-5 py-2.5 rounded-full font-medium transition-all bg-white dark:bg-gray-800 text-gray-700 dark:text-gray-300 border-2 border-gray-300 dark:border-gray-600 hover:bg-gray-50 dark:hover:bg-gray-700">Services</button> aka getByRole('button', { name: 'Filter by Services' })
        5) <button aria-expanded="false" aria-controls="faq-answer-services" class="w-full text-left px-6 py-5 flex items-start justify-between gap-4 hover:bg-gray-50 dark:hover:bg-gray-700 transition-colors focus:outline-none">…</button> aka getByRole('button', { name: '💬 What services does HBCS' })
        6) <button aria-expanded="false" aria-controls="faq-answer-eligibility" class="w-full text-left px-6 py-5 flex items-start justify-between gap-4 hover:bg-gray-50 dark:hover:bg-gray-700 transition-colors focus:outline-none">…</button> aka getByRole('button', { name: '💬 How do I qualify for HBCS' })
        7) <button aria-expanded="false" aria-controls="faq-answer-residential" class="w-full text-left px-6 py-5 flex items-start justify-between gap-4 hover:bg-gray-50 dark:hover:bg-gray-700 transition-colors focus:outline-none">…</button> aka getByRole('button', { name: '💬 What is your Residential' })
        8) <button aria-expanded="false" aria-controls="faq-answer-day-services" class="w-full text-left px-6 py-5 flex items-start justify-between gap-4 hover:bg-gray-50 dark:hover:bg-gray-700 transition-colors focus:outline-none">…</button> aka getByRole('button', { name: '💬 What do you offer in Day' })
        9) <button aria-expanded="false" aria-controls="faq-answer-cost" class="w-full text-left px-6 py-5 flex items-start justify-between gap-4 hover:bg-gray-50 dark:hover:bg-gray-700 transition-colors focus:outline-none">…</button> aka getByRole('button', { name: '💬 How much do your services' })

    Call log:
      - waiting for getByRole('button', { name: /services/i }) to be visible


      43 |     // Services is a dropdown button, need to click menu item
      44 |     const servicesButton = page.getByRole('button', { name: /services/i });
    > 45 |     await servicesButton.waitFor({ state: 'visible', timeout: 10000 });
         |                          ^
      46 |     await servicesButton.click();
      47 |
      48 |     // Use robust wait strategy
        at C:\honeybee\e2e\tests\happy-path\navigation.spec.ts:45:26

    attachment #1: screenshot (image/png) ──────────────────────────────────────────────────────────
    ..\..\test-results\happy-path-navigation-Navi-9bd7c-d-navigate-to-services-page-Mobile-Chrome\test-failed-1.png
    ────────────────────────────────────────────────────────────────────────────────────────────────

    attachment #2: video (video/webm) ──────────────────────────────────────────────────────────────
    ..\..\test-results\happy-path-navigation-Navi-9bd7c-d-navigate-to-services-page-Mobile-Chrome\video.webm
    ────────────────────────────────────────────────────────────────────────────────────────────────

    Error Context: ..\..\test-results\happy-path-navigation-Navi-9bd7c-d-navigate-to-services-page-Mobile-Chrome\error-context.md

    attachment #4: trace (application/zip) ─────────────────────────────────────────────────────────
    ..\..\test-results\happy-path-navigation-Navi-9bd7c-d-navigate-to-services-page-Mobile-Chrome\trace.zip
    Usage:

        npx playwright show-trace ..\..\test-results\happy-path-navigation-Navi-9bd7c-d-navigate-to-services-page-Mobile-Chrome\trace.zip

    ────────────────────────────────────────────────────────────────────────────────────────────────
]]>
</failure>
<system-out>
<![CDATA[
[[ATTACHMENT|happy-path-navigation-Navi-9bd7c-d-navigate-to-services-page-Mobile-Chrome\test-failed-1.png]]

[[ATTACHMENT|happy-path-navigation-Navi-9bd7c-d-navigate-to-services-page-Mobile-Chrome\video.webm]]

[[ATTACHMENT|happy-path-navigation-Navi-9bd7c-d-navigate-to-services-page-Mobile-Chrome\error-context.md]]

[[ATTACHMENT|happy-path-navigation-Navi-9bd7c-d-navigate-to-services-page-Mobile-Chrome\trace.zip]]
]]>
</system-out>
</testcase>
<testcase name="Navigation &amp; Routing › should navigate to history page" classname="happy-path\navigation.spec.ts" time="16.212">
</testcase>
<testcase name="Navigation &amp; Routing › should navigate to our vision page" classname="happy-path\navigation.spec.ts" time="36.128">
<failure message="navigation.spec.ts:80:7 should navigate to our vision page" type="FAILURE">
<![CDATA[  [Mobile Chrome] › happy-path\navigation.spec.ts:80:7 › Navigation & Routing › should navigate to our vision page 

    Test timeout of 30000ms exceeded.

    attachment #1: screenshot (image/png) ──────────────────────────────────────────────────────────
    ..\..\test-results\happy-path-navigation-Navi-955a5-navigate-to-our-vision-page-Mobile-Chrome\test-failed-1.png
    ────────────────────────────────────────────────────────────────────────────────────────────────

    attachment #2: video (video/webm) ──────────────────────────────────────────────────────────────
    ..\..\test-results\happy-path-navigation-Navi-955a5-navigate-to-our-vision-page-Mobile-Chrome\video.webm
    ────────────────────────────────────────────────────────────────────────────────────────────────

    Error Context: ..\..\test-results\happy-path-navigation-Navi-955a5-navigate-to-our-vision-page-Mobile-Chrome\error-context.md

    attachment #4: trace (application/zip) ─────────────────────────────────────────────────────────
    ..\..\test-results\happy-path-navigation-Navi-955a5-navigate-to-our-vision-page-Mobile-Chrome\trace.zip
    Usage:

        npx playwright show-trace ..\..\test-results\happy-path-navigation-Navi-955a5-navigate-to-our-vision-page-Mobile-Chrome\trace.zip

    ────────────────────────────────────────────────────────────────────────────────────────────────
]]>
</failure>
<system-out>
<![CDATA[
[[ATTACHMENT|happy-path-navigation-Navi-955a5-navigate-to-our-vision-page-Mobile-Chrome\test-failed-1.png]]

[[ATTACHMENT|happy-path-navigation-Navi-955a5-navigate-to-our-vision-page-Mobile-Chrome\video.webm]]

[[ATTACHMENT|happy-path-navigation-Navi-955a5-navigate-to-our-vision-page-Mobile-Chrome\error-context.md]]

[[ATTACHMENT|happy-path-navigation-Navi-955a5-navigate-to-our-vision-page-Mobile-Chrome\trace.zip]]
]]>
</system-out>
</testcase>
<testcase name="Navigation &amp; Routing › should navigate back to home from history" classname="happy-path\navigation.spec.ts" time="11.16">
<failure message="navigation.spec.ts:100:7 should navigate back to home from history" type="FAILURE">
<![CDATA[  [Mobile Chrome] › happy-path\navigation.spec.ts:100:7 › Navigation & Routing › should navigate back to home from history 

    Error: locator.waitFor: Error: strict mode violation: locator('a[href="/"]') resolved to 5 elements:
        1) <a href="/" class="flex items-center group" aria-label="Honey Bee Community Services - Go to homepage">…</a> aka getByRole('banner').getByRole('link', { name: 'Honey Bee Community Services' })
        2) <a href="/" data-testid="nav-" class="text-gray-700 dark:text-gray-300 hover:text-primary-400 dark:hover:text-primary-400 transition-colors font-medium">Home</a> aka getByTestId('nav-')
        3) <a href="/" data-testid="back-to-home-link" aria-label="Navigate back to home page" class="inline-flex items-center text-primary-400 hover:text-primary-500 mb-6 font-medium">…</a> aka getByTestId('back-to-home-link')
        4) <a href="/" class="flex items-center group" aria-label="Honey Bee Community Services - Go to homepage">…</a> aka getByRole('contentinfo').getByRole('link', { name: 'Honey Bee Community Services' })
        5) <a href="/" class="text-gray-400 hover:text-bee-gold-dark transition-colors">Home</a> aka getByRole('link', { name: 'Home', exact: true })

    Call log:
      - waiting for locator('a[href="/"]')


      105 |     // Wait for back button to be ready
      106 |     const backToHomeButton = page.locator('a[href="/"]');
    > 107 |     await backToHomeButton.waitFor({ state: 'attached', timeout: 5000 });
          |                            ^
      108 |     await historyPage.clickBackToHome();
      109 |
      110 |     // Browser-specific wait for navigation
        at C:\honeybee\e2e\tests\happy-path\navigation.spec.ts:107:28

    attachment #1: screenshot (image/png) ──────────────────────────────────────────────────────────
    ..\..\test-results\happy-path-navigation-Navi-6d98e-e-back-to-home-from-history-Mobile-Chrome\test-failed-1.png
    ────────────────────────────────────────────────────────────────────────────────────────────────

    attachment #2: video (video/webm) ──────────────────────────────────────────────────────────────
    ..\..\test-results\happy-path-navigation-Navi-6d98e-e-back-to-home-from-history-Mobile-Chrome\video.webm
    ────────────────────────────────────────────────────────────────────────────────────────────────

    Error Context: ..\..\test-results\happy-path-navigation-Navi-6d98e-e-back-to-home-from-history-Mobile-Chrome\error-context.md

    attachment #4: trace (application/zip) ─────────────────────────────────────────────────────────
    ..\..\test-results\happy-path-navigation-Navi-6d98e-e-back-to-home-from-history-Mobile-Chrome\trace.zip
    Usage:

        npx playwright show-trace ..\..\test-results\happy-path-navigation-Navi-6d98e-e-back-to-home-from-history-Mobile-Chrome\trace.zip

    ────────────────────────────────────────────────────────────────────────────────────────────────
]]>
</failure>
<system-out>
<![CDATA[
[[ATTACHMENT|happy-path-navigation-Navi-6d98e-e-back-to-home-from-history-Mobile-Chrome\test-failed-1.png]]

[[ATTACHMENT|happy-path-navigation-Navi-6d98e-e-back-to-home-from-history-Mobile-Chrome\video.webm]]

[[ATTACHMENT|happy-path-navigation-Navi-6d98e-e-back-to-home-from-history-Mobile-Chrome\error-context.md]]

[[ATTACHMENT|happy-path-navigation-Navi-6d98e-e-back-to-home-from-history-Mobile-Chrome\trace.zip]]
]]>
</system-out>
</testcase>
<testcase name="Navigation &amp; Routing › should navigate to service detail pages" classname="happy-path\navigation.spec.ts" time="18.83">
<failure message="navigation.spec.ts:118:7 should navigate to service detail pages" type="FAILURE">
<![CDATA[  [Mobile Chrome] › happy-path\navigation.spec.ts:118:7 › Navigation & Routing › should navigate to service detail pages 

    Error: expect(locator).toBeVisible() failed

    Locator: getByRole('menu')
    Expected: visible
    Timeout: 10000ms
    Error: element(s) not found

    Call log:
      - Expect "toBeVisible" with timeout 10000ms
      - waiting for getByRole('menu')


      16 | async function waitForMenuReady(page: any, browserName: string) {
      17 |   // Wait for menu to be visible
    > 18 |   await expect(page.getByRole('menu')).toBeVisible({ timeout: 10000 });
         |                                        ^
      19 |
      20 |   // Browser-specific waits
      21 |   const browserWaits: Record<string, number> = {
        at waitForMenuReady (C:\honeybee\e2e\tests\happy-path\navigation.spec.ts:18:40)
        at C:\honeybee\e2e\tests\happy-path\navigation.spec.ts:128:11

    attachment #1: screenshot (image/png) ──────────────────────────────────────────────────────────
    ..\..\test-results\happy-path-navigation-Navi-d2a42-ate-to-service-detail-pages-Mobile-Chrome\test-failed-1.png
    ────────────────────────────────────────────────────────────────────────────────────────────────

    attachment #2: video (video/webm) ──────────────────────────────────────────────────────────────
    ..\..\test-results\happy-path-navigation-Navi-d2a42-ate-to-service-detail-pages-Mobile-Chrome\video.webm
    ────────────────────────────────────────────────────────────────────────────────────────────────

    Error Context: ..\..\test-results\happy-path-navigation-Navi-d2a42-ate-to-service-detail-pages-Mobile-Chrome\error-context.md

    attachment #4: trace (application/zip) ─────────────────────────────────────────────────────────
    ..\..\test-results\happy-path-navigation-Navi-d2a42-ate-to-service-detail-pages-Mobile-Chrome\trace.zip
    Usage:

        npx playwright show-trace ..\..\test-results\happy-path-navigation-Navi-d2a42-ate-to-service-detail-pages-Mobile-Chrome\trace.zip

    ────────────────────────────────────────────────────────────────────────────────────────────────
]]>
</failure>
<system-out>
<![CDATA[
[[ATTACHMENT|happy-path-navigation-Navi-d2a42-ate-to-service-detail-pages-Mobile-Chrome\test-failed-1.png]]

[[ATTACHMENT|happy-path-navigation-Navi-d2a42-ate-to-service-detail-pages-Mobile-Chrome\video.webm]]

[[ATTACHMENT|happy-path-navigation-Navi-d2a42-ate-to-service-detail-pages-Mobile-Chrome\error-context.md]]

[[ATTACHMENT|happy-path-navigation-Navi-d2a42-ate-to-service-detail-pages-Mobile-Chrome\trace.zip]]
]]>
</system-out>
</testcase>
<testcase name="Navigation &amp; Routing › should navigate to contact section" classname="happy-path\navigation.spec.ts" time="9.163">
</testcase>
<testcase name="Navigation &amp; Routing › should handle 404 for non-existent routes" classname="happy-path\navigation.spec.ts" time="4.901">
</testcase>
<testcase name="Navigation &amp; Routing › should maintain state on page reload" classname="happy-path\navigation.spec.ts" time="12.41">
</testcase>
<testcase name="Navigation &amp; Routing › should handle browser back button" classname="happy-path\navigation.spec.ts" time="13.216">
</testcase>
<testcase name="Navigation &amp; Routing › should handle browser forward button" classname="happy-path\navigation.spec.ts" time="20.536">
</testcase>
<testcase name="Navigation &amp; Routing › should navigate via direct URL" classname="happy-path\navigation.spec.ts" time="11.473">
<failure message="navigation.spec.ts:255:7 should navigate via direct URL" type="FAILURE">
<![CDATA[  [Mobile Chrome] › happy-path\navigation.spec.ts:255:7 › Navigation & Routing › should navigate via direct URL 

    TimeoutError: locator.waitFor: Timeout 8000ms exceeded.
    Call log:
      - waiting for getByRole('heading', { name: /our services/i }) to be visible


      259 |     await expect(page).toHaveURL('/services');
      260 |     const servicesHeading = page.getByRole('heading', { name: /our services/i });
    > 261 |     await servicesHeading.waitFor({ state: 'visible', timeout: 8000 });
          |                           ^
      262 |     await expect(servicesHeading).toBeVisible();
      263 |
      264 |     // Navigate directly to history
        at C:\honeybee\e2e\tests\happy-path\navigation.spec.ts:261:27

    attachment #1: screenshot (image/png) ──────────────────────────────────────────────────────────
    ..\..\test-results\happy-path-navigation-Navi-144e7-uld-navigate-via-direct-URL-Mobile-Chrome\test-failed-1.png
    ────────────────────────────────────────────────────────────────────────────────────────────────

    attachment #2: video (video/webm) ──────────────────────────────────────────────────────────────
    ..\..\test-results\happy-path-navigation-Navi-144e7-uld-navigate-via-direct-URL-Mobile-Chrome\video.webm
    ────────────────────────────────────────────────────────────────────────────────────────────────

    Error Context: ..\..\test-results\happy-path-navigation-Navi-144e7-uld-navigate-via-direct-URL-Mobile-Chrome\error-context.md

    attachment #4: trace (application/zip) ─────────────────────────────────────────────────────────
    ..\..\test-results\happy-path-navigation-Navi-144e7-uld-navigate-via-direct-URL-Mobile-Chrome\trace.zip
    Usage:

        npx playwright show-trace ..\..\test-results\happy-path-navigation-Navi-144e7-uld-navigate-via-direct-URL-Mobile-Chrome\trace.zip

    ────────────────────────────────────────────────────────────────────────────────────────────────
]]>
</failure>
<system-out>
<![CDATA[
[[ATTACHMENT|happy-path-navigation-Navi-144e7-uld-navigate-via-direct-URL-Mobile-Chrome\test-failed-1.png]]

[[ATTACHMENT|happy-path-navigation-Navi-144e7-uld-navigate-via-direct-URL-Mobile-Chrome\video.webm]]

[[ATTACHMENT|happy-path-navigation-Navi-144e7-uld-navigate-via-direct-URL-Mobile-Chrome\error-context.md]]

[[ATTACHMENT|happy-path-navigation-Navi-144e7-uld-navigate-via-direct-URL-Mobile-Chrome\trace.zip]]
]]>
</system-out>
</testcase>
<testcase name="Navigation &amp; Routing › should handle navigation with query parameters" classname="happy-path\navigation.spec.ts" time="7.354">
</testcase>
<testcase name="Navigation &amp; Routing › should maintain scroll position on back navigation" classname="happy-path\navigation.spec.ts" time="9.392">
</testcase>
<testcase name="Navigation &amp; Routing › should handle multiple rapid navigations" classname="happy-path\navigation.spec.ts" time="6.729">
</testcase>
</testsuite>
<testsuite name="regression\page-content.spec.ts" timestamp="2026-01-09T18:05:05.506Z" hostname="Mobile Chrome" tests="23" failures="4" skipped="0" time="178.562" errors="0">
<testcase name="Homepage - Content Tests › should display hero heading" classname="regression\page-content.spec.ts" time="3.823">
</testcase>
<testcase name="Homepage - Content Tests › should display services section" classname="regression\page-content.spec.ts" time="36.866">
<failure message="page-content.spec.ts:22:7 should display services section" type="FAILURE">
<![CDATA[  [Mobile Chrome] › regression\page-content.spec.ts:22:7 › Homepage - Content Tests › should display services section 

    Test timeout of 30000ms exceeded.

    Error: locator.scrollIntoViewIfNeeded: Test timeout of 30000ms exceeded.
    Call log:
      - waiting for getByTestId('services-section').or(locator('[data-testid="services-section"]'))


      27 |     // Use data-testid for specific section - scroll into view first
      28 |     const servicesSection = page.getByTestId('services-section').or(page.locator('[data-testid="services-section"]'));
    > 29 |     await servicesSection.scrollIntoViewIfNeeded();
         |                           ^
      30 |     await expect(servicesSection).toBeVisible();
      31 |
      32 |     // More flexible heading selector
        at C:\honeybee\e2e\tests\regression\page-content.spec.ts:29:27

    attachment #1: screenshot (image/png) ──────────────────────────────────────────────────────────
    ..\..\test-results\regression-page-content-Ho-e29a4-ld-display-services-section-Mobile-Chrome\test-failed-1.png
    ────────────────────────────────────────────────────────────────────────────────────────────────

    attachment #2: video (video/webm) ──────────────────────────────────────────────────────────────
    ..\..\test-results\regression-page-content-Ho-e29a4-ld-display-services-section-Mobile-Chrome\video.webm
    ────────────────────────────────────────────────────────────────────────────────────────────────

    Error Context: ..\..\test-results\regression-page-content-Ho-e29a4-ld-display-services-section-Mobile-Chrome\error-context.md

    attachment #4: trace (application/zip) ─────────────────────────────────────────────────────────
    ..\..\test-results\regression-page-content-Ho-e29a4-ld-display-services-section-Mobile-Chrome\trace.zip
    Usage:

        npx playwright show-trace ..\..\test-results\regression-page-content-Ho-e29a4-ld-display-services-section-Mobile-Chrome\trace.zip

    ────────────────────────────────────────────────────────────────────────────────────────────────
]]>
</failure>
<system-out>
<![CDATA[
[[ATTACHMENT|regression-page-content-Ho-e29a4-ld-display-services-section-Mobile-Chrome\test-failed-1.png]]

[[ATTACHMENT|regression-page-content-Ho-e29a4-ld-display-services-section-Mobile-Chrome\video.webm]]

[[ATTACHMENT|regression-page-content-Ho-e29a4-ld-display-services-section-Mobile-Chrome\error-context.md]]

[[ATTACHMENT|regression-page-content-Ho-e29a4-ld-display-services-section-Mobile-Chrome\trace.zip]]
]]>
</system-out>
</testcase>
<testcase name="Homepage - Content Tests › should display gallery section" classname="regression\page-content.spec.ts" time="10.06">
</testcase>
<testcase name="Homepage - Content Tests › should display about section" classname="regression\page-content.spec.ts" time="35.273">
<failure message="page-content.spec.ts:45:7 should display about section" type="FAILURE">
<![CDATA[  [Mobile Chrome] › regression\page-content.spec.ts:45:7 › Homepage - Content Tests › should display about section 

    Test timeout of 30000ms exceeded.

    Error: locator.scrollIntoViewIfNeeded: Test timeout of 30000ms exceeded.
    Call log:
      - waiting for locator('[data-testid="about-section"]')


      48 |     await page.waitForLoadState('networkidle');
      49 |
    > 50 |     await homePage.aboutSection.scrollIntoViewIfNeeded();
         |                                 ^
      51 |     await expect(homePage.aboutSection).toBeVisible();
      52 |
      53 |     // More flexible heading selector
        at C:\honeybee\e2e\tests\regression\page-content.spec.ts:50:33

    attachment #1: screenshot (image/png) ──────────────────────────────────────────────────────────
    ..\..\test-results\regression-page-content-Ho-736ca-hould-display-about-section-Mobile-Chrome\test-failed-1.png
    ────────────────────────────────────────────────────────────────────────────────────────────────

    attachment #2: video (video/webm) ──────────────────────────────────────────────────────────────
    ..\..\test-results\regression-page-content-Ho-736ca-hould-display-about-section-Mobile-Chrome\video.webm
    ────────────────────────────────────────────────────────────────────────────────────────────────

    Error Context: ..\..\test-results\regression-page-content-Ho-736ca-hould-display-about-section-Mobile-Chrome\error-context.md

    attachment #4: trace (application/zip) ─────────────────────────────────────────────────────────
    ..\..\test-results\regression-page-content-Ho-736ca-hould-display-about-section-Mobile-Chrome\trace.zip
    Usage:

        npx playwright show-trace ..\..\test-results\regression-page-content-Ho-736ca-hould-display-about-section-Mobile-Chrome\trace.zip

    ────────────────────────────────────────────────────────────────────────────────────────────────
]]>
</failure>
<system-out>
<![CDATA[
[[ATTACHMENT|regression-page-content-Ho-736ca-hould-display-about-section-Mobile-Chrome\test-failed-1.png]]

[[ATTACHMENT|regression-page-content-Ho-736ca-hould-display-about-section-Mobile-Chrome\video.webm]]

[[ATTACHMENT|regression-page-content-Ho-736ca-hould-display-about-section-Mobile-Chrome\error-context.md]]

[[ATTACHMENT|regression-page-content-Ho-736ca-hould-display-about-section-Mobile-Chrome\trace.zip]]
]]>
</system-out>
</testcase>
<testcase name="Homepage - Content Tests › should display testimonials section" classname="regression\page-content.spec.ts" time="6.504">
</testcase>
<testcase name="Homepage - Content Tests › should display contact section" classname="regression\page-content.spec.ts" time="12.422">
</testcase>
<testcase name="Services Page - Content Tests › should display services heading" classname="regression\page-content.spec.ts" time="1.417">
</testcase>
<testcase name="Services Page - Content Tests › should display all three service cards" classname="regression\page-content.spec.ts" time="7.483">
</testcase>
<testcase name="Services Page - Content Tests › should display service cards with images" classname="regression\page-content.spec.ts" time="5.944">
<failure message="page-content.spec.ts:92:7 should display service cards with images" type="FAILURE">
<![CDATA[  [Mobile Chrome] › regression\page-content.spec.ts:92:7 › Services Page - Content Tests › should display service cards with images 

    Error: expect(received).toBe(expected) // Object.is equality

    Expected: true
    Received: false

       95 |
       96 |     const hasImages = await servicesPage.doServiceCardsHaveImages();
    >  97 |     expect(hasImages).toBe(true);
          |                       ^
       98 |   });
       99 |
      100 |   test('should display quick facts section', async ({ page }) => {
        at C:\honeybee\e2e\tests\regression\page-content.spec.ts:97:23

    attachment #1: screenshot (image/png) ──────────────────────────────────────────────────────────
    ..\..\test-results\regression-page-content-Se-2bf89-y-service-cards-with-images-Mobile-Chrome\test-failed-1.png
    ────────────────────────────────────────────────────────────────────────────────────────────────

    attachment #2: video (video/webm) ──────────────────────────────────────────────────────────────
    ..\..\test-results\regression-page-content-Se-2bf89-y-service-cards-with-images-Mobile-Chrome\video.webm
    ────────────────────────────────────────────────────────────────────────────────────────────────

    Error Context: ..\..\test-results\regression-page-content-Se-2bf89-y-service-cards-with-images-Mobile-Chrome\error-context.md

    attachment #4: trace (application/zip) ─────────────────────────────────────────────────────────
    ..\..\test-results\regression-page-content-Se-2bf89-y-service-cards-with-images-Mobile-Chrome\trace.zip
    Usage:

        npx playwright show-trace ..\..\test-results\regression-page-content-Se-2bf89-y-service-cards-with-images-Mobile-Chrome\trace.zip

    ────────────────────────────────────────────────────────────────────────────────────────────────
]]>
</failure>
<system-out>
<![CDATA[
[[ATTACHMENT|regression-page-content-Se-2bf89-y-service-cards-with-images-Mobile-Chrome\test-failed-1.png]]

[[ATTACHMENT|regression-page-content-Se-2bf89-y-service-cards-with-images-Mobile-Chrome\video.webm]]

[[ATTACHMENT|regression-page-content-Se-2bf89-y-service-cards-with-images-Mobile-Chrome\error-context.md]]

[[ATTACHMENT|regression-page-content-Se-2bf89-y-service-cards-with-images-Mobile-Chrome\trace.zip]]
]]>
</system-out>
</testcase>
<testcase name="Services Page - Content Tests › should display quick facts section" classname="regression\page-content.spec.ts" time="7.542">
</testcase>
<testcase name="Services Page - Content Tests › should display contact section" classname="regression\page-content.spec.ts" time="2.816">
</testcase>
<testcase name="Services Page - Content Tests › should display service descriptions" classname="regression\page-content.spec.ts" time="11.423">
<failure message="page-content.spec.ts:116:7 should display service descriptions" type="FAILURE">
<![CDATA[  [Mobile Chrome] › regression\page-content.spec.ts:116:7 › Services Page - Content Tests › should display service descriptions 

    Error: expect(locator).toBeVisible() failed

    Locator: getByText(/day services/i)
    Expected: visible
    Timeout: 5000ms
    Error: element(s) not found

    Call log:
      - Expect "toBeVisible" with timeout 5000ms
      - waiting for getByText(/day services/i)


      120 |     // Check for service titles (case insensitive)
      121 |     await expect(page.getByText(/residential services/i)).toBeVisible();
    > 122 |     await expect(page.getByText(/day services/i)).toBeVisible();
          |                                                   ^
      123 |     await expect(page.getByText(/targeted case management/i)).toBeVisible();
      124 |   });
      125 | });
        at C:\honeybee\e2e\tests\regression\page-content.spec.ts:122:51

    attachment #1: screenshot (image/png) ──────────────────────────────────────────────────────────
    ..\..\test-results\regression-page-content-Se-40d9c-isplay-service-descriptions-Mobile-Chrome\test-failed-1.png
    ────────────────────────────────────────────────────────────────────────────────────────────────

    attachment #2: video (video/webm) ──────────────────────────────────────────────────────────────
    ..\..\test-results\regression-page-content-Se-40d9c-isplay-service-descriptions-Mobile-Chrome\video.webm
    ────────────────────────────────────────────────────────────────────────────────────────────────

    Error Context: ..\..\test-results\regression-page-content-Se-40d9c-isplay-service-descriptions-Mobile-Chrome\error-context.md

    attachment #4: trace (application/zip) ─────────────────────────────────────────────────────────
    ..\..\test-results\regression-page-content-Se-40d9c-isplay-service-descriptions-Mobile-Chrome\trace.zip
    Usage:

        npx playwright show-trace ..\..\test-results\regression-page-content-Se-40d9c-isplay-service-descriptions-Mobile-Chrome\trace.zip

    ────────────────────────────────────────────────────────────────────────────────────────────────
]]>
</failure>
<system-out>
<![CDATA[
[[ATTACHMENT|regression-page-content-Se-40d9c-isplay-service-descriptions-Mobile-Chrome\test-failed-1.png]]

[[ATTACHMENT|regression-page-content-Se-40d9c-isplay-service-descriptions-Mobile-Chrome\video.webm]]

[[ATTACHMENT|regression-page-content-Se-40d9c-isplay-service-descriptions-Mobile-Chrome\error-context.md]]

[[ATTACHMENT|regression-page-content-Se-40d9c-isplay-service-descriptions-Mobile-Chrome\trace.zip]]
]]>
</system-out>
</testcase>
<testcase name="History Page - Content Tests › should display history heading" classname="regression\page-content.spec.ts" time="3.318">
</testcase>
<testcase name="History Page - Content Tests › should display subheading" classname="regression\page-content.spec.ts" time="2.592">
</testcase>
<testcase name="History Page - Content Tests › should display founder name" classname="regression\page-content.spec.ts" time="2.521">
</testcase>
<testcase name="History Page - Content Tests › should display founder section" classname="regression\page-content.spec.ts" time="1.465">
</testcase>
<testcase name="History Page - Content Tests › should display timeline section" classname="regression\page-content.spec.ts" time="1.566">
</testcase>
<testcase name="History Page - Content Tests › should display timeline events" classname="regression\page-content.spec.ts" time="1.695">
</testcase>
<testcase name="History Page - Content Tests › should display impact stats section" classname="regression\page-content.spec.ts" time="3.562">
</testcase>
<testcase name="History Page - Content Tests › should display back to home link" classname="regression\page-content.spec.ts" time="1.488">
</testcase>
<testcase name="Service Detail Pages - Content Tests › should display residential services page" classname="regression\page-content.spec.ts" time="6.339">
</testcase>
<testcase name="Service Detail Pages - Content Tests › should display day services page" classname="regression\page-content.spec.ts" time="5.593">
</testcase>
<testcase name="Service Detail Pages - Content Tests › should display targeted case management page" classname="regression\page-content.spec.ts" time="6.85">
</testcase>
</testsuite>
<testsuite name="regression\responsive-design.spec.ts" timestamp="2026-01-09T18:05:05.506Z" hostname="Mobile Chrome" tests="27" failures="6" skipped="0" time="168.031" errors="0">
<testcase name="Mobile View (375x667) › should display homepage on mobile" classname="regression\responsive-design.spec.ts" time="5.211">
</testcase>
<testcase name="Mobile View (375x667) › should have mobile viewport size" classname="regression\responsive-design.spec.ts" time="6.932">
</testcase>
<testcase name="Mobile View (375x667) › should display services page on mobile" classname="regression\responsive-design.spec.ts" time="3.019">
</testcase>
<testcase name="Mobile View (375x667) › should display history page on mobile" classname="regression\responsive-design.spec.ts" time="2.774">
</testcase>
<testcase name="Mobile View (375x667) › should have mobile-friendly navigation" classname="regression\responsive-design.spec.ts" time="6.241">
</testcase>
<testcase name="Tablet View (768x1024) › should display homepage on tablet" classname="regression\responsive-design.spec.ts" time="7.493">
</testcase>
<testcase name="Tablet View (768x1024) › should have tablet viewport size" classname="regression\responsive-design.spec.ts" time="4.772">
</testcase>
<testcase name="Tablet View (768x1024) › should display services page on tablet" classname="regression\responsive-design.spec.ts" time="7.032">
</testcase>
<testcase name="Tablet View (768x1024) › should display history page on tablet" classname="regression\responsive-design.spec.ts" time="6.264">
</testcase>
<testcase name="Tablet View (768x1024) › should have proper layout on tablet" classname="regression\responsive-design.spec.ts" time="4.808">
</testcase>
<testcase name="Desktop View (1280x720) › should display homepage on desktop" classname="regression\responsive-design.spec.ts" time="5.724">
</testcase>
<testcase name="Desktop View (1280x720) › should have desktop viewport size" classname="regression\responsive-design.spec.ts" time="4.869">
</testcase>
<testcase name="Desktop View (1280x720) › should display services page on desktop" classname="regression\responsive-design.spec.ts" time="3.84">
</testcase>
<testcase name="Desktop View (1280x720) › should display history page on desktop" classname="regression\responsive-design.spec.ts" time="3.727">
</testcase>
<testcase name="Desktop View (1280x720) › should have proper desktop layout" classname="regression\responsive-design.spec.ts" time="3.006">
</testcase>
<testcase name="Desktop View (1280x720) › should display hover states on desktop" classname="regression\responsive-design.spec.ts" time="32.874">
<failure message="responsive-design.spec.ts:175:7 should display hover states on desktop" type="FAILURE">
<![CDATA[  [Mobile Chrome] › regression\responsive-design.spec.ts:175:7 › Desktop View (1280x720) › should display hover states on desktop 

    Test timeout of 30000ms exceeded.

    Error: locator.hover: Test timeout of 30000ms exceeded.
    Call log:
      - waiting for locator('a[href^="/services/"]').first()
        - locator resolved to <a href="/services/residential" data-testid="service-card-residential">…</a>
      - attempting hover action
        2 × waiting for element to be visible and stable
          - element is not stable
        - retrying hover action
        - waiting 20ms
        - waiting for element to be visible and stable
        - element is not stable
      - retrying hover action
        - waiting 100ms
        - waiting for element to be visible and stable
      - element was detached from the DOM, retrying


      180 |
      181 |     // Hover over card
    > 182 |     await firstServiceCard.hover();
          |                            ^
      183 |
      184 |     // Card should still be visible
      185 |     await expect(firstServiceCard).toBeVisible();
        at C:\honeybee\e2e\tests\regression\responsive-design.spec.ts:182:28

    attachment #1: screenshot (image/png) ──────────────────────────────────────────────────────────
    ..\..\test-results\regression-responsive-desi-c820d-lay-hover-states-on-desktop-Mobile-Chrome\test-failed-1.png
    ────────────────────────────────────────────────────────────────────────────────────────────────

    attachment #2: video (video/webm) ──────────────────────────────────────────────────────────────
    ..\..\test-results\regression-responsive-desi-c820d-lay-hover-states-on-desktop-Mobile-Chrome\video.webm
    ────────────────────────────────────────────────────────────────────────────────────────────────

    Error Context: ..\..\test-results\regression-responsive-desi-c820d-lay-hover-states-on-desktop-Mobile-Chrome\error-context.md

    attachment #4: trace (application/zip) ─────────────────────────────────────────────────────────
    ..\..\test-results\regression-responsive-desi-c820d-lay-hover-states-on-desktop-Mobile-Chrome\trace.zip
    Usage:

        npx playwright show-trace ..\..\test-results\regression-responsive-desi-c820d-lay-hover-states-on-desktop-Mobile-Chrome\trace.zip

    ────────────────────────────────────────────────────────────────────────────────────────────────
]]>
</failure>
<system-out>
<![CDATA[
[[ATTACHMENT|regression-responsive-desi-c820d-lay-hover-states-on-desktop-Mobile-Chrome\test-failed-1.png]]

[[ATTACHMENT|regression-responsive-desi-c820d-lay-hover-states-on-desktop-Mobile-Chrome\video.webm]]

[[ATTACHMENT|regression-responsive-desi-c820d-lay-hover-states-on-desktop-Mobile-Chrome\error-context.md]]

[[ATTACHMENT|regression-responsive-desi-c820d-lay-hover-states-on-desktop-Mobile-Chrome\trace.zip]]
]]>
</system-out>
</testcase>
<testcase name="Responsive Behavior Across Viewports › should display homepage on Mobile (375x667)" classname="regression\responsive-design.spec.ts" time="2.889">
</testcase>
<testcase name="Responsive Behavior Across Viewports › should display homepage on Tablet (768x1024)" classname="regression\responsive-design.spec.ts" time="4.318">
</testcase>
<testcase name="Responsive Behavior Across Viewports › should display homepage on Desktop (1280x720)" classname="regression\responsive-design.spec.ts" time="5.515">
</testcase>
<testcase name="Responsive Behavior Across Viewports › should display services page on Mobile (375x667)" classname="regression\responsive-design.spec.ts" time="8.956">
<failure message="responsive-design.spec.ts:212:9 should display services page on Mobile (375x667)" type="FAILURE">
<![CDATA[  [Mobile Chrome] › regression\responsive-design.spec.ts:212:9 › Responsive Behavior Across Viewports › should display services page on Mobile (375x667) 

    Error: expect(locator).toBeVisible() failed

    Locator: getByRole('heading').filter({ hasText: /services/i }).first()
    Expected: visible
    Timeout: 5000ms
    Error: element(s) not found

    Call log:
      - Expect "toBeVisible" with timeout 5000ms
      - waiting for getByRole('heading').filter({ hasText: /services/i }).first()


      217 |       // More flexible heading selector
      218 |       const heading = page.getByRole('heading').filter({ hasText: /services/i }).first();
    > 219 |       await expect(heading).toBeVisible();
          |                             ^
      220 |
      221 |       // No horizontal scroll
      222 |       const bodyWidth = await page.evaluate(() => document.body.scrollWidth);
        at C:\honeybee\e2e\tests\regression\responsive-design.spec.ts:219:29

    attachment #1: screenshot (image/png) ──────────────────────────────────────────────────────────
    ..\..\test-results\regression-responsive-desi-47ea7-ces-page-on-Mobile-375x667--Mobile-Chrome\test-failed-1.png
    ────────────────────────────────────────────────────────────────────────────────────────────────

    attachment #2: video (video/webm) ──────────────────────────────────────────────────────────────
    ..\..\test-results\regression-responsive-desi-47ea7-ces-page-on-Mobile-375x667--Mobile-Chrome\video.webm
    ────────────────────────────────────────────────────────────────────────────────────────────────

    Error Context: ..\..\test-results\regression-responsive-desi-47ea7-ces-page-on-Mobile-375x667--Mobile-Chrome\error-context.md

    attachment #4: trace (application/zip) ─────────────────────────────────────────────────────────
    ..\..\test-results\regression-responsive-desi-47ea7-ces-page-on-Mobile-375x667--Mobile-Chrome\trace.zip
    Usage:

        npx playwright show-trace ..\..\test-results\regression-responsive-desi-47ea7-ces-page-on-Mobile-375x667--Mobile-Chrome\trace.zip

    ────────────────────────────────────────────────────────────────────────────────────────────────
]]>
</failure>
<system-out>
<![CDATA[
[[ATTACHMENT|regression-responsive-desi-47ea7-ces-page-on-Mobile-375x667--Mobile-Chrome\test-failed-1.png]]

[[ATTACHMENT|regression-responsive-desi-47ea7-ces-page-on-Mobile-375x667--Mobile-Chrome\video.webm]]

[[ATTACHMENT|regression-responsive-desi-47ea7-ces-page-on-Mobile-375x667--Mobile-Chrome\error-context.md]]

[[ATTACHMENT|regression-responsive-desi-47ea7-ces-page-on-Mobile-375x667--Mobile-Chrome\trace.zip]]
]]>
</system-out>
</testcase>
<testcase name="Responsive Behavior Across Viewports › should display services page on Tablet (768x1024)" classname="regression\responsive-design.spec.ts" time="9.304">
<failure message="responsive-design.spec.ts:212:9 should display services page on Tablet (768x1024)" type="FAILURE">
<![CDATA[  [Mobile Chrome] › regression\responsive-design.spec.ts:212:9 › Responsive Behavior Across Viewports › should display services page on Tablet (768x1024) 

    Error: expect(locator).toBeVisible() failed

    Locator: getByRole('heading').filter({ hasText: /services/i }).first()
    Expected: visible
    Timeout: 5000ms
    Error: element(s) not found

    Call log:
      - Expect "toBeVisible" with timeout 5000ms
      - waiting for getByRole('heading').filter({ hasText: /services/i }).first()


      217 |       // More flexible heading selector
      218 |       const heading = page.getByRole('heading').filter({ hasText: /services/i }).first();
    > 219 |       await expect(heading).toBeVisible();
          |                             ^
      220 |
      221 |       // No horizontal scroll
      222 |       const bodyWidth = await page.evaluate(() => document.body.scrollWidth);
        at C:\honeybee\e2e\tests\regression\responsive-design.spec.ts:219:29

    attachment #1: screenshot (image/png) ──────────────────────────────────────────────────────────
    ..\..\test-results\regression-responsive-desi-63cef-es-page-on-Tablet-768x1024--Mobile-Chrome\test-failed-1.png
    ────────────────────────────────────────────────────────────────────────────────────────────────

    attachment #2: video (video/webm) ──────────────────────────────────────────────────────────────
    ..\..\test-results\regression-responsive-desi-63cef-es-page-on-Tablet-768x1024--Mobile-Chrome\video.webm
    ────────────────────────────────────────────────────────────────────────────────────────────────

    Error Context: ..\..\test-results\regression-responsive-desi-63cef-es-page-on-Tablet-768x1024--Mobile-Chrome\error-context.md

    attachment #4: trace (application/zip) ─────────────────────────────────────────────────────────
    ..\..\test-results\regression-responsive-desi-63cef-es-page-on-Tablet-768x1024--Mobile-Chrome\trace.zip
    Usage:

        npx playwright show-trace ..\..\test-results\regression-responsive-desi-63cef-es-page-on-Tablet-768x1024--Mobile-Chrome\trace.zip

    ────────────────────────────────────────────────────────────────────────────────────────────────
]]>
</failure>
<system-out>
<![CDATA[
[[ATTACHMENT|regression-responsive-desi-63cef-es-page-on-Tablet-768x1024--Mobile-Chrome\test-failed-1.png]]

[[ATTACHMENT|regression-responsive-desi-63cef-es-page-on-Tablet-768x1024--Mobile-Chrome\video.webm]]

[[ATTACHMENT|regression-responsive-desi-63cef-es-page-on-Tablet-768x1024--Mobile-Chrome\error-context.md]]

[[ATTACHMENT|regression-responsive-desi-63cef-es-page-on-Tablet-768x1024--Mobile-Chrome\trace.zip]]
]]>
</system-out>
</testcase>
<testcase name="Responsive Behavior Across Viewports › should display services page on Desktop (1280x720)" classname="regression\responsive-design.spec.ts" time="8.629">
<failure message="responsive-design.spec.ts:212:9 should display services page on Desktop (1280x720)" type="FAILURE">
<![CDATA[  [Mobile Chrome] › regression\responsive-design.spec.ts:212:9 › Responsive Behavior Across Viewports › should display services page on Desktop (1280x720) 

    Error: expect(locator).toBeVisible() failed

    Locator: getByRole('heading').filter({ hasText: /services/i }).first()
    Expected: visible
    Timeout: 5000ms
    Error: element(s) not found

    Call log:
      - Expect "toBeVisible" with timeout 5000ms
      - waiting for getByRole('heading').filter({ hasText: /services/i }).first()


      217 |       // More flexible heading selector
      218 |       const heading = page.getByRole('heading').filter({ hasText: /services/i }).first();
    > 219 |       await expect(heading).toBeVisible();
          |                             ^
      220 |
      221 |       // No horizontal scroll
      222 |       const bodyWidth = await page.evaluate(() => document.body.scrollWidth);
        at C:\honeybee\e2e\tests\regression\responsive-design.spec.ts:219:29

    attachment #1: screenshot (image/png) ──────────────────────────────────────────────────────────
    ..\..\test-results\regression-responsive-desi-2d790-s-page-on-Desktop-1280x720--Mobile-Chrome\test-failed-1.png
    ────────────────────────────────────────────────────────────────────────────────────────────────

    attachment #2: video (video/webm) ──────────────────────────────────────────────────────────────
    ..\..\test-results\regression-responsive-desi-2d790-s-page-on-Desktop-1280x720--Mobile-Chrome\video.webm
    ────────────────────────────────────────────────────────────────────────────────────────────────

    Error Context: ..\..\test-results\regression-responsive-desi-2d790-s-page-on-Desktop-1280x720--Mobile-Chrome\error-context.md

    attachment #4: trace (application/zip) ─────────────────────────────────────────────────────────
    ..\..\test-results\regression-responsive-desi-2d790-s-page-on-Desktop-1280x720--Mobile-Chrome\trace.zip
    Usage:

        npx playwright show-trace ..\..\test-results\regression-responsive-desi-2d790-s-page-on-Desktop-1280x720--Mobile-Chrome\trace.zip

    ────────────────────────────────────────────────────────────────────────────────────────────────
]]>
</failure>
<system-out>
<![CDATA[
[[ATTACHMENT|regression-responsive-desi-2d790-s-page-on-Desktop-1280x720--Mobile-Chrome\test-failed-1.png]]

[[ATTACHMENT|regression-responsive-desi-2d790-s-page-on-Desktop-1280x720--Mobile-Chrome\video.webm]]

[[ATTACHMENT|regression-responsive-desi-2d790-s-page-on-Desktop-1280x720--Mobile-Chrome\error-context.md]]

[[ATTACHMENT|regression-responsive-desi-2d790-s-page-on-Desktop-1280x720--Mobile-Chrome\trace.zip]]
]]>
</system-out>
</testcase>
<testcase name="Responsive Behavior Across Viewports › should display history page on Mobile (375x667)" classname="regression\responsive-design.spec.ts" time="3.504">
<failure message="responsive-design.spec.ts:228:9 should display history page on Mobile (375x667)" type="FAILURE">
<![CDATA[  [Mobile Chrome] › regression\responsive-design.spec.ts:228:9 › Responsive Behavior Across Viewports › should display history page on Mobile (375x667) 

    Error: expect(received).toBeLessThanOrEqual(expected)

    Expected: <= 395
    Received:    409

      240 |       const bodyWidth = await page.evaluate(() => document.body.scrollWidth);
      241 |       // More permissive allowance for WebKit rendering
    > 242 |       expect(bodyWidth).toBeLessThanOrEqual(viewport.width + 20);
          |                         ^
      243 |     });
      244 |   }
      245 | });
        at C:\honeybee\e2e\tests\regression\responsive-design.spec.ts:242:25

    attachment #1: screenshot (image/png) ──────────────────────────────────────────────────────────
    ..\..\test-results\regression-responsive-desi-ce9f9-ory-page-on-Mobile-375x667--Mobile-Chrome\test-failed-1.png
    ────────────────────────────────────────────────────────────────────────────────────────────────

    attachment #2: video (video/webm) ──────────────────────────────────────────────────────────────
    ..\..\test-results\regression-responsive-desi-ce9f9-ory-page-on-Mobile-375x667--Mobile-Chrome\video.webm
    ────────────────────────────────────────────────────────────────────────────────────────────────

    Error Context: ..\..\test-results\regression-responsive-desi-ce9f9-ory-page-on-Mobile-375x667--Mobile-Chrome\error-context.md

    attachment #4: trace (application/zip) ─────────────────────────────────────────────────────────
    ..\..\test-results\regression-responsive-desi-ce9f9-ory-page-on-Mobile-375x667--Mobile-Chrome\trace.zip
    Usage:

        npx playwright show-trace ..\..\test-results\regression-responsive-desi-ce9f9-ory-page-on-Mobile-375x667--Mobile-Chrome\trace.zip

    ────────────────────────────────────────────────────────────────────────────────────────────────
]]>
</failure>
<system-out>
<![CDATA[
[[ATTACHMENT|regression-responsive-desi-ce9f9-ory-page-on-Mobile-375x667--Mobile-Chrome\test-failed-1.png]]

[[ATTACHMENT|regression-responsive-desi-ce9f9-ory-page-on-Mobile-375x667--Mobile-Chrome\video.webm]]

[[ATTACHMENT|regression-responsive-desi-ce9f9-ory-page-on-Mobile-375x667--Mobile-Chrome\error-context.md]]

[[ATTACHMENT|regression-responsive-desi-ce9f9-ory-page-on-Mobile-375x667--Mobile-Chrome\trace.zip]]
]]>
</system-out>
</testcase>
<testcase name="Responsive Behavior Across Viewports › should display history page on Tablet (768x1024)" classname="regression\responsive-design.spec.ts" time="7.012">
<failure message="responsive-design.spec.ts:228:9 should display history page on Tablet (768x1024)" type="FAILURE">
<![CDATA[  [Mobile Chrome] › regression\responsive-design.spec.ts:228:9 › Responsive Behavior Across Viewports › should display history page on Tablet (768x1024) 

    Error: expect(received).toBeLessThanOrEqual(expected)

    Expected: <= 788
    Received:    794

      240 |       const bodyWidth = await page.evaluate(() => document.body.scrollWidth);
      241 |       // More permissive allowance for WebKit rendering
    > 242 |       expect(bodyWidth).toBeLessThanOrEqual(viewport.width + 20);
          |                         ^
      243 |     });
      244 |   }
      245 | });
        at C:\honeybee\e2e\tests\regression\responsive-design.spec.ts:242:25

    attachment #1: screenshot (image/png) ──────────────────────────────────────────────────────────
    ..\..\test-results\regression-responsive-desi-6288e-ry-page-on-Tablet-768x1024--Mobile-Chrome\test-failed-1.png
    ────────────────────────────────────────────────────────────────────────────────────────────────

    attachment #2: video (video/webm) ──────────────────────────────────────────────────────────────
    ..\..\test-results\regression-responsive-desi-6288e-ry-page-on-Tablet-768x1024--Mobile-Chrome\video.webm
    ────────────────────────────────────────────────────────────────────────────────────────────────

    Error Context: ..\..\test-results\regression-responsive-desi-6288e-ry-page-on-Tablet-768x1024--Mobile-Chrome\error-context.md

    attachment #4: trace (application/zip) ─────────────────────────────────────────────────────────
    ..\..\test-results\regression-responsive-desi-6288e-ry-page-on-Tablet-768x1024--Mobile-Chrome\trace.zip
    Usage:

        npx playwright show-trace ..\..\test-results\regression-responsive-desi-6288e-ry-page-on-Tablet-768x1024--Mobile-Chrome\trace.zip

    ────────────────────────────────────────────────────────────────────────────────────────────────
]]>
</failure>
<system-out>
<![CDATA[
[[ATTACHMENT|regression-responsive-desi-6288e-ry-page-on-Tablet-768x1024--Mobile-Chrome\test-failed-1.png]]

[[ATTACHMENT|regression-responsive-desi-6288e-ry-page-on-Tablet-768x1024--Mobile-Chrome\video.webm]]

[[ATTACHMENT|regression-responsive-desi-6288e-ry-page-on-Tablet-768x1024--Mobile-Chrome\error-context.md]]

[[ATTACHMENT|regression-responsive-desi-6288e-ry-page-on-Tablet-768x1024--Mobile-Chrome\trace.zip]]
]]>
</system-out>
</testcase>
<testcase name="Responsive Behavior Across Viewports › should display history page on Desktop (1280x720)" classname="regression\responsive-design.spec.ts" time="4.387">
</testcase>
<testcase name="Landscape Orientation › should display in landscape on mobile" classname="regression\responsive-design.spec.ts" time="2.237">
</testcase>
<testcase name="Landscape Orientation › should display in landscape on tablet" classname="regression\responsive-design.spec.ts" time="2.694">
</testcase>
</testsuite>
<testsuite name="smoke\faq.spec.ts" timestamp="2026-01-09T18:05:05.506Z" hostname="Mobile Chrome" tests="13" failures="0" skipped="0" time="124.353" errors="0">
<testcase name="FAQ Assistant › should display FAQ section" classname="smoke\faq.spec.ts" time="5.009">
</testcase>
<testcase name="FAQ Assistant › should display search input" classname="smoke\faq.spec.ts" time="6.3">
</testcase>
<testcase name="FAQ Assistant › should display suggested questions" classname="smoke\faq.spec.ts" time="8.224">
</testcase>
<testcase name="FAQ Assistant › should display category filters" classname="smoke\faq.spec.ts" time="7.649">
</testcase>
<testcase name="FAQ Assistant › should display FAQ accordion items" classname="smoke\faq.spec.ts" time="10.552">
</testcase>
<testcase name="FAQ Assistant › should expand FAQ item when clicked" classname="smoke\faq.spec.ts" time="11.03">
</testcase>
<testcase name="FAQ Assistant › should display chat interface" classname="smoke\faq.spec.ts" time="10.958">
</testcase>
<testcase name="FAQ Assistant › should send question via chat interface" classname="smoke\faq.spec.ts" time="13.726">
</testcase>
<testcase name="FAQ Assistant › should send question via suggested question button" classname="smoke\faq.spec.ts" time="10.314">
</testcase>
<testcase name="FAQ Assistant › should filter FAQs by category" classname="smoke\faq.spec.ts" time="9.996">
</testcase>
<testcase name="FAQ Assistant › should search FAQs" classname="smoke\faq.spec.ts" time="13.819">
</testcase>
<testcase name="FAQ Assistant › should clear search" classname="smoke\faq.spec.ts" time="8.665">
</testcase>
<testcase name="FAQ Assistant › should display typing indicator" classname="smoke\faq.spec.ts" time="8.111">
</testcase>
</testsuite>
<testsuite name="smoke\homepage.spec.ts" timestamp="2026-01-09T18:05:05.506Z" hostname="Mobile Chrome" tests="10" failures="2" skipped="0" time="71.298" errors="0">
<testcase name="Homepage - Smoke Tests › should load homepage successfully" classname="smoke\homepage.spec.ts" time="4.832">
</testcase>
<testcase name="Homepage - Smoke Tests › should render hero section" classname="smoke\homepage.spec.ts" time="2.571">
</testcase>
<testcase name="Homepage - Smoke Tests › should have no console errors" classname="smoke\homepage.spec.ts" time="10.784">
<failure message="homepage.spec.ts:35:7 should have no console errors" type="FAILURE">
<![CDATA[  [Mobile Chrome] › smoke\homepage.spec.ts:35:7 › Homepage - Smoke Tests › should have no console errors 

    Error: expect(received).toBe(expected) // Object.is equality

    Expected: 0
    Received: 771

      43 |     // Check for console errors
      44 |     const errors = consoleMonitor.getErrors();
    > 45 |     expect(errors.length).toBe(0);
         |                           ^
      46 |   });
      47 |
      48 |   test('should have no failed network requests', async ({ page }) => {
        at C:\honeybee\e2e\tests\smoke\homepage.spec.ts:45:27

    attachment #1: video (video/webm) ──────────────────────────────────────────────────────────────
    ..\..\test-results\smoke-homepage-Homepage----52a26-ould-have-no-console-errors-Mobile-Chrome\video.webm
    ────────────────────────────────────────────────────────────────────────────────────────────────

    Error Context: ..\..\test-results\smoke-homepage-Homepage----52a26-ould-have-no-console-errors-Mobile-Chrome\error-context.md

    attachment #3: trace (application/zip) ─────────────────────────────────────────────────────────
    ..\..\test-results\smoke-homepage-Homepage----52a26-ould-have-no-console-errors-Mobile-Chrome\trace.zip
    Usage:

        npx playwright show-trace ..\..\test-results\smoke-homepage-Homepage----52a26-ould-have-no-console-errors-Mobile-Chrome\trace.zip

    ────────────────────────────────────────────────────────────────────────────────────────────────
]]>
</failure>
<system-out>
<![CDATA[
[[ATTACHMENT|smoke-homepage-Homepage----52a26-ould-have-no-console-errors-Mobile-Chrome\video.webm]]

[[ATTACHMENT|smoke-homepage-Homepage----52a26-ould-have-no-console-errors-Mobile-Chrome\error-context.md]]

[[ATTACHMENT|smoke-homepage-Homepage----52a26-ould-have-no-console-errors-Mobile-Chrome\trace.zip]]
]]>
</system-out>
</testcase>
<testcase name="Homepage - Smoke Tests › should have no failed network requests" classname="smoke\homepage.spec.ts" time="9.027">
</testcase>
<testcase name="Homepage - Smoke Tests › should display contact section" classname="smoke\homepage.spec.ts" time="8.995">
</testcase>
<testcase name="Homepage - Smoke Tests › should have working navigation links" classname="smoke\homepage.spec.ts" time="13.821">
<failure message="homepage.spec.ts:72:7 should have working navigation links" type="FAILURE">
<![CDATA[  [Mobile Chrome] › smoke\homepage.spec.ts:72:7 › Homepage - Smoke Tests › should have working navigation links 

    Error: expect(locator).toBeVisible() failed

    Locator:  getByTestId('main-navigation')
    Expected: visible
    Received: hidden
    Timeout:  5000ms

    Call log:
      - Expect "toBeVisible" with timeout 5000ms
      - waiting for getByTestId('main-navigation')
        7 × locator resolved to <nav aria-label="Main navigation" data-testid="main-navigation" class="hidden md:flex items-center space-x-8">…</nav>
          - unexpected value "hidden"


      75 |     // Check that navigation exists
      76 |     const nav = page.getByTestId('main-navigation');
    > 77 |     await expect(nav).toBeVisible();
         |                       ^
      78 |
      79 |     // Check for home link in main navigation (not footer)
      80 |     const homeLink = nav.getByRole('link', { name: 'Home' });
        at C:\honeybee\e2e\tests\smoke\homepage.spec.ts:77:23

    attachment #1: screenshot (image/png) ──────────────────────────────────────────────────────────
    ..\..\test-results\smoke-homepage-Homepage----3e6e2-ve-working-navigation-links-Mobile-Chrome\test-failed-1.png
    ────────────────────────────────────────────────────────────────────────────────────────────────

    attachment #2: video (video/webm) ──────────────────────────────────────────────────────────────
    ..\..\test-results\smoke-homepage-Homepage----3e6e2-ve-working-navigation-links-Mobile-Chrome\video.webm
    ────────────────────────────────────────────────────────────────────────────────────────────────

    Error Context: ..\..\test-results\smoke-homepage-Homepage----3e6e2-ve-working-navigation-links-Mobile-Chrome\error-context.md

    attachment #4: trace (application/zip) ─────────────────────────────────────────────────────────
    ..\..\test-results\smoke-homepage-Homepage----3e6e2-ve-working-navigation-links-Mobile-Chrome\trace.zip
    Usage:

        npx playwright show-trace ..\..\test-results\smoke-homepage-Homepage----3e6e2-ve-working-navigation-links-Mobile-Chrome\trace.zip

    ────────────────────────────────────────────────────────────────────────────────────────────────
]]>
</failure>
<system-out>
<![CDATA[
[[ATTACHMENT|smoke-homepage-Homepage----3e6e2-ve-working-navigation-links-Mobile-Chrome\test-failed-1.png]]

[[ATTACHMENT|smoke-homepage-Homepage----3e6e2-ve-working-navigation-links-Mobile-Chrome\video.webm]]

[[ATTACHMENT|smoke-homepage-Homepage----3e6e2-ve-working-navigation-links-Mobile-Chrome\error-context.md]]

[[ATTACHMENT|smoke-homepage-Homepage----3e6e2-ve-working-navigation-links-Mobile-Chrome\trace.zip]]
]]>
</system-out>
</testcase>
<testcase name="Homepage - Smoke Tests › should load all images without errors" classname="smoke\homepage.spec.ts" time="10.008">
</testcase>
<testcase name="Homepage - Smoke Tests › should have proper viewport dimensions" classname="smoke\homepage.spec.ts" time="6.474">
</testcase>
<testcase name="Homepage - Smoke Tests › should respond with 200 status code" classname="smoke\homepage.spec.ts" time="0.839">
</testcase>
<testcase name="Homepage - Smoke Tests › should load within reasonable time" classname="smoke\homepage.spec.ts" time="3.947">
</testcase>
</testsuite>
<testsuite name="accessibility\accessibility.spec.ts" timestamp="2026-01-09T18:05:05.506Z" hostname="Mobile Safari" tests="19" failures="6" skipped="0" time="144.982" errors="0">
<testcase name="Accessibility - Homepage › should not have any critical or serious accessibility issues" classname="accessibility\accessibility.spec.ts" time="5.257">
<failure message="accessibility.spec.ts:19:7 should not have any critical or serious accessibility issues" type="FAILURE">
<![CDATA[  [Mobile Safari] › accessibility\accessibility.spec.ts:19:7 › Accessibility - Homepage › should not have any critical or serious accessibility issues 

    Error: expect(received).toEqual(expected) // deep equality

    - Expected  -  1
    + Received  + 84

    - Array []
    + Array [
    +   Object {
    +     "description": "Ensure links have discernible text",
    +     "help": "Links must have discernible text",
    +     "helpUrl": "https://dequeuniversity.com/rules/axe/4.11/link-name?application=playwright",
    +     "id": "link-name",
    +     "impact": "serious",
    +     "nodes": Array [
    +       Object {
    +         "all": Array [],
    +         "any": Array [
    +           Object {
    +             "data": null,
    +             "id": "has-visible-text",
    +             "impact": "serious",
    +             "message": "Element does not have text that is visible to screen readers",
    +             "relatedNodes": Array [],
    +           },
    +           Object {
    +             "data": null,
    +             "id": "aria-label",
    +             "impact": "serious",
    +             "message": "aria-label attribute does not exist or is empty",
    +             "relatedNodes": Array [],
    +           },
    +           Object {
    +             "data": null,
    +             "id": "aria-labelledby",
    +             "impact": "serious",
    +             "message": "aria-labelledby attribute does not exist, references elements that do not exist or references elements that are empty",
    +             "relatedNodes": Array [],
    +           },
    +           Object {
    +             "data": Object {
    +               "messageKey": "noAttr",
    +             },
    +             "id": "non-empty-title",
    +             "impact": "serious",
    +             "message": "Element has no title attribute",
    +             "relatedNodes": Array [],
    +           },
    +         ],
    +         "failureSummary": "Fix all of the following:
    +   Element is in tab order and does not have accessible text
    +
    + Fix any of the following:
    +   Element does not have text that is visible to screen readers
    +   aria-label attribute does not exist or is empty
    +   aria-labelledby attribute does not exist, references elements that do not exist or references elements that are empty
    +   Element has no title attribute",
    +         "html": "<a href=\"https://www.facebook.com/profile.php?id=61559277947065\" target=\"_blank\" rel=\"noopener noreferrer\" class=\"relative group\" tabindex=\"0\">",
    +         "impact": "serious",
    +         "none": Array [
    +           Object {
    +             "data": null,
    +             "id": "focusable-no-name",
    +             "impact": "serious",
    +             "message": "Element is in tab order and does not have accessible text",
    +             "relatedNodes": Array [],
    +           },
    +         ],
    +         "target": Array [
    +           ".gap-4.flex.items-center > .group",
    +         ],
    +       },
    +     ],
    +     "tags": Array [
    +       "cat.name-role-value",
    +       "wcag2a",
    +       "wcag244",
    +       "wcag412",
    +       "section508",
    +       "section508.22.a",
    +       "TTv5",
    +       "TT6.a",
    +       "EN-301-549",
    +       "EN-9.2.4.4",
    +       "EN-9.4.1.2",
    +       "ACT",
    +       "RGAAv4",
    +       "RGAA-6.2.1",
    +     ],
    +   },
    + ]

      25 |
      26 |     const criticalViolations = getCriticalViolations(accessibilityScanResults.violations);
    > 27 |     expect(criticalViolations).toEqual([]);
         |                                ^
      28 |   });
      29 |
      30 |   test('should have no critical or serious accessibility violations in critical areas', async ({ page }) => {
        at C:\honeybee\e2e\tests\accessibility\accessibility.spec.ts:27:32

    attachment #1: screenshot (image/png) ──────────────────────────────────────────────────────────
    ..\..\test-results\accessibility-accessibilit-3b0ed-erious-accessibility-issues-Mobile-Safari\test-failed-1.png
    ────────────────────────────────────────────────────────────────────────────────────────────────

    attachment #2: video (video/webm) ──────────────────────────────────────────────────────────────
    ..\..\test-results\accessibility-accessibilit-3b0ed-erious-accessibility-issues-Mobile-Safari\video.webm
    ────────────────────────────────────────────────────────────────────────────────────────────────

    attachment #3: video (video/webm) ──────────────────────────────────────────────────────────────
    ..\..\test-results\accessibility-accessibilit-3b0ed-erious-accessibility-issues-Mobile-Safari\video-1.webm
    ────────────────────────────────────────────────────────────────────────────────────────────────

    Error Context: ..\..\test-results\accessibility-accessibilit-3b0ed-erious-accessibility-issues-Mobile-Safari\error-context.md

    attachment #5: trace (application/zip) ─────────────────────────────────────────────────────────
    ..\..\test-results\accessibility-accessibilit-3b0ed-erious-accessibility-issues-Mobile-Safari\trace.zip
    Usage:

        npx playwright show-trace ..\..\test-results\accessibility-accessibilit-3b0ed-erious-accessibility-issues-Mobile-Safari\trace.zip

    ────────────────────────────────────────────────────────────────────────────────────────────────
]]>
</failure>
<system-out>
<![CDATA[
[[ATTACHMENT|accessibility-accessibilit-3b0ed-erious-accessibility-issues-Mobile-Safari\test-failed-1.png]]

[[ATTACHMENT|accessibility-accessibilit-3b0ed-erious-accessibility-issues-Mobile-Safari\video.webm]]

[[ATTACHMENT|accessibility-accessibilit-3b0ed-erious-accessibility-issues-Mobile-Safari\video-1.webm]]

[[ATTACHMENT|accessibility-accessibilit-3b0ed-erious-accessibility-issues-Mobile-Safari\error-context.md]]

[[ATTACHMENT|accessibility-accessibilit-3b0ed-erious-accessibility-issues-Mobile-Safari\trace.zip]]
]]>
</system-out>
</testcase>
<testcase name="Accessibility - Homepage › should have no critical or serious accessibility violations in critical areas" classname="accessibility\accessibility.spec.ts" time="3.1">
</testcase>
<testcase name="Accessibility - Homepage › should have alt text on all images" classname="accessibility\accessibility.spec.ts" time="1.432">
</testcase>
<testcase name="Accessibility - Homepage › should have proper heading hierarchy" classname="accessibility\accessibility.spec.ts" time="14.759">
</testcase>
<testcase name="Accessibility - Homepage › should have focusable elements with visible focus styles" classname="accessibility\accessibility.spec.ts" time="31.848">
<failure message="accessibility.spec.ts:76:7 should have focusable elements with visible focus styles" type="FAILURE">
<![CDATA[  [Mobile Safari] › accessibility\accessibility.spec.ts:76:7 › Accessibility - Homepage › should have focusable elements with visible focus styles 

    Test timeout of 30000ms exceeded.

    Error: locator.evaluate: Test timeout of 30000ms exceeded.
    Call log:
      - waiting for locator('a[href], button:not([disabled]), input:not([disabled]), select:not([disabled]), textarea:not([disabled]), [tabindex]:not([tabindex="-1"])').nth(61)
        - locator resolved to visible <input value="" id="email" required="" type="email" name="email" aria-invalid="false" placeholder="your@email.com" class="w-full px-4 py-3 bg-white dark:bg-gray-800 border rounded-xl focus:ring-2 focus:border-transparent transition-all text-gray-900 dark:text-white border-gray-300 dark:border-gray-600 focus:ring-primary-400"/>


      88 |       if (isVisible) {
      89 |         await element.focus();
    > 90 |         const isFocused = await element.evaluate((el) => document.activeElement === el);
         |                                         ^
      91 |         if (isFocused) {
      92 |           visibleElements.push(element);
      93 |         }
        at C:\honeybee\e2e\tests\accessibility\accessibility.spec.ts:90:41

    attachment #1: screenshot (image/png) ──────────────────────────────────────────────────────────
    ..\..\test-results\accessibility-accessibilit-b224a-s-with-visible-focus-styles-Mobile-Safari\test-failed-1.png
    ────────────────────────────────────────────────────────────────────────────────────────────────

    attachment #2: video (video/webm) ──────────────────────────────────────────────────────────────
    ..\..\test-results\accessibility-accessibilit-b224a-s-with-visible-focus-styles-Mobile-Safari\video.webm
    ────────────────────────────────────────────────────────────────────────────────────────────────

    Error Context: ..\..\test-results\accessibility-accessibilit-b224a-s-with-visible-focus-styles-Mobile-Safari\error-context.md

    attachment #4: trace (application/zip) ─────────────────────────────────────────────────────────
    ..\..\test-results\accessibility-accessibilit-b224a-s-with-visible-focus-styles-Mobile-Safari\trace.zip
    Usage:

        npx playwright show-trace ..\..\test-results\accessibility-accessibilit-b224a-s-with-visible-focus-styles-Mobile-Safari\trace.zip

    ────────────────────────────────────────────────────────────────────────────────────────────────
]]>
</failure>
<system-out>
<![CDATA[
[[ATTACHMENT|accessibility-accessibilit-b224a-s-with-visible-focus-styles-Mobile-Safari\test-failed-1.png]]

[[ATTACHMENT|accessibility-accessibilit-b224a-s-with-visible-focus-styles-Mobile-Safari\video.webm]]

[[ATTACHMENT|accessibility-accessibilit-b224a-s-with-visible-focus-styles-Mobile-Safari\error-context.md]]

[[ATTACHMENT|accessibility-accessibilit-b224a-s-with-visible-focus-styles-Mobile-Safari\trace.zip]]
]]>
</system-out>
</testcase>
<testcase name="Accessibility - Services Page › should not have any critical or serious accessibility issues" classname="accessibility\accessibility.spec.ts" time="3.24">
<failure message="accessibility.spec.ts:103:7 should not have any critical or serious accessibility issues" type="FAILURE">
<![CDATA[  [Mobile Safari] › accessibility\accessibility.spec.ts:103:7 › Accessibility - Services Page › should not have any critical or serious accessibility issues 

    Error: expect(received).toEqual(expected) // deep equality

    - Expected  -  1
    + Received  + 84

    - Array []
    + Array [
    +   Object {
    +     "description": "Ensure links have discernible text",
    +     "help": "Links must have discernible text",
    +     "helpUrl": "https://dequeuniversity.com/rules/axe/4.11/link-name?application=playwright",
    +     "id": "link-name",
    +     "impact": "serious",
    +     "nodes": Array [
    +       Object {
    +         "all": Array [],
    +         "any": Array [
    +           Object {
    +             "data": null,
    +             "id": "has-visible-text",
    +             "impact": "serious",
    +             "message": "Element does not have text that is visible to screen readers",
    +             "relatedNodes": Array [],
    +           },
    +           Object {
    +             "data": null,
    +             "id": "aria-label",
    +             "impact": "serious",
    +             "message": "aria-label attribute does not exist or is empty",
    +             "relatedNodes": Array [],
    +           },
    +           Object {
    +             "data": null,
    +             "id": "aria-labelledby",
    +             "impact": "serious",
    +             "message": "aria-labelledby attribute does not exist, references elements that do not exist or references elements that are empty",
    +             "relatedNodes": Array [],
    +           },
    +           Object {
    +             "data": Object {
    +               "messageKey": "noAttr",
    +             },
    +             "id": "non-empty-title",
    +             "impact": "serious",
    +             "message": "Element has no title attribute",
    +             "relatedNodes": Array [],
    +           },
    +         ],
    +         "failureSummary": "Fix all of the following:
    +   Element is in tab order and does not have accessible text
    +
    + Fix any of the following:
    +   Element does not have text that is visible to screen readers
    +   aria-label attribute does not exist or is empty
    +   aria-labelledby attribute does not exist, references elements that do not exist or references elements that are empty
    +   Element has no title attribute",
    +         "html": "<a href=\"https://www.facebook.com/profile.php?id=61559277947065\" target=\"_blank\" rel=\"noopener noreferrer\" class=\"relative group\" tabindex=\"0\">",
    +         "impact": "serious",
    +         "none": Array [
    +           Object {
    +             "data": null,
    +             "id": "focusable-no-name",
    +             "impact": "serious",
    +             "message": "Element is in tab order and does not have accessible text",
    +             "relatedNodes": Array [],
    +           },
    +         ],
    +         "target": Array [
    +           "a[target=\"_blank\"]",
    +         ],
    +       },
    +     ],
    +     "tags": Array [
    +       "cat.name-role-value",
    +       "wcag2a",
    +       "wcag244",
    +       "wcag412",
    +       "section508",
    +       "section508.22.a",
    +       "TTv5",
    +       "TT6.a",
    +       "EN-301-549",
    +       "EN-9.2.4.4",
    +       "EN-9.4.1.2",
    +       "ACT",
    +       "RGAAv4",
    +       "RGAA-6.2.1",
    +     ],
    +   },
    + ]

      109 |
      110 |     const criticalViolations = getCriticalViolations(accessibilityScanResults.violations);
    > 111 |     expect(criticalViolations).toEqual([]);
          |                                ^
      112 |   });
      113 |
      114 |   test('should have alt text on all images', async ({ page }) => {
        at C:\honeybee\e2e\tests\accessibility\accessibility.spec.ts:111:32

    attachment #1: screenshot (image/png) ──────────────────────────────────────────────────────────
    ..\..\test-results\accessibility-accessibilit-1a0d9-erious-accessibility-issues-Mobile-Safari\test-failed-1.png
    ────────────────────────────────────────────────────────────────────────────────────────────────

    attachment #2: video (video/webm) ──────────────────────────────────────────────────────────────
    ..\..\test-results\accessibility-accessibilit-1a0d9-erious-accessibility-issues-Mobile-Safari\video.webm
    ────────────────────────────────────────────────────────────────────────────────────────────────

    attachment #3: video (video/webm) ──────────────────────────────────────────────────────────────
    ..\..\test-results\accessibility-accessibilit-1a0d9-erious-accessibility-issues-Mobile-Safari\video-1.webm
    ────────────────────────────────────────────────────────────────────────────────────────────────

    Error Context: ..\..\test-results\accessibility-accessibilit-1a0d9-erious-accessibility-issues-Mobile-Safari\error-context.md

    attachment #5: trace (application/zip) ─────────────────────────────────────────────────────────
    ..\..\test-results\accessibility-accessibilit-1a0d9-erious-accessibility-issues-Mobile-Safari\trace.zip
    Usage:

        npx playwright show-trace ..\..\test-results\accessibility-accessibilit-1a0d9-erious-accessibility-issues-Mobile-Safari\trace.zip

    ────────────────────────────────────────────────────────────────────────────────────────────────
]]>
</failure>
<system-out>
<![CDATA[
[[ATTACHMENT|accessibility-accessibilit-1a0d9-erious-accessibility-issues-Mobile-Safari\test-failed-1.png]]

[[ATTACHMENT|accessibility-accessibilit-1a0d9-erious-accessibility-issues-Mobile-Safari\video.webm]]

[[ATTACHMENT|accessibility-accessibilit-1a0d9-erious-accessibility-issues-Mobile-Safari\video-1.webm]]

[[ATTACHMENT|accessibility-accessibilit-1a0d9-erious-accessibility-issues-Mobile-Safari\error-context.md]]

[[ATTACHMENT|accessibility-accessibilit-1a0d9-erious-accessibility-issues-Mobile-Safari\trace.zip]]
]]>
</system-out>
</testcase>
<testcase name="Accessibility - Services Page › should have alt text on all images" classname="accessibility\accessibility.spec.ts" time="2.021">
</testcase>
<testcase name="Accessibility - Services Page › should have descriptive link text" classname="accessibility\accessibility.spec.ts" time="30.55">
<failure message="accessibility.spec.ts:125:7 should have descriptive link text" type="FAILURE">
<![CDATA[  [Mobile Safari] › accessibility\accessibility.spec.ts:125:7 › Accessibility - Services Page › should have descriptive link text 

    Test timeout of 30000ms exceeded.

    Error: locator.textContent: Test timeout of 30000ms exceeded.
    Call log:
      - waiting for locator('a[href]').nth(5)


      131 |     for (let i = 0; i < count; i++) {
      132 |       const link = links.nth(i);
    > 133 |       const text = await link.textContent();
          |                               ^
      134 |       const ariaLabel = await link.getAttribute('aria-label');
      135 |
      136 |       // Links should have either text or aria-label
        at C:\honeybee\e2e\tests\accessibility\accessibility.spec.ts:133:31

    attachment #1: screenshot (image/png) ──────────────────────────────────────────────────────────
    ..\..\test-results\accessibility-accessibilit-3e37a--have-descriptive-link-text-Mobile-Safari\test-failed-1.png
    ────────────────────────────────────────────────────────────────────────────────────────────────

    attachment #2: video (video/webm) ──────────────────────────────────────────────────────────────
    ..\..\test-results\accessibility-accessibilit-3e37a--have-descriptive-link-text-Mobile-Safari\video.webm
    ────────────────────────────────────────────────────────────────────────────────────────────────

    Error Context: ..\..\test-results\accessibility-accessibilit-3e37a--have-descriptive-link-text-Mobile-Safari\error-context.md

    attachment #4: trace (application/zip) ─────────────────────────────────────────────────────────
    ..\..\test-results\accessibility-accessibilit-3e37a--have-descriptive-link-text-Mobile-Safari\trace.zip
    Usage:

        npx playwright show-trace ..\..\test-results\accessibility-accessibilit-3e37a--have-descriptive-link-text-Mobile-Safari\trace.zip

    ────────────────────────────────────────────────────────────────────────────────────────────────
]]>
</failure>
<system-out>
<![CDATA[
[[ATTACHMENT|accessibility-accessibilit-3e37a--have-descriptive-link-text-Mobile-Safari\test-failed-1.png]]

[[ATTACHMENT|accessibility-accessibilit-3e37a--have-descriptive-link-text-Mobile-Safari\video.webm]]

[[ATTACHMENT|accessibility-accessibilit-3e37a--have-descriptive-link-text-Mobile-Safari\error-context.md]]

[[ATTACHMENT|accessibility-accessibilit-3e37a--have-descriptive-link-text-Mobile-Safari\trace.zip]]
]]>
</system-out>
</testcase>
<testcase name="Accessibility - History Page › should not have any critical or serious accessibility issues" classname="accessibility\accessibility.spec.ts" time="3.144">
<failure message="accessibility.spec.ts:143:7 should not have any critical or serious accessibility issues" type="FAILURE">
<![CDATA[  [Mobile Safari] › accessibility\accessibility.spec.ts:143:7 › Accessibility - History Page › should not have any critical or serious accessibility issues 

    Error: expect(received).toEqual(expected) // deep equality

    - Expected  -  1
    + Received  + 84

    - Array []
    + Array [
    +   Object {
    +     "description": "Ensure links have discernible text",
    +     "help": "Links must have discernible text",
    +     "helpUrl": "https://dequeuniversity.com/rules/axe/4.11/link-name?application=playwright",
    +     "id": "link-name",
    +     "impact": "serious",
    +     "nodes": Array [
    +       Object {
    +         "all": Array [],
    +         "any": Array [
    +           Object {
    +             "data": null,
    +             "id": "has-visible-text",
    +             "impact": "serious",
    +             "message": "Element does not have text that is visible to screen readers",
    +             "relatedNodes": Array [],
    +           },
    +           Object {
    +             "data": null,
    +             "id": "aria-label",
    +             "impact": "serious",
    +             "message": "aria-label attribute does not exist or is empty",
    +             "relatedNodes": Array [],
    +           },
    +           Object {
    +             "data": null,
    +             "id": "aria-labelledby",
    +             "impact": "serious",
    +             "message": "aria-labelledby attribute does not exist, references elements that do not exist or references elements that are empty",
    +             "relatedNodes": Array [],
    +           },
    +           Object {
    +             "data": Object {
    +               "messageKey": "noAttr",
    +             },
    +             "id": "non-empty-title",
    +             "impact": "serious",
    +             "message": "Element has no title attribute",
    +             "relatedNodes": Array [],
    +           },
    +         ],
    +         "failureSummary": "Fix all of the following:
    +   Element is in tab order and does not have accessible text
    +
    + Fix any of the following:
    +   Element does not have text that is visible to screen readers
    +   aria-label attribute does not exist or is empty
    +   aria-labelledby attribute does not exist, references elements that do not exist or references elements that are empty
    +   Element has no title attribute",
    +         "html": "<a href=\"https://www.facebook.com/profile.php?id=61559277947065\" target=\"_blank\" rel=\"noopener noreferrer\" class=\"relative group\" tabindex=\"0\">",
    +         "impact": "serious",
    +         "none": Array [
    +           Object {
    +             "data": null,
    +             "id": "focusable-no-name",
    +             "impact": "serious",
    +             "message": "Element is in tab order and does not have accessible text",
    +             "relatedNodes": Array [],
    +           },
    +         ],
    +         "target": Array [
    +           ".group",
    +         ],
    +       },
    +     ],
    +     "tags": Array [
    +       "cat.name-role-value",
    +       "wcag2a",
    +       "wcag244",
    +       "wcag412",
    +       "section508",
    +       "section508.22.a",
    +       "TTv5",
    +       "TT6.a",
    +       "EN-301-549",
    +       "EN-9.2.4.4",
    +       "EN-9.4.1.2",
    +       "ACT",
    +       "RGAAv4",
    +       "RGAA-6.2.1",
    +     ],
    +   },
    + ]

      149 |
      150 |     const criticalViolations = getCriticalViolations(accessibilityScanResults.violations);
    > 151 |     expect(criticalViolations).toEqual([]);
          |                                ^
      152 |   });
      153 |
      154 |   test('should have alt text on all images', async ({ page }) => {
        at C:\honeybee\e2e\tests\accessibility\accessibility.spec.ts:151:32

    attachment #1: screenshot (image/png) ──────────────────────────────────────────────────────────
    ..\..\test-results\accessibility-accessibilit-dd026-erious-accessibility-issues-Mobile-Safari\test-failed-1.png
    ────────────────────────────────────────────────────────────────────────────────────────────────

    attachment #2: video (video/webm) ──────────────────────────────────────────────────────────────
    ..\..\test-results\accessibility-accessibilit-dd026-erious-accessibility-issues-Mobile-Safari\video.webm
    ────────────────────────────────────────────────────────────────────────────────────────────────

    attachment #3: video (video/webm) ──────────────────────────────────────────────────────────────
    ..\..\test-results\accessibility-accessibilit-dd026-erious-accessibility-issues-Mobile-Safari\video-1.webm
    ────────────────────────────────────────────────────────────────────────────────────────────────

    Error Context: ..\..\test-results\accessibility-accessibilit-dd026-erious-accessibility-issues-Mobile-Safari\error-context.md

    attachment #5: trace (application/zip) ─────────────────────────────────────────────────────────
    ..\..\test-results\accessibility-accessibilit-dd026-erious-accessibility-issues-Mobile-Safari\trace.zip
    Usage:

        npx playwright show-trace ..\..\test-results\accessibility-accessibilit-dd026-erious-accessibility-issues-Mobile-Safari\trace.zip

    ────────────────────────────────────────────────────────────────────────────────────────────────
]]>
</failure>
<system-out>
<![CDATA[
[[ATTACHMENT|accessibility-accessibilit-dd026-erious-accessibility-issues-Mobile-Safari\test-failed-1.png]]

[[ATTACHMENT|accessibility-accessibilit-dd026-erious-accessibility-issues-Mobile-Safari\video.webm]]

[[ATTACHMENT|accessibility-accessibilit-dd026-erious-accessibility-issues-Mobile-Safari\video-1.webm]]

[[ATTACHMENT|accessibility-accessibilit-dd026-erious-accessibility-issues-Mobile-Safari\error-context.md]]

[[ATTACHMENT|accessibility-accessibilit-dd026-erious-accessibility-issues-Mobile-Safari\trace.zip]]
]]>
</system-out>
</testcase>
<testcase name="Accessibility - History Page › should have alt text on all images" classname="accessibility\accessibility.spec.ts" time="0.897">
</testcase>
<testcase name="Accessibility - History Page › should have proper landmarks" classname="accessibility\accessibility.spec.ts" time="6.34">
<failure message="accessibility.spec.ts:165:7 should have proper landmarks" type="FAILURE">
<![CDATA[  [Mobile Safari] › accessibility\accessibility.spec.ts:165:7 › Accessibility - History Page › should have proper landmarks 

    Error: expect(locator).toBeVisible() failed

    Locator:  locator('nav')
    Expected: visible
    Received: hidden
    Timeout:  5000ms

    Call log:
      - Expect "toBeVisible" with timeout 5000ms
      - waiting for locator('nav')
        6 × locator resolved to <nav aria-label="Main navigation" data-testid="main-navigation" class="hidden md:flex items-center space-x-8">…</nav>
          - unexpected value "hidden"


      172 |     // Check for nav landmark
      173 |     const nav = page.locator('nav');
    > 174 |     await expect(nav).toBeVisible();
          |                       ^
      175 |
      176 |     // Check for heading in main
      177 |     const mainHeading = main.locator('h1').or(main.locator('h2').first());
        at C:\honeybee\e2e\tests\accessibility\accessibility.spec.ts:174:23

    attachment #1: screenshot (image/png) ──────────────────────────────────────────────────────────
    ..\..\test-results\accessibility-accessibilit-f9241-hould-have-proper-landmarks-Mobile-Safari\test-failed-1.png
    ────────────────────────────────────────────────────────────────────────────────────────────────

    attachment #2: video (video/webm) ──────────────────────────────────────────────────────────────
    ..\..\test-results\accessibility-accessibilit-f9241-hould-have-proper-landmarks-Mobile-Safari\video.webm
    ────────────────────────────────────────────────────────────────────────────────────────────────

    Error Context: ..\..\test-results\accessibility-accessibilit-f9241-hould-have-proper-landmarks-Mobile-Safari\error-context.md

    attachment #4: trace (application/zip) ─────────────────────────────────────────────────────────
    ..\..\test-results\accessibility-accessibilit-f9241-hould-have-proper-landmarks-Mobile-Safari\trace.zip
    Usage:

        npx playwright show-trace ..\..\test-results\accessibility-accessibilit-f9241-hould-have-proper-landmarks-Mobile-Safari\trace.zip

    ────────────────────────────────────────────────────────────────────────────────────────────────
]]>
</failure>
<system-out>
<![CDATA[
[[ATTACHMENT|accessibility-accessibilit-f9241-hould-have-proper-landmarks-Mobile-Safari\test-failed-1.png]]

[[ATTACHMENT|accessibility-accessibilit-f9241-hould-have-proper-landmarks-Mobile-Safari\video.webm]]

[[ATTACHMENT|accessibility-accessibilit-f9241-hould-have-proper-landmarks-Mobile-Safari\error-context.md]]

[[ATTACHMENT|accessibility-accessibilit-f9241-hould-have-proper-landmarks-Mobile-Safari\trace.zip]]
]]>
</system-out>
</testcase>
<testcase name="Accessibility - Keyboard Navigation › should be fully keyboard navigable" classname="accessibility\accessibility.spec.ts" time="1.274">
</testcase>
<testcase name="Accessibility - Keyboard Navigation › should trap focus in modal if present" classname="accessibility\accessibility.spec.ts" time="0.672">
</testcase>
<testcase name="Accessibility - Keyboard Navigation › should have visible skip link" classname="accessibility\accessibility.spec.ts" time="0.868">
</testcase>
<testcase name="Accessibility - Color Contrast › should have sufficient color contrast" classname="accessibility\accessibility.spec.ts" time="2.402">
</testcase>
<testcase name="Accessibility - Color Contrast › should maintain contrast in dark mode" classname="accessibility\accessibility.spec.ts" time="1.021">
</testcase>
<testcase name="Accessibility - Screen Reader › should have descriptive ARIA labels on interactive elements" classname="accessibility\accessibility.spec.ts" time="30.016">
</testcase>
<testcase name="Accessibility - Screen Reader › should have role attributes where needed" classname="accessibility\accessibility.spec.ts" time="5.27">
</testcase>
<testcase name="Accessibility - Screen Reader › should announce dynamic content changes" classname="accessibility\accessibility.spec.ts" time="0.871">
</testcase>
</testsuite>
<testsuite name="happy-path\navigation.spec.ts" timestamp="2026-01-09T18:05:05.506Z" hostname="Mobile Safari" tests="14" failures="5" skipped="0" time="111.829" errors="0">
<testcase name="Navigation &amp; Routing › should navigate to services page" classname="happy-path\navigation.spec.ts" time="5.289">
<failure message="navigation.spec.ts:36:7 should navigate to services page" type="FAILURE">
<![CDATA[  [Mobile Safari] › happy-path\navigation.spec.ts:36:7 › Navigation & Routing › should navigate to services page 

    Error: locator.waitFor: Error: strict mode violation: getByRole('button', { name: /services/i }) resolved to 9 elements:
        1) <button aria-label="Scroll to services section to learn more about our services" class="group relative px-8 py-4 bg-bee-amber hover:bg-honey-600 text-white font-semibold rounded-full shadow-lg hover:shadow-xl transition-all duration-300 overflow-hidden">…</button> aka getByRole('button', { name: 'Scroll to services section to' })
        2) <button aria-pressed="false" aria-label="Filter by Day Services" class="px-6 py-2 rounded-full font-medium transition-all duration-300 bg-gray-100 dark:bg-gray-800 text-gray-700 dark:text-gray-300 hover:bg-gray-200 dark:hover:bg-gray-700">Day Services</button> aka getByRole('button', { name: 'Filter by Day Services' })
        3) <button tabindex="0" class="px-4 py-2 rounded-full bg-white dark:bg-gray-800 border-2 border-primary-400 text-sm font-medium text-primary-600 dark:text-primary-400 hover:bg-primary-400 hover:text-white dark:hover:bg-primary-500 transition-all shadow-md hover:shadow-lg">What services do you provide?</button> aka getByRole('button', { name: 'What services do you provide?' })
        4) <button aria-pressed="false" aria-label="Filter by Services" class="px-5 py-2.5 rounded-full font-medium transition-all bg-white dark:bg-gray-800 text-gray-700 dark:text-gray-300 border-2 border-gray-300 dark:border-gray-600 hover:bg-gray-50 dark:hover:bg-gray-700">Services</button> aka getByRole('button', { name: 'Filter by Services' })
        5) <button aria-expanded="false" aria-controls="faq-answer-services" class="w-full text-left px-6 py-5 flex items-start justify-between gap-4 hover:bg-gray-50 dark:hover:bg-gray-700 transition-colors focus:outline-none">…</button> aka getByRole('button', { name: '💬 What services does HBCS' })
        6) <button aria-expanded="false" aria-controls="faq-answer-eligibility" class="w-full text-left px-6 py-5 flex items-start justify-between gap-4 hover:bg-gray-50 dark:hover:bg-gray-700 transition-colors focus:outline-none">…</button> aka getByRole('button', { name: '💬 How do I qualify for HBCS' })
        7) <button aria-expanded="false" aria-controls="faq-answer-residential" class="w-full text-left px-6 py-5 flex items-start justify-between gap-4 hover:bg-gray-50 dark:hover:bg-gray-700 transition-colors focus:outline-none">…</button> aka getByRole('button', { name: '💬 What is your Residential' })
        8) <button aria-expanded="false" aria-controls="faq-answer-day-services" class="w-full text-left px-6 py-5 flex items-start justify-between gap-4 hover:bg-gray-50 dark:hover:bg-gray-700 transition-colors focus:outline-none">…</button> aka getByRole('button', { name: '💬 What do you offer in Day' })
        9) <button aria-expanded="false" aria-controls="faq-answer-cost" class="w-full text-left px-6 py-5 flex items-start justify-between gap-4 hover:bg-gray-50 dark:hover:bg-gray-700 transition-colors focus:outline-none">…</button> aka getByRole('button', { name: '💬 How much do your services' })

    Call log:
      - waiting for getByRole('button', { name: /services/i }) to be visible


      43 |     // Services is a dropdown button, need to click menu item
      44 |     const servicesButton = page.getByRole('button', { name: /services/i });
    > 45 |     await servicesButton.waitFor({ state: 'visible', timeout: 10000 });
         |                          ^
      46 |     await servicesButton.click();
      47 |
      48 |     // Use robust wait strategy
        at C:\honeybee\e2e\tests\happy-path\navigation.spec.ts:45:26

    attachment #1: screenshot (image/png) ──────────────────────────────────────────────────────────
    ..\..\test-results\happy-path-navigation-Navi-9bd7c-d-navigate-to-services-page-Mobile-Safari\test-failed-1.png
    ────────────────────────────────────────────────────────────────────────────────────────────────

    attachment #2: video (video/webm) ──────────────────────────────────────────────────────────────
    ..\..\test-results\happy-path-navigation-Navi-9bd7c-d-navigate-to-services-page-Mobile-Safari\video.webm
    ────────────────────────────────────────────────────────────────────────────────────────────────

    Error Context: ..\..\test-results\happy-path-navigation-Navi-9bd7c-d-navigate-to-services-page-Mobile-Safari\error-context.md

    attachment #4: trace (application/zip) ─────────────────────────────────────────────────────────
    ..\..\test-results\happy-path-navigation-Navi-9bd7c-d-navigate-to-services-page-Mobile-Safari\trace.zip
    Usage:

        npx playwright show-trace ..\..\test-results\happy-path-navigation-Navi-9bd7c-d-navigate-to-services-page-Mobile-Safari\trace.zip

    ────────────────────────────────────────────────────────────────────────────────────────────────
]]>
</failure>
<system-out>
<![CDATA[
[[ATTACHMENT|happy-path-navigation-Navi-9bd7c-d-navigate-to-services-page-Mobile-Safari\test-failed-1.png]]

[[ATTACHMENT|happy-path-navigation-Navi-9bd7c-d-navigate-to-services-page-Mobile-Safari\video.webm]]

[[ATTACHMENT|happy-path-navigation-Navi-9bd7c-d-navigate-to-services-page-Mobile-Safari\error-context.md]]

[[ATTACHMENT|happy-path-navigation-Navi-9bd7c-d-navigate-to-services-page-Mobile-Safari\trace.zip]]
]]>
</system-out>
</testcase>
<testcase name="Navigation &amp; Routing › should navigate to history page" classname="happy-path\navigation.spec.ts" time="31.703">
<failure message="navigation.spec.ts:60:7 should navigate to history page" type="FAILURE">
<![CDATA[  [Mobile Safari] › happy-path\navigation.spec.ts:60:7 › Navigation & Routing › should navigate to history page 

    Test timeout of 30000ms exceeded.

    Error: locator.click: Test timeout of 30000ms exceeded.
    Call log:
      - waiting for getByRole('link', { name: /history/i }).first()
        - locator resolved to <a href="/history" class="inline-flex items-center gap-2 text-honey-600 dark:text-honey-400 font-semibold hover:text-honey-700 dark:hover:text-honey-300">…</a>
      - attempting click action
        - waiting for element to be visible, enabled and stable
        - element is visible, enabled and stable
        - scrolling into view if needed
        - done scrolling
        - performing click action
        - <div class="flex flex-col md:flex-row gap-8 items-start">…</div> intercepts pointer events
      - retrying click action
        - waiting for element to be visible, enabled and stable
        - element is not stable
      - retrying click action
        - waiting 20ms
        - waiting for element to be visible, enabled and stable
        - element is visible, enabled and stable
        - scrolling into view if needed
        - done scrolling
        - <div class="md:w-1/3">…</div> intercepts pointer events
      - retrying click action
        - waiting 100ms
        - waiting for element to be visible, enabled and stable
        - element is visible, enabled and stable
        - scrolling into view if needed
        - done scrolling
        - <p class="text-lg text-gray-700 dark:text-gray-300 leading-relaxed mb-4">Brett grew up with a sibling who had developmenta…</p> from <div class="md:w-2/3">…</div> subtree intercepts pointer events
      - retrying click action
        - waiting 100ms
        - waiting for element to be visible, enabled and stable
        - element is visible, enabled and stable
        - scrolling into view if needed
        - done scrolling
        - <canvas width="776" height="224" data-engine="three.js r182"></canvas> from <header class="fixed top-0 left-0 right-0 z-50 transition-all duration-300 bg-white/95 dark:bg-black/95 backdrop-blur-md shadow-lg">…</header> subtree intercepts pointer events
      - retrying click action
        - waiting 500ms
        - waiting for element to be visible, enabled and stable
        - element is visible, enabled and stable
        - scrolling into view if needed
        - done scrolling
        - <span class="relative inline-block bg-clip-text text-transparent bg-gradient-to-br from-amber-800 via-amber-600 to-yellow-600">Honeybee</span> from <header class="fixed top-0 left-0 right-0 z-50 transition-all duration-300 bg-white/95 dark:bg-black/95 backdrop-blur-md shadow-lg">…</header> subtree intercepts pointer events
      2 × retrying click action
          - waiting 500ms
          - waiting for element to be visible, enabled and stable
          - element is visible, enabled and stable
          - scrolling into view if needed
          - done scrolling
          - <p class="text-lg text-gray-700 dark:text-gray-300 leading-relaxed mb-4">Brett grew up with a sibling who had developmenta…</p> from <div class="md:w-2/3">…</div> subtree intercepts pointer events
      2 × retrying click action
          - waiting 500ms
          - waiting for element to be visible, enabled and stable
          - element is visible, enabled and stable
          - scrolling into view if needed
          - done scrolling
          - <canvas width="776" height="224" data-engine="three.js r182"></canvas> from <header class="fixed top-0 left-0 right-0 z-50 transition-all duration-300 bg-white/95 dark:bg-black/95 backdrop-blur-md shadow-lg">…</header> subtree intercepts pointer events
      2 × retrying click action
          - waiting 500ms
          - waiting for element to be visible, enabled and stable
          - element is visible, enabled and stable
          - scrolling into view if needed
          - done scrolling
          - <p class="text-lg text-gray-700 dark:text-gray-300 leading-relaxed mb-4">Brett grew up with a sibling who had developmenta…</p> from <div class="md:w-2/3">…</div> subtree intercepts pointer events
        - retrying click action
          - waiting 500ms
          - waiting for element to be visible, enabled and stable
          - element is visible, enabled and stable
          - scrolling into view if needed
          - done scrolling
          - <p class="text-lg text-gray-700 dark:text-gray-300 leading-relaxed mb-4">Brett grew up with a sibling who had developmenta…</p> from <div class="md:w-2/3">…</div> subtree intercepts pointer events
        - retrying click action
          - waiting 500ms
          - waiting for element to be visible, enabled and stable
          - element is visible, enabled and stable
          - scrolling into view if needed
          - done scrolling
          - <canvas width="776" height="224" data-engine="three.js r182"></canvas> from <header class="fixed top-0 left-0 right-0 z-50 transition-all duration-300 bg-white/95 dark:bg-black/95 backdrop-blur-md shadow-lg">…</header> subtree intercepts pointer events
        - retrying click action
          - waiting 500ms
          - waiting for element to be visible, enabled and stable
          - element is visible, enabled and stable
          - scrolling into view if needed
          - done scrolling
          - <span class="relative inline-block bg-clip-text text-transparent bg-gradient-to-br from-amber-800 via-amber-600 to-yellow-600">Honeybee</span> from <header class="fixed top-0 left-0 right-0 z-50 transition-all duration-300 bg-white/95 dark:bg-black/95 backdrop-blur-md shadow-lg">…</header> subtree intercepts pointer events
      2 × retrying click action
          - waiting 500ms
          - waiting for element to be visible, enabled and stable
          - element is visible, enabled and stable
          - scrolling into view if needed
          - done scrolling
          - <p class="text-lg text-gray-700 dark:text-gray-300 leading-relaxed mb-4">Brett grew up with a sibling who had developmenta…</p> from <div class="md:w-2/3">…</div> subtree intercepts pointer events
      2 × retrying click action
          - waiting 500ms
          - waiting for element to be visible, enabled and stable
          - element is visible, enabled and stable
          - scrolling into view if needed
          - done scrolling
          - <canvas width="776" height="224" data-engine="three.js r182"></canvas> from <header class="fixed top-0 left-0 right-0 z-50 transition-all duration-300 bg-white/95 dark:bg-black/95 backdrop-blur-md shadow-lg">…</header> subtree intercepts pointer events
      - retrying click action
        - waiting 500ms
        - waiting for element to be visible, enabled and stable


      68 |     // Wait for link to be fully interactive
      69 |     await historyLink.waitFor({ state: 'visible', timeout: 8000 });
    > 70 |     await historyLink.click();
         |                       ^
      71 |
      72 |     // Browser-specific wait for navigation
      73 |     if (browserName === 'firefox' || browserName === 'webkit') {
        at C:\honeybee\e2e\tests\happy-path\navigation.spec.ts:70:23

    attachment #1: screenshot (image/png) ──────────────────────────────────────────────────────────
    ..\..\test-results\happy-path-navigation-Navi-fee27-ld-navigate-to-history-page-Mobile-Safari\test-failed-1.png
    ────────────────────────────────────────────────────────────────────────────────────────────────

    attachment #2: video (video/webm) ──────────────────────────────────────────────────────────────
    ..\..\test-results\happy-path-navigation-Navi-fee27-ld-navigate-to-history-page-Mobile-Safari\video.webm
    ────────────────────────────────────────────────────────────────────────────────────────────────

    Error Context: ..\..\test-results\happy-path-navigation-Navi-fee27-ld-navigate-to-history-page-Mobile-Safari\error-context.md

    attachment #4: trace (application/zip) ─────────────────────────────────────────────────────────
    ..\..\test-results\happy-path-navigation-Navi-fee27-ld-navigate-to-history-page-Mobile-Safari\trace.zip
    Usage:

        npx playwright show-trace ..\..\test-results\happy-path-navigation-Navi-fee27-ld-navigate-to-history-page-Mobile-Safari\trace.zip

    ────────────────────────────────────────────────────────────────────────────────────────────────
]]>
</failure>
<system-out>
<![CDATA[
[[ATTACHMENT|happy-path-navigation-Navi-fee27-ld-navigate-to-history-page-Mobile-Safari\test-failed-1.png]]

[[ATTACHMENT|happy-path-navigation-Navi-fee27-ld-navigate-to-history-page-Mobile-Safari\video.webm]]

[[ATTACHMENT|happy-path-navigation-Navi-fee27-ld-navigate-to-history-page-Mobile-Safari\error-context.md]]

[[ATTACHMENT|happy-path-navigation-Navi-fee27-ld-navigate-to-history-page-Mobile-Safari\trace.zip]]
]]>
</system-out>
</testcase>
<testcase name="Navigation &amp; Routing › should navigate to our vision page" classname="happy-path\navigation.spec.ts" time="6.347">
</testcase>
<testcase name="Navigation &amp; Routing › should navigate back to home from history" classname="happy-path\navigation.spec.ts" time="1.004">
<failure message="navigation.spec.ts:100:7 should navigate back to home from history" type="FAILURE">
<![CDATA[  [Mobile Safari] › happy-path\navigation.spec.ts:100:7 › Navigation & Routing › should navigate back to home from history 

    Error: locator.waitFor: Error: strict mode violation: locator('a[href="/"]') resolved to 2 elements:
        1) <a href="/" data-testid="back-to-home-link" aria-label="Navigate back to home page" class="inline-flex items-center text-primary-400 hover:text-primary-500 mb-6 font-medium">…</a> aka getByTestId('back-to-home-link')
        2) <a href="/" class="text-gray-400 hover:text-bee-gold-dark transition-colors">Home</a> aka getByRole('link', { name: 'Home', exact: true })

    Call log:
      - waiting for locator('a[href="/"]')


      105 |     // Wait for back button to be ready
      106 |     const backToHomeButton = page.locator('a[href="/"]');
    > 107 |     await backToHomeButton.waitFor({ state: 'attached', timeout: 5000 });
          |                            ^
      108 |     await historyPage.clickBackToHome();
      109 |
      110 |     // Browser-specific wait for navigation
        at C:\honeybee\e2e\tests\happy-path\navigation.spec.ts:107:28

    attachment #1: screenshot (image/png) ──────────────────────────────────────────────────────────
    ..\..\test-results\happy-path-navigation-Navi-6d98e-e-back-to-home-from-history-Mobile-Safari\test-failed-1.png
    ────────────────────────────────────────────────────────────────────────────────────────────────

    attachment #2: video (video/webm) ──────────────────────────────────────────────────────────────
    ..\..\test-results\happy-path-navigation-Navi-6d98e-e-back-to-home-from-history-Mobile-Safari\video.webm
    ────────────────────────────────────────────────────────────────────────────────────────────────

    Error Context: ..\..\test-results\happy-path-navigation-Navi-6d98e-e-back-to-home-from-history-Mobile-Safari\error-context.md

    attachment #4: trace (application/zip) ─────────────────────────────────────────────────────────
    ..\..\test-results\happy-path-navigation-Navi-6d98e-e-back-to-home-from-history-Mobile-Safari\trace.zip
    Usage:

        npx playwright show-trace ..\..\test-results\happy-path-navigation-Navi-6d98e-e-back-to-home-from-history-Mobile-Safari\trace.zip

    ────────────────────────────────────────────────────────────────────────────────────────────────
]]>
</failure>
<system-out>
<![CDATA[
[[ATTACHMENT|happy-path-navigation-Navi-6d98e-e-back-to-home-from-history-Mobile-Safari\test-failed-1.png]]

[[ATTACHMENT|happy-path-navigation-Navi-6d98e-e-back-to-home-from-history-Mobile-Safari\video.webm]]

[[ATTACHMENT|happy-path-navigation-Navi-6d98e-e-back-to-home-from-history-Mobile-Safari\error-context.md]]

[[ATTACHMENT|happy-path-navigation-Navi-6d98e-e-back-to-home-from-history-Mobile-Safari\trace.zip]]
]]>
</system-out>
</testcase>
<testcase name="Navigation &amp; Routing › should navigate to service detail pages" classname="happy-path\navigation.spec.ts" time="12.604">
<failure message="navigation.spec.ts:118:7 should navigate to service detail pages" type="FAILURE">
<![CDATA[  [Mobile Safari] › happy-path\navigation.spec.ts:118:7 › Navigation & Routing › should navigate to service detail pages 

    Error: expect(locator).toBeVisible() failed

    Locator: getByRole('menu')
    Expected: visible
    Timeout: 10000ms
    Error: element(s) not found

    Call log:
      - Expect "toBeVisible" with timeout 10000ms
      - waiting for getByRole('menu')


      16 | async function waitForMenuReady(page: any, browserName: string) {
      17 |   // Wait for menu to be visible
    > 18 |   await expect(page.getByRole('menu')).toBeVisible({ timeout: 10000 });
         |                                        ^
      19 |
      20 |   // Browser-specific waits
      21 |   const browserWaits: Record<string, number> = {
        at waitForMenuReady (C:\honeybee\e2e\tests\happy-path\navigation.spec.ts:18:40)
        at C:\honeybee\e2e\tests\happy-path\navigation.spec.ts:128:11

    attachment #1: screenshot (image/png) ──────────────────────────────────────────────────────────
    ..\..\test-results\happy-path-navigation-Navi-d2a42-ate-to-service-detail-pages-Mobile-Safari\test-failed-1.png
    ────────────────────────────────────────────────────────────────────────────────────────────────

    attachment #2: video (video/webm) ──────────────────────────────────────────────────────────────
    ..\..\test-results\happy-path-navigation-Navi-d2a42-ate-to-service-detail-pages-Mobile-Safari\video.webm
    ────────────────────────────────────────────────────────────────────────────────────────────────

    Error Context: ..\..\test-results\happy-path-navigation-Navi-d2a42-ate-to-service-detail-pages-Mobile-Safari\error-context.md

    attachment #4: trace (application/zip) ─────────────────────────────────────────────────────────
    ..\..\test-results\happy-path-navigation-Navi-d2a42-ate-to-service-detail-pages-Mobile-Safari\trace.zip
    Usage:

        npx playwright show-trace ..\..\test-results\happy-path-navigation-Navi-d2a42-ate-to-service-detail-pages-Mobile-Safari\trace.zip

    ────────────────────────────────────────────────────────────────────────────────────────────────
]]>
</failure>
<system-out>
<![CDATA[
[[ATTACHMENT|happy-path-navigation-Navi-d2a42-ate-to-service-detail-pages-Mobile-Safari\test-failed-1.png]]

[[ATTACHMENT|happy-path-navigation-Navi-d2a42-ate-to-service-detail-pages-Mobile-Safari\video.webm]]

[[ATTACHMENT|happy-path-navigation-Navi-d2a42-ate-to-service-detail-pages-Mobile-Safari\error-context.md]]

[[ATTACHMENT|happy-path-navigation-Navi-d2a42-ate-to-service-detail-pages-Mobile-Safari\trace.zip]]
]]>
</system-out>
</testcase>
<testcase name="Navigation &amp; Routing › should navigate to contact section" classname="happy-path\navigation.spec.ts" time="4.789">
</testcase>
<testcase name="Navigation &amp; Routing › should handle 404 for non-existent routes" classname="happy-path\navigation.spec.ts" time="0.819">
</testcase>
<testcase name="Navigation &amp; Routing › should maintain state on page reload" classname="happy-path\navigation.spec.ts" time="4.055">
</testcase>
<testcase name="Navigation &amp; Routing › should handle browser back button" classname="happy-path\navigation.spec.ts" time="6.83">
</testcase>
<testcase name="Navigation &amp; Routing › should handle browser forward button" classname="happy-path\navigation.spec.ts" time="13.78">
</testcase>
<testcase name="Navigation &amp; Routing › should navigate via direct URL" classname="happy-path\navigation.spec.ts" time="10.358">
<failure message="navigation.spec.ts:255:7 should navigate via direct URL" type="FAILURE">
<![CDATA[  [Mobile Safari] › happy-path\navigation.spec.ts:255:7 › Navigation & Routing › should navigate via direct URL 

    TimeoutError: locator.waitFor: Timeout 8000ms exceeded.
    Call log:
      - waiting for getByRole('heading', { name: /our services/i }) to be visible


      259 |     await expect(page).toHaveURL('/services');
      260 |     const servicesHeading = page.getByRole('heading', { name: /our services/i });
    > 261 |     await servicesHeading.waitFor({ state: 'visible', timeout: 8000 });
          |                           ^
      262 |     await expect(servicesHeading).toBeVisible();
      263 |
      264 |     // Navigate directly to history
        at C:\honeybee\e2e\tests\happy-path\navigation.spec.ts:261:27

    attachment #1: screenshot (image/png) ──────────────────────────────────────────────────────────
    ..\..\test-results\happy-path-navigation-Navi-144e7-uld-navigate-via-direct-URL-Mobile-Safari\test-failed-1.png
    ────────────────────────────────────────────────────────────────────────────────────────────────

    attachment #2: video (video/webm) ──────────────────────────────────────────────────────────────
    ..\..\test-results\happy-path-navigation-Navi-144e7-uld-navigate-via-direct-URL-Mobile-Safari\video.webm
    ────────────────────────────────────────────────────────────────────────────────────────────────

    Error Context: ..\..\test-results\happy-path-navigation-Navi-144e7-uld-navigate-via-direct-URL-Mobile-Safari\error-context.md

    attachment #4: trace (application/zip) ─────────────────────────────────────────────────────────
    ..\..\test-results\happy-path-navigation-Navi-144e7-uld-navigate-via-direct-URL-Mobile-Safari\trace.zip
    Usage:

        npx playwright show-trace ..\..\test-results\happy-path-navigation-Navi-144e7-uld-navigate-via-direct-URL-Mobile-Safari\trace.zip

    ────────────────────────────────────────────────────────────────────────────────────────────────
]]>
</failure>
<system-out>
<![CDATA[
[[ATTACHMENT|happy-path-navigation-Navi-144e7-uld-navigate-via-direct-URL-Mobile-Safari\test-failed-1.png]]

[[ATTACHMENT|happy-path-navigation-Navi-144e7-uld-navigate-via-direct-URL-Mobile-Safari\video.webm]]

[[ATTACHMENT|happy-path-navigation-Navi-144e7-uld-navigate-via-direct-URL-Mobile-Safari\error-context.md]]

[[ATTACHMENT|happy-path-navigation-Navi-144e7-uld-navigate-via-direct-URL-Mobile-Safari\trace.zip]]
]]>
</system-out>
</testcase>
<testcase name="Navigation &amp; Routing › should handle navigation with query parameters" classname="happy-path\navigation.spec.ts" time="4.097">
</testcase>
<testcase name="Navigation &amp; Routing › should maintain scroll position on back navigation" classname="happy-path\navigation.spec.ts" time="8.207">
</testcase>
<testcase name="Navigation &amp; Routing › should handle multiple rapid navigations" classname="happy-path\navigation.spec.ts" time="1.947">
</testcase>
</testsuite>
<testsuite name="regression\page-content.spec.ts" timestamp="2026-01-09T18:05:05.506Z" hostname="Mobile Safari" tests="23" failures="4" skipped="0" time="107.71" errors="0">
<testcase name="Homepage - Content Tests › should display hero heading" classname="regression\page-content.spec.ts" time="1.647">
</testcase>
<testcase name="Homepage - Content Tests › should display services section" classname="regression\page-content.spec.ts" time="31.457">
<failure message="page-content.spec.ts:22:7 should display services section" type="FAILURE">
<![CDATA[  [Mobile Safari] › regression\page-content.spec.ts:22:7 › Homepage - Content Tests › should display services section 

    Test timeout of 30000ms exceeded.

    Error: locator.scrollIntoViewIfNeeded: Test timeout of 30000ms exceeded.
    Call log:
      - waiting for getByTestId('services-section').or(locator('[data-testid="services-section"]'))


      27 |     // Use data-testid for specific section - scroll into view first
      28 |     const servicesSection = page.getByTestId('services-section').or(page.locator('[data-testid="services-section"]'));
    > 29 |     await servicesSection.scrollIntoViewIfNeeded();
         |                           ^
      30 |     await expect(servicesSection).toBeVisible();
      31 |
      32 |     // More flexible heading selector
        at C:\honeybee\e2e\tests\regression\page-content.spec.ts:29:27

    attachment #1: screenshot (image/png) ──────────────────────────────────────────────────────────
    ..\..\test-results\regression-page-content-Ho-e29a4-ld-display-services-section-Mobile-Safari\test-failed-1.png
    ────────────────────────────────────────────────────────────────────────────────────────────────

    attachment #2: video (video/webm) ──────────────────────────────────────────────────────────────
    ..\..\test-results\regression-page-content-Ho-e29a4-ld-display-services-section-Mobile-Safari\video.webm
    ────────────────────────────────────────────────────────────────────────────────────────────────

    Error Context: ..\..\test-results\regression-page-content-Ho-e29a4-ld-display-services-section-Mobile-Safari\error-context.md

    attachment #4: trace (application/zip) ─────────────────────────────────────────────────────────
    ..\..\test-results\regression-page-content-Ho-e29a4-ld-display-services-section-Mobile-Safari\trace.zip
    Usage:

        npx playwright show-trace ..\..\test-results\regression-page-content-Ho-e29a4-ld-display-services-section-Mobile-Safari\trace.zip

    ────────────────────────────────────────────────────────────────────────────────────────────────
]]>
</failure>
<system-out>
<![CDATA[
[[ATTACHMENT|regression-page-content-Ho-e29a4-ld-display-services-section-Mobile-Safari\test-failed-1.png]]

[[ATTACHMENT|regression-page-content-Ho-e29a4-ld-display-services-section-Mobile-Safari\video.webm]]

[[ATTACHMENT|regression-page-content-Ho-e29a4-ld-display-services-section-Mobile-Safari\error-context.md]]

[[ATTACHMENT|regression-page-content-Ho-e29a4-ld-display-services-section-Mobile-Safari\trace.zip]]
]]>
</system-out>
</testcase>
<testcase name="Homepage - Content Tests › should display gallery section" classname="regression\page-content.spec.ts" time="4.969">
</testcase>
<testcase name="Homepage - Content Tests › should display about section" classname="regression\page-content.spec.ts" time="31.414">
<failure message="page-content.spec.ts:45:7 should display about section" type="FAILURE">
<![CDATA[  [Mobile Safari] › regression\page-content.spec.ts:45:7 › Homepage - Content Tests › should display about section 

    Test timeout of 30000ms exceeded.

    Error: locator.scrollIntoViewIfNeeded: Test timeout of 30000ms exceeded.
    Call log:
      - waiting for locator('[data-testid="about-section"]')


      48 |     await page.waitForLoadState('networkidle');
      49 |
    > 50 |     await homePage.aboutSection.scrollIntoViewIfNeeded();
         |                                 ^
      51 |     await expect(homePage.aboutSection).toBeVisible();
      52 |
      53 |     // More flexible heading selector
        at C:\honeybee\e2e\tests\regression\page-content.spec.ts:50:33

    attachment #1: screenshot (image/png) ──────────────────────────────────────────────────────────
    ..\..\test-results\regression-page-content-Ho-736ca-hould-display-about-section-Mobile-Safari\test-failed-1.png
    ────────────────────────────────────────────────────────────────────────────────────────────────

    attachment #2: video (video/webm) ──────────────────────────────────────────────────────────────
    ..\..\test-results\regression-page-content-Ho-736ca-hould-display-about-section-Mobile-Safari\video.webm
    ────────────────────────────────────────────────────────────────────────────────────────────────

    Error Context: ..\..\test-results\regression-page-content-Ho-736ca-hould-display-about-section-Mobile-Safari\error-context.md

    attachment #4: trace (application/zip) ─────────────────────────────────────────────────────────
    ..\..\test-results\regression-page-content-Ho-736ca-hould-display-about-section-Mobile-Safari\trace.zip
    Usage:

        npx playwright show-trace ..\..\test-results\regression-page-content-Ho-736ca-hould-display-about-section-Mobile-Safari\trace.zip

    ────────────────────────────────────────────────────────────────────────────────────────────────
]]>
</failure>
<system-out>
<![CDATA[
[[ATTACHMENT|regression-page-content-Ho-736ca-hould-display-about-section-Mobile-Safari\test-failed-1.png]]

[[ATTACHMENT|regression-page-content-Ho-736ca-hould-display-about-section-Mobile-Safari\video.webm]]

[[ATTACHMENT|regression-page-content-Ho-736ca-hould-display-about-section-Mobile-Safari\error-context.md]]

[[ATTACHMENT|regression-page-content-Ho-736ca-hould-display-about-section-Mobile-Safari\trace.zip]]
]]>
</system-out>
</testcase>
<testcase name="Homepage - Content Tests › should display testimonials section" classname="regression\page-content.spec.ts" time="5.437">
</testcase>
<testcase name="Homepage - Content Tests › should display contact section" classname="regression\page-content.spec.ts" time="5.605">
</testcase>
<testcase name="Services Page - Content Tests › should display services heading" classname="regression\page-content.spec.ts" time="0.813">
</testcase>
<testcase name="Services Page - Content Tests › should display all three service cards" classname="regression\page-content.spec.ts" time="0.905">
</testcase>
<testcase name="Services Page - Content Tests › should display service cards with images" classname="regression\page-content.spec.ts" time="1.618">
<failure message="page-content.spec.ts:92:7 should display service cards with images" type="FAILURE">
<![CDATA[  [Mobile Safari] › regression\page-content.spec.ts:92:7 › Services Page - Content Tests › should display service cards with images 

    Error: expect(received).toBe(expected) // Object.is equality

    Expected: true
    Received: false

       95 |
       96 |     const hasImages = await servicesPage.doServiceCardsHaveImages();
    >  97 |     expect(hasImages).toBe(true);
          |                       ^
       98 |   });
       99 |
      100 |   test('should display quick facts section', async ({ page }) => {
        at C:\honeybee\e2e\tests\regression\page-content.spec.ts:97:23

    attachment #1: screenshot (image/png) ──────────────────────────────────────────────────────────
    ..\..\test-results\regression-page-content-Se-2bf89-y-service-cards-with-images-Mobile-Safari\test-failed-1.png
    ────────────────────────────────────────────────────────────────────────────────────────────────

    attachment #2: video (video/webm) ──────────────────────────────────────────────────────────────
    ..\..\test-results\regression-page-content-Se-2bf89-y-service-cards-with-images-Mobile-Safari\video.webm
    ────────────────────────────────────────────────────────────────────────────────────────────────

    Error Context: ..\..\test-results\regression-page-content-Se-2bf89-y-service-cards-with-images-Mobile-Safari\error-context.md

    attachment #4: trace (application/zip) ─────────────────────────────────────────────────────────
    ..\..\test-results\regression-page-content-Se-2bf89-y-service-cards-with-images-Mobile-Safari\trace.zip
    Usage:

        npx playwright show-trace ..\..\test-results\regression-page-content-Se-2bf89-y-service-cards-with-images-Mobile-Safari\trace.zip

    ────────────────────────────────────────────────────────────────────────────────────────────────
]]>
</failure>
<system-out>
<![CDATA[
[[ATTACHMENT|regression-page-content-Se-2bf89-y-service-cards-with-images-Mobile-Safari\test-failed-1.png]]

[[ATTACHMENT|regression-page-content-Se-2bf89-y-service-cards-with-images-Mobile-Safari\video.webm]]

[[ATTACHMENT|regression-page-content-Se-2bf89-y-service-cards-with-images-Mobile-Safari\error-context.md]]

[[ATTACHMENT|regression-page-content-Se-2bf89-y-service-cards-with-images-Mobile-Safari\trace.zip]]
]]>
</system-out>
</testcase>
<testcase name="Services Page - Content Tests › should display quick facts section" classname="regression\page-content.spec.ts" time="1.099">
</testcase>
<testcase name="Services Page - Content Tests › should display contact section" classname="regression\page-content.spec.ts" time="1.162">
</testcase>
<testcase name="Services Page - Content Tests › should display service descriptions" classname="regression\page-content.spec.ts" time="1.286">
<failure message="page-content.spec.ts:116:7 should display service descriptions" type="FAILURE">
<![CDATA[  [Mobile Safari] › regression\page-content.spec.ts:116:7 › Services Page - Content Tests › should display service descriptions 

    Error: expect(locator).toBeVisible() failed

    Locator: getByText(/day services/i)
    Expected: visible
    Error: strict mode violation: getByText(/day services/i) resolved to 2 elements:
        1) <p class="text-xl text-gray-600 dark:text-gray-400 mb-8">Personalized support through Residential, Day Ser…</p> aka getByText('Personalized support through')
        2) <h3 class="text-2xl font-bold text-white mb-2">Day Services</h3> aka getByTestId('service-card-day-services')

    Call log:
      - Expect "toBeVisible" with timeout 5000ms
      - waiting for getByText(/day services/i)


      120 |     // Check for service titles (case insensitive)
      121 |     await expect(page.getByText(/residential services/i)).toBeVisible();
    > 122 |     await expect(page.getByText(/day services/i)).toBeVisible();
          |                                                   ^
      123 |     await expect(page.getByText(/targeted case management/i)).toBeVisible();
      124 |   });
      125 | });
        at C:\honeybee\e2e\tests\regression\page-content.spec.ts:122:51

    attachment #1: screenshot (image/png) ──────────────────────────────────────────────────────────
    ..\..\test-results\regression-page-content-Se-40d9c-isplay-service-descriptions-Mobile-Safari\test-failed-1.png
    ────────────────────────────────────────────────────────────────────────────────────────────────

    attachment #2: video (video/webm) ──────────────────────────────────────────────────────────────
    ..\..\test-results\regression-page-content-Se-40d9c-isplay-service-descriptions-Mobile-Safari\video.webm
    ────────────────────────────────────────────────────────────────────────────────────────────────

    Error Context: ..\..\test-results\regression-page-content-Se-40d9c-isplay-service-descriptions-Mobile-Safari\error-context.md

    attachment #4: trace (application/zip) ─────────────────────────────────────────────────────────
    ..\..\test-results\regression-page-content-Se-40d9c-isplay-service-descriptions-Mobile-Safari\trace.zip
    Usage:

        npx playwright show-trace ..\..\test-results\regression-page-content-Se-40d9c-isplay-service-descriptions-Mobile-Safari\trace.zip

    ────────────────────────────────────────────────────────────────────────────────────────────────
]]>
</failure>
<system-out>
<![CDATA[
[[ATTACHMENT|regression-page-content-Se-40d9c-isplay-service-descriptions-Mobile-Safari\test-failed-1.png]]

[[ATTACHMENT|regression-page-content-Se-40d9c-isplay-service-descriptions-Mobile-Safari\video.webm]]

[[ATTACHMENT|regression-page-content-Se-40d9c-isplay-service-descriptions-Mobile-Safari\error-context.md]]

[[ATTACHMENT|regression-page-content-Se-40d9c-isplay-service-descriptions-Mobile-Safari\trace.zip]]
]]>
</system-out>
</testcase>
<testcase name="History Page - Content Tests › should display history heading" classname="regression\page-content.spec.ts" time="0.937">
</testcase>
<testcase name="History Page - Content Tests › should display subheading" classname="regression\page-content.spec.ts" time="0.964">
</testcase>
<testcase name="History Page - Content Tests › should display founder name" classname="regression\page-content.spec.ts" time="0.886">
</testcase>
<testcase name="History Page - Content Tests › should display founder section" classname="regression\page-content.spec.ts" time="0.844">
</testcase>
<testcase name="History Page - Content Tests › should display timeline section" classname="regression\page-content.spec.ts" time="1.067">
</testcase>
<testcase name="History Page - Content Tests › should display timeline events" classname="regression\page-content.spec.ts" time="1.633">
</testcase>
<testcase name="History Page - Content Tests › should display impact stats section" classname="regression\page-content.spec.ts" time="0.812">
</testcase>
<testcase name="History Page - Content Tests › should display back to home link" classname="regression\page-content.spec.ts" time="1.01">
</testcase>
<testcase name="Service Detail Pages - Content Tests › should display residential services page" classname="regression\page-content.spec.ts" time="4.062">
</testcase>
<testcase name="Service Detail Pages - Content Tests › should display day services page" classname="regression\page-content.spec.ts" time="3.826">
</testcase>
<testcase name="Service Detail Pages - Content Tests › should display targeted case management page" classname="regression\page-content.spec.ts" time="4.257">
</testcase>
</testsuite>
<testsuite name="regression\responsive-design.spec.ts" timestamp="2026-01-09T18:05:05.506Z" hostname="Mobile Safari" tests="27" failures="6" skipped="0" time="111.874" errors="0">
<testcase name="Mobile View (375x667) › should display homepage on mobile" classname="regression\responsive-design.spec.ts" time="1.921">
</testcase>
<testcase name="Mobile View (375x667) › should have mobile viewport size" classname="regression\responsive-design.spec.ts" time="1.02">
</testcase>
<testcase name="Mobile View (375x667) › should display services page on mobile" classname="regression\responsive-design.spec.ts" time="1.075">
</testcase>
<testcase name="Mobile View (375x667) › should display history page on mobile" classname="regression\responsive-design.spec.ts" time="2.485">
</testcase>
<testcase name="Mobile View (375x667) › should have mobile-friendly navigation" classname="regression\responsive-design.spec.ts" time="5.625">
</testcase>
<testcase name="Tablet View (768x1024) › should display homepage on tablet" classname="regression\responsive-design.spec.ts" time="2.062">
</testcase>
<testcase name="Tablet View (768x1024) › should have tablet viewport size" classname="regression\responsive-design.spec.ts" time="1.551">
</testcase>
<testcase name="Tablet View (768x1024) › should display services page on tablet" classname="regression\responsive-design.spec.ts" time="1.656">
</testcase>
<testcase name="Tablet View (768x1024) › should display history page on tablet" classname="regression\responsive-design.spec.ts" time="1.884">
</testcase>
<testcase name="Tablet View (768x1024) › should have proper layout on tablet" classname="regression\responsive-design.spec.ts" time="1.544">
</testcase>
<testcase name="Desktop View (1280x720) › should display homepage on desktop" classname="regression\responsive-design.spec.ts" time="2.212">
</testcase>
<testcase name="Desktop View (1280x720) › should have desktop viewport size" classname="regression\responsive-design.spec.ts" time="1.38">
</testcase>
<testcase name="Desktop View (1280x720) › should display services page on desktop" classname="regression\responsive-design.spec.ts" time="1.797">
</testcase>
<testcase name="Desktop View (1280x720) › should display history page on desktop" classname="regression\responsive-design.spec.ts" time="2.163">
</testcase>
<testcase name="Desktop View (1280x720) › should have proper desktop layout" classname="regression\responsive-design.spec.ts" time="1.77">
</testcase>
<testcase name="Desktop View (1280x720) › should display hover states on desktop" classname="regression\responsive-design.spec.ts" time="31.109">
<failure message="responsive-design.spec.ts:175:7 should display hover states on desktop" type="FAILURE">
<![CDATA[  [Mobile Safari] › regression\responsive-design.spec.ts:175:7 › Desktop View (1280x720) › should display hover states on desktop 

    Test timeout of 30000ms exceeded.

    Error: locator.hover: Test timeout of 30000ms exceeded.
    Call log:
      - waiting for locator('a[href^="/services/"]').first()
        - locator resolved to <a href="/services/residential" data-testid="service-card-residential">…</a>
      - attempting hover action
        2 × waiting for element to be visible and stable
          - element is not stable
        - retrying hover action
        - waiting 20ms
        - waiting for element to be visible and stable
      - element was detached from the DOM, retrying


      180 |
      181 |     // Hover over card
    > 182 |     await firstServiceCard.hover();
          |                            ^
      183 |
      184 |     // Card should still be visible
      185 |     await expect(firstServiceCard).toBeVisible();
        at C:\honeybee\e2e\tests\regression\responsive-design.spec.ts:182:28

    attachment #1: screenshot (image/png) ──────────────────────────────────────────────────────────
    ..\..\test-results\regression-responsive-desi-c820d-lay-hover-states-on-desktop-Mobile-Safari\test-failed-1.png
    ────────────────────────────────────────────────────────────────────────────────────────────────

    attachment #2: video (video/webm) ──────────────────────────────────────────────────────────────
    ..\..\test-results\regression-responsive-desi-c820d-lay-hover-states-on-desktop-Mobile-Safari\video.webm
    ────────────────────────────────────────────────────────────────────────────────────────────────

    Error Context: ..\..\test-results\regression-responsive-desi-c820d-lay-hover-states-on-desktop-Mobile-Safari\error-context.md

    attachment #4: trace (application/zip) ─────────────────────────────────────────────────────────
    ..\..\test-results\regression-responsive-desi-c820d-lay-hover-states-on-desktop-Mobile-Safari\trace.zip
    Usage:

        npx playwright show-trace ..\..\test-results\regression-responsive-desi-c820d-lay-hover-states-on-desktop-Mobile-Safari\trace.zip

    ────────────────────────────────────────────────────────────────────────────────────────────────
]]>
</failure>
<system-out>
<![CDATA[
[[ATTACHMENT|regression-responsive-desi-c820d-lay-hover-states-on-desktop-Mobile-Safari\test-failed-1.png]]

[[ATTACHMENT|regression-responsive-desi-c820d-lay-hover-states-on-desktop-Mobile-Safari\video.webm]]

[[ATTACHMENT|regression-responsive-desi-c820d-lay-hover-states-on-desktop-Mobile-Safari\error-context.md]]

[[ATTACHMENT|regression-responsive-desi-c820d-lay-hover-states-on-desktop-Mobile-Safari\trace.zip]]
]]>
</system-out>
</testcase>
<testcase name="Responsive Behavior Across Viewports › should display homepage on Mobile (375x667)" classname="regression\responsive-design.spec.ts" time="1.771">
</testcase>
<testcase name="Responsive Behavior Across Viewports › should display homepage on Tablet (768x1024)" classname="regression\responsive-design.spec.ts" time="2.672">
</testcase>
<testcase name="Responsive Behavior Across Viewports › should display homepage on Desktop (1280x720)" classname="regression\responsive-design.spec.ts" time="3.359">
</testcase>
<testcase name="Responsive Behavior Across Viewports › should display services page on Mobile (375x667)" classname="regression\responsive-design.spec.ts" time="8.072">
<failure message="responsive-design.spec.ts:212:9 should display services page on Mobile (375x667)" type="FAILURE">
<![CDATA[  [Mobile Safari] › regression\responsive-design.spec.ts:212:9 › Responsive Behavior Across Viewports › should display services page on Mobile (375x667) 

    Error: expect(locator).toBeVisible() failed

    Locator: getByRole('heading').filter({ hasText: /services/i }).first()
    Expected: visible
    Timeout: 5000ms
    Error: element(s) not found

    Call log:
      - Expect "toBeVisible" with timeout 5000ms
      - waiting for getByRole('heading').filter({ hasText: /services/i }).first()


      217 |       // More flexible heading selector
      218 |       const heading = page.getByRole('heading').filter({ hasText: /services/i }).first();
    > 219 |       await expect(heading).toBeVisible();
          |                             ^
      220 |
      221 |       // No horizontal scroll
      222 |       const bodyWidth = await page.evaluate(() => document.body.scrollWidth);
        at C:\honeybee\e2e\tests\regression\responsive-design.spec.ts:219:29

    attachment #1: screenshot (image/png) ──────────────────────────────────────────────────────────
    ..\..\test-results\regression-responsive-desi-47ea7-ces-page-on-Mobile-375x667--Mobile-Safari\test-failed-1.png
    ────────────────────────────────────────────────────────────────────────────────────────────────

    attachment #2: video (video/webm) ──────────────────────────────────────────────────────────────
    ..\..\test-results\regression-responsive-desi-47ea7-ces-page-on-Mobile-375x667--Mobile-Safari\video.webm
    ────────────────────────────────────────────────────────────────────────────────────────────────

    Error Context: ..\..\test-results\regression-responsive-desi-47ea7-ces-page-on-Mobile-375x667--Mobile-Safari\error-context.md

    attachment #4: trace (application/zip) ─────────────────────────────────────────────────────────
    ..\..\test-results\regression-responsive-desi-47ea7-ces-page-on-Mobile-375x667--Mobile-Safari\trace.zip
    Usage:

        npx playwright show-trace ..\..\test-results\regression-responsive-desi-47ea7-ces-page-on-Mobile-375x667--Mobile-Safari\trace.zip

    ────────────────────────────────────────────────────────────────────────────────────────────────
]]>
</failure>
<system-out>
<![CDATA[
[[ATTACHMENT|regression-responsive-desi-47ea7-ces-page-on-Mobile-375x667--Mobile-Safari\test-failed-1.png]]

[[ATTACHMENT|regression-responsive-desi-47ea7-ces-page-on-Mobile-375x667--Mobile-Safari\video.webm]]

[[ATTACHMENT|regression-responsive-desi-47ea7-ces-page-on-Mobile-375x667--Mobile-Safari\error-context.md]]

[[ATTACHMENT|regression-responsive-desi-47ea7-ces-page-on-Mobile-375x667--Mobile-Safari\trace.zip]]
]]>
</system-out>
</testcase>
<testcase name="Responsive Behavior Across Viewports › should display services page on Tablet (768x1024)" classname="regression\responsive-design.spec.ts" time="8.48">
<failure message="responsive-design.spec.ts:212:9 should display services page on Tablet (768x1024)" type="FAILURE">
<![CDATA[  [Mobile Safari] › regression\responsive-design.spec.ts:212:9 › Responsive Behavior Across Viewports › should display services page on Tablet (768x1024) 

    Error: expect(locator).toBeVisible() failed

    Locator: getByRole('heading').filter({ hasText: /services/i }).first()
    Expected: visible
    Timeout: 5000ms
    Error: element(s) not found

    Call log:
      - Expect "toBeVisible" with timeout 5000ms
      - waiting for getByRole('heading').filter({ hasText: /services/i }).first()


      217 |       // More flexible heading selector
      218 |       const heading = page.getByRole('heading').filter({ hasText: /services/i }).first();
    > 219 |       await expect(heading).toBeVisible();
          |                             ^
      220 |
      221 |       // No horizontal scroll
      222 |       const bodyWidth = await page.evaluate(() => document.body.scrollWidth);
        at C:\honeybee\e2e\tests\regression\responsive-design.spec.ts:219:29

    attachment #1: screenshot (image/png) ──────────────────────────────────────────────────────────
    ..\..\test-results\regression-responsive-desi-63cef-es-page-on-Tablet-768x1024--Mobile-Safari\test-failed-1.png
    ────────────────────────────────────────────────────────────────────────────────────────────────

    attachment #2: video (video/webm) ──────────────────────────────────────────────────────────────
    ..\..\test-results\regression-responsive-desi-63cef-es-page-on-Tablet-768x1024--Mobile-Safari\video.webm
    ────────────────────────────────────────────────────────────────────────────────────────────────

    Error Context: ..\..\test-results\regression-responsive-desi-63cef-es-page-on-Tablet-768x1024--Mobile-Safari\error-context.md

    attachment #4: trace (application/zip) ─────────────────────────────────────────────────────────
    ..\..\test-results\regression-responsive-desi-63cef-es-page-on-Tablet-768x1024--Mobile-Safari\trace.zip
    Usage:

        npx playwright show-trace ..\..\test-results\regression-responsive-desi-63cef-es-page-on-Tablet-768x1024--Mobile-Safari\trace.zip

    ────────────────────────────────────────────────────────────────────────────────────────────────
]]>
</failure>
<system-out>
<![CDATA[
[[ATTACHMENT|regression-responsive-desi-63cef-es-page-on-Tablet-768x1024--Mobile-Safari\test-failed-1.png]]

[[ATTACHMENT|regression-responsive-desi-63cef-es-page-on-Tablet-768x1024--Mobile-Safari\video.webm]]

[[ATTACHMENT|regression-responsive-desi-63cef-es-page-on-Tablet-768x1024--Mobile-Safari\error-context.md]]

[[ATTACHMENT|regression-responsive-desi-63cef-es-page-on-Tablet-768x1024--Mobile-Safari\trace.zip]]
]]>
</system-out>
</testcase>
<testcase name="Responsive Behavior Across Viewports › should display services page on Desktop (1280x720)" classname="regression\responsive-design.spec.ts" time="8.544">
<failure message="responsive-design.spec.ts:212:9 should display services page on Desktop (1280x720)" type="FAILURE">
<![CDATA[  [Mobile Safari] › regression\responsive-design.spec.ts:212:9 › Responsive Behavior Across Viewports › should display services page on Desktop (1280x720) 

    Error: expect(locator).toBeVisible() failed

    Locator: getByRole('heading').filter({ hasText: /services/i }).first()
    Expected: visible
    Timeout: 5000ms
    Error: element(s) not found

    Call log:
      - Expect "toBeVisible" with timeout 5000ms
      - waiting for getByRole('heading').filter({ hasText: /services/i }).first()


      217 |       // More flexible heading selector
      218 |       const heading = page.getByRole('heading').filter({ hasText: /services/i }).first();
    > 219 |       await expect(heading).toBeVisible();
          |                             ^
      220 |
      221 |       // No horizontal scroll
      222 |       const bodyWidth = await page.evaluate(() => document.body.scrollWidth);
        at C:\honeybee\e2e\tests\regression\responsive-design.spec.ts:219:29

    attachment #1: screenshot (image/png) ──────────────────────────────────────────────────────────
    ..\..\test-results\regression-responsive-desi-2d790-s-page-on-Desktop-1280x720--Mobile-Safari\test-failed-1.png
    ────────────────────────────────────────────────────────────────────────────────────────────────

    attachment #2: video (video/webm) ──────────────────────────────────────────────────────────────
    ..\..\test-results\regression-responsive-desi-2d790-s-page-on-Desktop-1280x720--Mobile-Safari\video.webm
    ────────────────────────────────────────────────────────────────────────────────────────────────

    Error Context: ..\..\test-results\regression-responsive-desi-2d790-s-page-on-Desktop-1280x720--Mobile-Safari\error-context.md

    attachment #4: trace (application/zip) ─────────────────────────────────────────────────────────
    ..\..\test-results\regression-responsive-desi-2d790-s-page-on-Desktop-1280x720--Mobile-Safari\trace.zip
    Usage:

        npx playwright show-trace ..\..\test-results\regression-responsive-desi-2d790-s-page-on-Desktop-1280x720--Mobile-Safari\trace.zip

    ────────────────────────────────────────────────────────────────────────────────────────────────
]]>
</failure>
<system-out>
<![CDATA[
[[ATTACHMENT|regression-responsive-desi-2d790-s-page-on-Desktop-1280x720--Mobile-Safari\test-failed-1.png]]

[[ATTACHMENT|regression-responsive-desi-2d790-s-page-on-Desktop-1280x720--Mobile-Safari\video.webm]]

[[ATTACHMENT|regression-responsive-desi-2d790-s-page-on-Desktop-1280x720--Mobile-Safari\error-context.md]]

[[ATTACHMENT|regression-responsive-desi-2d790-s-page-on-Desktop-1280x720--Mobile-Safari\trace.zip]]
]]>
</system-out>
</testcase>
<testcase name="Responsive Behavior Across Viewports › should display history page on Mobile (375x667)" classname="regression\responsive-design.spec.ts" time="4.175">
<failure message="responsive-design.spec.ts:228:9 should display history page on Mobile (375x667)" type="FAILURE">
<![CDATA[  [Mobile Safari] › regression\responsive-design.spec.ts:228:9 › Responsive Behavior Across Viewports › should display history page on Mobile (375x667) 

    Error: expect(received).toBeLessThanOrEqual(expected)

    Expected: <= 395
    Received:    409

      240 |       const bodyWidth = await page.evaluate(() => document.body.scrollWidth);
      241 |       // More permissive allowance for WebKit rendering
    > 242 |       expect(bodyWidth).toBeLessThanOrEqual(viewport.width + 20);
          |                         ^
      243 |     });
      244 |   }
      245 | });
        at C:\honeybee\e2e\tests\regression\responsive-design.spec.ts:242:25

    attachment #1: screenshot (image/png) ──────────────────────────────────────────────────────────
    ..\..\test-results\regression-responsive-desi-ce9f9-ory-page-on-Mobile-375x667--Mobile-Safari\test-failed-1.png
    ────────────────────────────────────────────────────────────────────────────────────────────────

    attachment #2: video (video/webm) ──────────────────────────────────────────────────────────────
    ..\..\test-results\regression-responsive-desi-ce9f9-ory-page-on-Mobile-375x667--Mobile-Safari\video.webm
    ────────────────────────────────────────────────────────────────────────────────────────────────

    Error Context: ..\..\test-results\regression-responsive-desi-ce9f9-ory-page-on-Mobile-375x667--Mobile-Safari\error-context.md

    attachment #4: trace (application/zip) ─────────────────────────────────────────────────────────
    ..\..\test-results\regression-responsive-desi-ce9f9-ory-page-on-Mobile-375x667--Mobile-Safari\trace.zip
    Usage:

        npx playwright show-trace ..\..\test-results\regression-responsive-desi-ce9f9-ory-page-on-Mobile-375x667--Mobile-Safari\trace.zip

    ────────────────────────────────────────────────────────────────────────────────────────────────
]]>
</failure>
<system-out>
<![CDATA[
[[ATTACHMENT|regression-responsive-desi-ce9f9-ory-page-on-Mobile-375x667--Mobile-Safari\test-failed-1.png]]

[[ATTACHMENT|regression-responsive-desi-ce9f9-ory-page-on-Mobile-375x667--Mobile-Safari\video.webm]]

[[ATTACHMENT|regression-responsive-desi-ce9f9-ory-page-on-Mobile-375x667--Mobile-Safari\error-context.md]]

[[ATTACHMENT|regression-responsive-desi-ce9f9-ory-page-on-Mobile-375x667--Mobile-Safari\trace.zip]]
]]>
</system-out>
</testcase>
<testcase name="Responsive Behavior Across Viewports › should display history page on Tablet (768x1024)" classname="regression\responsive-design.spec.ts" time="5.431">
<failure message="responsive-design.spec.ts:228:9 should display history page on Tablet (768x1024)" type="FAILURE">
<![CDATA[  [Mobile Safari] › regression\responsive-design.spec.ts:228:9 › Responsive Behavior Across Viewports › should display history page on Tablet (768x1024) 

    Error: expect(received).toBeLessThanOrEqual(expected)

    Expected: <= 788
    Received:    794

      240 |       const bodyWidth = await page.evaluate(() => document.body.scrollWidth);
      241 |       // More permissive allowance for WebKit rendering
    > 242 |       expect(bodyWidth).toBeLessThanOrEqual(viewport.width + 20);
          |                         ^
      243 |     });
      244 |   }
      245 | });
        at C:\honeybee\e2e\tests\regression\responsive-design.spec.ts:242:25

    attachment #1: screenshot (image/png) ──────────────────────────────────────────────────────────
    ..\..\test-results\regression-responsive-desi-6288e-ry-page-on-Tablet-768x1024--Mobile-Safari\test-failed-1.png
    ────────────────────────────────────────────────────────────────────────────────────────────────

    attachment #2: video (video/webm) ──────────────────────────────────────────────────────────────
    ..\..\test-results\regression-responsive-desi-6288e-ry-page-on-Tablet-768x1024--Mobile-Safari\video.webm
    ────────────────────────────────────────────────────────────────────────────────────────────────

    Error Context: ..\..\test-results\regression-responsive-desi-6288e-ry-page-on-Tablet-768x1024--Mobile-Safari\error-context.md

    attachment #4: trace (application/zip) ─────────────────────────────────────────────────────────
    ..\..\test-results\regression-responsive-desi-6288e-ry-page-on-Tablet-768x1024--Mobile-Safari\trace.zip
    Usage:

        npx playwright show-trace ..\..\test-results\regression-responsive-desi-6288e-ry-page-on-Tablet-768x1024--Mobile-Safari\trace.zip

    ────────────────────────────────────────────────────────────────────────────────────────────────
]]>
</failure>
<system-out>
<![CDATA[
[[ATTACHMENT|regression-responsive-desi-6288e-ry-page-on-Tablet-768x1024--Mobile-Safari\test-failed-1.png]]

[[ATTACHMENT|regression-responsive-desi-6288e-ry-page-on-Tablet-768x1024--Mobile-Safari\video.webm]]

[[ATTACHMENT|regression-responsive-desi-6288e-ry-page-on-Tablet-768x1024--Mobile-Safari\error-context.md]]

[[ATTACHMENT|regression-responsive-desi-6288e-ry-page-on-Tablet-768x1024--Mobile-Safari\trace.zip]]
]]>
</system-out>
</testcase>
<testcase name="Responsive Behavior Across Viewports › should display history page on Desktop (1280x720)" classname="regression\responsive-design.spec.ts" time="5.283">
</testcase>
<testcase name="Landscape Orientation › should display in landscape on mobile" classname="regression\responsive-design.spec.ts" time="1.345">
</testcase>
<testcase name="Landscape Orientation › should display in landscape on tablet" classname="regression\responsive-design.spec.ts" time="1.488">
</testcase>
</testsuite>
<testsuite name="smoke\faq.spec.ts" timestamp="2026-01-09T18:05:05.506Z" hostname="Mobile Safari" tests="13" failures="0" skipped="0" time="101.099" errors="0">
<testcase name="FAQ Assistant › should display FAQ section" classname="smoke\faq.spec.ts" time="5.768">
</testcase>
<testcase name="FAQ Assistant › should display search input" classname="smoke\faq.spec.ts" time="6.014">
</testcase>
<testcase name="FAQ Assistant › should display suggested questions" classname="smoke\faq.spec.ts" time="6.057">
</testcase>
<testcase name="FAQ Assistant › should display category filters" classname="smoke\faq.spec.ts" time="6.383">
</testcase>
<testcase name="FAQ Assistant › should display FAQ accordion items" classname="smoke\faq.spec.ts" time="6.396">
</testcase>
<testcase name="FAQ Assistant › should expand FAQ item when clicked" classname="smoke\faq.spec.ts" time="9.696">
</testcase>
<testcase name="FAQ Assistant › should display chat interface" classname="smoke\faq.spec.ts" time="7.331">
</testcase>
<testcase name="FAQ Assistant › should send question via chat interface" classname="smoke\faq.spec.ts" time="8.697">
</testcase>
<testcase name="FAQ Assistant › should send question via suggested question button" classname="smoke\faq.spec.ts" time="9.914">
</testcase>
<testcase name="FAQ Assistant › should filter FAQs by category" classname="smoke\faq.spec.ts" time="8.648">
</testcase>
<testcase name="FAQ Assistant › should search FAQs" classname="smoke\faq.spec.ts" time="8.03">
</testcase>
<testcase name="FAQ Assistant › should clear search" classname="smoke\faq.spec.ts" time="8.592">
</testcase>
<testcase name="FAQ Assistant › should display typing indicator" classname="smoke\faq.spec.ts" time="9.573">
</testcase>
</testsuite>
<testsuite name="smoke\homepage.spec.ts" timestamp="2026-01-09T18:05:05.506Z" hostname="Mobile Safari" tests="10" failures="2" skipped="0" time="38.474" errors="0">
<testcase name="Homepage - Smoke Tests › should load homepage successfully" classname="smoke\homepage.spec.ts" time="1.56">
</testcase>
<testcase name="Homepage - Smoke Tests › should render hero section" classname="smoke\homepage.spec.ts" time="2.173">
</testcase>
<testcase name="Homepage - Smoke Tests › should have no console errors" classname="smoke\homepage.spec.ts" time="7.227">
<failure message="homepage.spec.ts:35:7 should have no console errors" type="FAILURE">
<![CDATA[  [Mobile Safari] › smoke\homepage.spec.ts:35:7 › Homepage - Smoke Tests › should have no console errors 

    Error: expect(received).toBe(expected) // Object.is equality

    Expected: 0
    Received: 378

      43 |     // Check for console errors
      44 |     const errors = consoleMonitor.getErrors();
    > 45 |     expect(errors.length).toBe(0);
         |                           ^
      46 |   });
      47 |
      48 |   test('should have no failed network requests', async ({ page }) => {
        at C:\honeybee\e2e\tests\smoke\homepage.spec.ts:45:27

    attachment #1: screenshot (image/png) ──────────────────────────────────────────────────────────
    ..\..\test-results\smoke-homepage-Homepage----52a26-ould-have-no-console-errors-Mobile-Safari\test-failed-1.png
    ────────────────────────────────────────────────────────────────────────────────────────────────

    attachment #2: video (video/webm) ──────────────────────────────────────────────────────────────
    ..\..\test-results\smoke-homepage-Homepage----52a26-ould-have-no-console-errors-Mobile-Safari\video.webm
    ────────────────────────────────────────────────────────────────────────────────────────────────

    Error Context: ..\..\test-results\smoke-homepage-Homepage----52a26-ould-have-no-console-errors-Mobile-Safari\error-context.md

    attachment #4: trace (application/zip) ─────────────────────────────────────────────────────────
    ..\..\test-results\smoke-homepage-Homepage----52a26-ould-have-no-console-errors-Mobile-Safari\trace.zip
    Usage:

        npx playwright show-trace ..\..\test-results\smoke-homepage-Homepage----52a26-ould-have-no-console-errors-Mobile-Safari\trace.zip

    ────────────────────────────────────────────────────────────────────────────────────────────────
]]>
</failure>
<system-out>
<![CDATA[
[[ATTACHMENT|smoke-homepage-Homepage----52a26-ould-have-no-console-errors-Mobile-Safari\test-failed-1.png]]

[[ATTACHMENT|smoke-homepage-Homepage----52a26-ould-have-no-console-errors-Mobile-Safari\video.webm]]

[[ATTACHMENT|smoke-homepage-Homepage----52a26-ould-have-no-console-errors-Mobile-Safari\error-context.md]]

[[ATTACHMENT|smoke-homepage-Homepage----52a26-ould-have-no-console-errors-Mobile-Safari\trace.zip]]
]]>
</system-out>
</testcase>
<testcase name="Homepage - Smoke Tests › should have no failed network requests" classname="smoke\homepage.spec.ts" time="3.108">
</testcase>
<testcase name="Homepage - Smoke Tests › should display contact section" classname="smoke\homepage.spec.ts" time="7.841">
</testcase>
<testcase name="Homepage - Smoke Tests › should have working navigation links" classname="smoke\homepage.spec.ts" time="8.501">
<failure message="homepage.spec.ts:72:7 should have working navigation links" type="FAILURE">
<![CDATA[  [Mobile Safari] › smoke\homepage.spec.ts:72:7 › Homepage - Smoke Tests › should have working navigation links 

    Error: expect(locator).toBeVisible() failed

    Locator:  getByTestId('main-navigation')
    Expected: visible
    Received: hidden
    Timeout:  5000ms

    Call log:
      - Expect "toBeVisible" with timeout 5000ms
      - waiting for getByTestId('main-navigation')
        4 × locator resolved to <nav aria-label="Main navigation" data-testid="main-navigation" class="hidden md:flex items-center space-x-8">…</nav>
          - unexpected value "hidden"


      75 |     // Check that navigation exists
      76 |     const nav = page.getByTestId('main-navigation');
    > 77 |     await expect(nav).toBeVisible();
         |                       ^
      78 |
      79 |     // Check for home link in main navigation (not footer)
      80 |     const homeLink = nav.getByRole('link', { name: 'Home' });
        at C:\honeybee\e2e\tests\smoke\homepage.spec.ts:77:23

    attachment #1: screenshot (image/png) ──────────────────────────────────────────────────────────
    ..\..\test-results\smoke-homepage-Homepage----3e6e2-ve-working-navigation-links-Mobile-Safari\test-failed-1.png
    ────────────────────────────────────────────────────────────────────────────────────────────────

    attachment #2: video (video/webm) ──────────────────────────────────────────────────────────────
    ..\..\test-results\smoke-homepage-Homepage----3e6e2-ve-working-navigation-links-Mobile-Safari\video.webm
    ────────────────────────────────────────────────────────────────────────────────────────────────

    Error Context: ..\..\test-results\smoke-homepage-Homepage----3e6e2-ve-working-navigation-links-Mobile-Safari\error-context.md

    attachment #4: trace (application/zip) ─────────────────────────────────────────────────────────
    ..\..\test-results\smoke-homepage-Homepage----3e6e2-ve-working-navigation-links-Mobile-Safari\trace.zip
    Usage:

        npx playwright show-trace ..\..\test-results\smoke-homepage-Homepage----3e6e2-ve-working-navigation-links-Mobile-Safari\trace.zip

    ────────────────────────────────────────────────────────────────────────────────────────────────
]]>
</failure>
<system-out>
<![CDATA[
[[ATTACHMENT|smoke-homepage-Homepage----3e6e2-ve-working-navigation-links-Mobile-Safari\test-failed-1.png]]

[[ATTACHMENT|smoke-homepage-Homepage----3e6e2-ve-working-navigation-links-Mobile-Safari\video.webm]]

[[ATTACHMENT|smoke-homepage-Homepage----3e6e2-ve-working-navigation-links-Mobile-Safari\error-context.md]]

[[ATTACHMENT|smoke-homepage-Homepage----3e6e2-ve-working-navigation-links-Mobile-Safari\trace.zip]]
]]>
</system-out>
</testcase>
<testcase name="Homepage - Smoke Tests › should load all images without errors" classname="smoke\homepage.spec.ts" time="3.74">
</testcase>
<testcase name="Homepage - Smoke Tests › should have proper viewport dimensions" classname="smoke\homepage.spec.ts" time="1.16">
</testcase>
<testcase name="Homepage - Smoke Tests › should respond with 200 status code" classname="smoke\homepage.spec.ts" time="0.214">
</testcase>
<testcase name="Homepage - Smoke Tests › should load within reasonable time" classname="smoke\homepage.spec.ts" time="2.95">
</testcase>
</testsuite>
<testsuite name="accessibility\accessibility.spec.ts" timestamp="2026-01-09T18:05:05.506Z" hostname="Tablet" tests="19" failures="8" skipped="0" time="228.408" errors="0">
<testcase name="Accessibility - Homepage › should not have any critical or serious accessibility issues" classname="accessibility\accessibility.spec.ts" time="4.359">
<failure message="accessibility.spec.ts:19:7 should not have any critical or serious accessibility issues" type="FAILURE">
<![CDATA[  [Tablet] › accessibility\accessibility.spec.ts:19:7 › Accessibility - Homepage › should not have any critical or serious accessibility issues 

    Error: expect(received).toEqual(expected) // deep equality

    - Expected  -  1
    + Received  + 84

    - Array []
    + Array [
    +   Object {
    +     "description": "Ensure links have discernible text",
    +     "help": "Links must have discernible text",
    +     "helpUrl": "https://dequeuniversity.com/rules/axe/4.11/link-name?application=playwright",
    +     "id": "link-name",
    +     "impact": "serious",
    +     "nodes": Array [
    +       Object {
    +         "all": Array [],
    +         "any": Array [
    +           Object {
    +             "data": null,
    +             "id": "has-visible-text",
    +             "impact": "serious",
    +             "message": "Element does not have text that is visible to screen readers",
    +             "relatedNodes": Array [],
    +           },
    +           Object {
    +             "data": null,
    +             "id": "aria-label",
    +             "impact": "serious",
    +             "message": "aria-label attribute does not exist or is empty",
    +             "relatedNodes": Array [],
    +           },
    +           Object {
    +             "data": null,
    +             "id": "aria-labelledby",
    +             "impact": "serious",
    +             "message": "aria-labelledby attribute does not exist, references elements that do not exist or references elements that are empty",
    +             "relatedNodes": Array [],
    +           },
    +           Object {
    +             "data": Object {
    +               "messageKey": "noAttr",
    +             },
    +             "id": "non-empty-title",
    +             "impact": "serious",
    +             "message": "Element has no title attribute",
    +             "relatedNodes": Array [],
    +           },
    +         ],
    +         "failureSummary": "Fix all of the following:
    +   Element is in tab order and does not have accessible text
    +
    + Fix any of the following:
    +   Element does not have text that is visible to screen readers
    +   aria-label attribute does not exist or is empty
    +   aria-labelledby attribute does not exist, references elements that do not exist or references elements that are empty
    +   Element has no title attribute",
    +         "html": "<a href=\"https://www.facebook.com/profile.php?id=61559277947065\" target=\"_blank\" rel=\"noopener noreferrer\" class=\"relative group\" tabindex=\"0\">",
    +         "impact": "serious",
    +         "none": Array [
    +           Object {
    +             "data": null,
    +             "id": "focusable-no-name",
    +             "impact": "serious",
    +             "message": "Element is in tab order and does not have accessible text",
    +             "relatedNodes": Array [],
    +           },
    +         ],
    +         "target": Array [
    +           "a[target=\"_blank\"]",
    +         ],
    +       },
    +     ],
    +     "tags": Array [
    +       "cat.name-role-value",
    +       "wcag2a",
    +       "wcag244",
    +       "wcag412",
    +       "section508",
    +       "section508.22.a",
    +       "TTv5",
    +       "TT6.a",
    +       "EN-301-549",
    +       "EN-9.2.4.4",
    +       "EN-9.4.1.2",
    +       "ACT",
    +       "RGAAv4",
    +       "RGAA-6.2.1",
    +     ],
    +   },
    + ]

      25 |
      26 |     const criticalViolations = getCriticalViolations(accessibilityScanResults.violations);
    > 27 |     expect(criticalViolations).toEqual([]);
         |                                ^
      28 |   });
      29 |
      30 |   test('should have no critical or serious accessibility violations in critical areas', async ({ page }) => {
        at C:\honeybee\e2e\tests\accessibility\accessibility.spec.ts:27:32

    attachment #1: screenshot (image/png) ──────────────────────────────────────────────────────────
    ..\..\test-results\accessibility-accessibilit-3b0ed-erious-accessibility-issues-Tablet\test-failed-1.png
    ────────────────────────────────────────────────────────────────────────────────────────────────

    attachment #2: video (video/webm) ──────────────────────────────────────────────────────────────
    ..\..\test-results\accessibility-accessibilit-3b0ed-erious-accessibility-issues-Tablet\video-1.webm
    ────────────────────────────────────────────────────────────────────────────────────────────────

    attachment #3: video (video/webm) ──────────────────────────────────────────────────────────────
    ..\..\test-results\accessibility-accessibilit-3b0ed-erious-accessibility-issues-Tablet\video.webm
    ────────────────────────────────────────────────────────────────────────────────────────────────

    Error Context: ..\..\test-results\accessibility-accessibilit-3b0ed-erious-accessibility-issues-Tablet\error-context.md

    attachment #5: trace (application/zip) ─────────────────────────────────────────────────────────
    ..\..\test-results\accessibility-accessibilit-3b0ed-erious-accessibility-issues-Tablet\trace.zip
    Usage:

        npx playwright show-trace ..\..\test-results\accessibility-accessibilit-3b0ed-erious-accessibility-issues-Tablet\trace.zip

    ────────────────────────────────────────────────────────────────────────────────────────────────
]]>
</failure>
<system-out>
<![CDATA[
[[ATTACHMENT|accessibility-accessibilit-3b0ed-erious-accessibility-issues-Tablet\test-failed-1.png]]

[[ATTACHMENT|accessibility-accessibilit-3b0ed-erious-accessibility-issues-Tablet\video-1.webm]]

[[ATTACHMENT|accessibility-accessibilit-3b0ed-erious-accessibility-issues-Tablet\video.webm]]

[[ATTACHMENT|accessibility-accessibilit-3b0ed-erious-accessibility-issues-Tablet\error-context.md]]

[[ATTACHMENT|accessibility-accessibilit-3b0ed-erious-accessibility-issues-Tablet\trace.zip]]
]]>
</system-out>
</testcase>
<testcase name="Accessibility - Homepage › should have no critical or serious accessibility violations in critical areas" classname="accessibility\accessibility.spec.ts" time="2.987">
</testcase>
<testcase name="Accessibility - Homepage › should have alt text on all images" classname="accessibility\accessibility.spec.ts" time="1.789">
</testcase>
<testcase name="Accessibility - Homepage › should have proper heading hierarchy" classname="accessibility\accessibility.spec.ts" time="17.739">
</testcase>
<testcase name="Accessibility - Homepage › should have focusable elements with visible focus styles" classname="accessibility\accessibility.spec.ts" time="45.562">
<failure message="accessibility.spec.ts:76:7 should have focusable elements with visible focus styles" type="FAILURE">
<![CDATA[  [Tablet] › accessibility\accessibility.spec.ts:76:7 › Accessibility - Homepage › should have focusable elements with visible focus styles 

    Test timeout of 30000ms exceeded.

    Error: locator.evaluate: Test timeout of 30000ms exceeded.
    Call log:
      - waiting for locator('a[href], button:not([disabled]), input:not([disabled]), select:not([disabled]), textarea:not([disabled]), [tabindex]:not([tabindex="-1"])').nth(74)


      88 |       if (isVisible) {
      89 |         await element.focus();
    > 90 |         const isFocused = await element.evaluate((el) => document.activeElement === el);
         |                                         ^
      91 |         if (isFocused) {
      92 |           visibleElements.push(element);
      93 |         }
        at C:\honeybee\e2e\tests\accessibility\accessibility.spec.ts:90:41

    attachment #1: screenshot (image/png) ──────────────────────────────────────────────────────────
    ..\..\test-results\accessibility-accessibilit-b224a-s-with-visible-focus-styles-Tablet\test-failed-1.png
    ────────────────────────────────────────────────────────────────────────────────────────────────

    attachment #2: video (video/webm) ──────────────────────────────────────────────────────────────
    ..\..\test-results\accessibility-accessibilit-b224a-s-with-visible-focus-styles-Tablet\video.webm
    ────────────────────────────────────────────────────────────────────────────────────────────────

    Error Context: ..\..\test-results\accessibility-accessibilit-b224a-s-with-visible-focus-styles-Tablet\error-context.md

    attachment #4: trace (application/zip) ─────────────────────────────────────────────────────────
    ..\..\test-results\accessibility-accessibilit-b224a-s-with-visible-focus-styles-Tablet\trace.zip
    Usage:

        npx playwright show-trace ..\..\test-results\accessibility-accessibilit-b224a-s-with-visible-focus-styles-Tablet\trace.zip

    ────────────────────────────────────────────────────────────────────────────────────────────────
]]>
</failure>
<system-out>
<![CDATA[
[[ATTACHMENT|accessibility-accessibilit-b224a-s-with-visible-focus-styles-Tablet\test-failed-1.png]]

[[ATTACHMENT|accessibility-accessibilit-b224a-s-with-visible-focus-styles-Tablet\video.webm]]

[[ATTACHMENT|accessibility-accessibilit-b224a-s-with-visible-focus-styles-Tablet\error-context.md]]

[[ATTACHMENT|accessibility-accessibilit-b224a-s-with-visible-focus-styles-Tablet\trace.zip]]
]]>
</system-out>
</testcase>
<testcase name="Accessibility - Services Page › should not have any critical or serious accessibility issues" classname="accessibility\accessibility.spec.ts" time="12.276">
<failure message="accessibility.spec.ts:103:7 should not have any critical or serious accessibility issues" type="FAILURE">
<![CDATA[  [Tablet] › accessibility\accessibility.spec.ts:103:7 › Accessibility - Services Page › should not have any critical or serious accessibility issues 

    Error: expect(received).toEqual(expected) // deep equality

    - Expected  -  1
    + Received  + 45

    - Array []
    + Array [
    +   Object {
    +     "description": "Ensure every HTML document has a lang attribute",
    +     "help": "<html> element must have a lang attribute",
    +     "helpUrl": "https://dequeuniversity.com/rules/axe/4.11/html-has-lang?application=playwright",
    +     "id": "html-has-lang",
    +     "impact": "serious",
    +     "nodes": Array [
    +       Object {
    +         "all": Array [],
    +         "any": Array [
    +           Object {
    +             "data": Object {
    +               "messageKey": "noLang",
    +             },
    +             "id": "has-lang",
    +             "impact": "serious",
    +             "message": "The <html> element does not have a lang attribute",
    +             "relatedNodes": Array [],
    +           },
    +         ],
    +         "failureSummary": "Fix any of the following:
    +   The <html> element does not have a lang attribute",
    +         "html": "<html id=\"__next_error__\">",
    +         "impact": "serious",
    +         "none": Array [],
    +         "target": Array [
    +           "#__next_error__",
    +         ],
    +       },
    +     ],
    +     "tags": Array [
    +       "cat.language",
    +       "wcag2a",
    +       "wcag311",
    +       "TTv5",
    +       "TT11.a",
    +       "EN-301-549",
    +       "EN-9.3.1.1",
    +       "ACT",
    +       "RGAAv4",
    +       "RGAA-8.3.1",
    +     ],
    +   },
    + ]

      109 |
      110 |     const criticalViolations = getCriticalViolations(accessibilityScanResults.violations);
    > 111 |     expect(criticalViolations).toEqual([]);
          |                                ^
      112 |   });
      113 |
      114 |   test('should have alt text on all images', async ({ page }) => {
        at C:\honeybee\e2e\tests\accessibility\accessibility.spec.ts:111:32

    attachment #1: screenshot (image/png) ──────────────────────────────────────────────────────────
    ..\..\test-results\accessibility-accessibilit-1a0d9-erious-accessibility-issues-Tablet\test-failed-1.png
    ────────────────────────────────────────────────────────────────────────────────────────────────

    attachment #2: video (video/webm) ──────────────────────────────────────────────────────────────
    ..\..\test-results\accessibility-accessibilit-1a0d9-erious-accessibility-issues-Tablet\video.webm
    ────────────────────────────────────────────────────────────────────────────────────────────────

    attachment #3: video (video/webm) ──────────────────────────────────────────────────────────────
    ..\..\test-results\accessibility-accessibilit-1a0d9-erious-accessibility-issues-Tablet\video-1.webm
    ────────────────────────────────────────────────────────────────────────────────────────────────

    Error Context: ..\..\test-results\accessibility-accessibilit-1a0d9-erious-accessibility-issues-Tablet\error-context.md

    attachment #5: trace (application/zip) ─────────────────────────────────────────────────────────
    ..\..\test-results\accessibility-accessibilit-1a0d9-erious-accessibility-issues-Tablet\trace.zip
    Usage:

        npx playwright show-trace ..\..\test-results\accessibility-accessibilit-1a0d9-erious-accessibility-issues-Tablet\trace.zip

    ────────────────────────────────────────────────────────────────────────────────────────────────
]]>
</failure>
<system-out>
<![CDATA[
[[ATTACHMENT|accessibility-accessibilit-1a0d9-erious-accessibility-issues-Tablet\test-failed-1.png]]

[[ATTACHMENT|accessibility-accessibilit-1a0d9-erious-accessibility-issues-Tablet\video.webm]]

[[ATTACHMENT|accessibility-accessibilit-1a0d9-erious-accessibility-issues-Tablet\video-1.webm]]

[[ATTACHMENT|accessibility-accessibilit-1a0d9-erious-accessibility-issues-Tablet\error-context.md]]

[[ATTACHMENT|accessibility-accessibilit-1a0d9-erious-accessibility-issues-Tablet\trace.zip]]
]]>
</system-out>
</testcase>
<testcase name="Accessibility - Services Page › should have alt text on all images" classname="accessibility\accessibility.spec.ts" time="1.253">
</testcase>
<testcase name="Accessibility - Services Page › should have descriptive link text" classname="accessibility\accessibility.spec.ts" time="35.246">
<failure message="accessibility.spec.ts:125:7 should have descriptive link text" type="FAILURE">
<![CDATA[  [Tablet] › accessibility\accessibility.spec.ts:125:7 › Accessibility - Services Page › should have descriptive link text 

    Test timeout of 30000ms exceeded.

    Error: locator.textContent: Test timeout of 30000ms exceeded.
    Call log:
      - waiting for locator('a[href]').nth(5)


      131 |     for (let i = 0; i < count; i++) {
      132 |       const link = links.nth(i);
    > 133 |       const text = await link.textContent();
          |                               ^
      134 |       const ariaLabel = await link.getAttribute('aria-label');
      135 |
      136 |       // Links should have either text or aria-label
        at C:\honeybee\e2e\tests\accessibility\accessibility.spec.ts:133:31

    attachment #1: screenshot (image/png) ──────────────────────────────────────────────────────────
    ..\..\test-results\accessibility-accessibilit-3e37a--have-descriptive-link-text-Tablet\test-failed-1.png
    ────────────────────────────────────────────────────────────────────────────────────────────────

    attachment #2: video (video/webm) ──────────────────────────────────────────────────────────────
    ..\..\test-results\accessibility-accessibilit-3e37a--have-descriptive-link-text-Tablet\video.webm
    ────────────────────────────────────────────────────────────────────────────────────────────────

    Error Context: ..\..\test-results\accessibility-accessibilit-3e37a--have-descriptive-link-text-Tablet\error-context.md

    attachment #4: trace (application/zip) ─────────────────────────────────────────────────────────
    ..\..\test-results\accessibility-accessibilit-3e37a--have-descriptive-link-text-Tablet\trace.zip
    Usage:

        npx playwright show-trace ..\..\test-results\accessibility-accessibilit-3e37a--have-descriptive-link-text-Tablet\trace.zip

    ────────────────────────────────────────────────────────────────────────────────────────────────
]]>
</failure>
<system-out>
<![CDATA[
[[ATTACHMENT|accessibility-accessibilit-3e37a--have-descriptive-link-text-Tablet\test-failed-1.png]]

[[ATTACHMENT|accessibility-accessibilit-3e37a--have-descriptive-link-text-Tablet\video.webm]]

[[ATTACHMENT|accessibility-accessibilit-3e37a--have-descriptive-link-text-Tablet\error-context.md]]

[[ATTACHMENT|accessibility-accessibilit-3e37a--have-descriptive-link-text-Tablet\trace.zip]]
]]>
</system-out>
</testcase>
<testcase name="Accessibility - History Page › should not have any critical or serious accessibility issues" classname="accessibility\accessibility.spec.ts" time="14.672">
<failure message="accessibility.spec.ts:143:7 should not have any critical or serious accessibility issues" type="FAILURE">
<![CDATA[  [Tablet] › accessibility\accessibility.spec.ts:143:7 › Accessibility - History Page › should not have any critical or serious accessibility issues 

    Error: expect(received).toEqual(expected) // deep equality

    - Expected  -  1
    + Received  + 84

    - Array []
    + Array [
    +   Object {
    +     "description": "Ensure links have discernible text",
    +     "help": "Links must have discernible text",
    +     "helpUrl": "https://dequeuniversity.com/rules/axe/4.11/link-name?application=playwright",
    +     "id": "link-name",
    +     "impact": "serious",
    +     "nodes": Array [
    +       Object {
    +         "all": Array [],
    +         "any": Array [
    +           Object {
    +             "data": null,
    +             "id": "has-visible-text",
    +             "impact": "serious",
    +             "message": "Element does not have text that is visible to screen readers",
    +             "relatedNodes": Array [],
    +           },
    +           Object {
    +             "data": null,
    +             "id": "aria-label",
    +             "impact": "serious",
    +             "message": "aria-label attribute does not exist or is empty",
    +             "relatedNodes": Array [],
    +           },
    +           Object {
    +             "data": null,
    +             "id": "aria-labelledby",
    +             "impact": "serious",
    +             "message": "aria-labelledby attribute does not exist, references elements that do not exist or references elements that are empty",
    +             "relatedNodes": Array [],
    +           },
    +           Object {
    +             "data": Object {
    +               "messageKey": "noAttr",
    +             },
    +             "id": "non-empty-title",
    +             "impact": "serious",
    +             "message": "Element has no title attribute",
    +             "relatedNodes": Array [],
    +           },
    +         ],
    +         "failureSummary": "Fix all of the following:
    +   Element is in tab order and does not have accessible text
    +
    + Fix any of the following:
    +   Element does not have text that is visible to screen readers
    +   aria-label attribute does not exist or is empty
    +   aria-labelledby attribute does not exist, references elements that do not exist or references elements that are empty
    +   Element has no title attribute",
    +         "html": "<a href=\"https://www.facebook.com/profile.php?id=61559277947065\" target=\"_blank\" rel=\"noopener noreferrer\" class=\"relative group\" tabindex=\"0\">",
    +         "impact": "serious",
    +         "none": Array [
    +           Object {
    +             "data": null,
    +             "id": "focusable-no-name",
    +             "impact": "serious",
    +             "message": "Element is in tab order and does not have accessible text",
    +             "relatedNodes": Array [],
    +           },
    +         ],
    +         "target": Array [
    +           "a[target=\"_blank\"]",
    +         ],
    +       },
    +     ],
    +     "tags": Array [
    +       "cat.name-role-value",
    +       "wcag2a",
    +       "wcag244",
    +       "wcag412",
    +       "section508",
    +       "section508.22.a",
    +       "TTv5",
    +       "TT6.a",
    +       "EN-301-549",
    +       "EN-9.2.4.4",
    +       "EN-9.4.1.2",
    +       "ACT",
    +       "RGAAv4",
    +       "RGAA-6.2.1",
    +     ],
    +   },
    + ]

      149 |
      150 |     const criticalViolations = getCriticalViolations(accessibilityScanResults.violations);
    > 151 |     expect(criticalViolations).toEqual([]);
          |                                ^
      152 |   });
      153 |
      154 |   test('should have alt text on all images', async ({ page }) => {
        at C:\honeybee\e2e\tests\accessibility\accessibility.spec.ts:151:32

    attachment #1: screenshot (image/png) ──────────────────────────────────────────────────────────
    ..\..\test-results\accessibility-accessibilit-dd026-erious-accessibility-issues-Tablet\test-failed-1.png
    ────────────────────────────────────────────────────────────────────────────────────────────────

    attachment #2: video (video/webm) ──────────────────────────────────────────────────────────────
    ..\..\test-results\accessibility-accessibilit-dd026-erious-accessibility-issues-Tablet\video.webm
    ────────────────────────────────────────────────────────────────────────────────────────────────

    attachment #3: video (video/webm) ──────────────────────────────────────────────────────────────
    ..\..\test-results\accessibility-accessibilit-dd026-erious-accessibility-issues-Tablet\video-1.webm
    ────────────────────────────────────────────────────────────────────────────────────────────────

    Error Context: ..\..\test-results\accessibility-accessibilit-dd026-erious-accessibility-issues-Tablet\error-context.md

    attachment #5: trace (application/zip) ─────────────────────────────────────────────────────────
    ..\..\test-results\accessibility-accessibilit-dd026-erious-accessibility-issues-Tablet\trace.zip
    Usage:

        npx playwright show-trace ..\..\test-results\accessibility-accessibilit-dd026-erious-accessibility-issues-Tablet\trace.zip

    ────────────────────────────────────────────────────────────────────────────────────────────────
]]>
</failure>
<system-out>
<![CDATA[
[[ATTACHMENT|accessibility-accessibilit-dd026-erious-accessibility-issues-Tablet\test-failed-1.png]]

[[ATTACHMENT|accessibility-accessibilit-dd026-erious-accessibility-issues-Tablet\video.webm]]

[[ATTACHMENT|accessibility-accessibilit-dd026-erious-accessibility-issues-Tablet\video-1.webm]]

[[ATTACHMENT|accessibility-accessibilit-dd026-erious-accessibility-issues-Tablet\error-context.md]]

[[ATTACHMENT|accessibility-accessibilit-dd026-erious-accessibility-issues-Tablet\trace.zip]]
]]>
</system-out>
</testcase>
<testcase name="Accessibility - History Page › should have alt text on all images" classname="accessibility\accessibility.spec.ts" time="2.004">
</testcase>
<testcase name="Accessibility - History Page › should have proper landmarks" classname="accessibility\accessibility.spec.ts" time="9.913">
<failure message="accessibility.spec.ts:165:7 should have proper landmarks" type="FAILURE">
<![CDATA[  [Tablet] › accessibility\accessibility.spec.ts:165:7 › Accessibility - History Page › should have proper landmarks 

    Error: expect(locator).toBeVisible() failed

    Locator: locator('main').locator('h1').or(locator('main').locator('h2').first())
    Expected: visible
    Error: strict mode violation: locator('main').locator('h1').or(locator('main').locator('h2').first()) resolved to 2 elements:
        1) <h1 data-testid="history-heading" class="text-5xl md:text-6xl font-bold text-gray-900 dark:text-white mb-2">Our History</h1> aka getByTestId('history-heading')
        2) <h2 data-testid="founder-heading" class="text-4xl md:text-5xl font-bold text-gray-900 dark:text-white mb-6">Our Founder</h2> aka getByTestId('founder-heading')

    Call log:
      - Expect "toBeVisible" with timeout 5000ms
      - waiting for locator('main').locator('h1').or(locator('main').locator('h2').first())


      176 |     // Check for heading in main
      177 |     const mainHeading = main.locator('h1').or(main.locator('h2').first());
    > 178 |     await expect(mainHeading).toBeVisible();
          |                               ^
      179 |   });
      180 | });
      181 |
        at C:\honeybee\e2e\tests\accessibility\accessibility.spec.ts:178:31

    attachment #1: screenshot (image/png) ──────────────────────────────────────────────────────────
    ..\..\test-results\accessibility-accessibilit-f9241-hould-have-proper-landmarks-Tablet\test-failed-1.png
    ────────────────────────────────────────────────────────────────────────────────────────────────

    attachment #2: video (video/webm) ──────────────────────────────────────────────────────────────
    ..\..\test-results\accessibility-accessibilit-f9241-hould-have-proper-landmarks-Tablet\video.webm
    ────────────────────────────────────────────────────────────────────────────────────────────────

    Error Context: ..\..\test-results\accessibility-accessibilit-f9241-hould-have-proper-landmarks-Tablet\error-context.md

    attachment #4: trace (application/zip) ─────────────────────────────────────────────────────────
    ..\..\test-results\accessibility-accessibilit-f9241-hould-have-proper-landmarks-Tablet\trace.zip
    Usage:

        npx playwright show-trace ..\..\test-results\accessibility-accessibilit-f9241-hould-have-proper-landmarks-Tablet\trace.zip

    ────────────────────────────────────────────────────────────────────────────────────────────────
]]>
</failure>
<system-out>
<![CDATA[
[[ATTACHMENT|accessibility-accessibilit-f9241-hould-have-proper-landmarks-Tablet\test-failed-1.png]]

[[ATTACHMENT|accessibility-accessibilit-f9241-hould-have-proper-landmarks-Tablet\video.webm]]

[[ATTACHMENT|accessibility-accessibilit-f9241-hould-have-proper-landmarks-Tablet\error-context.md]]

[[ATTACHMENT|accessibility-accessibilit-f9241-hould-have-proper-landmarks-Tablet\trace.zip]]
]]>
</system-out>
</testcase>
<testcase name="Accessibility - Keyboard Navigation › should be fully keyboard navigable" classname="accessibility\accessibility.spec.ts" time="8.454">
</testcase>
<testcase name="Accessibility - Keyboard Navigation › should trap focus in modal if present" classname="accessibility\accessibility.spec.ts" time="5.008">
</testcase>
<testcase name="Accessibility - Keyboard Navigation › should have visible skip link" classname="accessibility\accessibility.spec.ts" time="7.925">
</testcase>
<testcase name="Accessibility - Color Contrast › should have sufficient color contrast" classname="accessibility\accessibility.spec.ts" time="10.805">
<failure message="accessibility.spec.ts:225:7 should have sufficient color contrast" type="FAILURE">
<![CDATA[  [Tablet] › accessibility\accessibility.spec.ts:225:7 › Accessibility - Color Contrast › should have sufficient color contrast 

    Error: expect(received).toEqual(expected) // deep equality

    - Expected  -  1
    + Received  + 93

    - Array []
    + Array [
    +   Object {
    +     "description": "Ensure the contrast between foreground and background colors meets WCAG 2 AA minimum contrast ratio thresholds",
    +     "help": "Elements must meet minimum color contrast ratio thresholds",
    +     "helpUrl": "https://dequeuniversity.com/rules/axe/4.11/color-contrast?application=playwright",
    +     "id": "color-contrast",
    +     "impact": "serious",
    +     "nodes": Array [
    +       Object {
    +         "all": Array [],
    +         "any": Array [
    +           Object {
    +             "data": Object {
    +               "bgColor": "#ffdd8c",
    +               "contrastRatio": 1.12,
    +               "expectedContrastRatio": "4.5:1",
    +               "fgColor": "#ffecc0",
    +               "fontSize": "12.0pt (16px)",
    +               "fontWeight": "normal",
    +               "messageKey": null,
    +             },
    +             "id": "color-contrast",
    +             "impact": "serious",
    +             "message": "Element has insufficient color contrast of 1.12 (foreground color: #ffecc0, background color: #ffdd8c, font size: 12.0pt (16px), font weight: normal). Expected contrast ratio of 4.5:1",
    +             "relatedNodes": Array [
    +               Object {
    +                 "html": "<button aria-label=\"Scroll to services section to learn more about our services\" class=\"group relative px-8 py-4 bg-bee-amber hover:bg-honey-600 text-white font-semibold rounded-full shadow-lg hover:shadow-xl transition-all duration-300 overflow-hidden\">",
    +                 "target": Array [
    +                   ".hover\\:bg-honey-600",
    +                 ],
    +               },
    +             ],
    +           },
    +         ],
    +         "failureSummary": "Fix any of the following:
    +   Element has insufficient color contrast of 1.12 (foreground color: #ffecc0, background color: #ffdd8c, font size: 12.0pt (16px), font weight: normal). Expected contrast ratio of 4.5:1",
    +         "html": "<span class=\"relative z-10 flex items-center justify-center gap-2\">",
    +         "impact": "serious",
    +         "none": Array [],
    +         "target": Array [
    +           ".z-10.gap-2.justify-center",
    +         ],
    +       },
    +       Object {
    +         "all": Array [],
    +         "any": Array [
    +           Object {
    +             "data": Object {
    +               "bgColor": "#ffffff",
    +               "contrastRatio": 2.35,
    +               "expectedContrastRatio": "4.5:1",
    +               "fgColor": "#a5a9b1",
    +               "fontSize": "12.0pt (16px)",
    +               "fontWeight": "normal",
    +               "messageKey": null,
    +             },
    +             "id": "color-contrast",
    +             "impact": "serious",
    +             "message": "Element has insufficient color contrast of 2.35 (foreground color: #a5a9b1, background color: #ffffff, font size: 12.0pt (16px), font weight: normal). Expected contrast ratio of 4.5:1",
    +             "relatedNodes": Array [
    +               Object {
    +                 "html": "<a href=\"#contact\" aria-label=\"Go to contact form t...\" class=\"px-8 py-4 bg-white d...\">",
    +                 "target": Array [
    +                   ".hover\\:border-bee-amber",
    +                 ],
    +               },
    +             ],
    +           },
    +         ],
    +         "failureSummary": "Fix any of the following:
    +   Element has insufficient color contrast of 2.35 (foreground color: #a5a9b1, background color: #ffffff, font size: 12.0pt (16px), font weight: normal). Expected contrast ratio of 4.5:1",
    +         "html": "<a href=\"#contact\" aria-label=\"Go to contact form t...\" class=\"px-8 py-4 bg-white d...\">",
    +         "impact": "serious",
    +         "none": Array [],
    +         "target": Array [
    +           ".hover\\:border-bee-amber",
    +         ],
    +       },
    +     ],
    +     "tags": Array [
    +       "cat.color",
    +       "wcag2aa",
    +       "wcag143",
    +       "TTv5",
    +       "TT13.c",
    +       "EN-301-549",
    +       "EN-9.1.4.3",
    +       "ACT",
    +       "RGAAv4",
    +       "RGAA-3.2.1",
    +     ],
    +   },
    + ]

      235 |     );
      236 |
    > 237 |     expect(contrastViolations).toEqual([]);
          |                                ^
      238 |   });
      239 |
      240 |   test('should maintain contrast in dark mode', async ({ page }) => {
        at C:\honeybee\e2e\tests\accessibility\accessibility.spec.ts:237:32

    attachment #1: screenshot (image/png) ──────────────────────────────────────────────────────────
    ..\..\test-results\accessibility-accessibilit-ba2d7-e-sufficient-color-contrast-Tablet\test-failed-1.png
    ────────────────────────────────────────────────────────────────────────────────────────────────

    attachment #2: video (video/webm) ──────────────────────────────────────────────────────────────
    ..\..\test-results\accessibility-accessibilit-ba2d7-e-sufficient-color-contrast-Tablet\video-1.webm
    ────────────────────────────────────────────────────────────────────────────────────────────────

    attachment #3: video (video/webm) ──────────────────────────────────────────────────────────────
    ..\..\test-results\accessibility-accessibilit-ba2d7-e-sufficient-color-contrast-Tablet\video.webm
    ────────────────────────────────────────────────────────────────────────────────────────────────

    Error Context: ..\..\test-results\accessibility-accessibilit-ba2d7-e-sufficient-color-contrast-Tablet\error-context.md

    attachment #5: trace (application/zip) ─────────────────────────────────────────────────────────
    ..\..\test-results\accessibility-accessibilit-ba2d7-e-sufficient-color-contrast-Tablet\trace.zip
    Usage:

        npx playwright show-trace ..\..\test-results\accessibility-accessibilit-ba2d7-e-sufficient-color-contrast-Tablet\trace.zip

    ────────────────────────────────────────────────────────────────────────────────────────────────
]]>
</failure>
<system-out>
<![CDATA[
[[ATTACHMENT|accessibility-accessibilit-ba2d7-e-sufficient-color-contrast-Tablet\test-failed-1.png]]

[[ATTACHMENT|accessibility-accessibilit-ba2d7-e-sufficient-color-contrast-Tablet\video-1.webm]]

[[ATTACHMENT|accessibility-accessibilit-ba2d7-e-sufficient-color-contrast-Tablet\video.webm]]

[[ATTACHMENT|accessibility-accessibilit-ba2d7-e-sufficient-color-contrast-Tablet\error-context.md]]

[[ATTACHMENT|accessibility-accessibilit-ba2d7-e-sufficient-color-contrast-Tablet\trace.zip]]
]]>
</system-out>
</testcase>
<testcase name="Accessibility - Color Contrast › should maintain contrast in dark mode" classname="accessibility\accessibility.spec.ts" time="11.194">
<failure message="accessibility.spec.ts:240:7 should maintain contrast in dark mode" type="FAILURE">
<![CDATA[  [Tablet] › accessibility\accessibility.spec.ts:240:7 › Accessibility - Color Contrast › should maintain contrast in dark mode 

    Error: expect(received).toEqual(expected) // deep equality

    - Expected  -  1
    + Received  + 58

    - Array []
    + Array [
    +   Object {
    +     "description": "Ensure the contrast between foreground and background colors meets WCAG 2 AA minimum contrast ratio thresholds",
    +     "help": "Elements must meet minimum color contrast ratio thresholds",
    +     "helpUrl": "https://dequeuniversity.com/rules/axe/4.11/color-contrast?application=playwright",
    +     "id": "color-contrast",
    +     "impact": "serious",
    +     "nodes": Array [
    +       Object {
    +         "all": Array [],
    +         "any": Array [
    +           Object {
    +             "data": Object {
    +               "bgColor": "#ffb300",
    +               "contrastRatio": 1.79,
    +               "expectedContrastRatio": "4.5:1",
    +               "fgColor": "#ffffff",
    +               "fontSize": "12.0pt (16px)",
    +               "fontWeight": "normal",
    +               "messageKey": null,
    +             },
    +             "id": "color-contrast",
    +             "impact": "serious",
    +             "message": "Element has insufficient color contrast of 1.79 (foreground color: #ffffff, background color: #ffb300, font size: 12.0pt (16px), font weight: normal). Expected contrast ratio of 4.5:1",
    +             "relatedNodes": Array [
    +               Object {
    +                 "html": "<button aria-label=\"Scroll to services section to learn more about our services\" class=\"group relative px-8 py-4 bg-bee-amber hover:bg-honey-600 text-white font-semibold rounded-full shadow-lg hover:shadow-xl transition-all duration-300 overflow-hidden\">",
    +                 "target": Array [
    +                   ".hover\\:bg-honey-600",
    +                 ],
    +               },
    +             ],
    +           },
    +         ],
    +         "failureSummary": "Fix any of the following:
    +   Element has insufficient color contrast of 1.79 (foreground color: #ffffff, background color: #ffb300, font size: 12.0pt (16px), font weight: normal). Expected contrast ratio of 4.5:1",
    +         "html": "<span class=\"relative z-10 flex items-center justify-center gap-2\">",
    +         "impact": "serious",
    +         "none": Array [],
    +         "target": Array [
    +           ".z-10.gap-2.justify-center",
    +         ],
    +       },
    +     ],
    +     "tags": Array [
    +       "cat.color",
    +       "wcag2aa",
    +       "wcag143",
    +       "TTv5",
    +       "TT13.c",
    +       "EN-301-549",
    +       "EN-9.1.4.3",
    +       "ACT",
    +       "RGAAv4",
    +       "RGAA-3.2.1",
    +     ],
    +   },
    + ]

      256 |       );
      257 |
    > 258 |       expect(contrastViolations).toEqual([]);
          |                                  ^
      259 |     }
      260 |   });
      261 | });
        at C:\honeybee\e2e\tests\accessibility\accessibility.spec.ts:258:34

    attachment #1: screenshot (image/png) ──────────────────────────────────────────────────────────
    ..\..\test-results\accessibility-accessibilit-b1b98-ntain-contrast-in-dark-mode-Tablet\test-failed-1.png
    ────────────────────────────────────────────────────────────────────────────────────────────────

    attachment #2: video (video/webm) ──────────────────────────────────────────────────────────────
    ..\..\test-results\accessibility-accessibilit-b1b98-ntain-contrast-in-dark-mode-Tablet\video-1.webm
    ────────────────────────────────────────────────────────────────────────────────────────────────

    attachment #3: video (video/webm) ──────────────────────────────────────────────────────────────
    ..\..\test-results\accessibility-accessibilit-b1b98-ntain-contrast-in-dark-mode-Tablet\video.webm
    ────────────────────────────────────────────────────────────────────────────────────────────────

    Error Context: ..\..\test-results\accessibility-accessibilit-b1b98-ntain-contrast-in-dark-mode-Tablet\error-context.md

    attachment #5: trace (application/zip) ─────────────────────────────────────────────────────────
    ..\..\test-results\accessibility-accessibilit-b1b98-ntain-contrast-in-dark-mode-Tablet\trace.zip
    Usage:

        npx playwright show-trace ..\..\test-results\accessibility-accessibilit-b1b98-ntain-contrast-in-dark-mode-Tablet\trace.zip

    ────────────────────────────────────────────────────────────────────────────────────────────────
]]>
</failure>
<system-out>
<![CDATA[
[[ATTACHMENT|accessibility-accessibilit-b1b98-ntain-contrast-in-dark-mode-Tablet\test-failed-1.png]]

[[ATTACHMENT|accessibility-accessibilit-b1b98-ntain-contrast-in-dark-mode-Tablet\video-1.webm]]

[[ATTACHMENT|accessibility-accessibilit-b1b98-ntain-contrast-in-dark-mode-Tablet\video.webm]]

[[ATTACHMENT|accessibility-accessibilit-b1b98-ntain-contrast-in-dark-mode-Tablet\error-context.md]]

[[ATTACHMENT|accessibility-accessibilit-b1b98-ntain-contrast-in-dark-mode-Tablet\trace.zip]]
]]>
</system-out>
</testcase>
<testcase name="Accessibility - Screen Reader › should have descriptive ARIA labels on interactive elements" classname="accessibility\accessibility.spec.ts" time="29.125">
</testcase>
<testcase name="Accessibility - Screen Reader › should have role attributes where needed" classname="accessibility\accessibility.spec.ts" time="6.664">
</testcase>
<testcase name="Accessibility - Screen Reader › should announce dynamic content changes" classname="accessibility\accessibility.spec.ts" time="1.433">
</testcase>
</testsuite>
<testsuite name="happy-path\navigation.spec.ts" timestamp="2026-01-09T18:05:05.506Z" hostname="Tablet" tests="14" failures="4" skipped="0" time="149.522" errors="0">
<testcase name="Navigation &amp; Routing › should navigate to services page" classname="happy-path\navigation.spec.ts" time="12.214">
<failure message="navigation.spec.ts:36:7 should navigate to services page" type="FAILURE">
<![CDATA[  [Tablet] › happy-path\navigation.spec.ts:36:7 › Navigation & Routing › should navigate to services page 

    Error: locator.waitFor: Error: strict mode violation: getByRole('button', { name: /services/i }) resolved to 10 elements:
        1) <button aria-haspopup="menu" aria-expanded="false" aria-controls="services-submenu" class="text-gray-700 dark:text-gray-300 hover:text-primary-400 dark:hover:text-primary-400 transition-colors font-medium flex items-center">…</button> aka getByTestId('main-navigation').getByRole('button', { name: 'Services' })
        2) <button aria-label="Scroll to services section to learn more about our services" class="group relative px-8 py-4 bg-bee-amber hover:bg-honey-600 text-white font-semibold rounded-full shadow-lg hover:shadow-xl transition-all duration-300 overflow-hidden">…</button> aka getByRole('button', { name: 'Scroll to services section to' })
        3) <button aria-pressed="false" aria-label="Filter by Day Services" class="px-6 py-2 rounded-full font-medium transition-all duration-300 bg-gray-100 dark:bg-gray-800 text-gray-700 dark:text-gray-300 hover:bg-gray-200 dark:hover:bg-gray-700">Day Services</button> aka getByRole('button', { name: 'Filter by Day Services' })
        4) <button tabindex="0" class="px-4 py-2 rounded-full bg-white dark:bg-gray-800 border-2 border-primary-400 text-sm font-medium text-primary-600 dark:text-primary-400 hover:bg-primary-400 hover:text-white dark:hover:bg-primary-500 transition-all shadow-md hover:shadow-lg">What services do you provide?</button> aka getByRole('button', { name: 'What services do you provide?' })
        5) <button aria-pressed="false" aria-label="Filter by Services" class="px-5 py-2.5 rounded-full font-medium transition-all bg-white dark:bg-gray-800 text-gray-700 dark:text-gray-300 border-2 border-gray-300 dark:border-gray-600 hover:bg-gray-50 dark:hover:bg-gray-700">Services</button> aka getByRole('button', { name: 'Filter by Services' })
        6) <button aria-expanded="false" aria-controls="faq-answer-services" class="w-full text-left px-6 py-5 flex items-start justify-between gap-4 hover:bg-gray-50 dark:hover:bg-gray-700 transition-colors focus:outline-none">…</button> aka getByRole('button', { name: '💬 What services does HBCS' })
        7) <button aria-expanded="false" aria-controls="faq-answer-eligibility" class="w-full text-left px-6 py-5 flex items-start justify-between gap-4 hover:bg-gray-50 dark:hover:bg-gray-700 transition-colors focus:outline-none">…</button> aka getByRole('button', { name: '💬 How do I qualify for HBCS' })
        8) <button aria-expanded="false" aria-controls="faq-answer-residential" class="w-full text-left px-6 py-5 flex items-start justify-between gap-4 hover:bg-gray-50 dark:hover:bg-gray-700 transition-colors focus:outline-none">…</button> aka getByRole('button', { name: '💬 What is your Residential' })
        9) <button aria-expanded="false" aria-controls="faq-answer-day-services" class="w-full text-left px-6 py-5 flex items-start justify-between gap-4 hover:bg-gray-50 dark:hover:bg-gray-700 transition-colors focus:outline-none">…</button> aka getByRole('button', { name: '💬 What do you offer in Day' })
        10) <button aria-expanded="false" aria-controls="faq-answer-cost" class="w-full text-left px-6 py-5 flex items-start justify-between gap-4 hover:bg-gray-50 dark:hover:bg-gray-700 transition-colors focus:outline-none">…</button> aka getByRole('button', { name: '💬 How much do your services' })

    Call log:
      - waiting for getByRole('button', { name: /services/i }) to be visible


      43 |     // Services is a dropdown button, need to click menu item
      44 |     const servicesButton = page.getByRole('button', { name: /services/i });
    > 45 |     await servicesButton.waitFor({ state: 'visible', timeout: 10000 });
         |                          ^
      46 |     await servicesButton.click();
      47 |
      48 |     // Use robust wait strategy
        at C:\honeybee\e2e\tests\happy-path\navigation.spec.ts:45:26

    attachment #1: screenshot (image/png) ──────────────────────────────────────────────────────────
    ..\..\test-results\happy-path-navigation-Navi-9bd7c-d-navigate-to-services-page-Tablet\test-failed-1.png
    ────────────────────────────────────────────────────────────────────────────────────────────────

    attachment #2: video (video/webm) ──────────────────────────────────────────────────────────────
    ..\..\test-results\happy-path-navigation-Navi-9bd7c-d-navigate-to-services-page-Tablet\video.webm
    ────────────────────────────────────────────────────────────────────────────────────────────────

    Error Context: ..\..\test-results\happy-path-navigation-Navi-9bd7c-d-navigate-to-services-page-Tablet\error-context.md

    attachment #4: trace (application/zip) ─────────────────────────────────────────────────────────
    ..\..\test-results\happy-path-navigation-Navi-9bd7c-d-navigate-to-services-page-Tablet\trace.zip
    Usage:

        npx playwright show-trace ..\..\test-results\happy-path-navigation-Navi-9bd7c-d-navigate-to-services-page-Tablet\trace.zip

    ────────────────────────────────────────────────────────────────────────────────────────────────
]]>
</failure>
<system-out>
<![CDATA[
[[ATTACHMENT|happy-path-navigation-Navi-9bd7c-d-navigate-to-services-page-Tablet\test-failed-1.png]]

[[ATTACHMENT|happy-path-navigation-Navi-9bd7c-d-navigate-to-services-page-Tablet\video.webm]]

[[ATTACHMENT|happy-path-navigation-Navi-9bd7c-d-navigate-to-services-page-Tablet\error-context.md]]

[[ATTACHMENT|happy-path-navigation-Navi-9bd7c-d-navigate-to-services-page-Tablet\trace.zip]]
]]>
</system-out>
</testcase>
<testcase name="Navigation &amp; Routing › should navigate to history page" classname="happy-path\navigation.spec.ts" time="11.461">
</testcase>
<testcase name="Navigation &amp; Routing › should navigate to our vision page" classname="happy-path\navigation.spec.ts" time="12.79">
</testcase>
<testcase name="Navigation &amp; Routing › should navigate back to home from history" classname="happy-path\navigation.spec.ts" time="10.23">
<failure message="navigation.spec.ts:100:7 should navigate back to home from history" type="FAILURE">
<![CDATA[  [Tablet] › happy-path\navigation.spec.ts:100:7 › Navigation & Routing › should navigate back to home from history 

    Error: locator.waitFor: Error: strict mode violation: locator('a[href="/"]') resolved to 5 elements:
        1) <a href="/" class="flex items-center group" aria-label="Honey Bee Community Services - Go to homepage">…</a> aka getByRole('banner').getByRole('link', { name: 'Honey Bee Community Services' })
        2) <a href="/" data-testid="nav-" class="text-gray-700 dark:text-gray-300 hover:text-primary-400 dark:hover:text-primary-400 transition-colors font-medium">Home</a> aka getByTestId('nav-')
        3) <a href="/" data-testid="back-to-home-link" aria-label="Navigate back to home page" class="inline-flex items-center text-primary-400 hover:text-primary-500 mb-6 font-medium">…</a> aka getByTestId('back-to-home-link')
        4) <a href="/" class="flex items-center group" aria-label="Honey Bee Community Services - Go to homepage">…</a> aka getByRole('contentinfo').getByRole('link', { name: 'Honey Bee Community Services' })
        5) <a href="/" class="text-gray-400 hover:text-bee-gold-dark transition-colors">Home</a> aka getByRole('contentinfo').getByRole('link', { name: 'Home', exact: true })

    Call log:
      - waiting for locator('a[href="/"]')


      105 |     // Wait for back button to be ready
      106 |     const backToHomeButton = page.locator('a[href="/"]');
    > 107 |     await backToHomeButton.waitFor({ state: 'attached', timeout: 5000 });
          |                            ^
      108 |     await historyPage.clickBackToHome();
      109 |
      110 |     // Browser-specific wait for navigation
        at C:\honeybee\e2e\tests\happy-path\navigation.spec.ts:107:28

    attachment #1: screenshot (image/png) ──────────────────────────────────────────────────────────
    ..\..\test-results\happy-path-navigation-Navi-6d98e-e-back-to-home-from-history-Tablet\test-failed-1.png
    ────────────────────────────────────────────────────────────────────────────────────────────────

    attachment #2: video (video/webm) ──────────────────────────────────────────────────────────────
    ..\..\test-results\happy-path-navigation-Navi-6d98e-e-back-to-home-from-history-Tablet\video.webm
    ────────────────────────────────────────────────────────────────────────────────────────────────

    Error Context: ..\..\test-results\happy-path-navigation-Navi-6d98e-e-back-to-home-from-history-Tablet\error-context.md

    attachment #4: trace (application/zip) ─────────────────────────────────────────────────────────
    ..\..\test-results\happy-path-navigation-Navi-6d98e-e-back-to-home-from-history-Tablet\trace.zip
    Usage:

        npx playwright show-trace ..\..\test-results\happy-path-navigation-Navi-6d98e-e-back-to-home-from-history-Tablet\trace.zip

    ────────────────────────────────────────────────────────────────────────────────────────────────
]]>
</failure>
<system-out>
<![CDATA[
[[ATTACHMENT|happy-path-navigation-Navi-6d98e-e-back-to-home-from-history-Tablet\test-failed-1.png]]

[[ATTACHMENT|happy-path-navigation-Navi-6d98e-e-back-to-home-from-history-Tablet\video.webm]]

[[ATTACHMENT|happy-path-navigation-Navi-6d98e-e-back-to-home-from-history-Tablet\error-context.md]]

[[ATTACHMENT|happy-path-navigation-Navi-6d98e-e-back-to-home-from-history-Tablet\trace.zip]]
]]>
</system-out>
</testcase>
<testcase name="Navigation &amp; Routing › should navigate to service detail pages" classname="happy-path\navigation.spec.ts" time="15.849">
<failure message="navigation.spec.ts:118:7 should navigate to service detail pages" type="FAILURE">
<![CDATA[  [Tablet] › happy-path\navigation.spec.ts:118:7 › Navigation & Routing › should navigate to service detail pages 

    Error: expect(locator).toBeVisible() failed

    Locator: getByRole('menu')
    Expected: visible
    Timeout: 10000ms
    Error: element(s) not found

    Call log:
      - Expect "toBeVisible" with timeout 10000ms
      - waiting for getByRole('menu')


      16 | async function waitForMenuReady(page: any, browserName: string) {
      17 |   // Wait for menu to be visible
    > 18 |   await expect(page.getByRole('menu')).toBeVisible({ timeout: 10000 });
         |                                        ^
      19 |
      20 |   // Browser-specific waits
      21 |   const browserWaits: Record<string, number> = {
        at waitForMenuReady (C:\honeybee\e2e\tests\happy-path\navigation.spec.ts:18:40)
        at C:\honeybee\e2e\tests\happy-path\navigation.spec.ts:128:11

    attachment #1: screenshot (image/png) ──────────────────────────────────────────────────────────
    ..\..\test-results\happy-path-navigation-Navi-d2a42-ate-to-service-detail-pages-Tablet\test-failed-1.png
    ────────────────────────────────────────────────────────────────────────────────────────────────

    attachment #2: video (video/webm) ──────────────────────────────────────────────────────────────
    ..\..\test-results\happy-path-navigation-Navi-d2a42-ate-to-service-detail-pages-Tablet\video.webm
    ────────────────────────────────────────────────────────────────────────────────────────────────

    Error Context: ..\..\test-results\happy-path-navigation-Navi-d2a42-ate-to-service-detail-pages-Tablet\error-context.md

    attachment #4: trace (application/zip) ─────────────────────────────────────────────────────────
    ..\..\test-results\happy-path-navigation-Navi-d2a42-ate-to-service-detail-pages-Tablet\trace.zip
    Usage:

        npx playwright show-trace ..\..\test-results\happy-path-navigation-Navi-d2a42-ate-to-service-detail-pages-Tablet\trace.zip

    ────────────────────────────────────────────────────────────────────────────────────────────────
]]>
</failure>
<system-out>
<![CDATA[
[[ATTACHMENT|happy-path-navigation-Navi-d2a42-ate-to-service-detail-pages-Tablet\test-failed-1.png]]

[[ATTACHMENT|happy-path-navigation-Navi-d2a42-ate-to-service-detail-pages-Tablet\video.webm]]

[[ATTACHMENT|happy-path-navigation-Navi-d2a42-ate-to-service-detail-pages-Tablet\error-context.md]]

[[ATTACHMENT|happy-path-navigation-Navi-d2a42-ate-to-service-detail-pages-Tablet\trace.zip]]
]]>
</system-out>
</testcase>
<testcase name="Navigation &amp; Routing › should navigate to contact section" classname="happy-path\navigation.spec.ts" time="5.37">
</testcase>
<testcase name="Navigation &amp; Routing › should handle 404 for non-existent routes" classname="happy-path\navigation.spec.ts" time="1.501">
</testcase>
<testcase name="Navigation &amp; Routing › should maintain state on page reload" classname="happy-path\navigation.spec.ts" time="8.086">
</testcase>
<testcase name="Navigation &amp; Routing › should handle browser back button" classname="happy-path\navigation.spec.ts" time="13.834">
</testcase>
<testcase name="Navigation &amp; Routing › should handle browser forward button" classname="happy-path\navigation.spec.ts" time="19.835">
</testcase>
<testcase name="Navigation &amp; Routing › should navigate via direct URL" classname="happy-path\navigation.spec.ts" time="13.259">
<failure message="navigation.spec.ts:255:7 should navigate via direct URL" type="FAILURE">
<![CDATA[  [Tablet] › happy-path\navigation.spec.ts:255:7 › Navigation & Routing › should navigate via direct URL 

    TimeoutError: locator.waitFor: Timeout 8000ms exceeded.
    Call log:
      - waiting for getByRole('heading', { name: /our services/i }) to be visible


      259 |     await expect(page).toHaveURL('/services');
      260 |     const servicesHeading = page.getByRole('heading', { name: /our services/i });
    > 261 |     await servicesHeading.waitFor({ state: 'visible', timeout: 8000 });
          |                           ^
      262 |     await expect(servicesHeading).toBeVisible();
      263 |
      264 |     // Navigate directly to history
        at C:\honeybee\e2e\tests\happy-path\navigation.spec.ts:261:27

    attachment #1: screenshot (image/png) ──────────────────────────────────────────────────────────
    ..\..\test-results\happy-path-navigation-Navi-144e7-uld-navigate-via-direct-URL-Tablet\test-failed-1.png
    ────────────────────────────────────────────────────────────────────────────────────────────────

    attachment #2: video (video/webm) ──────────────────────────────────────────────────────────────
    ..\..\test-results\happy-path-navigation-Navi-144e7-uld-navigate-via-direct-URL-Tablet\video.webm
    ────────────────────────────────────────────────────────────────────────────────────────────────

    Error Context: ..\..\test-results\happy-path-navigation-Navi-144e7-uld-navigate-via-direct-URL-Tablet\error-context.md

    attachment #4: trace (application/zip) ─────────────────────────────────────────────────────────
    ..\..\test-results\happy-path-navigation-Navi-144e7-uld-navigate-via-direct-URL-Tablet\trace.zip
    Usage:

        npx playwright show-trace ..\..\test-results\happy-path-navigation-Navi-144e7-uld-navigate-via-direct-URL-Tablet\trace.zip

    ────────────────────────────────────────────────────────────────────────────────────────────────
]]>
</failure>
<system-out>
<![CDATA[
[[ATTACHMENT|happy-path-navigation-Navi-144e7-uld-navigate-via-direct-URL-Tablet\test-failed-1.png]]

[[ATTACHMENT|happy-path-navigation-Navi-144e7-uld-navigate-via-direct-URL-Tablet\video.webm]]

[[ATTACHMENT|happy-path-navigation-Navi-144e7-uld-navigate-via-direct-URL-Tablet\error-context.md]]

[[ATTACHMENT|happy-path-navigation-Navi-144e7-uld-navigate-via-direct-URL-Tablet\trace.zip]]
]]>
</system-out>
</testcase>
<testcase name="Navigation &amp; Routing › should handle navigation with query parameters" classname="happy-path\navigation.spec.ts" time="8.582">
</testcase>
<testcase name="Navigation &amp; Routing › should maintain scroll position on back navigation" classname="happy-path\navigation.spec.ts" time="9.521">
</testcase>
<testcase name="Navigation &amp; Routing › should handle multiple rapid navigations" classname="happy-path\navigation.spec.ts" time="6.99">
</testcase>
</testsuite>
<testsuite name="regression\page-content.spec.ts" timestamp="2026-01-09T18:05:05.506Z" hostname="Tablet" tests="23" failures="4" skipped="0" time="148.067" errors="0">
<testcase name="Homepage - Content Tests › should display hero heading" classname="regression\page-content.spec.ts" time="3.476">
</testcase>
<testcase name="Homepage - Content Tests › should display services section" classname="regression\page-content.spec.ts" time="32.525">
<failure message="page-content.spec.ts:22:7 should display services section" type="FAILURE">
<![CDATA[  [Tablet] › regression\page-content.spec.ts:22:7 › Homepage - Content Tests › should display services section 

    Test timeout of 30000ms exceeded.

    Error: locator.scrollIntoViewIfNeeded: Test timeout of 30000ms exceeded.
    Call log:
      - waiting for getByTestId('services-section').or(locator('[data-testid="services-section"]'))


      27 |     // Use data-testid for specific section - scroll into view first
      28 |     const servicesSection = page.getByTestId('services-section').or(page.locator('[data-testid="services-section"]'));
    > 29 |     await servicesSection.scrollIntoViewIfNeeded();
         |                           ^
      30 |     await expect(servicesSection).toBeVisible();
      31 |
      32 |     // More flexible heading selector
        at C:\honeybee\e2e\tests\regression\page-content.spec.ts:29:27

    attachment #1: screenshot (image/png) ──────────────────────────────────────────────────────────
    ..\..\test-results\regression-page-content-Ho-e29a4-ld-display-services-section-Tablet\test-failed-1.png
    ────────────────────────────────────────────────────────────────────────────────────────────────

    attachment #2: video (video/webm) ──────────────────────────────────────────────────────────────
    ..\..\test-results\regression-page-content-Ho-e29a4-ld-display-services-section-Tablet\video.webm
    ────────────────────────────────────────────────────────────────────────────────────────────────

    Error Context: ..\..\test-results\regression-page-content-Ho-e29a4-ld-display-services-section-Tablet\error-context.md

    attachment #4: trace (application/zip) ─────────────────────────────────────────────────────────
    ..\..\test-results\regression-page-content-Ho-e29a4-ld-display-services-section-Tablet\trace.zip
    Usage:

        npx playwright show-trace ..\..\test-results\regression-page-content-Ho-e29a4-ld-display-services-section-Tablet\trace.zip

    ────────────────────────────────────────────────────────────────────────────────────────────────
]]>
</failure>
<system-out>
<![CDATA[
[[ATTACHMENT|regression-page-content-Ho-e29a4-ld-display-services-section-Tablet\test-failed-1.png]]

[[ATTACHMENT|regression-page-content-Ho-e29a4-ld-display-services-section-Tablet\video.webm]]

[[ATTACHMENT|regression-page-content-Ho-e29a4-ld-display-services-section-Tablet\error-context.md]]

[[ATTACHMENT|regression-page-content-Ho-e29a4-ld-display-services-section-Tablet\trace.zip]]
]]>
</system-out>
</testcase>
<testcase name="Homepage - Content Tests › should display gallery section" classname="regression\page-content.spec.ts" time="7.157">
</testcase>
<testcase name="Homepage - Content Tests › should display about section" classname="regression\page-content.spec.ts" time="32.245">
<failure message="page-content.spec.ts:45:7 should display about section" type="FAILURE">
<![CDATA[  [Tablet] › regression\page-content.spec.ts:45:7 › Homepage - Content Tests › should display about section 

    Test timeout of 30000ms exceeded.

    Error: locator.scrollIntoViewIfNeeded: Test timeout of 30000ms exceeded.
    Call log:
      - waiting for locator('[data-testid="about-section"]')


      48 |     await page.waitForLoadState('networkidle');
      49 |
    > 50 |     await homePage.aboutSection.scrollIntoViewIfNeeded();
         |                                 ^
      51 |     await expect(homePage.aboutSection).toBeVisible();
      52 |
      53 |     // More flexible heading selector
        at C:\honeybee\e2e\tests\regression\page-content.spec.ts:50:33

    attachment #1: screenshot (image/png) ──────────────────────────────────────────────────────────
    ..\..\test-results\regression-page-content-Ho-736ca-hould-display-about-section-Tablet\test-failed-1.png
    ────────────────────────────────────────────────────────────────────────────────────────────────

    attachment #2: video (video/webm) ──────────────────────────────────────────────────────────────
    ..\..\test-results\regression-page-content-Ho-736ca-hould-display-about-section-Tablet\video.webm
    ────────────────────────────────────────────────────────────────────────────────────────────────

    Error Context: ..\..\test-results\regression-page-content-Ho-736ca-hould-display-about-section-Tablet\error-context.md

    attachment #4: trace (application/zip) ─────────────────────────────────────────────────────────
    ..\..\test-results\regression-page-content-Ho-736ca-hould-display-about-section-Tablet\trace.zip
    Usage:

        npx playwright show-trace ..\..\test-results\regression-page-content-Ho-736ca-hould-display-about-section-Tablet\trace.zip

    ────────────────────────────────────────────────────────────────────────────────────────────────
]]>
</failure>
<system-out>
<![CDATA[
[[ATTACHMENT|regression-page-content-Ho-736ca-hould-display-about-section-Tablet\test-failed-1.png]]

[[ATTACHMENT|regression-page-content-Ho-736ca-hould-display-about-section-Tablet\video.webm]]

[[ATTACHMENT|regression-page-content-Ho-736ca-hould-display-about-section-Tablet\error-context.md]]

[[ATTACHMENT|regression-page-content-Ho-736ca-hould-display-about-section-Tablet\trace.zip]]
]]>
</system-out>
</testcase>
<testcase name="Homepage - Content Tests › should display testimonials section" classname="regression\page-content.spec.ts" time="5.392">
</testcase>
<testcase name="Homepage - Content Tests › should display contact section" classname="regression\page-content.spec.ts" time="7.368">
</testcase>
<testcase name="Services Page - Content Tests › should display services heading" classname="regression\page-content.spec.ts" time="4.298">
</testcase>
<testcase name="Services Page - Content Tests › should display all three service cards" classname="regression\page-content.spec.ts" time="4.035">
</testcase>
<testcase name="Services Page - Content Tests › should display service cards with images" classname="regression\page-content.spec.ts" time="6.639">
<failure message="page-content.spec.ts:92:7 should display service cards with images" type="FAILURE">
<![CDATA[  [Tablet] › regression\page-content.spec.ts:92:7 › Services Page - Content Tests › should display service cards with images 

    Error: expect(received).toBe(expected) // Object.is equality

    Expected: true
    Received: false

       95 |
       96 |     const hasImages = await servicesPage.doServiceCardsHaveImages();
    >  97 |     expect(hasImages).toBe(true);
          |                       ^
       98 |   });
       99 |
      100 |   test('should display quick facts section', async ({ page }) => {
        at C:\honeybee\e2e\tests\regression\page-content.spec.ts:97:23

    attachment #1: screenshot (image/png) ──────────────────────────────────────────────────────────
    ..\..\test-results\regression-page-content-Se-2bf89-y-service-cards-with-images-Tablet\test-failed-1.png
    ────────────────────────────────────────────────────────────────────────────────────────────────

    attachment #2: video (video/webm) ──────────────────────────────────────────────────────────────
    ..\..\test-results\regression-page-content-Se-2bf89-y-service-cards-with-images-Tablet\video.webm
    ────────────────────────────────────────────────────────────────────────────────────────────────

    Error Context: ..\..\test-results\regression-page-content-Se-2bf89-y-service-cards-with-images-Tablet\error-context.md

    attachment #4: trace (application/zip) ─────────────────────────────────────────────────────────
    ..\..\test-results\regression-page-content-Se-2bf89-y-service-cards-with-images-Tablet\trace.zip
    Usage:

        npx playwright show-trace ..\..\test-results\regression-page-content-Se-2bf89-y-service-cards-with-images-Tablet\trace.zip

    ────────────────────────────────────────────────────────────────────────────────────────────────
]]>
</failure>
<system-out>
<![CDATA[
[[ATTACHMENT|regression-page-content-Se-2bf89-y-service-cards-with-images-Tablet\test-failed-1.png]]

[[ATTACHMENT|regression-page-content-Se-2bf89-y-service-cards-with-images-Tablet\video.webm]]

[[ATTACHMENT|regression-page-content-Se-2bf89-y-service-cards-with-images-Tablet\error-context.md]]

[[ATTACHMENT|regression-page-content-Se-2bf89-y-service-cards-with-images-Tablet\trace.zip]]
]]>
</system-out>
</testcase>
<testcase name="Services Page - Content Tests › should display quick facts section" classname="regression\page-content.spec.ts" time="3.15">
</testcase>
<testcase name="Services Page - Content Tests › should display contact section" classname="regression\page-content.spec.ts" time="3.655">
</testcase>
<testcase name="Services Page - Content Tests › should display service descriptions" classname="regression\page-content.spec.ts" time="4.385">
<failure message="page-content.spec.ts:116:7 should display service descriptions" type="FAILURE">
<![CDATA[  [Tablet] › regression\page-content.spec.ts:116:7 › Services Page - Content Tests › should display service descriptions 

    Error: expect(locator).toBeVisible() failed

    Locator: getByText(/day services/i)
    Expected: visible
    Error: strict mode violation: getByText(/day services/i) resolved to 2 elements:
        1) <p class="text-xl text-gray-600 dark:text-gray-400 mb-8">Personalized support through Residential, Day Ser…</p> aka getByText('Personalized support through')
        2) <h3 class="text-2xl font-bold text-white mb-2">Day Services</h3> aka getByTestId('service-card-day-services')

    Call log:
      - Expect "toBeVisible" with timeout 5000ms
      - waiting for getByText(/day services/i)


      120 |     // Check for service titles (case insensitive)
      121 |     await expect(page.getByText(/residential services/i)).toBeVisible();
    > 122 |     await expect(page.getByText(/day services/i)).toBeVisible();
          |                                                   ^
      123 |     await expect(page.getByText(/targeted case management/i)).toBeVisible();
      124 |   });
      125 | });
        at C:\honeybee\e2e\tests\regression\page-content.spec.ts:122:51

    attachment #1: screenshot (image/png) ──────────────────────────────────────────────────────────
    ..\..\test-results\regression-page-content-Se-40d9c-isplay-service-descriptions-Tablet\test-failed-1.png
    ────────────────────────────────────────────────────────────────────────────────────────────────

    attachment #2: video (video/webm) ──────────────────────────────────────────────────────────────
    ..\..\test-results\regression-page-content-Se-40d9c-isplay-service-descriptions-Tablet\video.webm
    ────────────────────────────────────────────────────────────────────────────────────────────────

    Error Context: ..\..\test-results\regression-page-content-Se-40d9c-isplay-service-descriptions-Tablet\error-context.md

    attachment #4: trace (application/zip) ─────────────────────────────────────────────────────────
    ..\..\test-results\regression-page-content-Se-40d9c-isplay-service-descriptions-Tablet\trace.zip
    Usage:

        npx playwright show-trace ..\..\test-results\regression-page-content-Se-40d9c-isplay-service-descriptions-Tablet\trace.zip

    ────────────────────────────────────────────────────────────────────────────────────────────────
]]>
</failure>
<system-out>
<![CDATA[
[[ATTACHMENT|regression-page-content-Se-40d9c-isplay-service-descriptions-Tablet\test-failed-1.png]]

[[ATTACHMENT|regression-page-content-Se-40d9c-isplay-service-descriptions-Tablet\video.webm]]

[[ATTACHMENT|regression-page-content-Se-40d9c-isplay-service-descriptions-Tablet\error-context.md]]

[[ATTACHMENT|regression-page-content-Se-40d9c-isplay-service-descriptions-Tablet\trace.zip]]
]]>
</system-out>
</testcase>
<testcase name="History Page - Content Tests › should display history heading" classname="regression\page-content.spec.ts" time="1.539">
</testcase>
<testcase name="History Page - Content Tests › should display subheading" classname="regression\page-content.spec.ts" time="3.29">
</testcase>
<testcase name="History Page - Content Tests › should display founder name" classname="regression\page-content.spec.ts" time="1.512">
</testcase>
<testcase name="History Page - Content Tests › should display founder section" classname="regression\page-content.spec.ts" time="1.818">
</testcase>
<testcase name="History Page - Content Tests › should display timeline section" classname="regression\page-content.spec.ts" time="2.522">
</testcase>
<testcase name="History Page - Content Tests › should display timeline events" classname="regression\page-content.spec.ts" time="1.963">
</testcase>
<testcase name="History Page - Content Tests › should display impact stats section" classname="regression\page-content.spec.ts" time="1.845">
</testcase>
<testcase name="History Page - Content Tests › should display back to home link" classname="regression\page-content.spec.ts" time="2.776">
</testcase>
<testcase name="Service Detail Pages - Content Tests › should display residential services page" classname="regression\page-content.spec.ts" time="6.228">
</testcase>
<testcase name="Service Detail Pages - Content Tests › should display day services page" classname="regression\page-content.spec.ts" time="4.485">
</testcase>
<testcase name="Service Detail Pages - Content Tests › should display targeted case management page" classname="regression\page-content.spec.ts" time="5.764">
</testcase>
</testsuite>
<testsuite name="regression\responsive-design.spec.ts" timestamp="2026-01-09T18:05:05.506Z" hostname="Tablet" tests="27" failures="7" skipped="0" time="147.08" errors="0">
<testcase name="Mobile View (375x667) › should display homepage on mobile" classname="regression\responsive-design.spec.ts" time="1.982">
</testcase>
<testcase name="Mobile View (375x667) › should have mobile viewport size" classname="regression\responsive-design.spec.ts" time="3.698">
</testcase>
<testcase name="Mobile View (375x667) › should display services page on mobile" classname="regression\responsive-design.spec.ts" time="3.919">
</testcase>
<testcase name="Mobile View (375x667) › should display history page on mobile" classname="regression\responsive-design.spec.ts" time="2.438">
</testcase>
<testcase name="Mobile View (375x667) › should have mobile-friendly navigation" classname="regression\responsive-design.spec.ts" time="6.656">
</testcase>
<testcase name="Tablet View (768x1024) › should display homepage on tablet" classname="regression\responsive-design.spec.ts" time="5.329">
</testcase>
<testcase name="Tablet View (768x1024) › should have tablet viewport size" classname="regression\responsive-design.spec.ts" time="3.616">
</testcase>
<testcase name="Tablet View (768x1024) › should display services page on tablet" classname="regression\responsive-design.spec.ts" time="7.842">
<failure message="responsive-design.spec.ts:93:7 should display services page on tablet" type="FAILURE">
<![CDATA[  [Tablet] › regression\responsive-design.spec.ts:93:7 › Tablet View (768x1024) › should display services page on tablet 

    Error: expect(locator).toBeVisible() failed

    Locator: getByTestId('services-heading')
    Expected: visible
    Timeout: 5000ms
    Error: element(s) not found

    Call log:
      - Expect "toBeVisible" with timeout 5000ms
      - waiting for getByTestId('services-heading')


       95 |     await page.goto('/services');
       96 |
    >  97 |     await expect(page.getByTestId('services-heading')).toBeVisible();
          |                                                        ^
       98 |
       99 |     // Service cards should be displayed in grid
      100 |     const serviceCards = page.locator('a[href^="/services/"]');
        at C:\honeybee\e2e\tests\regression\responsive-design.spec.ts:97:56

    attachment #1: screenshot (image/png) ──────────────────────────────────────────────────────────
    ..\..\test-results\regression-responsive-desi-9fb80-lay-services-page-on-tablet-Tablet\test-failed-1.png
    ────────────────────────────────────────────────────────────────────────────────────────────────

    attachment #2: video (video/webm) ──────────────────────────────────────────────────────────────
    ..\..\test-results\regression-responsive-desi-9fb80-lay-services-page-on-tablet-Tablet\video.webm
    ────────────────────────────────────────────────────────────────────────────────────────────────

    Error Context: ..\..\test-results\regression-responsive-desi-9fb80-lay-services-page-on-tablet-Tablet\error-context.md

    attachment #4: trace (application/zip) ─────────────────────────────────────────────────────────
    ..\..\test-results\regression-responsive-desi-9fb80-lay-services-page-on-tablet-Tablet\trace.zip
    Usage:

        npx playwright show-trace ..\..\test-results\regression-responsive-desi-9fb80-lay-services-page-on-tablet-Tablet\trace.zip

    ────────────────────────────────────────────────────────────────────────────────────────────────
]]>
</failure>
<system-out>
<![CDATA[
[[ATTACHMENT|regression-responsive-desi-9fb80-lay-services-page-on-tablet-Tablet\test-failed-1.png]]

[[ATTACHMENT|regression-responsive-desi-9fb80-lay-services-page-on-tablet-Tablet\video.webm]]

[[ATTACHMENT|regression-responsive-desi-9fb80-lay-services-page-on-tablet-Tablet\error-context.md]]

[[ATTACHMENT|regression-responsive-desi-9fb80-lay-services-page-on-tablet-Tablet\trace.zip]]
]]>
</system-out>
</testcase>
<testcase name="Tablet View (768x1024) › should display history page on tablet" classname="regression\responsive-design.spec.ts" time="5.134">
</testcase>
<testcase name="Tablet View (768x1024) › should have proper layout on tablet" classname="regression\responsive-design.spec.ts" time="4.082">
</testcase>
<testcase name="Desktop View (1280x720) › should display homepage on desktop" classname="regression\responsive-design.spec.ts" time="2.98">
</testcase>
<testcase name="Desktop View (1280x720) › should have desktop viewport size" classname="regression\responsive-design.spec.ts" time="2.369">
</testcase>
<testcase name="Desktop View (1280x720) › should display services page on desktop" classname="regression\responsive-design.spec.ts" time="2.93">
</testcase>
<testcase name="Desktop View (1280x720) › should display history page on desktop" classname="regression\responsive-design.spec.ts" time="1.881">
</testcase>
<testcase name="Desktop View (1280x720) › should have proper desktop layout" classname="regression\responsive-design.spec.ts" time="1.161">
</testcase>
<testcase name="Desktop View (1280x720) › should display hover states on desktop" classname="regression\responsive-design.spec.ts" time="33.639">
<failure message="responsive-design.spec.ts:175:7 should display hover states on desktop" type="FAILURE">
<![CDATA[  [Tablet] › regression\responsive-design.spec.ts:175:7 › Desktop View (1280x720) › should display hover states on desktop 

    Test timeout of 30000ms exceeded.

    Error: locator.hover: Test timeout of 30000ms exceeded.
    Call log:
      - waiting for locator('a[href^="/services/"]').first()
        - locator resolved to <a href="/services/residential" data-testid="service-card-residential">…</a>
      - attempting hover action
        2 × waiting for element to be visible and stable
          - element is not stable
        - retrying hover action
        - waiting 20ms
        2 × waiting for element to be visible and stable
          - element is not stable
        - retrying hover action
          - waiting 100ms
        - waiting for element to be visible and stable
      - element was detached from the DOM, retrying


      180 |
      181 |     // Hover over card
    > 182 |     await firstServiceCard.hover();
          |                            ^
      183 |
      184 |     // Card should still be visible
      185 |     await expect(firstServiceCard).toBeVisible();
        at C:\honeybee\e2e\tests\regression\responsive-design.spec.ts:182:28

    attachment #1: screenshot (image/png) ──────────────────────────────────────────────────────────
    ..\..\test-results\regression-responsive-desi-c820d-lay-hover-states-on-desktop-Tablet\test-failed-1.png
    ────────────────────────────────────────────────────────────────────────────────────────────────

    attachment #2: video (video/webm) ──────────────────────────────────────────────────────────────
    ..\..\test-results\regression-responsive-desi-c820d-lay-hover-states-on-desktop-Tablet\video.webm
    ────────────────────────────────────────────────────────────────────────────────────────────────

    Error Context: ..\..\test-results\regression-responsive-desi-c820d-lay-hover-states-on-desktop-Tablet\error-context.md

    attachment #4: trace (application/zip) ─────────────────────────────────────────────────────────
    ..\..\test-results\regression-responsive-desi-c820d-lay-hover-states-on-desktop-Tablet\trace.zip
    Usage:

        npx playwright show-trace ..\..\test-results\regression-responsive-desi-c820d-lay-hover-states-on-desktop-Tablet\trace.zip

    ────────────────────────────────────────────────────────────────────────────────────────────────
]]>
</failure>
<system-out>
<![CDATA[
[[ATTACHMENT|regression-responsive-desi-c820d-lay-hover-states-on-desktop-Tablet\test-failed-1.png]]

[[ATTACHMENT|regression-responsive-desi-c820d-lay-hover-states-on-desktop-Tablet\video.webm]]

[[ATTACHMENT|regression-responsive-desi-c820d-lay-hover-states-on-desktop-Tablet\error-context.md]]

[[ATTACHMENT|regression-responsive-desi-c820d-lay-hover-states-on-desktop-Tablet\trace.zip]]
]]>
</system-out>
</testcase>
<testcase name="Responsive Behavior Across Viewports › should display homepage on Mobile (375x667)" classname="regression\responsive-design.spec.ts" time="1.447">
</testcase>
<testcase name="Responsive Behavior Across Viewports › should display homepage on Tablet (768x1024)" classname="regression\responsive-design.spec.ts" time="1.346">
</testcase>
<testcase name="Responsive Behavior Across Viewports › should display homepage on Desktop (1280x720)" classname="regression\responsive-design.spec.ts" time="1.35">
</testcase>
<testcase name="Responsive Behavior Across Viewports › should display services page on Mobile (375x667)" classname="regression\responsive-design.spec.ts" time="10.05">
<failure message="responsive-design.spec.ts:212:9 should display services page on Mobile (375x667)" type="FAILURE">
<![CDATA[  [Tablet] › regression\responsive-design.spec.ts:212:9 › Responsive Behavior Across Viewports › should display services page on Mobile (375x667) 

    Error: expect(locator).toBeVisible() failed

    Locator: getByRole('heading').filter({ hasText: /services/i }).first()
    Expected: visible
    Timeout: 5000ms
    Error: element(s) not found

    Call log:
      - Expect "toBeVisible" with timeout 5000ms
      - waiting for getByRole('heading').filter({ hasText: /services/i }).first()


      217 |       // More flexible heading selector
      218 |       const heading = page.getByRole('heading').filter({ hasText: /services/i }).first();
    > 219 |       await expect(heading).toBeVisible();
          |                             ^
      220 |
      221 |       // No horizontal scroll
      222 |       const bodyWidth = await page.evaluate(() => document.body.scrollWidth);
        at C:\honeybee\e2e\tests\regression\responsive-design.spec.ts:219:29

    attachment #1: screenshot (image/png) ──────────────────────────────────────────────────────────
    ..\..\test-results\regression-responsive-desi-47ea7-ces-page-on-Mobile-375x667--Tablet\test-failed-1.png
    ────────────────────────────────────────────────────────────────────────────────────────────────

    attachment #2: video (video/webm) ──────────────────────────────────────────────────────────────
    ..\..\test-results\regression-responsive-desi-47ea7-ces-page-on-Mobile-375x667--Tablet\video.webm
    ────────────────────────────────────────────────────────────────────────────────────────────────

    Error Context: ..\..\test-results\regression-responsive-desi-47ea7-ces-page-on-Mobile-375x667--Tablet\error-context.md

    attachment #4: trace (application/zip) ─────────────────────────────────────────────────────────
    ..\..\test-results\regression-responsive-desi-47ea7-ces-page-on-Mobile-375x667--Tablet\trace.zip
    Usage:

        npx playwright show-trace ..\..\test-results\regression-responsive-desi-47ea7-ces-page-on-Mobile-375x667--Tablet\trace.zip

    ────────────────────────────────────────────────────────────────────────────────────────────────
]]>
</failure>
<system-out>
<![CDATA[
[[ATTACHMENT|regression-responsive-desi-47ea7-ces-page-on-Mobile-375x667--Tablet\test-failed-1.png]]

[[ATTACHMENT|regression-responsive-desi-47ea7-ces-page-on-Mobile-375x667--Tablet\video.webm]]

[[ATTACHMENT|regression-responsive-desi-47ea7-ces-page-on-Mobile-375x667--Tablet\error-context.md]]

[[ATTACHMENT|regression-responsive-desi-47ea7-ces-page-on-Mobile-375x667--Tablet\trace.zip]]
]]>
</system-out>
</testcase>
<testcase name="Responsive Behavior Across Viewports › should display services page on Tablet (768x1024)" classname="regression\responsive-design.spec.ts" time="8.136">
<failure message="responsive-design.spec.ts:212:9 should display services page on Tablet (768x1024)" type="FAILURE">
<![CDATA[  [Tablet] › regression\responsive-design.spec.ts:212:9 › Responsive Behavior Across Viewports › should display services page on Tablet (768x1024) 

    Error: expect(locator).toBeVisible() failed

    Locator: getByRole('heading').filter({ hasText: /services/i }).first()
    Expected: visible
    Timeout: 5000ms
    Error: element(s) not found

    Call log:
      - Expect "toBeVisible" with timeout 5000ms
      - waiting for getByRole('heading').filter({ hasText: /services/i }).first()


      217 |       // More flexible heading selector
      218 |       const heading = page.getByRole('heading').filter({ hasText: /services/i }).first();
    > 219 |       await expect(heading).toBeVisible();
          |                             ^
      220 |
      221 |       // No horizontal scroll
      222 |       const bodyWidth = await page.evaluate(() => document.body.scrollWidth);
        at C:\honeybee\e2e\tests\regression\responsive-design.spec.ts:219:29

    attachment #1: screenshot (image/png) ──────────────────────────────────────────────────────────
    ..\..\test-results\regression-responsive-desi-63cef-es-page-on-Tablet-768x1024--Tablet\test-failed-1.png
    ────────────────────────────────────────────────────────────────────────────────────────────────

    attachment #2: video (video/webm) ──────────────────────────────────────────────────────────────
    ..\..\test-results\regression-responsive-desi-63cef-es-page-on-Tablet-768x1024--Tablet\video.webm
    ────────────────────────────────────────────────────────────────────────────────────────────────

    Error Context: ..\..\test-results\regression-responsive-desi-63cef-es-page-on-Tablet-768x1024--Tablet\error-context.md

    attachment #4: trace (application/zip) ─────────────────────────────────────────────────────────
    ..\..\test-results\regression-responsive-desi-63cef-es-page-on-Tablet-768x1024--Tablet\trace.zip
    Usage:

        npx playwright show-trace ..\..\test-results\regression-responsive-desi-63cef-es-page-on-Tablet-768x1024--Tablet\trace.zip

    ────────────────────────────────────────────────────────────────────────────────────────────────
]]>
</failure>
<system-out>
<![CDATA[
[[ATTACHMENT|regression-responsive-desi-63cef-es-page-on-Tablet-768x1024--Tablet\test-failed-1.png]]

[[ATTACHMENT|regression-responsive-desi-63cef-es-page-on-Tablet-768x1024--Tablet\video.webm]]

[[ATTACHMENT|regression-responsive-desi-63cef-es-page-on-Tablet-768x1024--Tablet\error-context.md]]

[[ATTACHMENT|regression-responsive-desi-63cef-es-page-on-Tablet-768x1024--Tablet\trace.zip]]
]]>
</system-out>
</testcase>
<testcase name="Responsive Behavior Across Viewports › should display services page on Desktop (1280x720)" classname="regression\responsive-design.spec.ts" time="9.285">
<failure message="responsive-design.spec.ts:212:9 should display services page on Desktop (1280x720)" type="FAILURE">
<![CDATA[  [Tablet] › regression\responsive-design.spec.ts:212:9 › Responsive Behavior Across Viewports › should display services page on Desktop (1280x720) 

    Error: expect(locator).toBeVisible() failed

    Locator: getByRole('heading').filter({ hasText: /services/i }).first()
    Expected: visible
    Timeout: 5000ms
    Error: element(s) not found

    Call log:
      - Expect "toBeVisible" with timeout 5000ms
      - waiting for getByRole('heading').filter({ hasText: /services/i }).first()


      217 |       // More flexible heading selector
      218 |       const heading = page.getByRole('heading').filter({ hasText: /services/i }).first();
    > 219 |       await expect(heading).toBeVisible();
          |                             ^
      220 |
      221 |       // No horizontal scroll
      222 |       const bodyWidth = await page.evaluate(() => document.body.scrollWidth);
        at C:\honeybee\e2e\tests\regression\responsive-design.spec.ts:219:29

    attachment #1: screenshot (image/png) ──────────────────────────────────────────────────────────
    ..\..\test-results\regression-responsive-desi-2d790-s-page-on-Desktop-1280x720--Tablet\test-failed-1.png
    ────────────────────────────────────────────────────────────────────────────────────────────────

    attachment #2: video (video/webm) ──────────────────────────────────────────────────────────────
    ..\..\test-results\regression-responsive-desi-2d790-s-page-on-Desktop-1280x720--Tablet\video.webm
    ────────────────────────────────────────────────────────────────────────────────────────────────

    Error Context: ..\..\test-results\regression-responsive-desi-2d790-s-page-on-Desktop-1280x720--Tablet\error-context.md

    attachment #4: trace (application/zip) ─────────────────────────────────────────────────────────
    ..\..\test-results\regression-responsive-desi-2d790-s-page-on-Desktop-1280x720--Tablet\trace.zip
    Usage:

        npx playwright show-trace ..\..\test-results\regression-responsive-desi-2d790-s-page-on-Desktop-1280x720--Tablet\trace.zip

    ────────────────────────────────────────────────────────────────────────────────────────────────
]]>
</failure>
<system-out>
<![CDATA[
[[ATTACHMENT|regression-responsive-desi-2d790-s-page-on-Desktop-1280x720--Tablet\test-failed-1.png]]

[[ATTACHMENT|regression-responsive-desi-2d790-s-page-on-Desktop-1280x720--Tablet\video.webm]]

[[ATTACHMENT|regression-responsive-desi-2d790-s-page-on-Desktop-1280x720--Tablet\error-context.md]]

[[ATTACHMENT|regression-responsive-desi-2d790-s-page-on-Desktop-1280x720--Tablet\trace.zip]]
]]>
</system-out>
</testcase>
<testcase name="Responsive Behavior Across Viewports › should display history page on Mobile (375x667)" classname="regression\responsive-design.spec.ts" time="9.331">
<failure message="responsive-design.spec.ts:228:9 should display history page on Mobile (375x667)" type="FAILURE">
<![CDATA[  [Tablet] › regression\responsive-design.spec.ts:228:9 › Responsive Behavior Across Viewports › should display history page on Mobile (375x667) 

    Error: expect(received).toBeLessThanOrEqual(expected)

    Expected: <= 395
    Received:    409

      240 |       const bodyWidth = await page.evaluate(() => document.body.scrollWidth);
      241 |       // More permissive allowance for WebKit rendering
    > 242 |       expect(bodyWidth).toBeLessThanOrEqual(viewport.width + 20);
          |                         ^
      243 |     });
      244 |   }
      245 | });
        at C:\honeybee\e2e\tests\regression\responsive-design.spec.ts:242:25

    attachment #1: screenshot (image/png) ──────────────────────────────────────────────────────────
    ..\..\test-results\regression-responsive-desi-ce9f9-ory-page-on-Mobile-375x667--Tablet\test-failed-1.png
    ────────────────────────────────────────────────────────────────────────────────────────────────

    attachment #2: video (video/webm) ──────────────────────────────────────────────────────────────
    ..\..\test-results\regression-responsive-desi-ce9f9-ory-page-on-Mobile-375x667--Tablet\video.webm
    ────────────────────────────────────────────────────────────────────────────────────────────────

    Error Context: ..\..\test-results\regression-responsive-desi-ce9f9-ory-page-on-Mobile-375x667--Tablet\error-context.md

    attachment #4: trace (application/zip) ─────────────────────────────────────────────────────────
    ..\..\test-results\regression-responsive-desi-ce9f9-ory-page-on-Mobile-375x667--Tablet\trace.zip
    Usage:

        npx playwright show-trace ..\..\test-results\regression-responsive-desi-ce9f9-ory-page-on-Mobile-375x667--Tablet\trace.zip

    ────────────────────────────────────────────────────────────────────────────────────────────────
]]>
</failure>
<system-out>
<![CDATA[
[[ATTACHMENT|regression-responsive-desi-ce9f9-ory-page-on-Mobile-375x667--Tablet\test-failed-1.png]]

[[ATTACHMENT|regression-responsive-desi-ce9f9-ory-page-on-Mobile-375x667--Tablet\video.webm]]

[[ATTACHMENT|regression-responsive-desi-ce9f9-ory-page-on-Mobile-375x667--Tablet\error-context.md]]

[[ATTACHMENT|regression-responsive-desi-ce9f9-ory-page-on-Mobile-375x667--Tablet\trace.zip]]
]]>
</system-out>
</testcase>
<testcase name="Responsive Behavior Across Viewports › should display history page on Tablet (768x1024)" classname="regression\responsive-design.spec.ts" time="9.291">
<failure message="responsive-design.spec.ts:228:9 should display history page on Tablet (768x1024)" type="FAILURE">
<![CDATA[  [Tablet] › regression\responsive-design.spec.ts:228:9 › Responsive Behavior Across Viewports › should display history page on Tablet (768x1024) 

    Error: expect(received).toBeLessThanOrEqual(expected)

    Expected: <= 788
    Received:    794

      240 |       const bodyWidth = await page.evaluate(() => document.body.scrollWidth);
      241 |       // More permissive allowance for WebKit rendering
    > 242 |       expect(bodyWidth).toBeLessThanOrEqual(viewport.width + 20);
          |                         ^
      243 |     });
      244 |   }
      245 | });
        at C:\honeybee\e2e\tests\regression\responsive-design.spec.ts:242:25

    attachment #1: screenshot (image/png) ──────────────────────────────────────────────────────────
    ..\..\test-results\regression-responsive-desi-6288e-ry-page-on-Tablet-768x1024--Tablet\test-failed-1.png
    ────────────────────────────────────────────────────────────────────────────────────────────────

    attachment #2: video (video/webm) ──────────────────────────────────────────────────────────────
    ..\..\test-results\regression-responsive-desi-6288e-ry-page-on-Tablet-768x1024--Tablet\video.webm
    ────────────────────────────────────────────────────────────────────────────────────────────────

    Error Context: ..\..\test-results\regression-responsive-desi-6288e-ry-page-on-Tablet-768x1024--Tablet\error-context.md

    attachment #4: trace (application/zip) ─────────────────────────────────────────────────────────
    ..\..\test-results\regression-responsive-desi-6288e-ry-page-on-Tablet-768x1024--Tablet\trace.zip
    Usage:

        npx playwright show-trace ..\..\test-results\regression-responsive-desi-6288e-ry-page-on-Tablet-768x1024--Tablet\trace.zip

    ────────────────────────────────────────────────────────────────────────────────────────────────
]]>
</failure>
<system-out>
<![CDATA[
[[ATTACHMENT|regression-responsive-desi-6288e-ry-page-on-Tablet-768x1024--Tablet\test-failed-1.png]]

[[ATTACHMENT|regression-responsive-desi-6288e-ry-page-on-Tablet-768x1024--Tablet\video.webm]]

[[ATTACHMENT|regression-responsive-desi-6288e-ry-page-on-Tablet-768x1024--Tablet\error-context.md]]

[[ATTACHMENT|regression-responsive-desi-6288e-ry-page-on-Tablet-768x1024--Tablet\trace.zip]]
]]>
</system-out>
</testcase>
<testcase name="Responsive Behavior Across Viewports › should display history page on Desktop (1280x720)" classname="regression\responsive-design.spec.ts" time="4.92">
</testcase>
<testcase name="Landscape Orientation › should display in landscape on mobile" classname="regression\responsive-design.spec.ts" time="0.834">
</testcase>
<testcase name="Landscape Orientation › should display in landscape on tablet" classname="regression\responsive-design.spec.ts" time="1.434">
</testcase>
</testsuite>
<testsuite name="smoke\faq.spec.ts" timestamp="2026-01-09T18:05:05.506Z" hostname="Tablet" tests="13" failures="0" skipped="0" time="139.51" errors="0">
<testcase name="FAQ Assistant › should display FAQ section" classname="smoke\faq.spec.ts" time="8.556">
</testcase>
<testcase name="FAQ Assistant › should display search input" classname="smoke\faq.spec.ts" time="4.496">
</testcase>
<testcase name="FAQ Assistant › should display suggested questions" classname="smoke\faq.spec.ts" time="8.781">
</testcase>
<testcase name="FAQ Assistant › should display category filters" classname="smoke\faq.spec.ts" time="9.558">
</testcase>
<testcase name="FAQ Assistant › should display FAQ accordion items" classname="smoke\faq.spec.ts" time="9.656">
</testcase>
<testcase name="FAQ Assistant › should expand FAQ item when clicked" classname="smoke\faq.spec.ts" time="10.288">
</testcase>
<testcase name="FAQ Assistant › should display chat interface" classname="smoke\faq.spec.ts" time="14.803">
</testcase>
<testcase name="FAQ Assistant › should send question via chat interface" classname="smoke\faq.spec.ts" time="7.36">
</testcase>
<testcase name="FAQ Assistant › should send question via suggested question button" classname="smoke\faq.spec.ts" time="8.956">
</testcase>
<testcase name="FAQ Assistant › should filter FAQs by category" classname="smoke\faq.spec.ts" time="10.195">
</testcase>
<testcase name="FAQ Assistant › should search FAQs" classname="smoke\faq.spec.ts" time="14.923">
</testcase>
<testcase name="FAQ Assistant › should clear search" classname="smoke\faq.spec.ts" time="17.661">
</testcase>
<testcase name="FAQ Assistant › should display typing indicator" classname="smoke\faq.spec.ts" time="14.277">
</testcase>
</testsuite>
<testsuite name="smoke\homepage.spec.ts" timestamp="2026-01-09T18:05:05.506Z" hostname="Tablet" tests="10" failures="1" skipped="0" time="83.938" errors="0">
<testcase name="Homepage - Smoke Tests › should load homepage successfully" classname="smoke\homepage.spec.ts" time="5.858">
</testcase>
<testcase name="Homepage - Smoke Tests › should render hero section" classname="smoke\homepage.spec.ts" time="6.851">
</testcase>
<testcase name="Homepage - Smoke Tests › should have no console errors" classname="smoke\homepage.spec.ts" time="15.209">
<failure message="homepage.spec.ts:35:7 should have no console errors" type="FAILURE">
<![CDATA[  [Tablet] › smoke\homepage.spec.ts:35:7 › Homepage - Smoke Tests › should have no console errors ──

    Error: expect(received).toBe(expected) // Object.is equality

    Expected: 0
    Received: 963

      43 |     // Check for console errors
      44 |     const errors = consoleMonitor.getErrors();
    > 45 |     expect(errors.length).toBe(0);
         |                           ^
      46 |   });
      47 |
      48 |   test('should have no failed network requests', async ({ page }) => {
        at C:\honeybee\e2e\tests\smoke\homepage.spec.ts:45:27

    attachment #1: screenshot (image/png) ──────────────────────────────────────────────────────────
    ..\..\test-results\smoke-homepage-Homepage----52a26-ould-have-no-console-errors-Tablet\test-failed-1.png
    ────────────────────────────────────────────────────────────────────────────────────────────────

    attachment #2: video (video/webm) ──────────────────────────────────────────────────────────────
    ..\..\test-results\smoke-homepage-Homepage----52a26-ould-have-no-console-errors-Tablet\video.webm
    ────────────────────────────────────────────────────────────────────────────────────────────────

    Error Context: ..\..\test-results\smoke-homepage-Homepage----52a26-ould-have-no-console-errors-Tablet\error-context.md

    attachment #4: trace (application/zip) ─────────────────────────────────────────────────────────
    ..\..\test-results\smoke-homepage-Homepage----52a26-ould-have-no-console-errors-Tablet\trace.zip
    Usage:

        npx playwright show-trace ..\..\test-results\smoke-homepage-Homepage----52a26-ould-have-no-console-errors-Tablet\trace.zip

    ────────────────────────────────────────────────────────────────────────────────────────────────
]]>
</failure>
<system-out>
<![CDATA[
[[ATTACHMENT|smoke-homepage-Homepage----52a26-ould-have-no-console-errors-Tablet\test-failed-1.png]]

[[ATTACHMENT|smoke-homepage-Homepage----52a26-ould-have-no-console-errors-Tablet\video.webm]]

[[ATTACHMENT|smoke-homepage-Homepage----52a26-ould-have-no-console-errors-Tablet\error-context.md]]

[[ATTACHMENT|smoke-homepage-Homepage----52a26-ould-have-no-console-errors-Tablet\trace.zip]]
]]>
</system-out>
</testcase>
<testcase name="Homepage - Smoke Tests › should have no failed network requests" classname="smoke\homepage.spec.ts" time="13.512">
</testcase>
<testcase name="Homepage - Smoke Tests › should display contact section" classname="smoke\homepage.spec.ts" time="9.263">
</testcase>
<testcase name="Homepage - Smoke Tests › should have working navigation links" classname="smoke\homepage.spec.ts" time="7.914">
</testcase>
<testcase name="Homepage - Smoke Tests › should load all images without errors" classname="smoke\homepage.spec.ts" time="10.349">
</testcase>
<testcase name="Homepage - Smoke Tests › should have proper viewport dimensions" classname="smoke\homepage.spec.ts" time="4.708">
</testcase>
<testcase name="Homepage - Smoke Tests › should respond with 200 status code" classname="smoke\homepage.spec.ts" time="0.576">
</testcase>
<testcase name="Homepage - Smoke Tests › should load within reasonable time" classname="smoke\homepage.spec.ts" time="9.698">
</testcase>
</testsuite>
</testsuites>